----------------------------------------------------------------------
--------------N.I.N.A. - Nighttime Imaging 'N' Astronomy--------------
--------------------------Version 3.2.0.9001--------------------------
-------------------------2026-05-07T11:15:19--------------------------
----------------------------------------------------------------------
---------------------Microsoft Windows 10.0.19045---------------------
-------------------------OS Architecture X64--------------------------
-----------------------Process Architecture X64-----------------------
-----------------------------.NET 8.0.21------------------------------
----------------------------------------------------------------------
--------------------------Processor Count 4---------------------------
--------------------Total Physical Memory 7.84 GB---------------------
----------------------------------------------------------------------
DATE|LEVEL|SOURCE|MEMBER|LINE|MESSAGE
2026-05-07T11:15:19.5526|INFO|App.xaml.cs|OnStartup|170|Launched with command line arguments: --sequencefile C:\Users\nicka\Astro\NINA\NINA_Sequences\TargetScheduler.json --runsequence
2026-05-07T11:15:23.5274|INFO|CameraChooserVM.cs|GetEquipment|69|Found 2 ASI Cameras
2026-05-07T11:15:23.7647|INFO|CameraChooserVM.cs|GetEquipment|84|Found 0 Altair Cameras
2026-05-07T11:15:23.9916|INFO|CameraChooserVM.cs|GetEquipment|96|Found 0 Atik Cameras
2026-05-07T11:15:24.0782|INFO|CameraChooserVM.cs|GetEquipment|110|Found 0 FLI Cameras
2026-05-07T11:15:25.3556|INFO|CameraChooserVM.cs|GetEquipment|130|Found 0 QHYCCD Cameras
2026-05-07T11:15:25.7689|INFO|CameraChooserVM.cs|GetEquipment|158|Found 0 ToupTek Cameras
2026-05-07T11:15:25.8932|INFO|CameraChooserVM.cs|GetEquipment|173|Found 0 Ogma Cameras
2026-05-07T11:15:26.0360|INFO|CameraChooserVM.cs|GetEquipment|188|Found 0 Omegon Cameras
2026-05-07T11:15:26.4562|INFO|CameraChooserVM.cs|GetEquipment|203|Found 0 RisingCam Cameras
2026-05-07T11:15:26.6165|INFO|CameraChooserVM.cs|GetEquipment|218|Found 0 MallinCam Cameras
2026-05-07T11:15:26.8889|INFO|CameraChooserVM.cs|GetEquipment|243|Found 0 SVBony Cameras
2026-05-07T11:15:26.8921|INFO|CameraChooserVM.cs|GetEquipment|259|Found 0 SBIG Cameras
2026-05-07T11:15:34.3199|INFO|ApplicationVM.cs|CheckDiskInfo|100|Available Space on Drive C:\: 145.96 GB
2026-05-07T11:15:34.3265|INFO|ApplicationVM.cs|CheckDiskInfo|102|Drive E:\ is not ready
2026-05-07T11:15:34.3282|INFO|ApplicationVM.cs|CheckDiskInfo|100|Available Space on Drive G:\: 62.13 GB
2026-05-07T11:15:34.3397|INFO|ApplicationVM.cs|CheckDiskInfo|100|Available Space on Drive Z:\: 36.78 GB
2026-05-07T11:15:35.7537|INFO|ApplicationVM.cs|CheckASCOMPlatformVersion|81|ASCOM Platform 6.6.2.4195 installed
2026-05-07T11:15:36.2673|INFO|API.cs|Start|99|Starting Webserver
2026-05-07T11:15:36.2712|INFO|API.cs|APITask|134|starting web server, listening at 172.19.6.111:1888
2026-05-07T11:15:36.4444|INFO|NINALogWatcher.cs|Start|33|watching log file: C:\Users\nicka\AppData\Local\NINA\Logs\20260507-111518-3.2.0.9001.11944-202605.log
2026-05-07T11:15:36.4718|INFO|PluginLoader.cs|LoadPlugin|402|Successfully loaded plugin Advanced API version 2.2.15.0 by Christian Palm
2026-05-07T11:15:36.6659|INFO|PluginLoader.cs|LoadPlugin|402|Successfully loaded plugin Autofocus Report Analysis version 2.0.0.9 by Stefan Berg @isbeorn
2026-05-07T11:15:37.4660|INFO|PluginLoader.cs|LoadPlugin|402|Successfully loaded plugin Connector version 2.1.0.2 by Stefan Berg @isbeorn
2026-05-07T11:15:37.7276|INFO|PluginLoader.cs|LoadPlugin|402|Successfully loaded plugin Device Actions and Commands version 2.2.0.0 by Dale Ghent
2026-05-07T11:15:38.6650|INFO|PluginLoader.cs|LoadPlugin|402|Successfully loaded plugin Discord Alert version 2.2.0.0 by Drew McDermott
2026-05-07T11:15:40.5285|INFO|PluginLoader.cs|LoadPlugin|402|Successfully loaded plugin Discord Notification version 2.0.0.10 by Daniel Ludwig
2026-05-07T11:15:42.7254|INFO|DitherStatisticsVM.cs|CreatePluginIcon|1483|Plugin icon geometry created successfully
2026-05-07T11:15:42.7522|INFO|DitherStatisticsVM.cs|LoadDataTemplates|1452|DitherStatistics DataTemplates loaded successfully
2026-05-07T11:15:42.7573|INFO|DitherStatisticsVM.cs|SaveQualityAssessmentSetting|387|Quality Assessment setting saved to file: True
2026-05-07T11:15:42.7575|INFO|DitherStatisticsVM.cs|LoadQualityAssessmentSetting|364|Quality Assessment setting loaded from file: True
2026-05-07T11:15:42.7710|INFO|DitherStatisticsVM.cs|SaveDitherOptimizerSetting|490|Dither Optimizer setting saved to file: False
2026-05-07T11:15:42.7711|INFO|DitherStatisticsVM.cs|LoadDitherOptimizerSetting|471|Dither Optimizer setting loaded from file: False
2026-05-07T11:15:42.7716|INFO|DitherStatisticsVM.cs|SubscribeToGuiderEvents|834|Subscribed to NINA guider events
2026-05-07T11:15:42.7758|ERROR|DitherStatisticsVM.cs|GetThemeColor|1437|Failed to get theme color 'PrimaryBrush': The calling thread cannot access this object because a different thread owns it.
2026-05-07T11:15:42.7760|INFO|DitherStatisticsVM.cs|StartThemeColorMonitoring|1329|Initial PrimaryBrush color: R:255 G:255 B:255
2026-05-07T11:15:42.7761|INFO|DitherStatisticsVM.cs|.ctor|96|DitherStatisticsVM initialized successfully with ScottPlot 4.1 (Lazy Loading)!
2026-05-07T11:15:42.7766|INFO|DitherStatisticsVM.cs|StartThemeColorMonitoring|1338|Theme color monitoring timer started on UI thread
2026-05-07T11:15:42.7769|INFO|PluginLoader.cs|LoadPlugin|402|Successfully loaded plugin Dither Statistics version 1.3.0.0 by Thierry Tschanz
2026-05-07T11:15:42.9902|INFO|PluginLoader.cs|LoadPlugin|402|Successfully loaded plugin Filter Offset Calculator version 2.0.0.0 by S. Dimant & Stefan Berg
2026-05-07T11:15:43.2864|INFO|DitherStatisticsVM.cs|OnThemeColorTimerTick|1357|Theme color CHANGED! Old: R:255 G:255 B:255 -> New: R:176 G:179 B:185
2026-05-07T11:15:43.3078|INFO|PluginLoader.cs|LoadPlugin|402|Successfully loaded plugin Flexure Correction version 0.8.0.0 by Francesco Meschia
2026-05-07T11:15:43.3943|INFO|DitherStatisticsVM.cs|PixelShiftPlot|136|PixelShiftPlot created (lazy loading)
2026-05-07T11:15:43.4263|INFO|DitherStatisticsVM.cs|SettleTimePlot|177|SettleTimePlot created (lazy loading)
2026-05-07T11:15:44.7768|INFO|DitherStatisticsVM.cs|ConnectToPHD2|708|Attempting to connect to PHD2...
2026-05-07T11:15:44.7787|INFO|PHD2Client.cs|ConnectAsync|102|PHD2Client: Connecting to PHD2 at 127.0.0.1:4400...
2026-05-07T11:15:46.6875|INFO|PluginLoader.cs|LoadPlugin|402|Successfully loaded plugin Ground Station version 3.0.0.117 by Dale Ghent
2026-05-07T11:15:46.8374|ERROR|PHD2Client.cs|ConnectAsync|132|PHD2Client: Connection failed: No connection could be made because the target machine actively refused it.
2026-05-07T11:15:46.8379|INFO|DitherStatisticsVM.cs|OnPHD2ConnectionStatusChanged|737|PHD2 Connection Status: Connection failed: No connection could be made because the target machine actively refused it.
2026-05-07T11:15:52.3793|INFO|PluginLoader.cs|LoadPlugin|402|Successfully loaded plugin Hocus Focus version 3.0.0.26 by George Hilios (jokogeo)
2026-05-07T11:15:52.8757|INFO|PluginLoader.cs|LoadPlugin|402|Successfully loaded plugin Horizon Creator version 1.1.2.1 by Christian Palm
2026-05-07T11:15:53.1391|INFO|PluginLoader.cs|LoadPlugin|402|Successfully loaded plugin Lightbucket version 2.2.4.0 by Lightbucket
2026-05-07T11:15:54.4409|INFO|PluginLoader.cs|LoadPlugin|402|Successfully loaded plugin Livestack version 1.1.3.0 by Stefan Berg @isbeorn
2026-05-07T11:15:54.7309|INFO|PluginLoader.cs|LoadPlugin|402|Successfully loaded plugin Log Viewer version 1.0.0.2 by Alexander Wrede @astro_alex80
2026-05-07T11:15:54.9942|INFO|PluginLoader.cs|LoadPlugin|402|Successfully loaded plugin Moon Angle version 2.2.0.0 by Dale Ghent
2026-05-07T11:15:55.5973|INFO|SessionDatabase.cs|.ctor|34|NightSummary: Database path: C:\Users\nicka\AppData\Local\NINA\NightSummary\nightsummary.sqlite
2026-05-07T11:15:55.5975|INFO|SessionDatabase.cs|.ctor|35|NightSummary: Database exists: True
2026-05-07T11:15:55.6378|INFO|SessionService.cs|.ctor|123|NightSummary: SessionService created — messageBroker=True
2026-05-07T11:15:55.8450|INFO|NightSummaryPlugin.cs|.ctor|358|NightSummary: Plugin initialized successfully
2026-05-07T11:15:55.8604|INFO|SessionDatabase.cs|.ctor|34|NightSummary: Database path: C:\Users\nicka\AppData\Local\NINA\NightSummary\nightsummary.sqlite
2026-05-07T11:15:55.8606|INFO|SessionDatabase.cs|.ctor|35|NightSummary: Database exists: True
2026-05-07T11:15:55.8771|INFO|SessionService.cs|.ctor|123|NightSummary: SessionService created — messageBroker=True
2026-05-07T11:15:55.8794|INFO|PluginLoader.cs|LoadPlugin|402|Successfully loaded plugin Night Summary version 3.0.0.0 by Evan Pegors
2026-05-07T11:15:56.3471|INFO|PluginLoader.cs|LoadPlugin|402|Successfully loaded plugin Phd2 Tools version 1.0.6.0 by Stefan Berg @isbeorn
2026-05-07T11:15:56.7985|INFO|PluginLoader.cs|LoadPlugin|402|Successfully loaded plugin PixInsight Tools version 1.0.0.3 by Stefan Berg
2026-05-07T11:15:57.9333|INFO|PluginLoader.cs|LoadPlugin|402|Successfully loaded plugin Point3D version 0.2.3.0 by Drew McDermott
2026-05-07T11:15:58.4082|INFO|StarfrontClient.cs|StartFolderWatcher|167|[Rockwood] Watching: C:\ASTROIMAGES\NINA\
2026-05-07T11:15:58.4101|INFO|PluginLoader.cs|LoadPlugin|402|Successfully loaded plugin Rockwood Starfront version 1.0.0.0 by Rockwood Observatory
2026-05-07T11:15:58.4128|INFO|StarfrontClient.cs|RunLoop|68|[Rockwood] connecting to wss://api.starfront.space:443/ws/scope?key=***
2026-05-07T11:15:58.6073|INFO|StarfrontClient.cs|RunLoop|71|[Rockwood] connected
2026-05-07T11:15:59.4750|INFO|PluginLoader.cs|LoadPlugin|402|Successfully loaded plugin Scope Control version 2.0.2.1 by Stefan Berg @isbeorn
2026-05-07T11:16:02.1527|WARNING|When.cs|GetRunningItem|143|Can't get running items: SequencerNavigation not initialized yet!
2026-05-07T11:16:02.4081|INFO|PluginLoader.cs|LoadPlugin|402|Successfully loaded plugin Sequencer Powerups version 3.29.0.9 by Marc Blank
2026-05-07T11:16:03.5240|INFO|PluginLoader.cs|LoadPlugin|402|Successfully loaded plugin Session Metadata version 2.6.3.0 by Tom Palmer @tcpalmer
2026-05-07T11:16:03.6694|INFO|PluginLoader.cs|LoadPlugin|402|Successfully loaded plugin Shutdown PC version 2.2.0.0 by Dale Ghent
2026-05-07T11:16:04.0620|INFO|PluginLoader.cs|LoadPlugin|402|Successfully loaded plugin SkyFlats version 1.0.0.4 by Gerald Hitz (@photon)
2026-05-07T11:16:04.7882|INFO|PluginLoader.cs|LoadPlugin|402|Successfully loaded plugin Smart Filters version 1.0.0.3 by Benoit SAINTOT
2026-05-07T11:16:06.6772|INFO|Plugin.cs|RunStationHeartbeatLoopAsync|861|[Subframes] TS not detected at startup - deferring first heartbeat to allow plugin load to complete.
2026-05-07T11:16:06.6848|INFO|SyncEngine.cs|Start|41|[Subframes] SyncEngine started.
2026-05-07T11:16:06.6869|INFO|CacheReplayEngine.cs|Start|101|[Subframes] CacheReplayEngine started.
2026-05-07T11:16:06.6905|INFO|Plugin.cs|.ctor|186|[Subframes] Plugin loaded (primary instance).
2026-05-07T11:16:06.6943|WARNING|Plugin.cs|OnImportsSatisfied|219|[Subframes] Sequence event subscription deferred - SequenceMediator internals not yet initialized.
2026-05-07T11:16:06.7010|WARNING|Plugin.cs|.ctor|127|[Subframes] Duplicate plugin instance created by MEF - proxying to primary to prevent duplicate sessions/sync.
2026-05-07T11:16:06.7033|INFO|PluginLoader.cs|LoadPlugin|402|Successfully loaded plugin Subframes version 0.4.1.0 by Subframes
2026-05-07T11:16:07.1629|WARNING|When.cs|GetRunningItem|143|Can't get running items: SequencerNavigation not initialized yet!
2026-05-07T11:16:07.5518|INFO|PluginLoader.cs|LoadPlugin|402|Successfully loaded plugin Target Planning version 3.2.1.0 by Tom Palmer @tcpalmer
2026-05-07T11:16:12.1664|WARNING|When.cs|GetRunningItem|143|Can't get running items: SequencerNavigation not initialized yet!
2026-05-07T11:16:14.6634|INFO|PluginLoader.cs|LoadPlugin|402|Successfully loaded plugin Target Scheduler version 5.9.0.0 by Tom Palmer @tcpalmer
2026-05-07T11:16:15.2892|INFO|PluginLoader.cs|LoadPlugin|402|Successfully loaded plugin Three Point Polar Alignment version 2.2.5.1 by Stefan Berg @isbeorn
2026-05-07T11:16:17.1665|WARNING|When.cs|GetRunningItem|143|Can't get running items: SequencerNavigation not initialized yet!
2026-05-07T11:16:17.8022|INFO|SessionHistoryManager.cs|PurgeHistoryOlderThan|102|purging web session history older than 10 days
2026-05-07T11:16:17.8601|INFO|PluginLoader.cs|LoadPlugin|402|Successfully loaded plugin Web Session History Viewer version 2.2.1.0 by Tom Palmer @tcpalmer
2026-05-07T11:16:18.4505|INFO|PluginFetcher.cs|RequestAll|43|Fetching plugin manifests from https://nighttime-imaging.eu/wp-json/nina/v1/plugins/manifests
2026-05-07T11:16:18.4997|INFO|FilterWheelChooserVM.cs|GetEquipment|167|Found 1 Networked Filter Wheel Filter Wheels
2026-05-07T11:16:18.7129|INFO|Plugin.cs|TrySubscribeSequenceEvents|245|[Subframes] ISequenceMediator.SequenceStarted not present in this NINA build - session will open on first captured image instead.
2026-05-07T11:16:18.7132|INFO|Plugin.cs|RetrySubscribeSequenceEventsAsync|281|[Subframes] Deferred sequence event subscription succeeded after 12s.
2026-05-07T11:16:18.9516|INFO|CameraChooserVM.cs|GetEquipment|279|Found 0 SVBony Cameras
2026-05-07T11:16:19.0436|INFO|Sequence2VM.cs|TryLoadSequenceFile|414|Loading sequence file: C:\Users\nicka\Astro\NINA\NINA_Sequences\TargetScheduler.json
2026-05-07T11:16:19.0589|INFO|CameraChooserVM.cs|GetEquipment|279|Found 0 PlayerOne Cameras
2026-05-07T11:16:19.1304|INFO|CameraChooserVM.cs|GetEquipment|279|Found 0 ASTPAN Cameras
2026-05-07T11:16:19.1325|INFO|CameraChooserVM.cs|GetEquipment|293|Found 4 ASCOM Cameras
2026-05-07T11:16:19.5202|INFO|RotatorChooserVM.cs|GetEquipment|45|Found 1 Networked Rotator Rotators
2026-05-07T11:16:19.7005|INFO|Sequence2VM.cs|TryLoadSequenceFile|420|Starting sequence from command line options
2026-05-07T11:16:19.7041|INFO|Sequence2VM.cs|StartSequence|543|Advanced Sequence starting
2026-05-07T11:16:19.8986|INFO|SequenceItem.cs|Run|208|Starting Category: * Instruction Set *, Container: NINA.Sequencer.Container.SequenceRootContainer, Strategy: SequentialStrategy, Items[CREATED]: 3, Triggers: Category: Ground Station, Item: Failures to Telegram
2026-05-07T11:16:19.9094|INFO|SequenceItem.cs|Run|208|Starting Category: * Instruction Set *, Container: NINA.Sequencer.Container.StartAreaContainer, Strategy: SequentialStrategy, Items[CREATED]: 1
2026-05-07T11:16:19.9102|INFO|SequenceItem.cs|Run|208|Starting Category: * Instruction Set *, Container: NINA.Sequencer.Container.SequentialContainer, Strategy: SequentialStrategy, Items[CREATED]: 10
2026-05-07T11:16:19.9107|INFO|SequenceItem.cs|Run|208|Starting Category: Ground Station, Item: Send to Pushover, Title: Start
2026-05-07T11:16:20.6398|INFO|WeatherDataChooserVM.cs|GetEquipment|69|Found 0 Alpaca Observing Conditions
2026-05-07T11:16:20.6819|INFO|PluginFetcher.cs|RequestAll|57|Found 78 valid plugins at https://nighttime-imaging.eu/wp-json/nina/v1/plugins/manifests
2026-05-07T11:16:20.8352|INFO|DockManagerVM.cs|InitializeAvalonDockLayout|366|Initializing imaging tab layout from C:\Users\nicka\AppData\Local\NINA\Profiles\0173997c-4bfa-48fd-9337-a48b6df99c38.dock.config
2026-05-07T11:16:21.3051|INFO|SafetyMonitorChooserVM.cs|GetEquipment|71|Found 0 Alpaca Safety Monitors
2026-05-07T11:16:21.3083|INFO|FlatDeviceChooserVM.cs|GetEquipment|67|Found 0 Alpaca Cover Calibrators
2026-05-07T11:16:21.3167|INFO|CameraChooserVM.cs|GetEquipment|305|Found 0 Alpaca Cameras
2026-05-07T11:16:21.3281|INFO|CameraChooserVM.cs|GetEquipment|318|Found 0 Canon Cameras
2026-05-07T11:16:21.3449|INFO|DomeChooserVM.cs|GetEquipment|67|Found 0 Alpaca Domes
2026-05-07T11:16:21.3542|INFO|SwitchChooserVM.cs|GetEquipment|71|Found 0 Alpaca Switch Hubs
2026-05-07T11:16:21.4553|INFO|SequenceItem.cs|Run|254|Finishing Category: Ground Station, Item: Send to Pushover, Title: Start
2026-05-07T11:16:21.4599|INFO|SequenceItem.cs|Run|208|Starting Category: Utility, Item: WaitForTime, Time: 19:58:35h, Offset: -80
2026-05-07T11:16:21.4869|INFO|TelescopeChooserVM.cs|GetEquipment|69|Found 0 Alpaca Telescopes
2026-05-07T11:16:21.5206|INFO|FilterWheelChooserVM.cs|GetEquipment|193|Found 0 Alpaca Filter Wheels
2026-05-07T11:16:21.5245|INFO|RotatorChooserVM.cs|GetEquipment|68|Found 0 Alpaca Rotators
2026-05-07T11:16:22.4771|INFO|FocuserChooserVM.cs|GetEquipment|84|Found 0 Alpaca Focusers
2026-05-07T11:17:13.8025|INFO|TargetSchedulerDetector.cs|DoProbeAsync|177|[Subframes] TargetSchedulerDetector: state no_api → active
2026-05-07T11:17:13.8030|INFO|Plugin.cs|OnTsStateChanged|843|[Subframes] TS state → active: firing immediate station heartbeat.
2026-05-07T19:59:06.3706|INFO|SequenceItem.cs|Run|254|Finishing Category: Utility, Item: WaitForTime, Time: 19:59:26h, Offset: -80
2026-05-07T19:59:06.3729|INFO|SequenceItem.cs|Run|208|Starting Category: Ground Station, Item: Send to Telegram
2026-05-07T19:59:07.6142|INFO|SequenceItem.cs|Run|254|Finishing Category: Ground Station, Item: Send to Telegram
2026-05-07T19:59:07.6146|INFO|SequenceItem.cs|Run|208|Starting Category: Ground Station, Item: Send to Pushover, Title: Configure Equipment
2026-05-07T19:59:07.7789|INFO|SequenceItem.cs|Run|254|Finishing Category: Ground Station, Item: Send to Pushover, Title: Configure Equipment
2026-05-07T19:59:07.7803|INFO|SequenceItem.cs|Run|208|Starting Category: Connect, Item: ConnectAllEquipment
2026-05-07T19:59:07.8050|INFO|CameraChooserVM.cs|GetEquipment|69|Found 2 ASI Cameras
2026-05-07T19:59:07.8740|INFO|CameraChooserVM.cs|GetEquipment|84|Found 0 Altair Cameras
2026-05-07T19:59:07.8741|INFO|CameraChooserVM.cs|GetEquipment|96|Found 0 Atik Cameras
2026-05-07T19:59:07.8748|INFO|CameraChooserVM.cs|GetEquipment|110|Found 0 FLI Cameras
2026-05-07T19:59:07.8749|INFO|CameraChooserVM.cs|GetEquipment|130|Found 0 QHYCCD Cameras
2026-05-07T19:59:08.0290|INFO|CameraChooserVM.cs|GetEquipment|158|Found 0 ToupTek Cameras
2026-05-07T19:59:08.0339|INFO|CameraChooserVM.cs|GetEquipment|173|Found 0 Ogma Cameras
2026-05-07T19:59:08.0480|INFO|CameraChooserVM.cs|GetEquipment|188|Found 0 Omegon Cameras
2026-05-07T19:59:08.2000|INFO|CameraChooserVM.cs|GetEquipment|203|Found 0 RisingCam Cameras
2026-05-07T19:59:08.2140|INFO|CameraChooserVM.cs|GetEquipment|218|Found 0 MallinCam Cameras
2026-05-07T19:59:08.2155|INFO|CameraChooserVM.cs|GetEquipment|243|Found 0 SVBony Cameras
2026-05-07T19:59:08.2180|INFO|CameraChooserVM.cs|GetEquipment|259|Found 0 SBIG Cameras
2026-05-07T19:59:08.2186|INFO|CameraChooserVM.cs|GetEquipment|279|Found 0 SVBony Cameras
2026-05-07T19:59:08.2189|INFO|CameraChooserVM.cs|GetEquipment|279|Found 0 PlayerOne Cameras
2026-05-07T19:59:08.2268|INFO|CameraChooserVM.cs|GetEquipment|279|Found 0 ASTPAN Cameras
2026-05-07T19:59:08.2276|INFO|CameraChooserVM.cs|GetEquipment|293|Found 4 ASCOM Cameras
2026-05-07T19:59:10.2290|INFO|CameraChooserVM.cs|GetEquipment|305|Found 0 Alpaca Cameras
2026-05-07T19:59:10.2347|INFO|CameraChooserVM.cs|GetEquipment|318|Found 0 Canon Cameras
2026-05-07T19:59:10.3085|INFO|CameraVM.cs|Disconnect|650|Disconnected Camera
2026-05-07T19:59:10.8836|WARNING|ASICamera.cs|SetControlValue|568|Failed to set ASI Control Value ASI_WB_B with value 50
2026-05-07T19:59:10.8838|WARNING|ASICamera.cs|SetControlValue|568|Failed to set ASI Control Value ASI_WB_R with value 50
2026-05-07T19:59:10.8839|WARNING|ASICamera.cs|SetControlValue|568|Failed to set ASI Control Value ASI_GAMMA with value 50
2026-05-07T19:59:10.8839|WARNING|ASICamera.cs|SetControlValue|568|Failed to set ASI Control Value ASI_HIGH_SPEED_MODE with value 0
2026-05-07T19:59:10.8840|WARNING|ASICamera.cs|SetControlValue|568|Failed to set ASI Control Value ASI_OVERCLOCK with value 0
2026-05-07T19:59:10.8841|WARNING|ASICamera.cs|SetControlValue|568|Failed to set ASI Control Value ASI_PATTERN_ADJUST with value 0
2026-05-07T19:59:10.8855|WARNING|ASICamera.cs|SetControlValue|568|Failed to set ASI Control Value ASI_MONO_BIN with value 0
2026-05-07T19:59:10.8868|INFO|ASICamera.cs|Initialize|664|Camera ID: ASI533MM
2026-05-07T19:59:10.9022|WARNING|ASICamera.cs|SetControlValue|568|Failed to set ASI Control Value ASI_ANTI_DEW_HEATER with value 0
2026-05-07T19:59:10.9780|INFO|CameraVM.cs|ChooseCamera|455|Successfully connected Camera. Id: ZWOptical_ZWO ASI533MM Pro_ASI533MM Name: ZWO ASI533MM Pro DisplayName: ZWO ASI533MM Pro (ASI533MM)Driver Version: 1, 39, 0, 0
2026-05-07T19:59:11.5291|INFO|FilterWheelChooserVM.cs|GetEquipment|167|Found 1 Networked Filter Wheel Filter Wheels
2026-05-07T19:59:13.5310|INFO|FilterWheelChooserVM.cs|GetEquipment|193|Found 0 Alpaca Filter Wheels
2026-05-07T19:59:13.5613|INFO|FilterWheelVM.cs|Disconnect|333|Disconnected Filter Wheel
2026-05-07T19:59:17.1730|INFO|FilterWheelVM.cs|ChooseFW|279|Successfully connected Filter Wheel. Id: ASCOM.EFW2.FilterWheel Name: ZWO FilterWheel DisplayName: ZWO FilterWheel (ASCOM) Driver Version: 6.0
2026-05-07T19:59:21.0231|INFO|FocuserChooserVM.cs|GetEquipment|84|Found 0 Alpaca Focusers
2026-05-07T19:59:21.0415|INFO|FocuserVM.cs|Disconnect|441|Disconnected Focuser
2026-05-07T19:59:22.7864|ERROR|AscomDevice.cs|GetProperty|546|An unexpected exception occurred during GET of Focuser.StepSize: 
ASCOM.DriverException: The method or operation is not implemented.
 ---> System.NotImplementedException: The method or operation is not implemented.
   --- End of inner exception stack trace ---
   at ASCOM.Com.DriverAccess.DynamicAccess.CheckDotNetExceptions(String memberName, Exception e) in J:\ASCOMLibrary\ASCOM.Com\ASCOM.Com.DriverAccess\BaseClass\DynamicAccess.cs:line 278
   at ASCOM.Com.DriverAccess.DynamicAccess.TryGetMember(GetMemberBinder binder, Object& result) in J:\ASCOMLibrary\ASCOM.Com\ASCOM.Com.DriverAccess\BaseClass\DynamicAccess.cs:line 150
   at CallSite.Target(Closure, CallSite, Object)
   at System.Dynamic.UpdateDelegates.UpdateAndExecute1[T0,TRet](CallSite site, T0 arg0)
   at ASCOM.Com.DriverAccess.Focuser.get_StepSize() in J:\ASCOMLibrary\ASCOM.Com\ASCOM.Com.DriverAccess\Focuser.cs:line 159
   at System.RuntimeMethodHandle.InvokeMethod(Object target, Void** arguments, Signature sig, Boolean isConstructor)
   at System.Reflection.MethodBaseInvoker.InvokeWithNoArgs(Object obj, BindingFlags invokeAttr)
2026-05-07T19:59:22.9958|INFO|AscomDevice.cs|GetProperty|485|Retrying to GET Focuser.StepSize - Attempt 2 / 3
2026-05-07T19:59:22.9989|ERROR|AscomDevice.cs|GetProperty|546|An unexpected exception occurred during GET of Focuser.StepSize: 
ASCOM.DriverException: The method or operation is not implemented.
 ---> System.NotImplementedException: The method or operation is not implemented.
   --- End of inner exception stack trace ---
   at ASCOM.Com.DriverAccess.DynamicAccess.CheckDotNetExceptions(String memberName, Exception e) in J:\ASCOMLibrary\ASCOM.Com\ASCOM.Com.DriverAccess\BaseClass\DynamicAccess.cs:line 278
   at ASCOM.Com.DriverAccess.DynamicAccess.TryGetMember(GetMemberBinder binder, Object& result) in J:\ASCOMLibrary\ASCOM.Com\ASCOM.Com.DriverAccess\BaseClass\DynamicAccess.cs:line 150
   at CallSite.Target(Closure, CallSite, Object)
   at ASCOM.Com.DriverAccess.Focuser.get_StepSize() in J:\ASCOMLibrary\ASCOM.Com\ASCOM.Com.DriverAccess\Focuser.cs:line 159
   at InvokeStub_Focuser.get_StepSize(Object, Object, IntPtr*)
   at System.Reflection.MethodBaseInvoker.InvokeWithNoArgs(Object obj, BindingFlags invokeAttr)
2026-05-07T19:59:23.2002|INFO|AscomDevice.cs|GetProperty|485|Retrying to GET Focuser.StepSize - Attempt 3 / 3
2026-05-07T19:59:23.2013|ERROR|AscomDevice.cs|GetProperty|546|An unexpected exception occurred during GET of Focuser.StepSize: 
ASCOM.DriverException: The method or operation is not implemented.
 ---> System.NotImplementedException: The method or operation is not implemented.
   --- End of inner exception stack trace ---
   at ASCOM.Com.DriverAccess.DynamicAccess.CheckDotNetExceptions(String memberName, Exception e) in J:\ASCOMLibrary\ASCOM.Com\ASCOM.Com.DriverAccess\BaseClass\DynamicAccess.cs:line 278
   at ASCOM.Com.DriverAccess.DynamicAccess.TryGetMember(GetMemberBinder binder, Object& result) in J:\ASCOMLibrary\ASCOM.Com\ASCOM.Com.DriverAccess\BaseClass\DynamicAccess.cs:line 150
   at CallSite.Target(Closure, CallSite, Object)
   at ASCOM.Com.DriverAccess.Focuser.get_StepSize() in J:\ASCOMLibrary\ASCOM.Com\ASCOM.Com.DriverAccess\Focuser.cs:line 159
   at InvokeStub_Focuser.get_StepSize(Object, Object, IntPtr*)
   at System.Reflection.MethodBaseInvoker.InvokeWithNoArgs(Object obj, BindingFlags invokeAttr)
2026-05-07T19:59:23.2018|INFO|AscomDevice.cs|GetProperty|556|GET Focuser.StepSize failed - Returning last known value 0
2026-05-07T19:59:23.4262|INFO|FocuserVM.cs|ChooseFocuser|333|Successfully connected Focuser. Id: ASCOM.EAF.Focuser Name: ZWO Focuser DisplayName: ZWO Focuser (ASCOM) Driver Version: 6.0
2026-05-07T19:59:25.4328|INFO|TelescopeChooserVM.cs|GetEquipment|69|Found 0 Alpaca Telescopes
2026-05-07T19:59:25.4798|INFO|TelescopeVM.cs|Disconnect|740|Disconnected mount
2026-05-07T19:59:28.2327|INFO|AscomTelescope.cs|CheckMountTime|845|Mount UTC Time: 2026-05-08 00:59:25Z / System UTC Time: 2026-05-08 00:59:28Z; Difference: 2.487 seconds
2026-05-07T19:59:28.2949|INFO|AscomTelescope.cs|CheckMountTime|852|System time has been synced to the mount
2026-05-07T19:59:28.5314|INFO|TelescopeVM.cs|ChooseTelescope|535|Successfully connected mount. Id: ASCOM.iOptron2017.Telescope Name: iOptron CEM120,70,40,26, GEM, HEM, HAE, HAZ series and SkyHunter Mount DisplayName: iOptron CEM120,70,40,26, GEM, HEM, HAE, HAZ series and SkyHunter Mount (ASCOM) Driver Version: 9.15
2026-05-07T19:59:28.5439|INFO|PHD2Guider.cs|Connect|205|Connecting to PHD2 server at 127.0.0.1:4400
2026-05-07T19:59:30.9619|INFO|PHD2Client.cs|ConnectAsync|118|PHD2Client: Connected successfully!
2026-05-07T19:59:30.9622|INFO|DitherStatisticsVM.cs|OnPHD2ConnectionStatusChanged|734|PHD2 Connection Status: Connected
2026-05-07T19:59:30.9624|INFO|DitherStatisticsVM.cs|ConnectToPHD2|713|Successfully connected to PHD2!
2026-05-07T19:59:30.9648|INFO|PHD2Client.cs|ReadEventsAsync|181|PHD2Client: Started reading events
2026-05-07T19:59:31.6200|INFO|PHD2Client.cs|HandleVersion|366|PHD2Client: Connected to PHD2 version 2.6.14. (Message Protocol v1)
2026-05-07T19:59:31.6210|INFO|PHD2Client.cs|HandleAppState|376|PHD2Client: PHD2 AppState: Stopped
2026-05-07T19:59:31.6212|INFO|PHD2Client.cs|ProcessEvent|268|PHD2: ConfigurationChange
2026-05-07T19:59:32.7890|INFO|PHD2Client.cs|QueryExposureTime|1216|PHD2Client: Exposure time from PHD2 API: 2.000 seconds (2000 ms)
2026-05-07T19:59:32.9568|INFO|PHD2Client.cs|ProcessEvent|268|PHD2: ConfigurationChange
2026-05-07T19:59:33.6417|INFO|PHD2Client.cs|QueryExposureTime|1216|PHD2Client: Exposure time from PHD2 API: 2.000 seconds (2000 ms)
2026-05-07T19:59:35.6749|INFO|WeatherDataChooserVM.cs|GetEquipment|69|Found 0 Alpaca Observing Conditions
2026-05-07T19:59:35.7203|INFO|WeatherDataVM.cs|Disconnect|305|Disconnected Weather Device
2026-05-07T19:59:38.0181|INFO|AscomDevice.cs|GetProperty|527|Property ObservingConditions.SkyQuality GET is not implemented in this driver (SkyAlert Observing Conditions)
2026-05-07T19:59:38.0260|INFO|AscomDevice.cs|GetProperty|527|Property ObservingConditions.StarFWHM GET is not implemented in this driver (SkyAlert Observing Conditions)
2026-05-07T19:59:38.0411|INFO|WeatherDataVM.cs|ChooseWeatherData|150|Successfully connected Weather Device. Id: ASCOM.SkyAlert.ObservingConditions Name: SkyAlert Observing Conditions DisplayName: SkyAlert Observing Conditions (ASCOM) Driver Version: 1.7
2026-05-07T19:59:40.0444|INFO|SafetyMonitorChooserVM.cs|GetEquipment|71|Found 0 Alpaca Safety Monitors
2026-05-07T19:59:40.0770|INFO|SafetyMonitorVM.cs|Disconnect|221|Disconnected Safety Monitor
2026-05-07T19:59:40.7753|INFO|SafetyMonitorVM.cs|Connect|175|Successfully connected Safety Monitor. Id: ASCOM.GenericFile.SafetyMonitor Name: Generic File driver DisplayName: Generic File driver (ASCOM) Driver Version: 6.4
2026-05-07T19:59:40.7758|INFO|SequenceItem.cs|Run|254|Finishing Category: Connect, Item: ConnectAllEquipment
2026-05-07T19:59:40.7764|INFO|SequenceItem.cs|Run|208|Starting Category: Telescope, Item: FindHome
2026-05-07T19:59:40.7830|INFO|PHD2Guider.cs|StopGuiding|704|Phd2 - Stop Guiding skipped, as the app is already in state Stopped
2026-05-07T19:59:40.7848|INFO|TelescopeVM.cs|FindHome|292|Mount ordered to locate home position
2026-05-07T19:59:40.7876|INFO|TelescopeVM.cs|FindHome|336|Mount ordered to home but it is already at home
2026-05-07T19:59:40.7879|INFO|TelescopeVM.cs|FindHome|348|Mount has located its home position
2026-05-07T19:59:40.7887|INFO|SequenceItem.cs|Run|254|Finishing Category: Telescope, Item: FindHome
2026-05-07T19:59:40.7889|INFO|SequenceItem.cs|Run|208|Starting Category: Ground Station, Item: Send to Telegram
2026-05-07T19:59:41.4193|INFO|SequenceItem.cs|Run|254|Finishing Category: Ground Station, Item: Send to Telegram
2026-05-07T19:59:41.4199|INFO|SequenceItem.cs|Run|208|Starting Category: Ground Station, Item: Send to Pushover, Title: Cool
2026-05-07T19:59:41.5877|INFO|SequenceItem.cs|Run|254|Finishing Category: Ground Station, Item: Send to Pushover, Title: Cool
2026-05-07T19:59:41.5886|INFO|SequenceItem.cs|Run|208|Starting Category: Camera, Item: CoolCamera, Temperature: -5, Duration: 15
2026-05-07T19:59:41.5922|INFO|CameraVM.cs|CoolCamera|138|Cooling Camera. Target: -5 Duration: 00:15:00
2026-05-07T19:59:42.7756|INFO|SafetyMonitorVM.cs|UpdateMonitorValues|95|SafetyMonitorInfo state changed to Unsafe
2026-05-07T20:14:45.6220|INFO|SequenceItem.cs|Run|254|Finishing Category: Camera, Item: CoolCamera, Temperature: -5, Duration: 15
2026-05-07T20:14:45.6225|INFO|SequenceItem.cs|Run|208|Starting Category: Utility, Item: WaitForTime, Time: 21:4:26h, Offset: -15
2026-05-07T21:04:29.3863|INFO|SequenceItem.cs|Run|254|Finishing Category: Utility, Item: WaitForTime, Time: 21:4:26h, Offset: -15
2026-05-07T21:04:29.3955|INFO|SequenceItem.cs|Run|254|Finishing Category: * Instruction Set *, Container: NINA.Sequencer.Container.SequentialContainer, Strategy: SequentialStrategy, Items[FINISHED]: 10
2026-05-07T21:04:29.3960|INFO|SequenceItem.cs|Run|254|Finishing Category: * Instruction Set *, Container: NINA.Sequencer.Container.StartAreaContainer, Strategy: SequentialStrategy, Items[FINISHED]: 1
2026-05-07T21:04:29.3967|INFO|SequenceItem.cs|Run|208|Starting Category: * Instruction Set *, Container: NINA.Sequencer.Container.TargetAreaContainer, Strategy: SequentialStrategy, Items[CREATED]: 1
2026-05-07T21:04:29.4011|INFO|SequenceItem.cs|Run|208|Starting Category: * Instruction Set *, Container: NINA.Sequencer.Container.SequentialContainer, Strategy: SequentialStrategy, Items[CREATED]: 12, Conditions: Condition: TimeCondition, Time: 6:19:45h, Condition: TargetSchedulerCondition mode=While Targets Remain Tonight, , Triggers: Trigger: CenterAfterDriftTrigger, DistanceArcMinutes: 1Trigger: WhenUnsafeCategory: Ground Station, Item: Failures to TelegramCategory: Connect, Item: ReconnectOnDownloadFailureTrigger: AutofocusAfterHFRIncreaseTrigger, Amount: 5Trigger: MeridianFlipTriggerCategory: Powerups (Misc), Item: DIYTriggerCategory: Ground Station, Item: Failures to PushoverTrigger: AutofocusAfterTemperatureChangeTrigger, Amount: 1.5°
2026-05-07T21:04:29.4066|INFO|WhenCommon.cs|SequenceBlockInitialize|204|Initialize; starting watchdog
2026-05-07T21:04:29.4153|INFO|WhenUnsafe.cs|CheckSafe|77|IsSafe is now FALSE; connected = True, IsSafe = False
2026-05-07T21:04:29.4157|INFO|WhenCommon.cs|ShouldTrigger|378|ShouldTrigger TRUE from InterruptWhen, setting TriggerRunner
2026-05-07T21:04:29.4160|INFO|WhenCommon.cs|InterruptWhen|322|Interrupting current Instruction Set
2026-05-07T21:04:29.4220|INFO|WhenCommon.cs|InterruptWhen|332|Canceling sequence...
2026-05-07T21:04:30.4235|INFO|WhenCommon.cs|InterruptWhen|336|Delay 1000
2026-05-07T21:04:31.4227|INFO|WhenCommon.cs|InterruptWhen|336|Delay 1000
2026-05-07T21:04:32.4232|INFO|WhenCommon.cs|InterruptWhen|336|Delay 1000
2026-05-07T21:04:33.4242|INFO|WhenCommon.cs|InterruptWhen|336|Delay 1000
2026-05-07T21:04:34.4246|INFO|WhenCommon.cs|InterruptWhen|336|Delay 1000
2026-05-07T21:04:35.4258|INFO|WhenCommon.cs|InterruptWhen|336|Delay 1000
2026-05-07T21:04:36.4258|INFO|WhenCommon.cs|InterruptWhen|336|Delay 1000
2026-05-07T21:04:37.4262|INFO|WhenCommon.cs|InterruptWhen|336|Delay 1000
2026-05-07T21:04:38.4272|INFO|WhenCommon.cs|InterruptWhen|336|Delay 1000
2026-05-07T21:04:39.4275|INFO|WhenCommon.cs|InterruptWhen|336|Delay 1000
2026-05-07T21:04:40.4283|INFO|WhenCommon.cs|InterruptWhen|336|Delay 1000
2026-05-07T21:04:41.4292|INFO|WhenCommon.cs|InterruptWhen|336|Delay 1000
2026-05-07T21:04:42.4301|INFO|WhenCommon.cs|InterruptWhen|336|Delay 1000
2026-05-07T21:04:43.4304|INFO|WhenCommon.cs|InterruptWhen|336|Delay 1000
2026-05-07T21:04:44.4307|INFO|WhenCommon.cs|InterruptWhen|336|Delay 1000
2026-05-07T21:04:45.4317|INFO|WhenCommon.cs|InterruptWhen|336|Delay 1000
2026-05-07T21:04:46.4325|INFO|WhenCommon.cs|InterruptWhen|336|Delay 1000
2026-05-07T21:04:47.4330|INFO|WhenCommon.cs|InterruptWhen|336|Delay 1000
2026-05-07T21:04:48.4339|INFO|WhenCommon.cs|InterruptWhen|336|Delay 1000
2026-05-07T21:04:49.4340|INFO|WhenCommon.cs|InterruptWhen|336|Delay 1000
2026-05-07T21:04:50.4351|INFO|WhenCommon.cs|InterruptWhen|336|Delay 1000
2026-05-07T21:04:51.4345|INFO|WhenCommon.cs|InterruptWhen|336|Delay 1000
2026-05-07T21:04:52.4346|INFO|WhenCommon.cs|InterruptWhen|336|Delay 1000
2026-05-07T21:04:53.4351|INFO|WhenCommon.cs|InterruptWhen|336|Delay 1000
2026-05-07T21:04:54.4356|INFO|WhenCommon.cs|InterruptWhen|336|Delay 1000
2026-05-07T21:04:55.4364|INFO|WhenCommon.cs|InterruptWhen|336|Delay 1000
2026-05-07T21:04:56.4371|INFO|WhenCommon.cs|InterruptWhen|336|Delay 1000
2026-05-07T21:04:57.4374|INFO|WhenCommon.cs|InterruptWhen|336|Delay 1000
2026-05-07T21:04:57.7410|INFO|WhenCommon.cs|SequenceBlockTeardown|198|Teardown; shutting down watchdog
2026-05-07T21:04:57.7437|INFO|Sequencer.cs|Start|85|Sequence run was cancelled
2026-05-07T21:04:57.7606|INFO|Sequence2VM.cs|StartSequence|548|Advanced Sequence finished
2026-05-07T21:04:58.4392|INFO|WhenCommon.cs|InterruptWhen|339|Sequence no longer running
2026-05-07T21:04:58.4415|WARNING|WhenCommon.cs|CheckSlewing|263|CheckSlewing, WhenUnsafe = True, Connected = True, CanSlew = True, info.Slewing = False
2026-05-07T21:04:58.4436|INFO|Sequence2VM.cs|StartSequence|543|Advanced Sequence starting
2026-05-07T21:04:58.5180|INFO|SequenceItem.cs|Run|208|Starting Category: * Instruction Set *, Container: NINA.Sequencer.Container.SequenceRootContainer, Strategy: SequentialStrategy, Items[CREATED]: 3, Triggers: Category: Ground Station, Item: Failures to Telegram
2026-05-07T21:04:58.5184|INFO|SequenceItem.cs|Run|208|Starting Category: * Instruction Set *, Container: NINA.Sequencer.Container.StartAreaContainer, Strategy: SequentialStrategy, Items[FINISHED]: 1
2026-05-07T21:04:58.5185|INFO|SequenceItem.cs|Run|254|Finishing Category: * Instruction Set *, Container: NINA.Sequencer.Container.StartAreaContainer, Strategy: SequentialStrategy, Items[FINISHED]: 1
2026-05-07T21:04:58.5186|INFO|SequenceItem.cs|Run|208|Starting Category: * Instruction Set *, Container: NINA.Sequencer.Container.TargetAreaContainer, Strategy: SequentialStrategy, Items[CREATED]: 1
2026-05-07T21:04:58.5187|INFO|SequenceItem.cs|Run|208|Starting Category: * Instruction Set *, Container: NINA.Sequencer.Container.SequentialContainer, Strategy: SequentialStrategy, Items[CREATED]: 12, Conditions: Condition: TimeCondition, Time: 6:19:45h, Condition: TargetSchedulerCondition mode=While Targets Remain Tonight, , Triggers: Trigger: CenterAfterDriftTrigger, DistanceArcMinutes: 1Trigger: WhenUnsafeCategory: Ground Station, Item: Failures to TelegramCategory: Connect, Item: ReconnectOnDownloadFailureTrigger: AutofocusAfterHFRIncreaseTrigger, Amount: 5Trigger: MeridianFlipTriggerCategory: Powerups (Misc), Item: DIYTriggerCategory: Ground Station, Item: Failures to PushoverTrigger: AutofocusAfterTemperatureChangeTrigger, Amount: 1.5°
2026-05-07T21:04:58.5190|INFO|WhenCommon.cs|SequenceBlockInitialize|204|Initialize; starting watchdog
2026-05-07T21:04:58.5205|INFO|WhenCommon.cs|ShouldTrigger|382|ShouldTrigger TRUE, setting TriggerRunner
2026-05-07T21:04:58.5231|INFO|SequenceTrigger.cs|Run|114|Starting Trigger: WhenUnsafe
2026-05-07T21:04:58.5354|INFO|WhenCommon.cs|Execute|395|Execute 0
2026-05-07T21:04:58.5357|INFO|WhenCommon.cs|Execute|409|When: running TriggerRunner, InFlight -> true, Triggered -> false
2026-05-07T21:04:58.5357|WARNING|WhenCommon.cs|CheckSlewing|263|CheckSlewing, WhenUnsafe = True, Connected = True, CanSlew = True, info.Slewing = False
2026-05-07T21:04:58.5359|INFO|SequenceItem.cs|Run|208|Starting Category: , Container: WhenPlugin.When.IfContainer, Strategy: SequentialStrategy, Items[CREATED]: 9
2026-05-07T21:04:58.5423|INFO|MeridianFlipTrigger.cs|ShouldTrigger|197|Meridian Flip - Telescope is at home position. Skip flip evaluation
2026-05-07T21:04:58.5443|INFO|SequenceItem.cs|Run|208|Starting Category: Ground Station, Item: Send to Telegram
2026-05-07T21:04:59.3186|INFO|SequenceItem.cs|Run|254|Finishing Category: Ground Station, Item: Send to Telegram
2026-05-07T21:04:59.3202|INFO|MeridianFlipTrigger.cs|ShouldTrigger|197|Meridian Flip - Telescope is at home position. Skip flip evaluation
2026-05-07T21:04:59.3205|INFO|SequenceItem.cs|Run|208|Starting Category: Ground Station, Item: Send to Pushover, Title: Unsafe
2026-05-07T21:04:59.4650|INFO|SequenceItem.cs|Run|254|Finishing Category: Ground Station, Item: Send to Pushover, Title: Unsafe
2026-05-07T21:04:59.4664|INFO|MeridianFlipTrigger.cs|ShouldTrigger|197|Meridian Flip - Telescope is at home position. Skip flip evaluation
2026-05-07T21:04:59.4665|INFO|SequenceItem.cs|Run|208|Starting Category: Telescope, Item: FindHome
2026-05-07T21:04:59.4724|INFO|PHD2Guider.cs|StopGuiding|704|Phd2 - Stop Guiding skipped, as the app is already in state Stopped
2026-05-07T21:04:59.4727|INFO|TelescopeVM.cs|FindHome|292|Mount ordered to locate home position
2026-05-07T21:04:59.4735|INFO|TelescopeVM.cs|FindHome|336|Mount ordered to home but it is already at home
2026-05-07T21:04:59.4736|INFO|TelescopeVM.cs|FindHome|348|Mount has located its home position
2026-05-07T21:04:59.4740|INFO|SequenceItem.cs|Run|254|Finishing Category: Telescope, Item: FindHome
2026-05-07T21:04:59.4746|INFO|MeridianFlipTrigger.cs|ShouldTrigger|197|Meridian Flip - Telescope is at home position. Skip flip evaluation
2026-05-07T21:04:59.4756|INFO|SequenceItem.cs|Run|208|Starting Category: Guider, Item: StopGuiding
2026-05-07T21:04:59.4812|INFO|PHD2Guider.cs|StopGuiding|704|Phd2 - Stop Guiding skipped, as the app is already in state Stopped
2026-05-07T21:04:59.4814|INFO|SequenceItem.cs|Run|254|Finishing Category: Guider, Item: StopGuiding
2026-05-07T21:04:59.4820|INFO|MeridianFlipTrigger.cs|ShouldTrigger|197|Meridian Flip - Telescope is at home position. Skip flip evaluation
2026-05-07T21:04:59.4832|INFO|SequenceItem.cs|Run|208|Starting Category: Connect, Item: DisconnectEquipment, Selected device: Safety Monitor
2026-05-07T21:04:59.5744|INFO|AscomDevice.cs|Disconnect|378|Disconnecting from ASCOM.GenericFile.SafetyMonitor Generic File driver
2026-05-07T21:04:59.6014|INFO|SafetyMonitorVM.cs|Disconnect|221|Disconnected Safety Monitor
2026-05-07T21:04:59.6017|INFO|SequenceItem.cs|Run|254|Finishing Category: Connect, Item: DisconnectEquipment, Selected device: Safety Monitor
2026-05-07T21:04:59.6024|INFO|MeridianFlipTrigger.cs|ShouldTrigger|197|Meridian Flip - Telescope is at home position. Skip flip evaluation
2026-05-07T21:04:59.6030|INFO|SequenceItem.cs|Run|208|Starting Category: Utility, Item: WaitForTimeSpan, Time: 60s
2026-05-07T21:05:59.6599|INFO|SequenceItem.cs|Run|254|Finishing Category: Utility, Item: WaitForTimeSpan, Time: 60s
2026-05-07T21:05:59.6608|INFO|MeridianFlipTrigger.cs|ShouldTrigger|197|Meridian Flip - Telescope is at home position. Skip flip evaluation
2026-05-07T21:05:59.6622|INFO|SequenceItem.cs|Run|208|Starting Category: Connect, Item: ConnectEquipment, Selected device: Safety Monitor, Selected device id: ASCOM.GenericFile.SafetyMonitor
2026-05-07T21:06:01.6706|INFO|SafetyMonitorChooserVM.cs|GetEquipment|71|Found 0 Alpaca Safety Monitors
2026-05-07T21:06:01.7016|INFO|SafetyMonitorVM.cs|Disconnect|221|Disconnected Safety Monitor
2026-05-07T21:06:01.7834|INFO|SafetyMonitorVM.cs|Connect|175|Successfully connected Safety Monitor. Id: ASCOM.GenericFile.SafetyMonitor Name: Generic File driver DisplayName: Generic File driver (ASCOM) Driver Version: 6.4
2026-05-07T21:06:01.7839|INFO|SequenceItem.cs|Run|254|Finishing Category: Connect, Item: ConnectEquipment, Selected device: Safety Monitor, Selected device id: ASCOM.GenericFile.SafetyMonitor
2026-05-07T21:06:01.7843|INFO|MeridianFlipTrigger.cs|ShouldTrigger|197|Meridian Flip - Telescope is at home position. Skip flip evaluation
2026-05-07T21:06:01.7844|INFO|SequenceItem.cs|Run|208|Starting Category: Utility, Item: WaitForTimeSpan, Time: 60s
2026-05-07T21:06:03.7868|INFO|SafetyMonitorVM.cs|UpdateMonitorValues|95|SafetyMonitorInfo state changed to Unsafe
2026-05-07T21:07:01.8507|INFO|SequenceItem.cs|Run|254|Finishing Category: Utility, Item: WaitForTimeSpan, Time: 60s
2026-05-07T21:07:01.8518|INFO|MeridianFlipTrigger.cs|ShouldTrigger|197|Meridian Flip - Telescope is at home position. Skip flip evaluation
2026-05-07T21:07:01.8525|INFO|SequenceItem.cs|Run|208|Starting Category: Powerups (Safety), Item: OnceSafe
2026-05-08T06:19:45.3670|INFO|TimeCondition.cs|Check|254|TimeCondition finished.
2026-05-08T06:19:45.3674|INFO|TimeCondition.cs|InterruptWhenTimeIsUp|63|Time limit exceeded - Interrupting current Instruction Set
2026-05-08T06:19:45.3791|INFO|WhenCommon.cs|Execute|425|When: Execute done; InFlight -> false, Triggered false
2026-05-08T06:19:45.3804|INFO|MeridianFlipTrigger.cs|ShouldTrigger|197|Meridian Flip - Telescope is at home position. Skip flip evaluation
2026-05-08T06:19:45.3809|INFO|SequenceItem.cs|Run|208|Starting Category: Utility, Item: WaitForTime, Time: 21:4:26h, Offset: -15
2026-05-08T06:19:45.3842|INFO|WhenCommon.cs|SequenceBlockTeardown|198|Teardown; shutting down watchdog
2026-05-08T06:19:45.3848|INFO|SequenceItem.cs|Run|254|Finishing Category: * Instruction Set *, Container: NINA.Sequencer.Container.SequentialContainer, Strategy: SequentialStrategy, Items[CREATED]: 12, Conditions: Condition: TimeCondition, Time: 6:19:45h, Condition: TargetSchedulerCondition mode=While Targets Remain Tonight, , Triggers: Trigger: CenterAfterDriftTrigger, DistanceArcMinutes: 1Trigger: WhenUnsafeCategory: Ground Station, Item: Failures to TelegramCategory: Connect, Item: ReconnectOnDownloadFailureTrigger: AutofocusAfterHFRIncreaseTrigger, Amount: 5Trigger: MeridianFlipTriggerCategory: Powerups (Misc), Item: DIYTriggerCategory: Ground Station, Item: Failures to PushoverTrigger: AutofocusAfterTemperatureChangeTrigger, Amount: 1.5°
2026-05-08T06:19:45.3852|INFO|SequenceItem.cs|Run|254|Finishing Category: * Instruction Set *, Container: NINA.Sequencer.Container.TargetAreaContainer, Strategy: SequentialStrategy, Items[FINISHED]: 1
2026-05-08T06:19:45.3858|INFO|SequenceItem.cs|Run|208|Starting Category: * Instruction Set *, Container: NINA.Sequencer.Container.EndAreaContainer, Strategy: SequentialStrategy, Items[CREATED]: 9
2026-05-08T06:19:45.3864|INFO|SequenceItem.cs|Run|208|Starting Category: Telescope, Item: FindHome
2026-05-08T06:19:45.3911|INFO|PHD2Guider.cs|StopGuiding|704|Phd2 - Stop Guiding skipped, as the app is already in state Stopped
2026-05-08T06:19:45.3912|INFO|TelescopeVM.cs|FindHome|292|Mount ordered to locate home position
2026-05-08T06:19:45.3917|INFO|TelescopeVM.cs|FindHome|336|Mount ordered to home but it is already at home
2026-05-08T06:19:45.3917|INFO|TelescopeVM.cs|FindHome|348|Mount has located its home position
2026-05-08T06:19:45.3919|INFO|SequenceItem.cs|Run|254|Finishing Category: Telescope, Item: FindHome
2026-05-08T06:19:45.3926|INFO|SequenceItem.cs|Run|208|Starting Night Summary - End Session
2026-05-08T06:19:45.3947|INFO|NightSummaryEndInstruction.cs|Execute|28|NightSummary: End Session instruction executing
2026-05-08T06:20:00.4032|WARNING|SessionService.cs|EndSession|172|NightSummary: EndSession called but no active session — nothing to do
2026-05-08T06:20:00.4033|INFO|NightSummaryEndInstruction.cs|Execute|39|NightSummary: Session ended successfully
2026-05-08T06:20:00.4035|INFO|SequenceItem.cs|Run|254|Finishing Night Summary - End Session
2026-05-08T06:20:00.4043|INFO|SequenceItem.cs|Run|208|Starting [EndSubframesSession]
2026-05-08T06:20:00.4075|WARNING|EndSessionItem.cs|Execute|50|[Subframes] EndSessionItem: no active session to end.
2026-05-08T06:20:00.4078|INFO|SequenceItem.cs|Run|254|Finishing [EndSubframesSession]
2026-05-08T06:20:00.4089|INFO|SequenceItem.cs|Run|208|Starting Category: Camera, Item: WarmCamera, Duration: 30
2026-05-08T06:20:00.4139|INFO|CameraVM.cs|WarmCamera|161|Warming Camera. Duration: 00:30:00
2026-05-08T06:52:07.7314|INFO|CameraVM.cs|WarmCamera|179|Could not reach warming temperature. Most likley due to ambient temperature being lower. Continuing...
2026-05-08T06:52:27.7498|INFO|CameraVM.cs|WarmCamera|186|Turning cooler off
2026-05-08T06:52:27.7519|INFO|SequenceItem.cs|Run|254|Finishing Category: Camera, Item: WarmCamera, Duration: 30
2026-05-08T06:52:27.7523|INFO|SequenceItem.cs|Run|208|Starting Category: Guider, Item: StopGuiding
2026-05-08T06:52:27.7581|INFO|PHD2Guider.cs|StopGuiding|704|Phd2 - Stop Guiding skipped, as the app is already in state Stopped
2026-05-08T06:52:27.7583|INFO|SequenceItem.cs|Run|254|Finishing Category: Guider, Item: StopGuiding
2026-05-08T06:52:27.7595|INFO|SequenceItem.cs|Run|208|Starting Category: Phd2 Tools, Item: ShutdownPhd2Instruction
2026-05-08T06:52:27.7857|INFO|SequenceItem.cs|Run|254|Finishing Category: Phd2 Tools, Item: ShutdownPhd2Instruction
2026-05-08T06:52:27.7870|INFO|SequenceItem.cs|Run|208|Starting Category: Connect, Item: DisconnectAllEquipment
2026-05-08T06:52:27.7936|WARNING|PHD2Client.cs|ReadEventsAsync|189|PHD2Client: Connection closed by server
2026-05-08T06:52:27.7937|INFO|DitherStatisticsVM.cs|OnPHD2ConnectionStatusChanged|737|PHD2 Connection Status: Connection lost
2026-05-08T06:52:27.7937|INFO|PHD2Client.cs|ReadEventsAsync|205|PHD2Client: Stopped reading events
2026-05-08T06:52:27.9129|INFO|CameraVM.cs|Disconnect|650|Disconnected Camera
2026-05-08T06:52:27.9136|INFO|AscomDevice.cs|Disconnect|378|Disconnecting from ASCOM.EFW2.FilterWheel ZWO FilterWheel
2026-05-08T06:52:27.9358|INFO|FilterWheelVM.cs|Disconnect|333|Disconnected Filter Wheel
2026-05-08T06:52:27.9416|INFO|AscomDevice.cs|Disconnect|378|Disconnecting from ASCOM.EAF.Focuser ZWO Focuser
2026-05-08T06:52:27.9980|INFO|FocuserVM.cs|Disconnect|441|Disconnected Focuser
2026-05-08T06:52:27.9986|INFO|DisconnectAllEquipment.cs|Execute|139|Rotator is already disconnected
2026-05-08T06:52:28.0155|INFO|AscomDevice.cs|Disconnect|378|Disconnecting from ASCOM.iOptron2017.Telescope iOptron CEM120,70,40,26, GEM, HEM, HAE, HAZ series and SkyHunter Mount
2026-05-08T06:52:28.0507|INFO|TelescopeVM.cs|Disconnect|740|Disconnected mount
2026-05-08T06:52:28.0512|INFO|DisconnectAllEquipment.cs|Execute|139|Guider is already disconnected
2026-05-08T06:52:28.0512|INFO|DisconnectAllEquipment.cs|Execute|139|Switch is already disconnected
2026-05-08T06:52:28.0513|INFO|DisconnectAllEquipment.cs|Execute|139|Flat Panel is already disconnected
2026-05-08T06:52:28.0594|INFO|AscomDevice.cs|Disconnect|378|Disconnecting from ASCOM.SkyAlert.ObservingConditions SkyAlert Observing Conditions
2026-05-08T06:52:28.0689|INFO|WeatherDataVM.cs|Disconnect|305|Disconnected Weather Device
2026-05-08T06:52:28.0692|INFO|DisconnectAllEquipment.cs|Execute|139|Dome is already disconnected
2026-05-08T06:52:28.0712|INFO|AscomDevice.cs|Disconnect|378|Disconnecting from ASCOM.GenericFile.SafetyMonitor Generic File driver
2026-05-08T06:52:32.7961|INFO|PHD2Client.cs|ConnectAsync|102|PHD2Client: Connecting to PHD2 at 127.0.0.1:4400...
2026-05-08T06:52:33.0916|ERROR|AscomDevice.cs|Disconnect|384
ASCOM.DriverException: Object synchronization method was called from an unsynchronized block of code.
 ---> System.ApplicationException: Object synchronization method was called from an unsynchronized block of code.
   --- End of inner exception stack trace ---
   at ASCOM.Com.DriverAccess.DynamicAccess.CheckDotNetExceptions(String memberName, Exception e) in J:\ASCOMLibrary\ASCOM.Com\ASCOM.Com.DriverAccess\BaseClass\DynamicAccess.cs:line 278
   at ASCOM.Com.DriverAccess.DynamicAccess.TrySetMember(SetMemberBinder binder, Object value) in J:\ASCOMLibrary\ASCOM.Com\ASCOM.Com.DriverAccess\BaseClass\DynamicAccess.cs:line 105
   at CallSite.Target(Closure, CallSite, Object, Boolean)
   at ASCOM.Com.DriverAccess.ASCOMDevice.set_Connected(Boolean value) in J:\ASCOMLibrary\ASCOM.Com\ASCOM.Com.DriverAccess\BaseClass\ASCOMDevice.cs:line 47
   at NINA.Equipment.Equipment.AscomDevice`1.set_Connected(Boolean value) in /_/NINA.Equipment/Equipment/AscomDevice.cs:line 178
   at NINA.Equipment.Equipment.AscomDevice`1.Disconnect() in /_/NINA.Equipment/Equipment/AscomDevice.cs:line 382
2026-05-08T06:52:33.0979|INFO|SafetyMonitorVM.cs|Disconnect|221|Disconnected Safety Monitor
2026-05-08T06:52:33.0983|INFO|SequenceItem.cs|Run|254|Finishing Category: Connect, Item: DisconnectAllEquipment
2026-05-08T06:52:33.0986|INFO|SequenceItem.cs|Run|208|Starting Category: Ground Station, Item: Send to Pushover, Title: Disconnected
2026-05-08T06:52:33.2951|INFO|SequenceItem.cs|Run|254|Finishing Category: Ground Station, Item: Send to Pushover, Title: Disconnected
2026-05-08T06:52:33.2954|INFO|SequenceItem.cs|Run|208|Starting Category: Ground Station, Item: Send to Telegram
2026-05-08T06:52:33.9507|INFO|SequenceItem.cs|Run|254|Finishing Category: Ground Station, Item: Send to Telegram
2026-05-08T06:52:33.9512|INFO|SequenceItem.cs|Run|254|Finishing Category: * Instruction Set *, Container: NINA.Sequencer.Container.EndAreaContainer, Strategy: SequentialStrategy, Items[FINISHED]: 9
2026-05-08T06:52:33.9516|INFO|SequenceItem.cs|Run|254|Finishing Category: * Instruction Set *, Container: NINA.Sequencer.Container.SequenceRootContainer, Strategy: SequentialStrategy, Items[FINISHED]: 3, Triggers: Category: Ground Station, Item: Failures to Telegram
2026-05-08T06:52:33.9528|INFO|Sequence2VM.cs|StartSequence|548|Advanced Sequence finished
2026-05-08T06:52:33.9541|INFO|WhenCommon.cs|InterruptWhen|350|Restarting sequence, Triggered -> true
2026-05-08T06:52:34.8323|ERROR|PHD2Client.cs|ConnectAsync|132|PHD2Client: Connection failed: No connection could be made because the target machine actively refused it.
2026-05-08T17:58:27.6480|INFO|ApplicationVM.cs|Exit|244|Shutting down application - requested by user
2026-05-08T17:58:27.7591|INFO|ApplicationVM.cs|Closing|289|Application shutting down
2026-05-08T17:58:27.8030|INFO|DomeVM.cs|Disconnect|355|Disconnected Dome Device
2026-05-08T17:58:27.8089|INFO|FlatDeviceVM.cs|Disconnect|289|Disconnected Flat Device
2026-05-08T17:58:27.8191|INFO|CameraVM.cs|Disconnect|650|Disconnected Camera
2026-05-08T17:58:27.8199|INFO|TelescopeVM.cs|Disconnect|740|Disconnected mount
2026-05-08T17:58:27.8219|INFO|FilterWheelVM.cs|Disconnect|333|Disconnected Filter Wheel
2026-05-08T17:58:27.8226|INFO|FocuserVM.cs|Disconnect|441|Disconnected Focuser
2026-05-08T17:58:27.8733|INFO|RotatorVM.cs|Disconnect|447|Disconnected Rotator
2026-05-08T17:58:27.8778|INFO|SwitchVM.cs|Disconnect|309|Disconnected Switch
2026-05-08T17:58:27.8821|INFO|WeatherDataVM.cs|Disconnect|305|Disconnected Weather Device
2026-05-08T17:58:27.8824|INFO|SafetyMonitorVM.cs|Disconnect|221|Disconnected Safety Monitor
2026-05-08T17:58:28.4531|INFO|API.cs|StopWatchers|86|Stopping all event watchers
2026-05-08T17:58:28.5016|INFO|NightSummaryPlugin.cs|Teardown|377|NightSummary: Plugin torn down
2026-05-08T17:58:28.5592|INFO|Plugin.cs|Teardown|379|[Subframes] Plugin unloaded (primary instance).
