----------------------------------------------------------------------
--------------N.I.N.A. - Nighttime Imaging 'N' Astronomy--------------
--------------------------Version 3.2.0.9001--------------------------
-------------------------2026-04-03T15:36:15--------------------------
----------------------------------------------------------------------
---------------------Microsoft Windows 10.0.19045---------------------
-------------------------OS Architecture X64--------------------------
-----------------------Process Architecture X64-----------------------
-----------------------------.NET 8.0.21------------------------------
----------------------------------------------------------------------
--------------------------Processor Count 4---------------------------
--------------------Total Physical Memory 7.84 GB---------------------
----------------------------------------------------------------------
DATE|LEVEL|SOURCE|MEMBER|LINE|MESSAGE
2026-04-03T15:36:15.6503|INFO|App.xaml.cs|OnStartup|170|Launched with command line arguments: --sequencefile C:\Users\nicka\Astro\NINA\NINA_Sequences\TargetScheduler.json --runsequence
2026-04-03T15:36:18.5933|INFO|CameraChooserVM.cs|GetEquipment|69|Found 2 ASI Cameras
2026-04-03T15:36:18.8278|INFO|CameraChooserVM.cs|GetEquipment|84|Found 0 Altair Cameras
2026-04-03T15:36:19.2489|INFO|CameraChooserVM.cs|GetEquipment|96|Found 0 Atik Cameras
2026-04-03T15:36:19.3411|INFO|CameraChooserVM.cs|GetEquipment|110|Found 0 FLI Cameras
2026-04-03T15:36:20.5961|INFO|CameraChooserVM.cs|GetEquipment|130|Found 0 QHYCCD Cameras
2026-04-03T15:36:21.0805|INFO|CameraChooserVM.cs|GetEquipment|158|Found 0 ToupTek Cameras
2026-04-03T15:36:21.2210|INFO|CameraChooserVM.cs|GetEquipment|173|Found 0 Ogma Cameras
2026-04-03T15:36:21.3726|INFO|CameraChooserVM.cs|GetEquipment|188|Found 0 Omegon Cameras
2026-04-03T15:36:22.0283|INFO|CameraChooserVM.cs|GetEquipment|203|Found 0 RisingCam Cameras
2026-04-03T15:36:22.1895|INFO|CameraChooserVM.cs|GetEquipment|218|Found 0 MallinCam Cameras
2026-04-03T15:36:22.3371|INFO|CameraChooserVM.cs|GetEquipment|243|Found 0 SVBony Cameras
2026-04-03T15:36:22.3404|INFO|CameraChooserVM.cs|GetEquipment|259|Found 0 SBIG Cameras
2026-04-03T15:36:26.2559|INFO|API.cs|Start|99|Starting Webserver
2026-04-03T15:36:26.2581|INFO|API.cs|APITask|134|starting web server, listening at 172.19.6.111:1888
2026-04-03T15:36:26.4232|INFO|NINALogWatcher.cs|Start|33|watching log file: C:\Users\nicka\AppData\Local\NINA\Logs\20260403-153614-3.2.0.9001.12060-202604.log
2026-04-03T15:36:26.4437|INFO|PluginLoader.cs|LoadPlugin|402|Successfully loaded plugin Advanced API version 2.2.15.0 by Christian Palm
2026-04-03T15:36:26.6127|INFO|PluginLoader.cs|LoadPlugin|402|Successfully loaded plugin Autofocus Report Analysis version 2.0.0.9 by Stefan Berg @isbeorn
2026-04-03T15:36:26.8202|INFO|PluginLoader.cs|LoadPlugin|402|Successfully loaded plugin Connector version 2.1.0.2 by Stefan Berg @isbeorn
2026-04-03T15:36:27.0163|INFO|PluginLoader.cs|LoadPlugin|402|Successfully loaded plugin Device Actions and Commands version 2.2.0.0 by Dale Ghent
2026-04-03T15:36:27.6891|INFO|PluginLoader.cs|LoadPlugin|402|Successfully loaded plugin Discord Alert version 2.2.0.0 by Drew McDermott
2026-04-03T15:36:29.2173|INFO|PluginLoader.cs|LoadPlugin|402|Successfully loaded plugin Discord Notification version 2.0.0.10 by Daniel Ludwig
2026-04-03T15:36:30.4965|INFO|DitherStatisticsVM.cs|CreatePluginIcon|1483|Plugin icon geometry created successfully
2026-04-03T15:36:30.5263|INFO|DitherStatisticsVM.cs|LoadDataTemplates|1452|DitherStatistics DataTemplates loaded successfully
2026-04-03T15:36:30.5308|INFO|DitherStatisticsVM.cs|SaveQualityAssessmentSetting|387|Quality Assessment setting saved to file: True
2026-04-03T15:36:30.5310|INFO|DitherStatisticsVM.cs|LoadQualityAssessmentSetting|364|Quality Assessment setting loaded from file: True
2026-04-03T15:36:30.5448|INFO|DitherStatisticsVM.cs|SaveDitherOptimizerSetting|490|Dither Optimizer setting saved to file: False
2026-04-03T15:36:30.5450|INFO|DitherStatisticsVM.cs|LoadDitherOptimizerSetting|471|Dither Optimizer setting loaded from file: False
2026-04-03T15:36:30.5455|INFO|DitherStatisticsVM.cs|SubscribeToGuiderEvents|834|Subscribed to NINA guider events
2026-04-03T15:36:30.5514|INFO|DitherStatisticsVM.cs|StartThemeColorMonitoring|1329|Initial PrimaryBrush color: R:176 G:179 B:185
2026-04-03T15:36:30.5516|INFO|DitherStatisticsVM.cs|.ctor|96|DitherStatisticsVM initialized successfully with ScottPlot 4.1 (Lazy Loading)!
2026-04-03T15:36:30.5522|INFO|PluginLoader.cs|LoadPlugin|402|Successfully loaded plugin Dither Statistics version 1.3.0.0 by Thierry Tschanz
2026-04-03T15:36:30.7202|INFO|PluginLoader.cs|LoadPlugin|402|Successfully loaded plugin Filter Offset Calculator version 2.0.0.0 by S. Dimant & Stefan Berg
2026-04-03T15:36:30.9332|INFO|PluginLoader.cs|LoadPlugin|402|Successfully loaded plugin Flexure Correction version 0.8.0.0 by Francesco Meschia
2026-04-03T15:36:32.5553|INFO|DitherStatisticsVM.cs|ConnectToPHD2|708|Attempting to connect to PHD2...
2026-04-03T15:36:32.5573|INFO|PHD2Client.cs|ConnectAsync|102|PHD2Client: Connecting to PHD2 at 127.0.0.1:4400...
2026-04-03T15:36:33.5646|INFO|PluginLoader.cs|LoadPlugin|402|Successfully loaded plugin Ground Station version 3.0.0.117 by Dale Ghent
2026-04-03T15:36:34.5981|ERROR|PHD2Client.cs|ConnectAsync|132|PHD2Client: Connection failed: No connection could be made because the target machine actively refused it.
2026-04-03T15:36:34.5985|INFO|DitherStatisticsVM.cs|OnPHD2ConnectionStatusChanged|737|PHD2 Connection Status: Connection failed: No connection could be made because the target machine actively refused it.
2026-04-03T15:36:45.5448|INFO|PluginLoader.cs|LoadPlugin|402|Successfully loaded plugin Hocus Focus version 3.0.0.25 by George Hilios (jokogeo)
2026-04-03T15:36:46.3823|INFO|PluginLoader.cs|LoadPlugin|402|Successfully loaded plugin Horizon Creator version 1.1.2.1 by Christian Palm
2026-04-03T15:36:46.5952|INFO|PluginLoader.cs|LoadPlugin|402|Successfully loaded plugin Lightbucket version 2.2.4.0 by Lightbucket
2026-04-03T15:36:47.4256|INFO|PluginLoader.cs|LoadPlugin|402|Successfully loaded plugin Livestack version 1.0.1.7 by Stefan Berg @isbeorn
2026-04-03T15:36:47.6324|INFO|PluginLoader.cs|LoadPlugin|402|Successfully loaded plugin Log Viewer version 1.0.0.2 by Alexander Wrede @astro_alex80
2026-04-03T15:36:47.8219|INFO|PluginLoader.cs|LoadPlugin|402|Successfully loaded plugin Moon Angle version 2.2.0.0 by Dale Ghent
2026-04-03T15:36:48.3454|INFO|SessionDatabase.cs|.ctor|32|NightSummary: Database path: C:\Users\nicka\AppData\Local\NINA\NightSummary\nightsummary.sqlite
2026-04-03T15:36:48.3456|INFO|SessionDatabase.cs|.ctor|33|NightSummary: Database exists: True
2026-04-03T15:36:48.3989|INFO|NightSummaryPlugin.cs|.ctor|225|NightSummary: Plugin initialized successfully
2026-04-03T15:36:48.4083|INFO|SessionDatabase.cs|.ctor|32|NightSummary: Database path: C:\Users\nicka\AppData\Local\NINA\NightSummary\nightsummary.sqlite
2026-04-03T15:36:48.4085|INFO|SessionDatabase.cs|.ctor|33|NightSummary: Database exists: True
2026-04-03T15:36:48.4207|INFO|PluginLoader.cs|LoadPlugin|402|Successfully loaded plugin Night Summary version 2.9.0.0 by Evan Pegors
2026-04-03T15:36:48.7393|INFO|PluginLoader.cs|LoadPlugin|402|Successfully loaded plugin Phd2 Tools version 1.0.6.0 by Stefan Berg @isbeorn
2026-04-03T15:36:49.0672|INFO|PluginLoader.cs|LoadPlugin|402|Successfully loaded plugin PixInsight Tools version 1.0.0.3 by Stefan Berg
2026-04-03T15:36:49.8769|INFO|PluginLoader.cs|LoadPlugin|402|Successfully loaded plugin Point3D version 0.2.3.0 by Drew McDermott
2026-04-03T15:36:50.2796|INFO|StarfrontClient.cs|StartFolderWatcher|167|[Rockwood] Watching: C:\ASTROIMAGES\NINA\
2026-04-03T15:36:50.2823|INFO|PluginLoader.cs|LoadPlugin|402|Successfully loaded plugin Rockwood Starfront version 1.0.0.0 by Rockwood Observatory
2026-04-03T15:36:50.2826|INFO|StarfrontClient.cs|RunLoop|68|[Rockwood] connecting to wss://api.starfront.space:443/ws/scope?key=***
2026-04-03T15:36:50.5443|INFO|StarfrontClient.cs|RunLoop|71|[Rockwood] connected
2026-04-03T15:36:51.0694|INFO|PluginLoader.cs|LoadPlugin|402|Successfully loaded plugin Scope Control version 2.0.2.1 by Stefan Berg @isbeorn
2026-04-03T15:36:53.2385|WARNING|When.cs|GetRunningItem|143|Can't get running items: SequencerNavigation not initialized yet!
2026-04-03T15:36:53.4792|INFO|PluginLoader.cs|LoadPlugin|402|Successfully loaded plugin Sequencer Powerups version 3.29.0.9 by Marc Blank
2026-04-03T15:36:54.2324|INFO|PluginLoader.cs|LoadPlugin|402|Successfully loaded plugin Session Metadata version 2.6.3.0 by Tom Palmer @tcpalmer
2026-04-03T15:36:54.3677|INFO|PluginLoader.cs|LoadPlugin|402|Successfully loaded plugin Shutdown PC version 2.2.0.0 by Dale Ghent
2026-04-03T15:36:54.6291|INFO|PluginLoader.cs|LoadPlugin|402|Successfully loaded plugin SkyFlats version 1.0.0.4 by Gerald Hitz (@photon)
2026-04-03T15:36:55.0521|INFO|PluginLoader.cs|LoadPlugin|402|Successfully loaded plugin Smart Filters version 1.0.0.3 by Benoit SAINTOT
2026-04-03T15:36:55.5637|INFO|PluginLoader.cs|LoadPlugin|402|Successfully loaded plugin Target Planning version 3.2.1.0 by Tom Palmer @tcpalmer
2026-04-03T15:36:58.2611|WARNING|When.cs|GetRunningItem|143|Can't get running items: SequencerNavigation not initialized yet!
2026-04-03T15:37:01.0493|INFO|PluginLoader.cs|LoadPlugin|402|Successfully loaded plugin Target Scheduler version 5.9.0.0 by Tom Palmer @tcpalmer
2026-04-03T15:37:01.4937|INFO|PluginLoader.cs|LoadPlugin|402|Successfully loaded plugin Three Point Polar Alignment version 2.2.5.0 by Stefan Berg @isbeorn
2026-04-03T15:37:02.9957|INFO|SessionHistoryManager.cs|PurgeHistoryOlderThan|102|purging web session history older than 10 days
2026-04-03T15:37:03.0528|INFO|PluginLoader.cs|LoadPlugin|402|Successfully loaded plugin Web Session History Viewer version 2.2.1.0 by Tom Palmer @tcpalmer
2026-04-03T15:37:03.2671|WARNING|When.cs|GetRunningItem|143|Can't get running items: SequencerNavigation not initialized yet!
2026-04-03T15:37:03.4613|INFO|PluginFetcher.cs|RequestAll|43|Fetching plugin manifests from https://nighttime-imaging.eu/wp-json/nina/v1/plugins/manifests
2026-04-03T15:37:03.9903|INFO|FilterWheelChooserVM.cs|GetEquipment|167|Found 1 Networked Filter Wheel Filter Wheels
2026-04-03T15:37:03.9917|INFO|RotatorChooserVM.cs|GetEquipment|45|Found 1 Networked Rotator Rotators
2026-04-03T15:37:05.4047|INFO|CameraChooserVM.cs|GetEquipment|279|Found 0 SVBony Cameras
2026-04-03T15:37:05.5173|INFO|CameraChooserVM.cs|GetEquipment|279|Found 0 PlayerOne Cameras
2026-04-03T15:37:05.6004|INFO|CameraChooserVM.cs|GetEquipment|279|Found 0 ASTPAN Cameras
2026-04-03T15:37:05.6025|INFO|CameraChooserVM.cs|GetEquipment|293|Found 4 ASCOM Cameras
2026-04-03T15:37:06.9306|INFO|PluginFetcher.cs|RequestAll|57|Found 77 valid plugins at https://nighttime-imaging.eu/wp-json/nina/v1/plugins/manifests
2026-04-03T15:37:06.9433|INFO|SwitchChooserVM.cs|GetEquipment|71|Found 0 Alpaca Switch Hubs
2026-04-03T15:37:06.9475|INFO|DomeChooserVM.cs|GetEquipment|67|Found 0 Alpaca Domes
2026-04-03T15:37:06.9494|INFO|WeatherDataChooserVM.cs|GetEquipment|69|Found 0 Alpaca Observing Conditions
2026-04-03T15:37:06.9526|INFO|RotatorChooserVM.cs|GetEquipment|68|Found 0 Alpaca Rotators
2026-04-03T15:37:06.9545|INFO|FlatDeviceChooserVM.cs|GetEquipment|67|Found 0 Alpaca Cover Calibrators
2026-04-03T15:37:06.9580|INFO|FilterWheelChooserVM.cs|GetEquipment|193|Found 0 Alpaca Filter Wheels
2026-04-03T15:37:07.0406|INFO|SafetyMonitorChooserVM.cs|GetEquipment|71|Found 0 Alpaca Safety Monitors
2026-04-03T15:37:07.0719|INFO|TelescopeChooserVM.cs|GetEquipment|69|Found 0 Alpaca Telescopes
2026-04-03T15:37:07.6083|INFO|CameraChooserVM.cs|GetEquipment|305|Found 0 Alpaca Cameras
2026-04-03T15:37:07.6165|INFO|CameraChooserVM.cs|GetEquipment|318|Found 0 Canon Cameras
2026-04-03T15:37:08.2717|WARNING|When.cs|GetRunningItem|143|Can't get running items: SequencerNavigation not initialized yet!
2026-04-03T15:37:09.0961|INFO|FocuserChooserVM.cs|GetEquipment|84|Found 0 Alpaca Focusers
2026-04-03T15:37:09.1625|INFO|ApplicationVM.cs|CheckDiskInfo|100|Available Space on Drive C:\: 141.6 GB
2026-04-03T15:37:09.1667|INFO|ApplicationVM.cs|CheckASCOMPlatformVersion|81|ASCOM Platform 6.6.2.4195 installed
2026-04-03T15:37:09.1689|INFO|ApplicationVM.cs|CheckDiskInfo|102|Drive E:\ is not ready
2026-04-03T15:37:09.1703|INFO|ApplicationVM.cs|CheckDiskInfo|100|Available Space on Drive G:\: 62.17 GB
2026-04-03T15:37:09.1819|INFO|ApplicationVM.cs|CheckDiskInfo|100|Available Space on Drive Z:\: 9.48 GB
2026-04-03T15:37:09.7051|INFO|DitherStatisticsVM.cs|StartThemeColorMonitoring|1338|Theme color monitoring timer started on UI thread
2026-04-03T15:37:10.1013|INFO|Sequence2VM.cs|TryLoadSequenceFile|414|Loading sequence file: C:\Users\nicka\Astro\NINA\NINA_Sequences\TargetScheduler.json
2026-04-03T15:37:10.7163|INFO|Sequence2VM.cs|TryLoadSequenceFile|420|Starting sequence from command line options
2026-04-03T15:37:10.7198|INFO|Sequence2VM.cs|StartSequence|543|Advanced Sequence starting
2026-04-03T15:37:11.5642|INFO|SequenceItem.cs|Run|208|Starting Category: * Instruction Set *, Container: NINA.Sequencer.Container.SequenceRootContainer, Strategy: SequentialStrategy, Items[CREATED]: 3, Triggers: Category: Ground Station, Item: Failures to Telegram
2026-04-03T15:37:11.9861|INFO|SequenceItem.cs|Run|208|Starting Category: * Instruction Set *, Container: NINA.Sequencer.Container.StartAreaContainer, Strategy: SequentialStrategy, Items[CREATED]: 1
2026-04-03T15:37:11.9868|INFO|SequenceItem.cs|Run|208|Starting Category: * Instruction Set *, Container: NINA.Sequencer.Container.SequentialContainer, Strategy: SequentialStrategy, Items[CREATED]: 10
2026-04-03T15:37:11.9873|INFO|SequenceItem.cs|Run|208|Starting Category: Ground Station, Item: Send to Pushover, Title: Start
2026-04-03T15:37:12.0826|INFO|DockManagerVM.cs|InitializeAvalonDockLayout|366|Initializing imaging tab layout from C:\Users\nicka\AppData\Local\NINA\Profiles\0173997c-4bfa-48fd-9337-a48b6df99c38.dock.config
2026-04-03T15:37:12.1969|INFO|SequenceItem.cs|Run|254|Finishing Category: Ground Station, Item: Send to Pushover, Title: Start
2026-04-03T15:37:12.2006|INFO|SequenceItem.cs|Run|208|Starting Category: Utility, Item: WaitForTime, Time: 19:31:46h, Offset: -80
2026-04-03T19:32:01.3472|INFO|SequenceItem.cs|Run|254|Finishing Category: Utility, Item: WaitForTime, Time: 19:31:46h, Offset: -80
2026-04-03T19:32:01.3492|INFO|SequenceItem.cs|Run|208|Starting Category: Ground Station, Item: Send to Telegram
2026-04-03T19:32:02.6231|INFO|SequenceItem.cs|Run|254|Finishing Category: Ground Station, Item: Send to Telegram
2026-04-03T19:32:02.6234|INFO|SequenceItem.cs|Run|208|Starting Category: Ground Station, Item: Send to Pushover, Title: Configure Equipment
2026-04-03T19:32:02.8114|INFO|SequenceItem.cs|Run|254|Finishing Category: Ground Station, Item: Send to Pushover, Title: Configure Equipment
2026-04-03T19:32:02.8126|INFO|SequenceItem.cs|Run|208|Starting Category: Connect, Item: ConnectAllEquipment
2026-04-03T19:32:02.8394|INFO|CameraChooserVM.cs|GetEquipment|69|Found 2 ASI Cameras
2026-04-03T19:32:02.9088|INFO|CameraChooserVM.cs|GetEquipment|84|Found 0 Altair Cameras
2026-04-03T19:32:02.9090|INFO|CameraChooserVM.cs|GetEquipment|96|Found 0 Atik Cameras
2026-04-03T19:32:02.9097|INFO|CameraChooserVM.cs|GetEquipment|110|Found 0 FLI Cameras
2026-04-03T19:32:02.9100|INFO|CameraChooserVM.cs|GetEquipment|130|Found 0 QHYCCD Cameras
2026-04-03T19:32:03.0697|INFO|CameraChooserVM.cs|GetEquipment|158|Found 0 ToupTek Cameras
2026-04-03T19:32:03.0748|INFO|CameraChooserVM.cs|GetEquipment|173|Found 0 Ogma Cameras
2026-04-03T19:32:03.0892|INFO|CameraChooserVM.cs|GetEquipment|188|Found 0 Omegon Cameras
2026-04-03T19:32:03.2474|INFO|CameraChooserVM.cs|GetEquipment|203|Found 0 RisingCam Cameras
2026-04-03T19:32:03.2616|INFO|CameraChooserVM.cs|GetEquipment|218|Found 0 MallinCam Cameras
2026-04-03T19:32:03.2631|INFO|CameraChooserVM.cs|GetEquipment|243|Found 0 SVBony Cameras
2026-04-03T19:32:03.2653|INFO|CameraChooserVM.cs|GetEquipment|259|Found 0 SBIG Cameras
2026-04-03T19:32:03.2660|INFO|CameraChooserVM.cs|GetEquipment|279|Found 0 SVBony Cameras
2026-04-03T19:32:03.2664|INFO|CameraChooserVM.cs|GetEquipment|279|Found 0 PlayerOne Cameras
2026-04-03T19:32:03.2743|INFO|CameraChooserVM.cs|GetEquipment|279|Found 0 ASTPAN Cameras
2026-04-03T19:32:03.2752|INFO|CameraChooserVM.cs|GetEquipment|293|Found 4 ASCOM Cameras
2026-04-03T19:32:05.2789|INFO|CameraChooserVM.cs|GetEquipment|305|Found 0 Alpaca Cameras
2026-04-03T19:32:05.2846|INFO|CameraChooserVM.cs|GetEquipment|318|Found 0 Canon Cameras
2026-04-03T19:32:05.3518|INFO|CameraVM.cs|Disconnect|650|Disconnected Camera
2026-04-03T19:32:05.9400|WARNING|ASICamera.cs|SetControlValue|568|Failed to set ASI Control Value ASI_WB_B with value 50
2026-04-03T19:32:05.9401|WARNING|ASICamera.cs|SetControlValue|568|Failed to set ASI Control Value ASI_WB_R with value 50
2026-04-03T19:32:05.9402|WARNING|ASICamera.cs|SetControlValue|568|Failed to set ASI Control Value ASI_GAMMA with value 50
2026-04-03T19:32:05.9402|WARNING|ASICamera.cs|SetControlValue|568|Failed to set ASI Control Value ASI_HIGH_SPEED_MODE with value 0
2026-04-03T19:32:05.9403|WARNING|ASICamera.cs|SetControlValue|568|Failed to set ASI Control Value ASI_OVERCLOCK with value 0
2026-04-03T19:32:05.9403|WARNING|ASICamera.cs|SetControlValue|568|Failed to set ASI Control Value ASI_PATTERN_ADJUST with value 0
2026-04-03T19:32:05.9410|WARNING|ASICamera.cs|SetControlValue|568|Failed to set ASI Control Value ASI_MONO_BIN with value 0
2026-04-03T19:32:05.9421|INFO|ASICamera.cs|Initialize|664|Camera ID: ASI533MM
2026-04-03T19:32:05.9525|WARNING|ASICamera.cs|SetControlValue|568|Failed to set ASI Control Value ASI_ANTI_DEW_HEATER with value 0
2026-04-03T19:32:06.0099|INFO|CameraVM.cs|ChooseCamera|455|Successfully connected Camera. Id: ZWOptical_ZWO ASI533MM Pro_ASI533MM Name: ZWO ASI533MM Pro DisplayName: ZWO ASI533MM Pro (ASI533MM)Driver Version: 1, 39, 0, 0
2026-04-03T19:32:06.5854|INFO|FilterWheelChooserVM.cs|GetEquipment|167|Found 1 Networked Filter Wheel Filter Wheels
2026-04-03T19:32:08.5875|INFO|FilterWheelChooserVM.cs|GetEquipment|193|Found 0 Alpaca Filter Wheels
2026-04-03T19:32:08.6249|INFO|FilterWheelVM.cs|Disconnect|333|Disconnected Filter Wheel
2026-04-03T19:32:12.0152|INFO|FilterWheelVM.cs|ChooseFW|279|Successfully connected Filter Wheel. Id: ASCOM.EFW2.FilterWheel Name: ZWO FilterWheel DisplayName: ZWO FilterWheel (ASCOM) Driver Version: 6.0
2026-04-03T19:32:15.9503|INFO|FocuserChooserVM.cs|GetEquipment|84|Found 0 Alpaca Focusers
2026-04-03T19:32:16.0112|INFO|FocuserVM.cs|Disconnect|441|Disconnected Focuser
2026-04-03T19:32:17.3168|ERROR|AscomDevice.cs|GetProperty|546|An unexpected exception occurred during GET of Focuser.StepSize: 
ASCOM.DriverException: The method or operation is not implemented.
 ---> System.NotImplementedException: The method or operation is not implemented.
   --- End of inner exception stack trace ---
   at ASCOM.Com.DriverAccess.DynamicAccess.CheckDotNetExceptions(String memberName, Exception e) in J:\ASCOMLibrary\ASCOM.Com\ASCOM.Com.DriverAccess\BaseClass\DynamicAccess.cs:line 278
   at ASCOM.Com.DriverAccess.DynamicAccess.TryGetMember(GetMemberBinder binder, Object& result) in J:\ASCOMLibrary\ASCOM.Com\ASCOM.Com.DriverAccess\BaseClass\DynamicAccess.cs:line 150
   at CallSite.Target(Closure, CallSite, Object)
   at System.Dynamic.UpdateDelegates.UpdateAndExecute1[T0,TRet](CallSite site, T0 arg0)
   at ASCOM.Com.DriverAccess.Focuser.get_StepSize() in J:\ASCOMLibrary\ASCOM.Com\ASCOM.Com.DriverAccess\Focuser.cs:line 159
   at System.RuntimeMethodHandle.InvokeMethod(Object target, Void** arguments, Signature sig, Boolean isConstructor)
   at System.Reflection.MethodBaseInvoker.InvokeWithNoArgs(Object obj, BindingFlags invokeAttr)
2026-04-03T19:32:17.5455|INFO|AscomDevice.cs|GetProperty|485|Retrying to GET Focuser.StepSize - Attempt 2 / 3
2026-04-03T19:32:17.5484|ERROR|AscomDevice.cs|GetProperty|546|An unexpected exception occurred during GET of Focuser.StepSize: 
ASCOM.DriverException: The method or operation is not implemented.
 ---> System.NotImplementedException: The method or operation is not implemented.
   --- End of inner exception stack trace ---
   at ASCOM.Com.DriverAccess.DynamicAccess.CheckDotNetExceptions(String memberName, Exception e) in J:\ASCOMLibrary\ASCOM.Com\ASCOM.Com.DriverAccess\BaseClass\DynamicAccess.cs:line 278
   at ASCOM.Com.DriverAccess.DynamicAccess.TryGetMember(GetMemberBinder binder, Object& result) in J:\ASCOMLibrary\ASCOM.Com\ASCOM.Com.DriverAccess\BaseClass\DynamicAccess.cs:line 150
   at CallSite.Target(Closure, CallSite, Object)
   at ASCOM.Com.DriverAccess.Focuser.get_StepSize() in J:\ASCOMLibrary\ASCOM.Com\ASCOM.Com.DriverAccess\Focuser.cs:line 159
   at InvokeStub_Focuser.get_StepSize(Object, Object, IntPtr*)
   at System.Reflection.MethodBaseInvoker.InvokeWithNoArgs(Object obj, BindingFlags invokeAttr)
2026-04-03T19:32:17.7514|INFO|AscomDevice.cs|GetProperty|485|Retrying to GET Focuser.StepSize - Attempt 3 / 3
2026-04-03T19:32:17.7538|ERROR|AscomDevice.cs|GetProperty|546|An unexpected exception occurred during GET of Focuser.StepSize: 
ASCOM.DriverException: The method or operation is not implemented.
 ---> System.NotImplementedException: The method or operation is not implemented.
   --- End of inner exception stack trace ---
   at ASCOM.Com.DriverAccess.DynamicAccess.CheckDotNetExceptions(String memberName, Exception e) in J:\ASCOMLibrary\ASCOM.Com\ASCOM.Com.DriverAccess\BaseClass\DynamicAccess.cs:line 278
   at ASCOM.Com.DriverAccess.DynamicAccess.TryGetMember(GetMemberBinder binder, Object& result) in J:\ASCOMLibrary\ASCOM.Com\ASCOM.Com.DriverAccess\BaseClass\DynamicAccess.cs:line 150
   at CallSite.Target(Closure, CallSite, Object)
   at ASCOM.Com.DriverAccess.Focuser.get_StepSize() in J:\ASCOMLibrary\ASCOM.Com\ASCOM.Com.DriverAccess\Focuser.cs:line 159
   at InvokeStub_Focuser.get_StepSize(Object, Object, IntPtr*)
   at System.Reflection.MethodBaseInvoker.InvokeWithNoArgs(Object obj, BindingFlags invokeAttr)
2026-04-03T19:32:17.7548|INFO|AscomDevice.cs|GetProperty|556|GET Focuser.StepSize failed - Returning last known value 0
2026-04-03T19:32:18.0083|INFO|FocuserVM.cs|ChooseFocuser|333|Successfully connected Focuser. Id: ASCOM.EAF.Focuser Name: ZWO Focuser DisplayName: ZWO Focuser (ASCOM) Driver Version: 6.0
2026-04-03T19:32:20.0117|INFO|TelescopeChooserVM.cs|GetEquipment|69|Found 0 Alpaca Telescopes
2026-04-03T19:32:20.0659|INFO|TelescopeVM.cs|Disconnect|740|Disconnected mount
2026-04-03T19:32:22.6885|INFO|AscomTelescope.cs|CheckMountTime|845|Mount UTC Time: 2026-04-04 00:32:20Z / System UTC Time: 2026-04-04 00:32:22Z; Difference: 2.203 seconds
2026-04-03T19:32:22.7435|INFO|AscomTelescope.cs|CheckMountTime|852|System time has been synced to the mount
2026-04-03T19:32:23.0009|INFO|TelescopeVM.cs|ChooseTelescope|535|Successfully connected mount. Id: ASCOM.iOptron2017.Telescope Name: iOptron CEM120,70,40,26, GEM, HEM, HAE, HAZ series and SkyHunter Mount DisplayName: iOptron CEM120,70,40,26, GEM, HEM, HAE, HAZ series and SkyHunter Mount (ASCOM) Driver Version: 9.15
2026-04-03T19:32:23.0358|INFO|PHD2Guider.cs|Connect|205|Connecting to PHD2 server at 127.0.0.1:4400
2026-04-03T19:32:25.6643|INFO|PHD2Client.cs|ConnectAsync|118|PHD2Client: Connected successfully!
2026-04-03T19:32:25.6645|INFO|DitherStatisticsVM.cs|OnPHD2ConnectionStatusChanged|734|PHD2 Connection Status: Connected
2026-04-03T19:32:25.6645|INFO|DitherStatisticsVM.cs|ConnectToPHD2|713|Successfully connected to PHD2!
2026-04-03T19:32:25.6680|INFO|PHD2Client.cs|ReadEventsAsync|181|PHD2Client: Started reading events
2026-04-03T19:32:26.1284|INFO|PHD2Client.cs|HandleVersion|366|PHD2Client: Connected to PHD2 version 2.6.14. (Message Protocol v1)
2026-04-03T19:32:26.1294|INFO|PHD2Client.cs|HandleAppState|376|PHD2Client: PHD2 AppState: Stopped
2026-04-03T19:32:26.1296|INFO|PHD2Client.cs|ProcessEvent|268|PHD2: ConfigurationChange
2026-04-03T19:32:27.3186|INFO|PHD2Client.cs|QueryExposureTime|1216|PHD2Client: Exposure time from PHD2 API: 2.000 seconds (2000 ms)
2026-04-03T19:32:27.4601|INFO|PHD2Client.cs|ProcessEvent|268|PHD2: ConfigurationChange
2026-04-03T19:32:28.1492|INFO|PHD2Client.cs|QueryExposureTime|1216|PHD2Client: Exposure time from PHD2 API: 2.000 seconds (2000 ms)
2026-04-03T19:32:30.1914|INFO|WeatherDataChooserVM.cs|GetEquipment|69|Found 0 Alpaca Observing Conditions
2026-04-03T19:32:30.2323|INFO|WeatherDataVM.cs|Disconnect|305|Disconnected Weather Device
2026-04-03T19:32:31.8789|INFO|AscomDevice.cs|GetProperty|527|Property ObservingConditions.SkyQuality GET is not implemented in this driver (SkyAlert Observing Conditions)
2026-04-03T19:32:31.8860|INFO|AscomDevice.cs|GetProperty|527|Property ObservingConditions.StarFWHM GET is not implemented in this driver (SkyAlert Observing Conditions)
2026-04-03T19:32:31.8995|INFO|WeatherDataVM.cs|ChooseWeatherData|150|Successfully connected Weather Device. Id: ASCOM.SkyAlert.ObservingConditions Name: SkyAlert Observing Conditions DisplayName: SkyAlert Observing Conditions (ASCOM) Driver Version: 1.7
2026-04-03T19:32:33.9089|INFO|SafetyMonitorChooserVM.cs|GetEquipment|71|Found 0 Alpaca Safety Monitors
2026-04-03T19:32:33.9476|INFO|SafetyMonitorVM.cs|Disconnect|221|Disconnected Safety Monitor
2026-04-03T19:32:34.4166|INFO|SafetyMonitorVM.cs|Connect|175|Successfully connected Safety Monitor. Id: ASCOM.GenericFile.SafetyMonitor Name: Generic File driver DisplayName: Generic File driver (ASCOM) Driver Version: 6.4
2026-04-03T19:32:34.4170|INFO|SequenceItem.cs|Run|254|Finishing Category: Connect, Item: ConnectAllEquipment
2026-04-03T19:32:34.4176|INFO|SequenceItem.cs|Run|208|Starting Category: Telescope, Item: FindHome
2026-04-03T19:32:34.4238|INFO|PHD2Guider.cs|StopGuiding|704|Phd2 - Stop Guiding skipped, as the app is already in state Stopped
2026-04-03T19:32:34.4256|INFO|TelescopeVM.cs|FindHome|292|Mount ordered to locate home position
2026-04-03T19:32:34.4336|INFO|TelescopeVM.cs|FindHome|336|Mount ordered to home but it is already at home
2026-04-03T19:32:34.4339|INFO|TelescopeVM.cs|FindHome|348|Mount has located its home position
2026-04-03T19:32:34.4348|INFO|SequenceItem.cs|Run|254|Finishing Category: Telescope, Item: FindHome
2026-04-03T19:32:34.4350|INFO|SequenceItem.cs|Run|208|Starting Category: Ground Station, Item: Send to Telegram
2026-04-03T19:32:35.0366|INFO|SequenceItem.cs|Run|254|Finishing Category: Ground Station, Item: Send to Telegram
2026-04-03T19:32:35.0369|INFO|SequenceItem.cs|Run|208|Starting Category: Ground Station, Item: Send to Pushover, Title: Cool
2026-04-03T19:32:35.1820|INFO|SequenceItem.cs|Run|254|Finishing Category: Ground Station, Item: Send to Pushover, Title: Cool
2026-04-03T19:32:35.1835|INFO|SequenceItem.cs|Run|208|Starting Category: Camera, Item: CoolCamera, Temperature: -5, Duration: 15
2026-04-03T19:32:35.1922|INFO|CameraVM.cs|CoolCamera|138|Cooling Camera. Target: -5 Duration: 00:15:00
2026-04-03T19:32:36.4364|INFO|SafetyMonitorVM.cs|UpdateMonitorValues|95|SafetyMonitorInfo state changed to Unsafe
2026-04-03T19:47:58.6317|INFO|SequenceItem.cs|Run|254|Finishing Category: Camera, Item: CoolCamera, Temperature: -5, Duration: 15
2026-04-03T19:47:58.6321|INFO|SequenceItem.cs|Run|208|Starting Category: Utility, Item: WaitForTime, Time: 20:36:46h, Offset: -15
2026-04-03T20:36:49.2328|INFO|SequenceItem.cs|Run|254|Finishing Category: Utility, Item: WaitForTime, Time: 20:36:46h, Offset: -15
2026-04-03T20:36:49.2415|INFO|SequenceItem.cs|Run|254|Finishing Category: * Instruction Set *, Container: NINA.Sequencer.Container.SequentialContainer, Strategy: SequentialStrategy, Items[FINISHED]: 10
2026-04-03T20:36:49.2421|INFO|SequenceItem.cs|Run|254|Finishing Category: * Instruction Set *, Container: NINA.Sequencer.Container.StartAreaContainer, Strategy: SequentialStrategy, Items[FINISHED]: 1
2026-04-03T20:36:49.2429|INFO|SequenceItem.cs|Run|208|Starting Category: * Instruction Set *, Container: NINA.Sequencer.Container.TargetAreaContainer, Strategy: SequentialStrategy, Items[CREATED]: 1
2026-04-03T20:36:49.2474|INFO|SequenceItem.cs|Run|208|Starting Category: * Instruction Set *, Container: NINA.Sequencer.Container.SequentialContainer, Strategy: SequentialStrategy, Items[CREATED]: 11, Conditions: Condition: TimeCondition, Time: 6:57:40h, Condition: TargetSchedulerCondition mode=While Targets Remain Tonight, , Triggers: Trigger: CenterAfterDriftTrigger, DistanceArcMinutes: 1Trigger: WhenUnsafeCategory: Ground Station, Item: Failures to TelegramCategory: Connect, Item: ReconnectOnDownloadFailureTrigger: AutofocusAfterHFRIncreaseTrigger, Amount: 5Trigger: MeridianFlipTriggerCategory: Powerups (Misc), Item: DIYTriggerCategory: Ground Station, Item: Failures to PushoverTrigger: AutofocusAfterTemperatureChangeTrigger, Amount: 1.5°
2026-04-03T20:36:49.2530|INFO|WhenCommon.cs|SequenceBlockInitialize|204|Initialize; starting watchdog
2026-04-03T20:36:49.2633|INFO|WhenUnsafe.cs|CheckSafe|77|IsSafe is now FALSE; connected = True, IsSafe = False
2026-04-03T20:36:49.2636|INFO|WhenCommon.cs|ShouldTrigger|378|ShouldTrigger TRUE from InterruptWhen, setting TriggerRunner
2026-04-03T20:36:49.2641|INFO|WhenCommon.cs|InterruptWhen|322|Interrupting current Instruction Set
2026-04-03T20:36:49.2701|INFO|WhenCommon.cs|InterruptWhen|332|Canceling sequence...
2026-04-03T20:36:50.2795|INFO|WhenCommon.cs|InterruptWhen|336|Delay 1000
2026-04-03T20:36:51.2931|INFO|WhenCommon.cs|InterruptWhen|336|Delay 1000
2026-04-03T20:36:52.3035|INFO|WhenCommon.cs|InterruptWhen|336|Delay 1000
2026-04-03T20:36:53.3143|INFO|WhenCommon.cs|InterruptWhen|336|Delay 1000
2026-04-03T20:36:54.3252|INFO|WhenCommon.cs|InterruptWhen|336|Delay 1000
2026-04-03T20:36:55.3257|INFO|WhenCommon.cs|InterruptWhen|336|Delay 1000
2026-04-03T20:36:56.3383|INFO|WhenCommon.cs|InterruptWhen|336|Delay 1000
2026-04-03T20:36:57.3516|INFO|WhenCommon.cs|InterruptWhen|336|Delay 1000
2026-04-03T20:36:58.3635|INFO|WhenCommon.cs|InterruptWhen|336|Delay 1000
2026-04-03T20:36:59.3771|INFO|WhenCommon.cs|InterruptWhen|336|Delay 1000
2026-04-03T20:37:00.3877|INFO|WhenCommon.cs|InterruptWhen|336|Delay 1000
2026-04-03T20:37:01.3968|INFO|WhenCommon.cs|InterruptWhen|336|Delay 1000
2026-04-03T20:37:02.4099|INFO|WhenCommon.cs|InterruptWhen|336|Delay 1000
2026-04-03T20:37:03.4199|INFO|WhenCommon.cs|InterruptWhen|336|Delay 1000
2026-04-03T20:37:04.4354|INFO|WhenCommon.cs|InterruptWhen|336|Delay 1000
2026-04-03T20:37:05.4489|INFO|WhenCommon.cs|InterruptWhen|336|Delay 1000
2026-04-03T20:37:06.4597|INFO|WhenCommon.cs|InterruptWhen|336|Delay 1000
2026-04-03T20:37:07.4664|INFO|WhenCommon.cs|InterruptWhen|336|Delay 1000
2026-04-03T20:37:08.4662|INFO|WhenCommon.cs|InterruptWhen|336|Delay 1000
2026-04-03T20:37:09.4797|INFO|WhenCommon.cs|InterruptWhen|336|Delay 1000
2026-04-03T20:37:10.4911|INFO|WhenCommon.cs|InterruptWhen|336|Delay 1000
2026-04-03T20:37:11.5041|INFO|WhenCommon.cs|InterruptWhen|336|Delay 1000
2026-04-03T20:37:12.5121|INFO|WhenCommon.cs|InterruptWhen|336|Delay 1000
2026-04-03T20:37:13.5245|INFO|WhenCommon.cs|InterruptWhen|336|Delay 1000
2026-04-03T20:37:14.5389|INFO|WhenCommon.cs|InterruptWhen|336|Delay 1000
2026-04-03T20:37:15.5502|INFO|WhenCommon.cs|InterruptWhen|336|Delay 1000
2026-04-03T20:37:16.5624|INFO|WhenCommon.cs|InterruptWhen|336|Delay 1000
2026-04-03T20:37:16.9569|INFO|WhenCommon.cs|SequenceBlockTeardown|198|Teardown; shutting down watchdog
2026-04-03T20:37:16.9592|INFO|Sequencer.cs|Start|85|Sequence run was cancelled
2026-04-03T20:37:16.9760|INFO|Sequence2VM.cs|StartSequence|548|Advanced Sequence finished
2026-04-03T20:37:17.5699|INFO|WhenCommon.cs|InterruptWhen|339|Sequence no longer running
2026-04-03T20:37:17.5725|WARNING|WhenCommon.cs|CheckSlewing|263|CheckSlewing, WhenUnsafe = True, Connected = True, CanSlew = True, info.Slewing = False
2026-04-03T20:37:17.5744|INFO|Sequence2VM.cs|StartSequence|543|Advanced Sequence starting
2026-04-03T20:37:17.6385|INFO|SequenceItem.cs|Run|208|Starting Category: * Instruction Set *, Container: NINA.Sequencer.Container.SequenceRootContainer, Strategy: SequentialStrategy, Items[CREATED]: 3, Triggers: Category: Ground Station, Item: Failures to Telegram
2026-04-03T20:37:17.6387|INFO|SequenceItem.cs|Run|208|Starting Category: * Instruction Set *, Container: NINA.Sequencer.Container.StartAreaContainer, Strategy: SequentialStrategy, Items[FINISHED]: 1
2026-04-03T20:37:17.6389|INFO|SequenceItem.cs|Run|254|Finishing Category: * Instruction Set *, Container: NINA.Sequencer.Container.StartAreaContainer, Strategy: SequentialStrategy, Items[FINISHED]: 1
2026-04-03T20:37:17.6390|INFO|SequenceItem.cs|Run|208|Starting Category: * Instruction Set *, Container: NINA.Sequencer.Container.TargetAreaContainer, Strategy: SequentialStrategy, Items[CREATED]: 1
2026-04-03T20:37:17.6391|INFO|SequenceItem.cs|Run|208|Starting Category: * Instruction Set *, Container: NINA.Sequencer.Container.SequentialContainer, Strategy: SequentialStrategy, Items[CREATED]: 11, Conditions: Condition: TimeCondition, Time: 6:57:40h, Condition: TargetSchedulerCondition mode=While Targets Remain Tonight, , Triggers: Trigger: CenterAfterDriftTrigger, DistanceArcMinutes: 1Trigger: WhenUnsafeCategory: Ground Station, Item: Failures to TelegramCategory: Connect, Item: ReconnectOnDownloadFailureTrigger: AutofocusAfterHFRIncreaseTrigger, Amount: 5Trigger: MeridianFlipTriggerCategory: Powerups (Misc), Item: DIYTriggerCategory: Ground Station, Item: Failures to PushoverTrigger: AutofocusAfterTemperatureChangeTrigger, Amount: 1.5°
2026-04-03T20:37:17.6394|INFO|WhenCommon.cs|SequenceBlockInitialize|204|Initialize; starting watchdog
2026-04-03T20:37:17.6407|INFO|WhenCommon.cs|ShouldTrigger|382|ShouldTrigger TRUE, setting TriggerRunner
2026-04-03T20:37:17.6428|INFO|SequenceTrigger.cs|Run|114|Starting Trigger: WhenUnsafe
2026-04-03T20:37:17.6528|INFO|WhenCommon.cs|Execute|395|Execute 0
2026-04-03T20:37:17.6530|INFO|WhenCommon.cs|Execute|409|When: running TriggerRunner, InFlight -> true, Triggered -> false
2026-04-03T20:37:17.6531|WARNING|WhenCommon.cs|CheckSlewing|263|CheckSlewing, WhenUnsafe = True, Connected = True, CanSlew = True, info.Slewing = False
2026-04-03T20:37:17.6533|INFO|SequenceItem.cs|Run|208|Starting Category: , Container: WhenPlugin.When.IfContainer, Strategy: SequentialStrategy, Items[CREATED]: 9
2026-04-03T20:37:17.6590|INFO|MeridianFlipTrigger.cs|ShouldTrigger|197|Meridian Flip - Telescope is at home position. Skip flip evaluation
2026-04-03T20:37:17.6607|INFO|SequenceItem.cs|Run|208|Starting Category: Ground Station, Item: Send to Telegram
2026-04-03T20:37:18.3286|INFO|SequenceItem.cs|Run|254|Finishing Category: Ground Station, Item: Send to Telegram
2026-04-03T20:37:18.3313|INFO|MeridianFlipTrigger.cs|ShouldTrigger|197|Meridian Flip - Telescope is at home position. Skip flip evaluation
2026-04-03T20:37:18.3316|INFO|SequenceItem.cs|Run|208|Starting Category: Ground Station, Item: Send to Pushover, Title: Unsafe
2026-04-03T20:37:18.5348|INFO|SequenceItem.cs|Run|254|Finishing Category: Ground Station, Item: Send to Pushover, Title: Unsafe
2026-04-03T20:37:18.5358|INFO|MeridianFlipTrigger.cs|ShouldTrigger|197|Meridian Flip - Telescope is at home position. Skip flip evaluation
2026-04-03T20:37:18.5359|INFO|SequenceItem.cs|Run|208|Starting Category: Telescope, Item: FindHome
2026-04-03T20:37:18.5416|INFO|PHD2Guider.cs|StopGuiding|704|Phd2 - Stop Guiding skipped, as the app is already in state Stopped
2026-04-03T20:37:18.5418|INFO|TelescopeVM.cs|FindHome|292|Mount ordered to locate home position
2026-04-03T20:37:18.5426|INFO|TelescopeVM.cs|FindHome|336|Mount ordered to home but it is already at home
2026-04-03T20:37:18.5427|INFO|TelescopeVM.cs|FindHome|348|Mount has located its home position
2026-04-03T20:37:18.5430|INFO|SequenceItem.cs|Run|254|Finishing Category: Telescope, Item: FindHome
2026-04-03T20:37:18.5436|INFO|MeridianFlipTrigger.cs|ShouldTrigger|197|Meridian Flip - Telescope is at home position. Skip flip evaluation
2026-04-03T20:37:18.5446|INFO|SequenceItem.cs|Run|208|Starting Category: Guider, Item: StopGuiding
2026-04-03T20:37:18.5503|INFO|PHD2Guider.cs|StopGuiding|704|Phd2 - Stop Guiding skipped, as the app is already in state Stopped
2026-04-03T20:37:18.5505|INFO|SequenceItem.cs|Run|254|Finishing Category: Guider, Item: StopGuiding
2026-04-03T20:37:18.5510|INFO|MeridianFlipTrigger.cs|ShouldTrigger|197|Meridian Flip - Telescope is at home position. Skip flip evaluation
2026-04-03T20:37:18.5522|INFO|SequenceItem.cs|Run|208|Starting Category: Connect, Item: DisconnectEquipment, Selected device: Safety Monitor
2026-04-03T20:37:18.6423|INFO|AscomDevice.cs|Disconnect|378|Disconnecting from ASCOM.GenericFile.SafetyMonitor Generic File driver
2026-04-03T20:37:18.6685|INFO|SafetyMonitorVM.cs|Disconnect|221|Disconnected Safety Monitor
2026-04-03T20:37:18.6688|INFO|SequenceItem.cs|Run|254|Finishing Category: Connect, Item: DisconnectEquipment, Selected device: Safety Monitor
2026-04-03T20:37:18.6694|INFO|MeridianFlipTrigger.cs|ShouldTrigger|197|Meridian Flip - Telescope is at home position. Skip flip evaluation
2026-04-03T20:37:18.6699|INFO|SequenceItem.cs|Run|208|Starting Category: Utility, Item: WaitForTimeSpan, Time: 60s
2026-04-03T20:38:18.7372|INFO|SequenceItem.cs|Run|254|Finishing Category: Utility, Item: WaitForTimeSpan, Time: 60s
2026-04-03T20:38:18.7382|INFO|MeridianFlipTrigger.cs|ShouldTrigger|197|Meridian Flip - Telescope is at home position. Skip flip evaluation
2026-04-03T20:38:18.7395|INFO|SequenceItem.cs|Run|208|Starting Category: Connect, Item: ConnectEquipment, Selected device: Safety Monitor, Selected device id: ASCOM.GenericFile.SafetyMonitor
2026-04-03T20:38:20.7482|INFO|SafetyMonitorChooserVM.cs|GetEquipment|71|Found 0 Alpaca Safety Monitors
2026-04-03T20:38:20.7804|INFO|SafetyMonitorVM.cs|Disconnect|221|Disconnected Safety Monitor
2026-04-03T20:38:20.8491|INFO|SafetyMonitorVM.cs|Connect|175|Successfully connected Safety Monitor. Id: ASCOM.GenericFile.SafetyMonitor Name: Generic File driver DisplayName: Generic File driver (ASCOM) Driver Version: 6.4
2026-04-03T20:38:20.8495|INFO|SequenceItem.cs|Run|254|Finishing Category: Connect, Item: ConnectEquipment, Selected device: Safety Monitor, Selected device id: ASCOM.GenericFile.SafetyMonitor
2026-04-03T20:38:20.8499|INFO|MeridianFlipTrigger.cs|ShouldTrigger|197|Meridian Flip - Telescope is at home position. Skip flip evaluation
2026-04-03T20:38:20.8499|INFO|SequenceItem.cs|Run|208|Starting Category: Utility, Item: WaitForTimeSpan, Time: 60s
2026-04-03T20:38:22.8518|INFO|SafetyMonitorVM.cs|UpdateMonitorValues|95|SafetyMonitorInfo state changed to Unsafe
2026-04-03T20:39:20.9167|INFO|SequenceItem.cs|Run|254|Finishing Category: Utility, Item: WaitForTimeSpan, Time: 60s
2026-04-03T20:39:20.9174|INFO|MeridianFlipTrigger.cs|ShouldTrigger|197|Meridian Flip - Telescope is at home position. Skip flip evaluation
2026-04-03T20:39:20.9180|INFO|SequenceItem.cs|Run|208|Starting Category: Powerups (Safety), Item: OnceSafe
2026-04-04T06:57:40.7899|INFO|TimeCondition.cs|Check|254|TimeCondition finished.
2026-04-04T06:57:40.7903|INFO|TimeCondition.cs|InterruptWhenTimeIsUp|63|Time limit exceeded - Interrupting current Instruction Set
2026-04-04T06:57:40.7982|INFO|WhenCommon.cs|Execute|425|When: Execute done; InFlight -> false, Triggered false
2026-04-04T06:57:40.7992|INFO|MeridianFlipTrigger.cs|ShouldTrigger|197|Meridian Flip - Telescope is at home position. Skip flip evaluation
2026-04-04T06:57:40.7995|INFO|SequenceItem.cs|Run|208|Starting Category: Utility, Item: WaitForTime, Time: 20:36:46h, Offset: -15
2026-04-04T06:57:40.8026|INFO|WhenCommon.cs|SequenceBlockTeardown|198|Teardown; shutting down watchdog
2026-04-04T06:57:40.8032|INFO|SequenceItem.cs|Run|254|Finishing Category: * Instruction Set *, Container: NINA.Sequencer.Container.SequentialContainer, Strategy: SequentialStrategy, Items[CREATED]: 11, Conditions: Condition: TimeCondition, Time: 6:57:40h, Condition: TargetSchedulerCondition mode=While Targets Remain Tonight, , Triggers: Trigger: CenterAfterDriftTrigger, DistanceArcMinutes: 1Trigger: WhenUnsafeCategory: Ground Station, Item: Failures to TelegramCategory: Connect, Item: ReconnectOnDownloadFailureTrigger: AutofocusAfterHFRIncreaseTrigger, Amount: 5Trigger: MeridianFlipTriggerCategory: Powerups (Misc), Item: DIYTriggerCategory: Ground Station, Item: Failures to PushoverTrigger: AutofocusAfterTemperatureChangeTrigger, Amount: 1.5°
2026-04-04T06:57:40.8034|INFO|SequenceItem.cs|Run|254|Finishing Category: * Instruction Set *, Container: NINA.Sequencer.Container.TargetAreaContainer, Strategy: SequentialStrategy, Items[FINISHED]: 1
2026-04-04T06:57:40.8040|INFO|SequenceItem.cs|Run|208|Starting Category: * Instruction Set *, Container: NINA.Sequencer.Container.EndAreaContainer, Strategy: SequentialStrategy, Items[CREATED]: 8
2026-04-04T06:57:40.8045|INFO|SequenceItem.cs|Run|208|Starting Category: Telescope, Item: FindHome
2026-04-04T06:57:40.8107|INFO|PHD2Guider.cs|StopGuiding|704|Phd2 - Stop Guiding skipped, as the app is already in state Stopped
2026-04-04T06:57:40.8108|INFO|TelescopeVM.cs|FindHome|292|Mount ordered to locate home position
2026-04-04T06:57:40.8114|INFO|TelescopeVM.cs|FindHome|336|Mount ordered to home but it is already at home
2026-04-04T06:57:40.8116|INFO|TelescopeVM.cs|FindHome|348|Mount has located its home position
2026-04-04T06:57:40.8119|INFO|SequenceItem.cs|Run|254|Finishing Category: Telescope, Item: FindHome
2026-04-04T06:57:40.8129|INFO|SequenceItem.cs|Run|208|Starting Night Summary - End Session
2026-04-04T06:57:40.8168|INFO|NightSummaryEndInstruction.cs|Execute|28|NightSummary: End Session instruction executing
2026-04-04T06:57:55.8219|WARNING|SessionService.cs|EndSession|73|NightSummary: EndSession called but no active session — nothing to do
2026-04-04T06:57:55.8221|INFO|NightSummaryEndInstruction.cs|Execute|39|NightSummary: Session ended successfully
2026-04-04T06:57:55.8222|INFO|SequenceItem.cs|Run|254|Finishing Night Summary - End Session
2026-04-04T06:57:55.8235|INFO|SequenceItem.cs|Run|208|Starting Category: Camera, Item: WarmCamera, Duration: 30
2026-04-04T06:57:55.8301|INFO|CameraVM.cs|WarmCamera|161|Warming Camera. Duration: 00:30:00
2026-04-04T07:30:03.8383|INFO|CameraVM.cs|WarmCamera|179|Could not reach warming temperature. Most likley due to ambient temperature being lower. Continuing...
2026-04-04T07:30:23.9480|INFO|CameraVM.cs|WarmCamera|186|Turning cooler off
2026-04-04T07:30:23.9501|INFO|SequenceItem.cs|Run|254|Finishing Category: Camera, Item: WarmCamera, Duration: 30
2026-04-04T07:30:23.9504|INFO|SequenceItem.cs|Run|208|Starting Category: Guider, Item: StopGuiding
2026-04-04T07:30:23.9565|INFO|PHD2Guider.cs|StopGuiding|704|Phd2 - Stop Guiding skipped, as the app is already in state Stopped
2026-04-04T07:30:23.9567|INFO|SequenceItem.cs|Run|254|Finishing Category: Guider, Item: StopGuiding
2026-04-04T07:30:23.9579|INFO|SequenceItem.cs|Run|208|Starting Category: Phd2 Tools, Item: ShutdownPhd2Instruction
2026-04-04T07:30:23.9887|INFO|SequenceItem.cs|Run|254|Finishing Category: Phd2 Tools, Item: ShutdownPhd2Instruction
2026-04-04T07:30:23.9899|INFO|SequenceItem.cs|Run|208|Starting Category: Connect, Item: DisconnectAllEquipment
2026-04-04T07:30:23.9974|WARNING|PHD2Client.cs|ReadEventsAsync|189|PHD2Client: Connection closed by server
2026-04-04T07:30:23.9975|INFO|DitherStatisticsVM.cs|OnPHD2ConnectionStatusChanged|737|PHD2 Connection Status: Connection lost
2026-04-04T07:30:23.9976|INFO|PHD2Client.cs|ReadEventsAsync|205|PHD2Client: Stopped reading events
2026-04-04T07:30:24.0754|INFO|CameraVM.cs|Disconnect|650|Disconnected Camera
2026-04-04T07:30:24.0760|INFO|AscomDevice.cs|Disconnect|378|Disconnecting from ASCOM.EFW2.FilterWheel ZWO FilterWheel
2026-04-04T07:30:24.0868|INFO|FilterWheelVM.cs|Disconnect|333|Disconnected Filter Wheel
2026-04-04T07:30:24.0910|INFO|AscomDevice.cs|Disconnect|378|Disconnecting from ASCOM.EAF.Focuser ZWO Focuser
2026-04-04T07:30:24.1459|INFO|FocuserVM.cs|Disconnect|441|Disconnected Focuser
2026-04-04T07:30:24.1464|INFO|DisconnectAllEquipment.cs|Execute|139|Rotator is already disconnected
2026-04-04T07:30:24.1501|INFO|AscomDevice.cs|Disconnect|378|Disconnecting from ASCOM.iOptron2017.Telescope iOptron CEM120,70,40,26, GEM, HEM, HAE, HAZ series and SkyHunter Mount
2026-04-04T07:30:24.2130|INFO|TelescopeVM.cs|Disconnect|740|Disconnected mount
2026-04-04T07:30:24.2135|INFO|DisconnectAllEquipment.cs|Execute|139|Guider is already disconnected
2026-04-04T07:30:24.2136|INFO|DisconnectAllEquipment.cs|Execute|139|Switch is already disconnected
2026-04-04T07:30:24.2136|INFO|DisconnectAllEquipment.cs|Execute|139|Flat Panel is already disconnected
2026-04-04T07:30:24.2162|INFO|AscomDevice.cs|Disconnect|378|Disconnecting from ASCOM.SkyAlert.ObservingConditions SkyAlert Observing Conditions
2026-04-04T07:30:24.2257|INFO|WeatherDataVM.cs|Disconnect|305|Disconnected Weather Device
2026-04-04T07:30:24.2261|INFO|DisconnectAllEquipment.cs|Execute|139|Dome is already disconnected
2026-04-04T07:30:24.2282|INFO|AscomDevice.cs|Disconnect|378|Disconnecting from ASCOM.GenericFile.SafetyMonitor Generic File driver
2026-04-04T07:30:24.2334|INFO|SafetyMonitorVM.cs|Disconnect|221|Disconnected Safety Monitor
2026-04-04T07:30:24.2338|INFO|SequenceItem.cs|Run|254|Finishing Category: Connect, Item: DisconnectAllEquipment
2026-04-04T07:30:24.2340|INFO|SequenceItem.cs|Run|208|Starting Category: Ground Station, Item: Send to Pushover, Title: Disconnected
2026-04-04T07:30:24.4145|INFO|SequenceItem.cs|Run|254|Finishing Category: Ground Station, Item: Send to Pushover, Title: Disconnected
2026-04-04T07:30:24.4149|INFO|SequenceItem.cs|Run|208|Starting Category: Ground Station, Item: Send to Telegram
2026-04-04T07:30:25.0902|INFO|SequenceItem.cs|Run|254|Finishing Category: Ground Station, Item: Send to Telegram
2026-04-04T07:30:25.0910|INFO|SequenceItem.cs|Run|254|Finishing Category: * Instruction Set *, Container: NINA.Sequencer.Container.EndAreaContainer, Strategy: SequentialStrategy, Items[FINISHED]: 8
2026-04-04T07:30:25.0917|INFO|SequenceItem.cs|Run|254|Finishing Category: * Instruction Set *, Container: NINA.Sequencer.Container.SequenceRootContainer, Strategy: SequentialStrategy, Items[FINISHED]: 3, Triggers: Category: Ground Station, Item: Failures to Telegram
2026-04-04T07:30:25.0945|INFO|Sequence2VM.cs|StartSequence|548|Advanced Sequence finished
2026-04-04T07:30:25.0964|INFO|WhenCommon.cs|InterruptWhen|350|Restarting sequence, Triggered -> true
2026-04-04T07:30:29.0063|INFO|PHD2Client.cs|ConnectAsync|102|PHD2Client: Connecting to PHD2 at 127.0.0.1:4400...
2026-04-04T07:30:31.0268|ERROR|PHD2Client.cs|ConnectAsync|132|PHD2Client: Connection failed: No connection could be made because the target machine actively refused it.
2026-04-04T08:54:33.8385|INFO|ApplicationVM.cs|Exit|244|Shutting down application - requested by user
2026-04-04T08:54:33.9021|INFO|ApplicationVM.cs|Closing|289|Application shutting down
2026-04-04T08:54:33.9499|INFO|DomeVM.cs|Disconnect|355|Disconnected Dome Device
2026-04-04T08:54:33.9561|INFO|FlatDeviceVM.cs|Disconnect|289|Disconnected Flat Device
2026-04-04T08:54:33.9667|INFO|CameraVM.cs|Disconnect|650|Disconnected Camera
2026-04-04T08:54:33.9675|INFO|TelescopeVM.cs|Disconnect|740|Disconnected mount
2026-04-04T08:54:33.9696|INFO|FilterWheelVM.cs|Disconnect|333|Disconnected Filter Wheel
2026-04-04T08:54:33.9703|INFO|FocuserVM.cs|Disconnect|441|Disconnected Focuser
2026-04-04T08:54:33.9765|INFO|RotatorVM.cs|Disconnect|447|Disconnected Rotator
2026-04-04T08:54:33.9811|INFO|SwitchVM.cs|Disconnect|309|Disconnected Switch
2026-04-04T08:54:33.9857|INFO|WeatherDataVM.cs|Disconnect|305|Disconnected Weather Device
2026-04-04T08:54:33.9860|INFO|SafetyMonitorVM.cs|Disconnect|221|Disconnected Safety Monitor
2026-04-04T08:54:34.4923|INFO|API.cs|StopWatchers|86|Stopping all event watchers
2026-04-04T08:54:34.5153|INFO|NightSummaryPlugin.cs|Teardown|230|NightSummary: Plugin torn down
