----------------------------------------------------------------------
--------------N.I.N.A. - Nighttime Imaging 'N' Astronomy--------------
--------------------------Version 3.2.0.9001--------------------------
-------------------------2026-04-29T11:19:02--------------------------
----------------------------------------------------------------------
---------------------Microsoft Windows 10.0.19045---------------------
-------------------------OS Architecture X64--------------------------
-----------------------Process Architecture X64-----------------------
-----------------------------.NET 8.0.21------------------------------
----------------------------------------------------------------------
--------------------------Processor Count 4---------------------------
--------------------Total Physical Memory 7.84 GB---------------------
----------------------------------------------------------------------
DATE|LEVEL|SOURCE|MEMBER|LINE|MESSAGE
2026-04-29T11:19:02.0748|INFO|App.xaml.cs|OnStartup|170|Launched with command line arguments: --sequencefile C:\Users\nicka\Astro\NINA\NINA_Sequences\TargetScheduler.json --runsequence
2026-04-29T11:19:06.0965|INFO|CameraChooserVM.cs|GetEquipment|69|Found 2 ASI Cameras
2026-04-29T11:19:06.3388|INFO|CameraChooserVM.cs|GetEquipment|84|Found 0 Altair Cameras
2026-04-29T11:19:06.5771|INFO|CameraChooserVM.cs|GetEquipment|96|Found 0 Atik Cameras
2026-04-29T11:19:06.6733|INFO|CameraChooserVM.cs|GetEquipment|110|Found 0 FLI Cameras
2026-04-29T11:19:07.9611|INFO|CameraChooserVM.cs|GetEquipment|130|Found 0 QHYCCD Cameras
2026-04-29T11:19:08.3893|INFO|CameraChooserVM.cs|GetEquipment|158|Found 0 ToupTek Cameras
2026-04-29T11:19:08.5239|INFO|CameraChooserVM.cs|GetEquipment|173|Found 0 Ogma Cameras
2026-04-29T11:19:08.6774|INFO|CameraChooserVM.cs|GetEquipment|188|Found 0 Omegon Cameras
2026-04-29T11:19:09.2541|INFO|CameraChooserVM.cs|GetEquipment|203|Found 0 RisingCam Cameras
2026-04-29T11:19:09.5863|INFO|CameraChooserVM.cs|GetEquipment|218|Found 0 MallinCam Cameras
2026-04-29T11:19:09.7179|INFO|CameraChooserVM.cs|GetEquipment|243|Found 0 SVBony Cameras
2026-04-29T11:19:09.7211|INFO|CameraChooserVM.cs|GetEquipment|259|Found 0 SBIG Cameras
2026-04-29T11:19:17.3410|INFO|ApplicationVM.cs|CheckDiskInfo|100|Available Space on Drive C:\: 144.78 GB
2026-04-29T11:19:17.3475|INFO|ApplicationVM.cs|CheckDiskInfo|102|Drive E:\ is not ready
2026-04-29T11:19:17.3492|INFO|ApplicationVM.cs|CheckDiskInfo|100|Available Space on Drive G:\: 62.15 GB
2026-04-29T11:19:17.3581|INFO|ApplicationVM.cs|CheckDiskInfo|100|Available Space on Drive Z:\: 0 GB
2026-04-29T11:19:18.7116|INFO|ApplicationVM.cs|CheckASCOMPlatformVersion|81|ASCOM Platform 6.6.2.4195 installed
2026-04-29T11:19:19.2485|INFO|API.cs|Start|99|Starting Webserver
2026-04-29T11:19:19.2517|INFO|API.cs|APITask|134|starting web server, listening at 172.19.6.111:1888
2026-04-29T11:19:19.4104|INFO|EarthRotationParameterUpdater.cs|Update|125|Updating EarthRotationParameters due to being outdated. Last available parameter date 2026-04-18
2026-04-29T11:19:19.4371|INFO|NINALogWatcher.cs|Start|33|watching log file: C:\Users\nicka\AppData\Local\NINA\Logs\20260429-111900-3.2.0.9001.12160-202604.log
2026-04-29T11:19:19.4666|INFO|PluginLoader.cs|LoadPlugin|402|Successfully loaded plugin Advanced API version 2.2.15.0 by Christian Palm
2026-04-29T11:19:20.3869|INFO|PluginLoader.cs|LoadPlugin|402|Successfully loaded plugin Autofocus Report Analysis version 2.0.0.9 by Stefan Berg @isbeorn
2026-04-29T11:19:20.6980|INFO|PluginLoader.cs|LoadPlugin|402|Successfully loaded plugin Connector version 2.1.0.2 by Stefan Berg @isbeorn
2026-04-29T11:19:20.9177|INFO|PluginLoader.cs|LoadPlugin|402|Successfully loaded plugin Device Actions and Commands version 2.2.0.0 by Dale Ghent
2026-04-29T11:19:21.3882|INFO|EarthRotationParameterUpdater.cs|Update|127|Updated EarthRotationParameters. New last available parameter date 2026-07-27
2026-04-29T11:19:21.8250|INFO|PluginLoader.cs|LoadPlugin|402|Successfully loaded plugin Discord Alert version 2.2.0.0 by Drew McDermott
2026-04-29T11:19:23.7657|INFO|PluginLoader.cs|LoadPlugin|402|Successfully loaded plugin Discord Notification version 2.0.0.10 by Daniel Ludwig
2026-04-29T11:19:26.0380|INFO|DitherStatisticsVM.cs|CreatePluginIcon|1483|Plugin icon geometry created successfully
2026-04-29T11:19:26.0794|INFO|DitherStatisticsVM.cs|LoadDataTemplates|1452|DitherStatistics DataTemplates loaded successfully
2026-04-29T11:19:26.0838|INFO|DitherStatisticsVM.cs|SaveQualityAssessmentSetting|387|Quality Assessment setting saved to file: True
2026-04-29T11:19:26.0839|INFO|DitherStatisticsVM.cs|LoadQualityAssessmentSetting|364|Quality Assessment setting loaded from file: True
2026-04-29T11:19:26.0976|INFO|DitherStatisticsVM.cs|SaveDitherOptimizerSetting|490|Dither Optimizer setting saved to file: False
2026-04-29T11:19:26.0978|INFO|DitherStatisticsVM.cs|LoadDitherOptimizerSetting|471|Dither Optimizer setting loaded from file: False
2026-04-29T11:19:26.0982|INFO|DitherStatisticsVM.cs|SubscribeToGuiderEvents|834|Subscribed to NINA guider events
2026-04-29T11:19:26.1023|ERROR|DitherStatisticsVM.cs|GetThemeColor|1437|Failed to get theme color 'PrimaryBrush': The calling thread cannot access this object because a different thread owns it.
2026-04-29T11:19:26.1025|INFO|DitherStatisticsVM.cs|StartThemeColorMonitoring|1329|Initial PrimaryBrush color: R:255 G:255 B:255
2026-04-29T11:19:26.1026|INFO|DitherStatisticsVM.cs|.ctor|96|DitherStatisticsVM initialized successfully with ScottPlot 4.1 (Lazy Loading)!
2026-04-29T11:19:26.1031|INFO|DitherStatisticsVM.cs|StartThemeColorMonitoring|1338|Theme color monitoring timer started on UI thread
2026-04-29T11:19:26.1033|INFO|PluginLoader.cs|LoadPlugin|402|Successfully loaded plugin Dither Statistics version 1.3.0.0 by Thierry Tschanz
2026-04-29T11:19:26.3132|INFO|PluginLoader.cs|LoadPlugin|402|Successfully loaded plugin Filter Offset Calculator version 2.0.0.0 by S. Dimant & Stefan Berg
2026-04-29T11:19:26.6006|INFO|DitherStatisticsVM.cs|OnThemeColorTimerTick|1357|Theme color CHANGED! Old: R:255 G:255 B:255 -> New: R:176 G:179 B:185
2026-04-29T11:19:26.6370|INFO|PluginLoader.cs|LoadPlugin|402|Successfully loaded plugin Flexure Correction version 0.8.0.0 by Francesco Meschia
2026-04-29T11:19:26.7100|INFO|DitherStatisticsVM.cs|PixelShiftPlot|136|PixelShiftPlot created (lazy loading)
2026-04-29T11:19:26.7415|INFO|DitherStatisticsVM.cs|SettleTimePlot|177|SettleTimePlot created (lazy loading)
2026-04-29T11:19:28.1028|INFO|DitherStatisticsVM.cs|ConnectToPHD2|708|Attempting to connect to PHD2...
2026-04-29T11:19:28.1048|INFO|PHD2Client.cs|ConnectAsync|102|PHD2Client: Connecting to PHD2 at 127.0.0.1:4400...
2026-04-29T11:19:30.0581|INFO|PluginLoader.cs|LoadPlugin|402|Successfully loaded plugin Ground Station version 3.0.0.117 by Dale Ghent
2026-04-29T11:19:30.1600|ERROR|PHD2Client.cs|ConnectAsync|132|PHD2Client: Connection failed: No connection could be made because the target machine actively refused it.
2026-04-29T11:19:30.1606|INFO|DitherStatisticsVM.cs|OnPHD2ConnectionStatusChanged|737|PHD2 Connection Status: Connection failed: No connection could be made because the target machine actively refused it.
2026-04-29T11:19:46.8460|INFO|PluginLoader.cs|LoadPlugin|402|Successfully loaded plugin Hocus Focus version 3.0.0.25 by George Hilios (jokogeo)
2026-04-29T11:19:47.8303|INFO|PluginLoader.cs|LoadPlugin|402|Successfully loaded plugin Horizon Creator version 1.1.2.1 by Christian Palm
2026-04-29T11:19:48.0893|INFO|PluginLoader.cs|LoadPlugin|402|Successfully loaded plugin Lightbucket version 2.2.4.0 by Lightbucket
2026-04-29T11:19:49.4077|INFO|PluginLoader.cs|LoadPlugin|402|Successfully loaded plugin Livestack version 1.1.3.0 by Stefan Berg @isbeorn
2026-04-29T11:19:49.6879|INFO|PluginLoader.cs|LoadPlugin|402|Successfully loaded plugin Log Viewer version 1.0.0.2 by Alexander Wrede @astro_alex80
2026-04-29T11:19:49.9596|INFO|PluginLoader.cs|LoadPlugin|402|Successfully loaded plugin Moon Angle version 2.2.0.0 by Dale Ghent
2026-04-29T11:19:50.6202|INFO|SessionDatabase.cs|.ctor|32|NightSummary: Database path: C:\Users\nicka\AppData\Local\NINA\NightSummary\nightsummary.sqlite
2026-04-29T11:19:50.6204|INFO|SessionDatabase.cs|.ctor|33|NightSummary: Database exists: True
2026-04-29T11:19:50.6620|INFO|SessionService.cs|.ctor|116|NightSummary: SessionService created — messageBroker=True
2026-04-29T11:19:50.8587|INFO|NightSummaryPlugin.cs|.ctor|252|NightSummary: Plugin initialized successfully
2026-04-29T11:19:50.8646|INFO|SessionDatabase.cs|.ctor|32|NightSummary: Database path: C:\Users\nicka\AppData\Local\NINA\NightSummary\nightsummary.sqlite
2026-04-29T11:19:50.8648|INFO|SessionDatabase.cs|.ctor|33|NightSummary: Database exists: True
2026-04-29T11:19:50.8797|INFO|SessionService.cs|.ctor|116|NightSummary: SessionService created — messageBroker=True
2026-04-29T11:19:50.8823|INFO|PluginLoader.cs|LoadPlugin|402|Successfully loaded plugin Night Summary version 2.11.1.0 by Evan Pegors
2026-04-29T11:19:51.3612|INFO|PluginLoader.cs|LoadPlugin|402|Successfully loaded plugin Phd2 Tools version 1.0.6.0 by Stefan Berg @isbeorn
2026-04-29T11:19:51.8166|INFO|PluginLoader.cs|LoadPlugin|402|Successfully loaded plugin PixInsight Tools version 1.0.0.3 by Stefan Berg
2026-04-29T11:19:52.8432|INFO|PluginLoader.cs|LoadPlugin|402|Successfully loaded plugin Point3D version 0.2.3.0 by Drew McDermott
2026-04-29T11:19:53.3208|INFO|StarfrontClient.cs|StartFolderWatcher|167|[Rockwood] Watching: C:\ASTROIMAGES\NINA\
2026-04-29T11:19:53.3242|INFO|StarfrontClient.cs|RunLoop|68|[Rockwood] connecting to wss://api.starfront.space:443/ws/scope?key=***
2026-04-29T11:19:53.3243|INFO|PluginLoader.cs|LoadPlugin|402|Successfully loaded plugin Rockwood Starfront version 1.0.0.0 by Rockwood Observatory
2026-04-29T11:19:53.5318|INFO|StarfrontClient.cs|RunLoop|71|[Rockwood] connected
2026-04-29T11:19:54.3594|INFO|PluginLoader.cs|LoadPlugin|402|Successfully loaded plugin Scope Control version 2.0.2.1 by Stefan Berg @isbeorn
2026-04-29T11:19:57.0001|WARNING|When.cs|GetRunningItem|143|Can't get running items: SequencerNavigation not initialized yet!
2026-04-29T11:19:57.2697|INFO|PluginLoader.cs|LoadPlugin|402|Successfully loaded plugin Sequencer Powerups version 3.29.0.9 by Marc Blank
2026-04-29T11:19:58.3872|INFO|PluginLoader.cs|LoadPlugin|402|Successfully loaded plugin Session Metadata version 2.6.3.0 by Tom Palmer @tcpalmer
2026-04-29T11:19:58.5326|INFO|PluginLoader.cs|LoadPlugin|402|Successfully loaded plugin Shutdown PC version 2.2.0.0 by Dale Ghent
2026-04-29T11:19:58.9154|INFO|PluginLoader.cs|LoadPlugin|402|Successfully loaded plugin SkyFlats version 1.0.0.4 by Gerald Hitz (@photon)
2026-04-29T11:19:59.6329|INFO|PluginLoader.cs|LoadPlugin|402|Successfully loaded plugin Smart Filters version 1.0.0.3 by Benoit SAINTOT
2026-04-29T11:20:01.4828|INFO|Plugin.cs|RunStationHeartbeatLoopAsync|799|[Subframes] TS not detected at startup — deferring first heartbeat to allow plugin load to complete.
2026-04-29T11:20:01.4892|INFO|SyncEngine.cs|Start|41|[Subframes] SyncEngine started.
2026-04-29T11:20:01.4931|INFO|Plugin.cs|.ctor|179|[Subframes] Plugin loaded (primary instance).
2026-04-29T11:20:01.4974|WARNING|Plugin.cs|OnImportsSatisfied|209|[Subframes] Sequence event subscription deferred — SequenceMediator internals not yet initialized.
2026-04-29T11:20:01.5040|WARNING|Plugin.cs|.ctor|125|[Subframes] Duplicate plugin instance created by MEF — proxying to primary to prevent duplicate sessions/sync.
2026-04-29T11:20:01.5110|INFO|PluginLoader.cs|LoadPlugin|402|Successfully loaded plugin Subframes version 0.3.3.0 by Subframes
2026-04-29T11:20:02.0107|WARNING|When.cs|GetRunningItem|143|Can't get running items: SequencerNavigation not initialized yet!
2026-04-29T11:20:02.3743|INFO|PluginLoader.cs|LoadPlugin|402|Successfully loaded plugin Target Planning version 3.2.1.0 by Tom Palmer @tcpalmer
2026-04-29T11:20:07.0135|WARNING|When.cs|GetRunningItem|143|Can't get running items: SequencerNavigation not initialized yet!
2026-04-29T11:20:09.1254|INFO|PluginLoader.cs|LoadPlugin|402|Successfully loaded plugin Target Scheduler version 5.9.0.0 by Tom Palmer @tcpalmer
2026-04-29T11:20:09.8356|INFO|PluginLoader.cs|LoadPlugin|402|Successfully loaded plugin Three Point Polar Alignment version 2.2.5.1 by Stefan Berg @isbeorn
2026-04-29T11:20:12.0149|WARNING|When.cs|GetRunningItem|143|Can't get running items: SequencerNavigation not initialized yet!
2026-04-29T11:20:13.1579|INFO|SessionHistoryManager.cs|PurgeHistoryOlderThan|102|purging web session history older than 10 days
2026-04-29T11:20:13.2312|INFO|PluginLoader.cs|LoadPlugin|402|Successfully loaded plugin Web Session History Viewer version 2.2.1.0 by Tom Palmer @tcpalmer
2026-04-29T11:20:13.9939|INFO|PluginFetcher.cs|RequestAll|43|Fetching plugin manifests from https://nighttime-imaging.eu/wp-json/nina/v1/plugins/manifests
2026-04-29T11:20:14.3849|INFO|FilterWheelChooserVM.cs|GetEquipment|167|Found 1 Networked Filter Wheel Filter Wheels
2026-04-29T11:20:14.6370|INFO|Sequence2VM.cs|TryLoadSequenceFile|414|Loading sequence file: C:\Users\nicka\Astro\NINA\NINA_Sequences\TargetScheduler.json
2026-04-29T11:20:14.7659|INFO|RotatorChooserVM.cs|GetEquipment|45|Found 1 Networked Rotator Rotators
2026-04-29T11:20:14.9278|INFO|CameraChooserVM.cs|GetEquipment|279|Found 0 SVBony Cameras
2026-04-29T11:20:15.0406|INFO|CameraChooserVM.cs|GetEquipment|279|Found 0 PlayerOne Cameras
2026-04-29T11:20:15.1152|INFO|CameraChooserVM.cs|GetEquipment|279|Found 0 ASTPAN Cameras
2026-04-29T11:20:15.1172|INFO|CameraChooserVM.cs|GetEquipment|293|Found 4 ASCOM Cameras
2026-04-29T11:20:15.3856|INFO|Sequence2VM.cs|TryLoadSequenceFile|420|Starting sequence from command line options
2026-04-29T11:20:15.3890|INFO|Sequence2VM.cs|StartSequence|543|Advanced Sequence starting
2026-04-29T11:20:16.5343|INFO|SequenceItem.cs|Run|208|Starting Category: * Instruction Set *, Container: NINA.Sequencer.Container.SequenceRootContainer, Strategy: SequentialStrategy, Items[CREATED]: 3, Triggers: Category: Ground Station, Item: Failures to Telegram
2026-04-29T11:20:16.7025|INFO|PluginFetcher.cs|RequestAll|57|Found 78 valid plugins at https://nighttime-imaging.eu/wp-json/nina/v1/plugins/manifests
2026-04-29T11:20:16.7283|INFO|Plugin.cs|TrySubscribeSequenceEvents|235|[Subframes] ISequenceMediator.SequenceStarted not present in this NINA build — session will open on first captured image instead.
2026-04-29T11:20:16.7287|INFO|Plugin.cs|RetrySubscribeSequenceEventsAsync|271|[Subframes] Deferred sequence event subscription succeeded after 14s.
2026-04-29T11:20:16.7323|INFO|TelescopeChooserVM.cs|GetEquipment|69|Found 0 Alpaca Telescopes
2026-04-29T11:20:16.7681|INFO|FlatDeviceChooserVM.cs|GetEquipment|67|Found 0 Alpaca Cover Calibrators
2026-04-29T11:20:16.7731|INFO|SafetyMonitorChooserVM.cs|GetEquipment|71|Found 0 Alpaca Safety Monitors
2026-04-29T11:20:16.7731|INFO|RotatorChooserVM.cs|GetEquipment|68|Found 0 Alpaca Rotators
2026-04-29T11:20:16.7804|INFO|FilterWheelChooserVM.cs|GetEquipment|193|Found 0 Alpaca Filter Wheels
2026-04-29T11:20:16.7827|INFO|SwitchChooserVM.cs|GetEquipment|71|Found 0 Alpaca Switch Hubs
2026-04-29T11:20:16.7847|INFO|WeatherDataChooserVM.cs|GetEquipment|69|Found 0 Alpaca Observing Conditions
2026-04-29T11:20:16.8128|INFO|DomeChooserVM.cs|GetEquipment|67|Found 0 Alpaca Domes
2026-04-29T11:20:16.8779|INFO|DockManagerVM.cs|InitializeAvalonDockLayout|366|Initializing imaging tab layout from C:\Users\nicka\AppData\Local\NINA\Profiles\0173997c-4bfa-48fd-9337-a48b6df99c38.dock.config
2026-04-29T11:20:17.0355|INFO|SequenceItem.cs|Run|208|Starting Category: * Instruction Set *, Container: NINA.Sequencer.Container.StartAreaContainer, Strategy: SequentialStrategy, Items[CREATED]: 1
2026-04-29T11:20:17.0362|INFO|SequenceItem.cs|Run|208|Starting Category: * Instruction Set *, Container: NINA.Sequencer.Container.SequentialContainer, Strategy: SequentialStrategy, Items[CREATED]: 10
2026-04-29T11:20:17.0368|INFO|SequenceItem.cs|Run|208|Starting Category: Ground Station, Item: Send to Pushover, Title: Start
2026-04-29T11:20:17.1208|INFO|CameraChooserVM.cs|GetEquipment|305|Found 0 Alpaca Cameras
2026-04-29T11:20:17.1265|INFO|CameraChooserVM.cs|GetEquipment|318|Found 0 Canon Cameras
2026-04-29T11:20:17.2711|INFO|SequenceItem.cs|Run|254|Finishing Category: Ground Station, Item: Send to Pushover, Title: Start
2026-04-29T11:20:17.2751|INFO|SequenceItem.cs|Run|208|Starting Category: Utility, Item: WaitForTime, Time: 19:51:45h, Offset: -80
2026-04-29T11:20:18.8185|INFO|FocuserChooserVM.cs|GetEquipment|84|Found 0 Alpaca Focusers
2026-04-29T11:21:08.6094|INFO|TargetSchedulerDetector.cs|DoProbeAsync|177|[Subframes] TargetSchedulerDetector: state no_api → active
2026-04-29T11:21:08.6099|INFO|Plugin.cs|OnTsStateChanged|781|[Subframes] TS state → active: firing immediate station heartbeat.
2026-04-29T19:52:18.0070|INFO|SequenceItem.cs|Run|254|Finishing Category: Utility, Item: WaitForTime, Time: 19:52:36h, Offset: -80
2026-04-29T19:52:18.0093|INFO|SequenceItem.cs|Run|208|Starting Category: Ground Station, Item: Send to Telegram
2026-04-29T19:52:18.8388|INFO|SequenceItem.cs|Run|254|Finishing Category: Ground Station, Item: Send to Telegram
2026-04-29T19:52:18.8391|INFO|SequenceItem.cs|Run|208|Starting Category: Ground Station, Item: Send to Pushover, Title: Configure Equipment
2026-04-29T19:52:19.0037|INFO|SequenceItem.cs|Run|254|Finishing Category: Ground Station, Item: Send to Pushover, Title: Configure Equipment
2026-04-29T19:52:19.0051|INFO|SequenceItem.cs|Run|208|Starting Category: Connect, Item: ConnectAllEquipment
2026-04-29T19:52:19.0318|INFO|CameraChooserVM.cs|GetEquipment|69|Found 2 ASI Cameras
2026-04-29T19:52:19.1057|INFO|CameraChooserVM.cs|GetEquipment|84|Found 0 Altair Cameras
2026-04-29T19:52:19.1058|INFO|CameraChooserVM.cs|GetEquipment|96|Found 0 Atik Cameras
2026-04-29T19:52:19.1065|INFO|CameraChooserVM.cs|GetEquipment|110|Found 0 FLI Cameras
2026-04-29T19:52:19.1066|INFO|CameraChooserVM.cs|GetEquipment|130|Found 0 QHYCCD Cameras
2026-04-29T19:52:19.2590|INFO|CameraChooserVM.cs|GetEquipment|158|Found 0 ToupTek Cameras
2026-04-29T19:52:19.2643|INFO|CameraChooserVM.cs|GetEquipment|173|Found 0 Ogma Cameras
2026-04-29T19:52:19.2777|INFO|CameraChooserVM.cs|GetEquipment|188|Found 0 Omegon Cameras
2026-04-29T19:52:19.4318|INFO|CameraChooserVM.cs|GetEquipment|203|Found 0 RisingCam Cameras
2026-04-29T19:52:19.4453|INFO|CameraChooserVM.cs|GetEquipment|218|Found 0 MallinCam Cameras
2026-04-29T19:52:19.4468|INFO|CameraChooserVM.cs|GetEquipment|243|Found 0 SVBony Cameras
2026-04-29T19:52:19.4494|INFO|CameraChooserVM.cs|GetEquipment|259|Found 0 SBIG Cameras
2026-04-29T19:52:19.4500|INFO|CameraChooserVM.cs|GetEquipment|279|Found 0 SVBony Cameras
2026-04-29T19:52:19.4503|INFO|CameraChooserVM.cs|GetEquipment|279|Found 0 PlayerOne Cameras
2026-04-29T19:52:19.4582|INFO|CameraChooserVM.cs|GetEquipment|279|Found 0 ASTPAN Cameras
2026-04-29T19:52:19.4590|INFO|CameraChooserVM.cs|GetEquipment|293|Found 4 ASCOM Cameras
2026-04-29T19:52:21.4603|INFO|CameraChooserVM.cs|GetEquipment|305|Found 0 Alpaca Cameras
2026-04-29T19:52:21.4661|INFO|CameraChooserVM.cs|GetEquipment|318|Found 0 Canon Cameras
2026-04-29T19:52:21.5294|INFO|CameraVM.cs|Disconnect|650|Disconnected Camera
2026-04-29T19:52:22.1206|WARNING|ASICamera.cs|SetControlValue|568|Failed to set ASI Control Value ASI_WB_B with value 50
2026-04-29T19:52:22.1208|WARNING|ASICamera.cs|SetControlValue|568|Failed to set ASI Control Value ASI_WB_R with value 50
2026-04-29T19:52:22.1209|WARNING|ASICamera.cs|SetControlValue|568|Failed to set ASI Control Value ASI_GAMMA with value 50
2026-04-29T19:52:22.1210|WARNING|ASICamera.cs|SetControlValue|568|Failed to set ASI Control Value ASI_HIGH_SPEED_MODE with value 0
2026-04-29T19:52:22.1211|WARNING|ASICamera.cs|SetControlValue|568|Failed to set ASI Control Value ASI_OVERCLOCK with value 0
2026-04-29T19:52:22.1212|WARNING|ASICamera.cs|SetControlValue|568|Failed to set ASI Control Value ASI_PATTERN_ADJUST with value 0
2026-04-29T19:52:22.1226|WARNING|ASICamera.cs|SetControlValue|568|Failed to set ASI Control Value ASI_MONO_BIN with value 0
2026-04-29T19:52:22.1238|INFO|ASICamera.cs|Initialize|664|Camera ID: ASI533MM
2026-04-29T19:52:22.1393|WARNING|ASICamera.cs|SetControlValue|568|Failed to set ASI Control Value ASI_ANTI_DEW_HEATER with value 0
2026-04-29T19:52:22.1759|INFO|CameraVM.cs|ChooseCamera|455|Successfully connected Camera. Id: ZWOptical_ZWO ASI533MM Pro_ASI533MM Name: ZWO ASI533MM Pro DisplayName: ZWO ASI533MM Pro (ASI533MM)Driver Version: 1, 39, 0, 0
2026-04-29T19:52:22.7334|INFO|FilterWheelChooserVM.cs|GetEquipment|167|Found 1 Networked Filter Wheel Filter Wheels
2026-04-29T19:52:24.7350|INFO|FilterWheelChooserVM.cs|GetEquipment|193|Found 0 Alpaca Filter Wheels
2026-04-29T19:52:24.7671|INFO|FilterWheelVM.cs|Disconnect|333|Disconnected Filter Wheel
2026-04-29T19:52:28.2223|INFO|FilterWheelVM.cs|ChooseFW|279|Successfully connected Filter Wheel. Id: ASCOM.EFW2.FilterWheel Name: ZWO FilterWheel DisplayName: ZWO FilterWheel (ASCOM) Driver Version: 6.0
2026-04-29T19:52:32.0753|INFO|FocuserChooserVM.cs|GetEquipment|84|Found 0 Alpaca Focusers
2026-04-29T19:52:32.1322|INFO|FocuserVM.cs|Disconnect|441|Disconnected Focuser
2026-04-29T19:52:33.8754|ERROR|AscomDevice.cs|GetProperty|546|An unexpected exception occurred during GET of Focuser.StepSize: 
ASCOM.DriverException: The method or operation is not implemented.
 ---> System.NotImplementedException: The method or operation is not implemented.
   --- End of inner exception stack trace ---
   at ASCOM.Com.DriverAccess.DynamicAccess.CheckDotNetExceptions(String memberName, Exception e) in J:\ASCOMLibrary\ASCOM.Com\ASCOM.Com.DriverAccess\BaseClass\DynamicAccess.cs:line 278
   at ASCOM.Com.DriverAccess.DynamicAccess.TryGetMember(GetMemberBinder binder, Object& result) in J:\ASCOMLibrary\ASCOM.Com\ASCOM.Com.DriverAccess\BaseClass\DynamicAccess.cs:line 150
   at CallSite.Target(Closure, CallSite, Object)
   at System.Dynamic.UpdateDelegates.UpdateAndExecute1[T0,TRet](CallSite site, T0 arg0)
   at ASCOM.Com.DriverAccess.Focuser.get_StepSize() in J:\ASCOMLibrary\ASCOM.Com\ASCOM.Com.DriverAccess\Focuser.cs:line 159
   at System.RuntimeMethodHandle.InvokeMethod(Object target, Void** arguments, Signature sig, Boolean isConstructor)
   at System.Reflection.MethodBaseInvoker.InvokeWithNoArgs(Object obj, BindingFlags invokeAttr)
2026-04-29T19:52:34.0848|INFO|AscomDevice.cs|GetProperty|485|Retrying to GET Focuser.StepSize - Attempt 2 / 3
2026-04-29T19:52:34.0879|ERROR|AscomDevice.cs|GetProperty|546|An unexpected exception occurred during GET of Focuser.StepSize: 
ASCOM.DriverException: The method or operation is not implemented.
 ---> System.NotImplementedException: The method or operation is not implemented.
   --- End of inner exception stack trace ---
   at ASCOM.Com.DriverAccess.DynamicAccess.CheckDotNetExceptions(String memberName, Exception e) in J:\ASCOMLibrary\ASCOM.Com\ASCOM.Com.DriverAccess\BaseClass\DynamicAccess.cs:line 278
   at ASCOM.Com.DriverAccess.DynamicAccess.TryGetMember(GetMemberBinder binder, Object& result) in J:\ASCOMLibrary\ASCOM.Com\ASCOM.Com.DriverAccess\BaseClass\DynamicAccess.cs:line 150
   at CallSite.Target(Closure, CallSite, Object)
   at ASCOM.Com.DriverAccess.Focuser.get_StepSize() in J:\ASCOMLibrary\ASCOM.Com\ASCOM.Com.DriverAccess\Focuser.cs:line 159
   at InvokeStub_Focuser.get_StepSize(Object, Object, IntPtr*)
   at System.Reflection.MethodBaseInvoker.InvokeWithNoArgs(Object obj, BindingFlags invokeAttr)
2026-04-29T19:52:34.2888|INFO|AscomDevice.cs|GetProperty|485|Retrying to GET Focuser.StepSize - Attempt 3 / 3
2026-04-29T19:52:34.2899|ERROR|AscomDevice.cs|GetProperty|546|An unexpected exception occurred during GET of Focuser.StepSize: 
ASCOM.DriverException: The method or operation is not implemented.
 ---> System.NotImplementedException: The method or operation is not implemented.
   --- End of inner exception stack trace ---
   at ASCOM.Com.DriverAccess.DynamicAccess.CheckDotNetExceptions(String memberName, Exception e) in J:\ASCOMLibrary\ASCOM.Com\ASCOM.Com.DriverAccess\BaseClass\DynamicAccess.cs:line 278
   at ASCOM.Com.DriverAccess.DynamicAccess.TryGetMember(GetMemberBinder binder, Object& result) in J:\ASCOMLibrary\ASCOM.Com\ASCOM.Com.DriverAccess\BaseClass\DynamicAccess.cs:line 150
   at CallSite.Target(Closure, CallSite, Object)
   at ASCOM.Com.DriverAccess.Focuser.get_StepSize() in J:\ASCOMLibrary\ASCOM.Com\ASCOM.Com.DriverAccess\Focuser.cs:line 159
   at InvokeStub_Focuser.get_StepSize(Object, Object, IntPtr*)
   at System.Reflection.MethodBaseInvoker.InvokeWithNoArgs(Object obj, BindingFlags invokeAttr)
2026-04-29T19:52:34.3016|INFO|AscomDevice.cs|GetProperty|556|GET Focuser.StepSize failed - Returning last known value 0
2026-04-29T19:52:34.5310|INFO|FocuserVM.cs|ChooseFocuser|333|Successfully connected Focuser. Id: ASCOM.EAF.Focuser Name: ZWO Focuser DisplayName: ZWO Focuser (ASCOM) Driver Version: 6.0
2026-04-29T19:52:36.5377|INFO|TelescopeChooserVM.cs|GetEquipment|69|Found 0 Alpaca Telescopes
2026-04-29T19:52:36.5817|INFO|TelescopeVM.cs|Disconnect|740|Disconnected mount
2026-04-29T19:52:39.3039|INFO|AscomTelescope.cs|CheckMountTime|845|Mount UTC Time: 2026-04-30 00:52:39Z / System UTC Time: 2026-04-30 00:52:39Z; Difference: 0.016 seconds
2026-04-29T19:52:39.3657|INFO|AscomTelescope.cs|CheckMountTime|852|System time has been synced to the mount
2026-04-29T19:52:39.6013|INFO|TelescopeVM.cs|ChooseTelescope|535|Successfully connected mount. Id: ASCOM.iOptron2017.Telescope Name: iOptron CEM120,70,40,26, GEM, HEM, HAE, HAZ series and SkyHunter Mount DisplayName: iOptron CEM120,70,40,26, GEM, HEM, HAE, HAZ series and SkyHunter Mount (ASCOM) Driver Version: 9.15
2026-04-29T19:52:39.6143|INFO|PHD2Guider.cs|Connect|205|Connecting to PHD2 server at 127.0.0.1:4400
2026-04-29T19:52:46.7832|INFO|WeatherDataChooserVM.cs|GetEquipment|69|Found 0 Alpaca Observing Conditions
2026-04-29T19:52:46.8321|INFO|WeatherDataVM.cs|Disconnect|305|Disconnected Weather Device
2026-04-29T19:52:48.7879|INFO|PHD2Client.cs|ConnectAsync|118|PHD2Client: Connected successfully!
2026-04-29T19:52:48.7880|INFO|DitherStatisticsVM.cs|OnPHD2ConnectionStatusChanged|734|PHD2 Connection Status: Connected
2026-04-29T19:52:48.7881|INFO|DitherStatisticsVM.cs|ConnectToPHD2|713|Successfully connected to PHD2!
2026-04-29T19:52:48.7894|INFO|PHD2Client.cs|ReadEventsAsync|181|PHD2Client: Started reading events
2026-04-29T19:52:48.8088|INFO|PHD2Client.cs|HandleVersion|366|PHD2Client: Connected to PHD2 version 2.6.14. (Message Protocol v1)
2026-04-29T19:52:48.8094|INFO|PHD2Client.cs|ProcessEvent|257|PHD2: CalibrationComplete
2026-04-29T19:52:48.8098|INFO|PHD2Client.cs|HandleAppState|376|PHD2Client: PHD2 AppState: Stopped
2026-04-29T19:52:49.1931|INFO|AscomDevice.cs|GetProperty|527|Property ObservingConditions.SkyQuality GET is not implemented in this driver (SkyAlert Observing Conditions)
2026-04-29T19:52:49.2015|INFO|AscomDevice.cs|GetProperty|527|Property ObservingConditions.StarFWHM GET is not implemented in this driver (SkyAlert Observing Conditions)
2026-04-29T19:52:49.2175|INFO|WeatherDataVM.cs|ChooseWeatherData|150|Successfully connected Weather Device. Id: ASCOM.SkyAlert.ObservingConditions Name: SkyAlert Observing Conditions DisplayName: SkyAlert Observing Conditions (ASCOM) Driver Version: 1.7
2026-04-29T19:52:51.2194|INFO|SafetyMonitorChooserVM.cs|GetEquipment|71|Found 0 Alpaca Safety Monitors
2026-04-29T19:52:51.2525|INFO|SafetyMonitorVM.cs|Disconnect|221|Disconnected Safety Monitor
2026-04-29T19:52:51.9506|INFO|SafetyMonitorVM.cs|Connect|175|Successfully connected Safety Monitor. Id: ASCOM.GenericFile.SafetyMonitor Name: Generic File driver DisplayName: Generic File driver (ASCOM) Driver Version: 6.4
2026-04-29T19:52:51.9510|INFO|SequenceItem.cs|Run|254|Finishing Category: Connect, Item: ConnectAllEquipment
2026-04-29T19:52:51.9516|INFO|SequenceItem.cs|Run|208|Starting Category: Telescope, Item: FindHome
2026-04-29T19:52:51.9577|INFO|PHD2Guider.cs|StopGuiding|704|Phd2 - Stop Guiding skipped, as the app is already in state Stopped
2026-04-29T19:52:51.9597|INFO|TelescopeVM.cs|FindHome|292|Mount ordered to locate home position
2026-04-29T19:52:51.9624|INFO|TelescopeVM.cs|FindHome|336|Mount ordered to home but it is already at home
2026-04-29T19:52:51.9627|INFO|TelescopeVM.cs|FindHome|348|Mount has located its home position
2026-04-29T19:52:51.9636|INFO|SequenceItem.cs|Run|254|Finishing Category: Telescope, Item: FindHome
2026-04-29T19:52:51.9638|INFO|SequenceItem.cs|Run|208|Starting Category: Ground Station, Item: Send to Telegram
2026-04-29T19:52:52.5984|INFO|SequenceItem.cs|Run|254|Finishing Category: Ground Station, Item: Send to Telegram
2026-04-29T19:52:52.5988|INFO|SequenceItem.cs|Run|208|Starting Category: Ground Station, Item: Send to Pushover, Title: Cool
2026-04-29T19:52:52.7446|INFO|SequenceItem.cs|Run|254|Finishing Category: Ground Station, Item: Send to Pushover, Title: Cool
2026-04-29T19:52:52.7460|INFO|SequenceItem.cs|Run|208|Starting Category: Camera, Item: CoolCamera, Temperature: -5, Duration: 15
2026-04-29T19:52:52.7545|INFO|CameraVM.cs|CoolCamera|138|Cooling Camera. Target: -5 Duration: 00:15:00
2026-04-29T19:52:53.9558|INFO|SafetyMonitorVM.cs|UpdateMonitorValues|95|SafetyMonitorInfo state changed to Unsafe
2026-04-29T20:07:57.8722|INFO|SequenceItem.cs|Run|254|Finishing Category: Camera, Item: CoolCamera, Temperature: -5, Duration: 15
2026-04-29T20:07:57.8727|INFO|SequenceItem.cs|Run|208|Starting Category: Utility, Item: WaitForTime, Time: 20:57:36h, Offset: -15
2026-04-29T20:57:39.2963|INFO|SequenceItem.cs|Run|254|Finishing Category: Utility, Item: WaitForTime, Time: 20:57:36h, Offset: -15
2026-04-29T20:57:39.3064|INFO|SequenceItem.cs|Run|254|Finishing Category: * Instruction Set *, Container: NINA.Sequencer.Container.SequentialContainer, Strategy: SequentialStrategy, Items[FINISHED]: 10
2026-04-29T20:57:39.3070|INFO|SequenceItem.cs|Run|254|Finishing Category: * Instruction Set *, Container: NINA.Sequencer.Container.StartAreaContainer, Strategy: SequentialStrategy, Items[FINISHED]: 1
2026-04-29T20:57:39.3076|INFO|SequenceItem.cs|Run|208|Starting Category: * Instruction Set *, Container: NINA.Sequencer.Container.TargetAreaContainer, Strategy: SequentialStrategy, Items[CREATED]: 1
2026-04-29T20:57:39.3121|INFO|SequenceItem.cs|Run|208|Starting Category: * Instruction Set *, Container: NINA.Sequencer.Container.SequentialContainer, Strategy: SequentialStrategy, Items[CREATED]: 12, Conditions: Condition: TimeCondition, Time: 6:27:16h, Condition: TargetSchedulerCondition mode=While Targets Remain Tonight, , Triggers: Trigger: CenterAfterDriftTrigger, DistanceArcMinutes: 1Trigger: WhenUnsafeCategory: Ground Station, Item: Failures to TelegramCategory: Connect, Item: ReconnectOnDownloadFailureTrigger: AutofocusAfterHFRIncreaseTrigger, Amount: 5Trigger: MeridianFlipTriggerCategory: Powerups (Misc), Item: DIYTriggerCategory: Ground Station, Item: Failures to PushoverTrigger: AutofocusAfterTemperatureChangeTrigger, Amount: 1.5°
2026-04-29T20:57:39.3178|INFO|WhenCommon.cs|SequenceBlockInitialize|204|Initialize; starting watchdog
2026-04-29T20:57:39.3288|INFO|WhenUnsafe.cs|CheckSafe|77|IsSafe is now FALSE; connected = True, IsSafe = False
2026-04-29T20:57:39.3292|INFO|WhenCommon.cs|ShouldTrigger|378|ShouldTrigger TRUE from InterruptWhen, setting TriggerRunner
2026-04-29T20:57:39.3296|INFO|WhenCommon.cs|InterruptWhen|322|Interrupting current Instruction Set
2026-04-29T20:57:39.3355|INFO|WhenCommon.cs|InterruptWhen|332|Canceling sequence...
2026-04-29T20:57:40.3358|INFO|WhenCommon.cs|InterruptWhen|336|Delay 1000
2026-04-29T20:57:41.3359|INFO|WhenCommon.cs|InterruptWhen|336|Delay 1000
2026-04-29T20:57:42.3369|INFO|WhenCommon.cs|InterruptWhen|336|Delay 1000
2026-04-29T20:57:43.3374|INFO|WhenCommon.cs|InterruptWhen|336|Delay 1000
2026-04-29T20:57:44.3377|INFO|WhenCommon.cs|InterruptWhen|336|Delay 1000
2026-04-29T20:57:45.3380|INFO|WhenCommon.cs|InterruptWhen|336|Delay 1000
2026-04-29T20:57:46.3392|INFO|WhenCommon.cs|InterruptWhen|336|Delay 1000
2026-04-29T20:57:47.3402|INFO|WhenCommon.cs|InterruptWhen|336|Delay 1000
2026-04-29T20:57:48.3400|INFO|WhenCommon.cs|InterruptWhen|336|Delay 1000
2026-04-29T20:57:49.3401|INFO|WhenCommon.cs|InterruptWhen|336|Delay 1000
2026-04-29T20:57:50.3412|INFO|WhenCommon.cs|InterruptWhen|336|Delay 1000
2026-04-29T20:57:51.3418|INFO|WhenCommon.cs|InterruptWhen|336|Delay 1000
2026-04-29T20:57:52.3428|INFO|WhenCommon.cs|InterruptWhen|336|Delay 1000
2026-04-29T20:57:53.3442|INFO|WhenCommon.cs|InterruptWhen|336|Delay 1000
2026-04-29T20:57:54.3443|INFO|WhenCommon.cs|InterruptWhen|336|Delay 1000
2026-04-29T20:57:55.3436|INFO|WhenCommon.cs|InterruptWhen|336|Delay 1000
2026-04-29T20:57:56.3441|INFO|WhenCommon.cs|InterruptWhen|336|Delay 1000
2026-04-29T20:57:57.3445|INFO|WhenCommon.cs|InterruptWhen|336|Delay 1000
2026-04-29T20:57:58.3461|INFO|WhenCommon.cs|InterruptWhen|336|Delay 1000
2026-04-29T20:57:59.3468|INFO|WhenCommon.cs|InterruptWhen|336|Delay 1000
2026-04-29T20:58:00.3482|INFO|WhenCommon.cs|InterruptWhen|336|Delay 1000
2026-04-29T20:58:01.3490|INFO|WhenCommon.cs|InterruptWhen|336|Delay 1000
2026-04-29T20:58:02.3493|INFO|WhenCommon.cs|InterruptWhen|336|Delay 1000
2026-04-29T20:58:03.3512|INFO|WhenCommon.cs|InterruptWhen|336|Delay 1000
2026-04-29T20:58:04.3520|INFO|WhenCommon.cs|InterruptWhen|336|Delay 1000
2026-04-29T20:58:05.3524|INFO|WhenCommon.cs|InterruptWhen|336|Delay 1000
2026-04-29T20:58:06.3541|INFO|WhenCommon.cs|InterruptWhen|336|Delay 1000
2026-04-29T20:58:07.3548|INFO|WhenCommon.cs|InterruptWhen|336|Delay 1000
2026-04-29T20:58:08.3552|INFO|WhenCommon.cs|InterruptWhen|336|Delay 1000
2026-04-29T20:58:09.3559|INFO|WhenCommon.cs|InterruptWhen|336|Delay 1000
2026-04-29T20:58:10.3566|INFO|WhenCommon.cs|InterruptWhen|336|Delay 1000
2026-04-29T20:58:11.3572|INFO|WhenCommon.cs|InterruptWhen|336|Delay 1000
2026-04-29T20:58:12.3577|INFO|WhenCommon.cs|InterruptWhen|336|Delay 1000
2026-04-29T20:58:12.9636|INFO|WhenCommon.cs|SequenceBlockTeardown|198|Teardown; shutting down watchdog
2026-04-29T20:58:12.9660|INFO|Sequencer.cs|Start|85|Sequence run was cancelled
2026-04-29T20:58:12.9834|INFO|Sequence2VM.cs|StartSequence|548|Advanced Sequence finished
2026-04-29T20:58:13.3640|INFO|WhenCommon.cs|InterruptWhen|339|Sequence no longer running
2026-04-29T20:58:13.3664|WARNING|WhenCommon.cs|CheckSlewing|263|CheckSlewing, WhenUnsafe = True, Connected = True, CanSlew = True, info.Slewing = False
2026-04-29T20:58:13.3687|INFO|Sequence2VM.cs|StartSequence|543|Advanced Sequence starting
2026-04-29T20:58:13.4359|INFO|SequenceItem.cs|Run|208|Starting Category: * Instruction Set *, Container: NINA.Sequencer.Container.SequenceRootContainer, Strategy: SequentialStrategy, Items[CREATED]: 3, Triggers: Category: Ground Station, Item: Failures to Telegram
2026-04-29T20:58:13.4363|INFO|SequenceItem.cs|Run|208|Starting Category: * Instruction Set *, Container: NINA.Sequencer.Container.StartAreaContainer, Strategy: SequentialStrategy, Items[FINISHED]: 1
2026-04-29T20:58:13.4364|INFO|SequenceItem.cs|Run|254|Finishing Category: * Instruction Set *, Container: NINA.Sequencer.Container.StartAreaContainer, Strategy: SequentialStrategy, Items[FINISHED]: 1
2026-04-29T20:58:13.4447|INFO|SequenceItem.cs|Run|208|Starting Category: * Instruction Set *, Container: NINA.Sequencer.Container.TargetAreaContainer, Strategy: SequentialStrategy, Items[CREATED]: 1
2026-04-29T20:58:13.4449|INFO|SequenceItem.cs|Run|208|Starting Category: * Instruction Set *, Container: NINA.Sequencer.Container.SequentialContainer, Strategy: SequentialStrategy, Items[CREATED]: 12, Conditions: Condition: TimeCondition, Time: 6:27:16h, Condition: TargetSchedulerCondition mode=While Targets Remain Tonight, , Triggers: Trigger: CenterAfterDriftTrigger, DistanceArcMinutes: 1Trigger: WhenUnsafeCategory: Ground Station, Item: Failures to TelegramCategory: Connect, Item: ReconnectOnDownloadFailureTrigger: AutofocusAfterHFRIncreaseTrigger, Amount: 5Trigger: MeridianFlipTriggerCategory: Powerups (Misc), Item: DIYTriggerCategory: Ground Station, Item: Failures to PushoverTrigger: AutofocusAfterTemperatureChangeTrigger, Amount: 1.5°
2026-04-29T20:58:13.4522|INFO|WhenCommon.cs|SequenceBlockInitialize|204|Initialize; starting watchdog
2026-04-29T20:58:13.4539|INFO|WhenCommon.cs|ShouldTrigger|382|ShouldTrigger TRUE, setting TriggerRunner
2026-04-29T20:58:13.4563|INFO|SequenceTrigger.cs|Run|114|Starting Trigger: WhenUnsafe
2026-04-29T20:58:13.4669|INFO|WhenCommon.cs|Execute|395|Execute 0
2026-04-29T20:58:13.4672|INFO|WhenCommon.cs|Execute|409|When: running TriggerRunner, InFlight -> true, Triggered -> false
2026-04-29T20:58:13.4672|WARNING|WhenCommon.cs|CheckSlewing|263|CheckSlewing, WhenUnsafe = True, Connected = True, CanSlew = True, info.Slewing = False
2026-04-29T20:58:13.4674|INFO|SequenceItem.cs|Run|208|Starting Category: , Container: WhenPlugin.When.IfContainer, Strategy: SequentialStrategy, Items[CREATED]: 9
2026-04-29T20:58:13.4730|INFO|MeridianFlipTrigger.cs|ShouldTrigger|197|Meridian Flip - Telescope is at home position. Skip flip evaluation
2026-04-29T20:58:13.4749|INFO|SequenceItem.cs|Run|208|Starting Category: Ground Station, Item: Send to Telegram
2026-04-29T20:58:14.1564|INFO|SequenceItem.cs|Run|254|Finishing Category: Ground Station, Item: Send to Telegram
2026-04-29T20:58:14.1598|INFO|MeridianFlipTrigger.cs|ShouldTrigger|197|Meridian Flip - Telescope is at home position. Skip flip evaluation
2026-04-29T20:58:14.1603|INFO|SequenceItem.cs|Run|208|Starting Category: Ground Station, Item: Send to Pushover, Title: Unsafe
2026-04-29T20:58:14.3699|INFO|SequenceItem.cs|Run|254|Finishing Category: Ground Station, Item: Send to Pushover, Title: Unsafe
2026-04-29T20:58:14.3711|INFO|MeridianFlipTrigger.cs|ShouldTrigger|197|Meridian Flip - Telescope is at home position. Skip flip evaluation
2026-04-29T20:58:14.3713|INFO|SequenceItem.cs|Run|208|Starting Category: Telescope, Item: FindHome
2026-04-29T20:58:14.3793|INFO|PHD2Guider.cs|StopGuiding|704|Phd2 - Stop Guiding skipped, as the app is already in state Stopped
2026-04-29T20:58:14.3795|INFO|TelescopeVM.cs|FindHome|292|Mount ordered to locate home position
2026-04-29T20:58:14.3801|INFO|TelescopeVM.cs|FindHome|336|Mount ordered to home but it is already at home
2026-04-29T20:58:14.3802|INFO|TelescopeVM.cs|FindHome|348|Mount has located its home position
2026-04-29T20:58:14.3804|INFO|SequenceItem.cs|Run|254|Finishing Category: Telescope, Item: FindHome
2026-04-29T20:58:14.3809|INFO|MeridianFlipTrigger.cs|ShouldTrigger|197|Meridian Flip - Telescope is at home position. Skip flip evaluation
2026-04-29T20:58:14.3816|INFO|SequenceItem.cs|Run|208|Starting Category: Guider, Item: StopGuiding
2026-04-29T20:58:14.3861|INFO|PHD2Guider.cs|StopGuiding|704|Phd2 - Stop Guiding skipped, as the app is already in state Stopped
2026-04-29T20:58:14.3862|INFO|SequenceItem.cs|Run|254|Finishing Category: Guider, Item: StopGuiding
2026-04-29T20:58:14.3868|INFO|MeridianFlipTrigger.cs|ShouldTrigger|197|Meridian Flip - Telescope is at home position. Skip flip evaluation
2026-04-29T20:58:14.3992|INFO|SequenceItem.cs|Run|208|Starting Category: Connect, Item: DisconnectEquipment, Selected device: Safety Monitor
2026-04-29T20:58:14.4744|INFO|AscomDevice.cs|Disconnect|378|Disconnecting from ASCOM.GenericFile.SafetyMonitor Generic File driver
2026-04-29T20:58:14.5018|INFO|SafetyMonitorVM.cs|Disconnect|221|Disconnected Safety Monitor
2026-04-29T20:58:14.5021|INFO|SequenceItem.cs|Run|254|Finishing Category: Connect, Item: DisconnectEquipment, Selected device: Safety Monitor
2026-04-29T20:58:14.5027|INFO|MeridianFlipTrigger.cs|ShouldTrigger|197|Meridian Flip - Telescope is at home position. Skip flip evaluation
2026-04-29T20:58:14.5033|INFO|SequenceItem.cs|Run|208|Starting Category: Utility, Item: WaitForTimeSpan, Time: 60s
2026-04-29T20:59:14.5833|INFO|SequenceItem.cs|Run|254|Finishing Category: Utility, Item: WaitForTimeSpan, Time: 60s
2026-04-29T20:59:14.5843|INFO|MeridianFlipTrigger.cs|ShouldTrigger|197|Meridian Flip - Telescope is at home position. Skip flip evaluation
2026-04-29T20:59:14.5858|INFO|SequenceItem.cs|Run|208|Starting Category: Connect, Item: ConnectEquipment, Selected device: Safety Monitor, Selected device id: ASCOM.GenericFile.SafetyMonitor
2026-04-29T20:59:16.5949|INFO|SafetyMonitorChooserVM.cs|GetEquipment|71|Found 0 Alpaca Safety Monitors
2026-04-29T20:59:16.6284|INFO|SafetyMonitorVM.cs|Disconnect|221|Disconnected Safety Monitor
2026-04-29T20:59:16.7038|INFO|SafetyMonitorVM.cs|Connect|175|Successfully connected Safety Monitor. Id: ASCOM.GenericFile.SafetyMonitor Name: Generic File driver DisplayName: Generic File driver (ASCOM) Driver Version: 6.4
2026-04-29T20:59:16.7042|INFO|SequenceItem.cs|Run|254|Finishing Category: Connect, Item: ConnectEquipment, Selected device: Safety Monitor, Selected device id: ASCOM.GenericFile.SafetyMonitor
2026-04-29T20:59:16.7045|INFO|MeridianFlipTrigger.cs|ShouldTrigger|197|Meridian Flip - Telescope is at home position. Skip flip evaluation
2026-04-29T20:59:16.7046|INFO|SequenceItem.cs|Run|208|Starting Category: Utility, Item: WaitForTimeSpan, Time: 60s
2026-04-29T20:59:18.7056|INFO|SafetyMonitorVM.cs|UpdateMonitorValues|95|SafetyMonitorInfo state changed to Unsafe
2026-04-29T21:00:16.7617|INFO|SequenceItem.cs|Run|254|Finishing Category: Utility, Item: WaitForTimeSpan, Time: 60s
2026-04-29T21:00:16.7635|INFO|MeridianFlipTrigger.cs|ShouldTrigger|197|Meridian Flip - Telescope is at home position. Skip flip evaluation
2026-04-29T21:00:16.7643|INFO|SequenceItem.cs|Run|208|Starting Category: Powerups (Safety), Item: OnceSafe
2026-04-30T06:27:16.5584|INFO|TimeCondition.cs|Check|254|TimeCondition finished.
2026-04-30T06:27:16.5588|INFO|TimeCondition.cs|InterruptWhenTimeIsUp|63|Time limit exceeded - Interrupting current Instruction Set
2026-04-30T06:27:16.5672|INFO|WhenCommon.cs|Execute|425|When: Execute done; InFlight -> false, Triggered false
2026-04-30T06:27:16.5683|INFO|MeridianFlipTrigger.cs|ShouldTrigger|197|Meridian Flip - Telescope is at home position. Skip flip evaluation
2026-04-30T06:27:16.5687|INFO|SequenceItem.cs|Run|208|Starting Category: Utility, Item: WaitForTime, Time: 20:57:36h, Offset: -15
2026-04-30T06:27:16.5720|INFO|WhenCommon.cs|SequenceBlockTeardown|198|Teardown; shutting down watchdog
2026-04-30T06:27:16.5728|INFO|SequenceItem.cs|Run|254|Finishing Category: * Instruction Set *, Container: NINA.Sequencer.Container.SequentialContainer, Strategy: SequentialStrategy, Items[CREATED]: 12, Conditions: Condition: TimeCondition, Time: 6:27:16h, Condition: TargetSchedulerCondition mode=While Targets Remain Tonight, , Triggers: Trigger: CenterAfterDriftTrigger, DistanceArcMinutes: 1Trigger: WhenUnsafeCategory: Ground Station, Item: Failures to TelegramCategory: Connect, Item: ReconnectOnDownloadFailureTrigger: AutofocusAfterHFRIncreaseTrigger, Amount: 5Trigger: MeridianFlipTriggerCategory: Powerups (Misc), Item: DIYTriggerCategory: Ground Station, Item: Failures to PushoverTrigger: AutofocusAfterTemperatureChangeTrigger, Amount: 1.5°
2026-04-30T06:27:16.5735|INFO|SequenceItem.cs|Run|254|Finishing Category: * Instruction Set *, Container: NINA.Sequencer.Container.TargetAreaContainer, Strategy: SequentialStrategy, Items[FINISHED]: 1
2026-04-30T06:27:16.5755|INFO|SequenceItem.cs|Run|208|Starting Category: * Instruction Set *, Container: NINA.Sequencer.Container.EndAreaContainer, Strategy: SequentialStrategy, Items[CREATED]: 9
2026-04-30T06:27:16.5762|INFO|SequenceItem.cs|Run|208|Starting Category: Telescope, Item: FindHome
2026-04-30T06:27:16.5831|INFO|PHD2Guider.cs|StopGuiding|704|Phd2 - Stop Guiding skipped, as the app is already in state Stopped
2026-04-30T06:27:16.5833|INFO|TelescopeVM.cs|FindHome|292|Mount ordered to locate home position
2026-04-30T06:27:16.5839|INFO|TelescopeVM.cs|FindHome|336|Mount ordered to home but it is already at home
2026-04-30T06:27:16.5841|INFO|TelescopeVM.cs|FindHome|348|Mount has located its home position
2026-04-30T06:27:16.5844|INFO|SequenceItem.cs|Run|254|Finishing Category: Telescope, Item: FindHome
2026-04-30T06:27:16.5855|INFO|SequenceItem.cs|Run|208|Starting Night Summary - End Session
2026-04-30T06:27:16.5890|INFO|NightSummaryEndInstruction.cs|Execute|28|NightSummary: End Session instruction executing
2026-04-30T06:27:31.5917|WARNING|SessionService.cs|EndSession|165|NightSummary: EndSession called but no active session — nothing to do
2026-04-30T06:27:31.5918|INFO|NightSummaryEndInstruction.cs|Execute|39|NightSummary: Session ended successfully
2026-04-30T06:27:31.5919|INFO|SequenceItem.cs|Run|254|Finishing Night Summary - End Session
2026-04-30T06:27:31.5924|INFO|SequenceItem.cs|Run|208|Starting [EndSubframesSession]
2026-04-30T06:27:31.5941|WARNING|EndSessionItem.cs|Execute|50|[Subframes] EndSessionItem: no active session to end.
2026-04-30T06:27:31.5942|INFO|SequenceItem.cs|Run|254|Finishing [EndSubframesSession]
2026-04-30T06:27:31.5950|INFO|SequenceItem.cs|Run|208|Starting Category: Camera, Item: WarmCamera, Duration: 30
2026-04-30T06:27:31.5978|INFO|CameraVM.cs|WarmCamera|161|Warming Camera. Duration: 00:30:00
2026-04-30T06:59:39.1702|INFO|CameraVM.cs|WarmCamera|179|Could not reach warming temperature. Most likley due to ambient temperature being lower. Continuing...
2026-04-30T06:59:59.2035|INFO|CameraVM.cs|WarmCamera|186|Turning cooler off
2026-04-30T06:59:59.2057|INFO|SequenceItem.cs|Run|254|Finishing Category: Camera, Item: WarmCamera, Duration: 30
2026-04-30T06:59:59.2299|INFO|SequenceItem.cs|Run|208|Starting Category: Guider, Item: StopGuiding
2026-04-30T06:59:59.2338|INFO|PHD2Guider.cs|StopGuiding|704|Phd2 - Stop Guiding skipped, as the app is already in state Stopped
2026-04-30T06:59:59.2342|INFO|SequenceItem.cs|Run|254|Finishing Category: Guider, Item: StopGuiding
2026-04-30T06:59:59.2365|INFO|SequenceItem.cs|Run|208|Starting Category: Phd2 Tools, Item: ShutdownPhd2Instruction
2026-04-30T06:59:59.2568|INFO|SequenceItem.cs|Run|254|Finishing Category: Phd2 Tools, Item: ShutdownPhd2Instruction
2026-04-30T06:59:59.2577|INFO|SequenceItem.cs|Run|208|Starting Category: Connect, Item: DisconnectAllEquipment
2026-04-30T06:59:59.2631|WARNING|PHD2Client.cs|ReadEventsAsync|189|PHD2Client: Connection closed by server
2026-04-30T06:59:59.2632|INFO|DitherStatisticsVM.cs|OnPHD2ConnectionStatusChanged|737|PHD2 Connection Status: Connection lost
2026-04-30T06:59:59.2633|INFO|PHD2Client.cs|ReadEventsAsync|205|PHD2Client: Stopped reading events
2026-04-30T06:59:59.3141|INFO|CameraVM.cs|Disconnect|650|Disconnected Camera
2026-04-30T06:59:59.3148|INFO|AscomDevice.cs|Disconnect|378|Disconnecting from ASCOM.EFW2.FilterWheel ZWO FilterWheel
2026-04-30T06:59:59.3263|INFO|FilterWheelVM.cs|Disconnect|333|Disconnected Filter Wheel
2026-04-30T06:59:59.3408|INFO|AscomDevice.cs|Disconnect|378|Disconnecting from ASCOM.EAF.Focuser ZWO Focuser
2026-04-30T06:59:59.3967|INFO|FocuserVM.cs|Disconnect|441|Disconnected Focuser
2026-04-30T06:59:59.3972|INFO|DisconnectAllEquipment.cs|Execute|139|Rotator is already disconnected
2026-04-30T06:59:59.4012|INFO|AscomDevice.cs|Disconnect|378|Disconnecting from ASCOM.iOptron2017.Telescope iOptron CEM120,70,40,26, GEM, HEM, HAE, HAZ series and SkyHunter Mount
2026-04-30T06:59:59.4808|INFO|TelescopeVM.cs|Disconnect|740|Disconnected mount
2026-04-30T06:59:59.4836|INFO|DisconnectAllEquipment.cs|Execute|139|Guider is already disconnected
2026-04-30T06:59:59.4837|INFO|DisconnectAllEquipment.cs|Execute|139|Switch is already disconnected
2026-04-30T06:59:59.4837|INFO|DisconnectAllEquipment.cs|Execute|139|Flat Panel is already disconnected
2026-04-30T06:59:59.4867|INFO|AscomDevice.cs|Disconnect|378|Disconnecting from ASCOM.SkyAlert.ObservingConditions SkyAlert Observing Conditions
2026-04-30T06:59:59.4959|INFO|WeatherDataVM.cs|Disconnect|305|Disconnected Weather Device
2026-04-30T06:59:59.4965|INFO|DisconnectAllEquipment.cs|Execute|139|Dome is already disconnected
2026-04-30T06:59:59.4988|INFO|AscomDevice.cs|Disconnect|378|Disconnecting from ASCOM.GenericFile.SafetyMonitor Generic File driver
2026-04-30T06:59:59.5030|INFO|SafetyMonitorVM.cs|Disconnect|221|Disconnected Safety Monitor
2026-04-30T06:59:59.5034|INFO|SequenceItem.cs|Run|254|Finishing Category: Connect, Item: DisconnectAllEquipment
2026-04-30T06:59:59.5036|INFO|SequenceItem.cs|Run|208|Starting Category: Ground Station, Item: Send to Pushover, Title: Disconnected
2026-04-30T06:59:59.9799|INFO|SequenceItem.cs|Run|254|Finishing Category: Ground Station, Item: Send to Pushover, Title: Disconnected
2026-04-30T06:59:59.9803|INFO|SequenceItem.cs|Run|208|Starting Category: Ground Station, Item: Send to Telegram
2026-04-30T07:00:00.6711|INFO|SequenceItem.cs|Run|254|Finishing Category: Ground Station, Item: Send to Telegram
2026-04-30T07:00:00.6716|INFO|SequenceItem.cs|Run|254|Finishing Category: * Instruction Set *, Container: NINA.Sequencer.Container.EndAreaContainer, Strategy: SequentialStrategy, Items[FINISHED]: 9
2026-04-30T07:00:00.6720|INFO|SequenceItem.cs|Run|254|Finishing Category: * Instruction Set *, Container: NINA.Sequencer.Container.SequenceRootContainer, Strategy: SequentialStrategy, Items[FINISHED]: 3, Triggers: Category: Ground Station, Item: Failures to Telegram
2026-04-30T07:00:00.6732|INFO|Sequence2VM.cs|StartSequence|548|Advanced Sequence finished
2026-04-30T07:00:00.6742|INFO|WhenCommon.cs|InterruptWhen|350|Restarting sequence, Triggered -> true
2026-04-30T07:00:04.2718|INFO|PHD2Client.cs|ConnectAsync|102|PHD2Client: Connecting to PHD2 at 127.0.0.1:4400...
2026-04-30T07:00:06.2926|ERROR|PHD2Client.cs|ConnectAsync|132|PHD2Client: Connection failed: No connection could be made because the target machine actively refused it.
2026-04-30T09:12:52.2232|INFO|ApplicationVM.cs|Exit|244|Shutting down application - requested by user
2026-04-30T09:12:52.3325|INFO|ApplicationVM.cs|Closing|289|Application shutting down
2026-04-30T09:12:52.3824|INFO|DomeVM.cs|Disconnect|355|Disconnected Dome Device
2026-04-30T09:12:52.3883|INFO|FlatDeviceVM.cs|Disconnect|289|Disconnected Flat Device
2026-04-30T09:12:52.3987|INFO|CameraVM.cs|Disconnect|650|Disconnected Camera
2026-04-30T09:12:52.3995|INFO|TelescopeVM.cs|Disconnect|740|Disconnected mount
2026-04-30T09:12:52.4015|INFO|FilterWheelVM.cs|Disconnect|333|Disconnected Filter Wheel
2026-04-30T09:12:52.4022|INFO|FocuserVM.cs|Disconnect|441|Disconnected Focuser
2026-04-30T09:12:52.4082|INFO|RotatorVM.cs|Disconnect|447|Disconnected Rotator
2026-04-30T09:12:52.4126|INFO|SwitchVM.cs|Disconnect|309|Disconnected Switch
2026-04-30T09:12:52.4170|INFO|WeatherDataVM.cs|Disconnect|305|Disconnected Weather Device
2026-04-30T09:12:52.4175|INFO|SafetyMonitorVM.cs|Disconnect|221|Disconnected Safety Monitor
2026-04-30T09:12:53.3073|INFO|API.cs|StopWatchers|86|Stopping all event watchers
2026-04-30T09:12:53.3848|INFO|NightSummaryPlugin.cs|Teardown|257|NightSummary: Plugin torn down
2026-04-30T09:12:53.4493|INFO|Plugin.cs|Teardown|366|[Subframes] Plugin unloaded (primary instance).
