----------------------------------------------------------------------
--------------N.I.N.A. - Nighttime Imaging 'N' Astronomy--------------
--------------------------Version 3.2.0.9001--------------------------
-------------------------2026-04-20T15:15:56--------------------------
----------------------------------------------------------------------
---------------------Microsoft Windows 10.0.19045---------------------
-------------------------OS Architecture X64--------------------------
-----------------------Process Architecture X64-----------------------
-----------------------------.NET 8.0.21------------------------------
----------------------------------------------------------------------
--------------------------Processor Count 4---------------------------
--------------------Total Physical Memory 7.84 GB---------------------
----------------------------------------------------------------------
DATE|LEVEL|SOURCE|MEMBER|LINE|MESSAGE
2026-04-20T15:15:56.8286|INFO|CameraChooserVM.cs|GetEquipment|69|Found 2 ASI Cameras
2026-04-20T15:15:57.2035|INFO|CameraChooserVM.cs|GetEquipment|84|Found 0 Altair Cameras
2026-04-20T15:15:57.2747|INFO|CameraChooserVM.cs|GetEquipment|96|Found 0 Atik Cameras
2026-04-20T15:15:57.2818|INFO|CameraChooserVM.cs|GetEquipment|110|Found 0 FLI Cameras
2026-04-20T15:15:58.3125|INFO|CameraChooserVM.cs|GetEquipment|130|Found 0 QHYCCD Cameras
2026-04-20T15:15:58.4876|INFO|CameraChooserVM.cs|GetEquipment|158|Found 0 ToupTek Cameras
2026-04-20T15:15:58.4976|INFO|CameraChooserVM.cs|GetEquipment|173|Found 0 Ogma Cameras
2026-04-20T15:15:58.5181|INFO|CameraChooserVM.cs|GetEquipment|188|Found 0 Omegon Cameras
2026-04-20T15:15:58.7214|INFO|CameraChooserVM.cs|GetEquipment|203|Found 0 RisingCam Cameras
2026-04-20T15:15:58.7418|INFO|CameraChooserVM.cs|GetEquipment|218|Found 0 MallinCam Cameras
2026-04-20T15:15:58.7640|INFO|CameraChooserVM.cs|GetEquipment|243|Found 0 SVBony Cameras
2026-04-20T15:15:58.7808|INFO|CameraChooserVM.cs|GetEquipment|259|Found 0 SBIG Cameras
2026-04-20T15:15:59.4398|INFO|API.cs|Start|99|Starting Webserver
2026-04-20T15:15:59.4411|INFO|API.cs|APITask|134|starting web server, listening at 172.19.6.111:1888
2026-04-20T15:15:59.5908|INFO|NINALogWatcher.cs|Start|33|watching log file: C:\Users\nicka\AppData\Local\NINA\Logs\20260420-151555-3.2.0.9001.11548-202604.log
2026-04-20T15:15:59.6098|INFO|PluginLoader.cs|LoadPlugin|402|Successfully loaded plugin Advanced API version 2.2.15.0 by Christian Palm
2026-04-20T15:15:59.6449|INFO|PluginLoader.cs|LoadPlugin|402|Successfully loaded plugin Autofocus Report Analysis version 2.0.0.9 by Stefan Berg @isbeorn
2026-04-20T15:15:59.6784|INFO|PluginLoader.cs|LoadPlugin|402|Successfully loaded plugin Connector version 2.1.0.2 by Stefan Berg @isbeorn
2026-04-20T15:15:59.6990|INFO|PluginLoader.cs|LoadPlugin|402|Successfully loaded plugin Device Actions and Commands version 2.2.0.0 by Dale Ghent
2026-04-20T15:15:59.7245|INFO|PluginLoader.cs|LoadPlugin|402|Successfully loaded plugin Discord Alert version 2.2.0.0 by Drew McDermott
2026-04-20T15:15:59.7594|INFO|PluginLoader.cs|LoadPlugin|402|Successfully loaded plugin Discord Notification version 2.0.0.10 by Daniel Ludwig
2026-04-20T15:15:59.8087|INFO|DitherStatisticsVM.cs|CreatePluginIcon|1483|Plugin icon geometry created successfully
2026-04-20T15:15:59.8369|INFO|DitherStatisticsVM.cs|LoadDataTemplates|1452|DitherStatistics DataTemplates loaded successfully
2026-04-20T15:15:59.8413|INFO|DitherStatisticsVM.cs|SaveQualityAssessmentSetting|387|Quality Assessment setting saved to file: True
2026-04-20T15:15:59.8415|INFO|DitherStatisticsVM.cs|LoadQualityAssessmentSetting|364|Quality Assessment setting loaded from file: True
2026-04-20T15:15:59.8437|INFO|DitherStatisticsVM.cs|SaveDitherOptimizerSetting|490|Dither Optimizer setting saved to file: False
2026-04-20T15:15:59.8438|INFO|DitherStatisticsVM.cs|LoadDitherOptimizerSetting|471|Dither Optimizer setting loaded from file: False
2026-04-20T15:15:59.8444|INFO|DitherStatisticsVM.cs|SubscribeToGuiderEvents|834|Subscribed to NINA guider events
2026-04-20T15:15:59.8475|INFO|DitherStatisticsVM.cs|StartThemeColorMonitoring|1329|Initial PrimaryBrush color: R:176 G:179 B:185
2026-04-20T15:15:59.8477|INFO|DitherStatisticsVM.cs|.ctor|96|DitherStatisticsVM initialized successfully with ScottPlot 4.1 (Lazy Loading)!
2026-04-20T15:15:59.8482|INFO|PluginLoader.cs|LoadPlugin|402|Successfully loaded plugin Dither Statistics version 1.3.0.0 by Thierry Tschanz
2026-04-20T15:15:59.8748|INFO|PluginLoader.cs|LoadPlugin|402|Successfully loaded plugin Filter Offset Calculator version 2.0.0.0 by S. Dimant & Stefan Berg
2026-04-20T15:15:59.8968|INFO|PluginLoader.cs|LoadPlugin|402|Successfully loaded plugin Flexure Correction version 0.8.0.0 by Francesco Meschia
2026-04-20T15:16:00.1558|INFO|PluginLoader.cs|LoadPlugin|402|Successfully loaded plugin Ground Station version 3.0.0.117 by Dale Ghent
2026-04-20T15:16:00.3848|INFO|PluginLoader.cs|LoadPlugin|402|Successfully loaded plugin Hocus Focus version 3.0.0.25 by George Hilios (jokogeo)
2026-04-20T15:16:00.4076|INFO|PluginLoader.cs|LoadPlugin|402|Successfully loaded plugin Horizon Creator version 1.1.2.1 by Christian Palm
2026-04-20T15:16:00.4287|INFO|PluginLoader.cs|LoadPlugin|402|Successfully loaded plugin Lightbucket version 2.2.4.0 by Lightbucket
2026-04-20T15:16:00.4940|INFO|PluginLoader.cs|LoadPlugin|402|Successfully loaded plugin Livestack version 1.1.3.0 by Stefan Berg @isbeorn
2026-04-20T15:16:00.5123|INFO|PluginLoader.cs|LoadPlugin|402|Successfully loaded plugin Log Viewer version 1.0.0.2 by Alexander Wrede @astro_alex80
2026-04-20T15:16:00.5314|INFO|PluginLoader.cs|LoadPlugin|402|Successfully loaded plugin Moon Angle version 2.2.0.0 by Dale Ghent
2026-04-20T15:16:00.5637|INFO|SessionDatabase.cs|.ctor|32|NightSummary: Database path: C:\Users\nicka\AppData\Local\NINA\NightSummary\nightsummary.sqlite
2026-04-20T15:16:00.5639|INFO|SessionDatabase.cs|.ctor|33|NightSummary: Database exists: True
2026-04-20T15:16:00.5667|INFO|SessionDatabase.cs|SeedTestDatabaseIfMissing|404|NightSummary: Demo database updated to version 2.11.0.0
2026-04-20T15:16:00.6223|INFO|SessionService.cs|.ctor|116|NightSummary: SessionService created — messageBroker=True
2026-04-20T15:16:00.8071|INFO|NightSummaryPlugin.cs|.ctor|252|NightSummary: Plugin initialized successfully
2026-04-20T15:16:00.8168|INFO|SessionDatabase.cs|.ctor|32|NightSummary: Database path: C:\Users\nicka\AppData\Local\NINA\NightSummary\nightsummary.sqlite
2026-04-20T15:16:00.8170|INFO|SessionDatabase.cs|.ctor|33|NightSummary: Database exists: True
2026-04-20T15:16:00.8314|INFO|SessionService.cs|.ctor|116|NightSummary: SessionService created — messageBroker=True
2026-04-20T15:16:00.8347|INFO|PluginLoader.cs|LoadPlugin|402|Successfully loaded plugin Night Summary version 2.11.0.0 by Evan Pegors
2026-04-20T15:16:00.8653|INFO|PluginLoader.cs|LoadPlugin|402|Successfully loaded plugin Phd2 Tools version 1.0.6.0 by Stefan Berg @isbeorn
2026-04-20T15:16:00.9503|INFO|PluginLoader.cs|LoadPlugin|402|Successfully loaded plugin PixInsight Tools version 1.0.0.3 by Stefan Berg
2026-04-20T15:16:01.0559|INFO|PluginLoader.cs|LoadPlugin|402|Successfully loaded plugin Point3D version 0.2.3.0 by Drew McDermott
2026-04-20T15:16:01.1634|INFO|StarfrontClient.cs|StartFolderWatcher|167|[Rockwood] Watching: C:\ASTROIMAGES\NINA\
2026-04-20T15:16:01.1656|INFO|StarfrontClient.cs|RunLoop|68|[Rockwood] connecting to wss://api.starfront.space:443/ws/scope?key=***
2026-04-20T15:16:01.1673|INFO|PluginLoader.cs|LoadPlugin|402|Successfully loaded plugin Rockwood Starfront version 1.0.0.0 by Rockwood Observatory
2026-04-20T15:16:01.2874|INFO|PluginLoader.cs|LoadPlugin|402|Successfully loaded plugin Scope Control version 2.0.2.1 by Stefan Berg @isbeorn
2026-04-20T15:16:01.3941|WARNING|When.cs|GetRunningItem|143|Can't get running items: SequencerNavigation not initialized yet!
2026-04-20T15:16:01.4127|INFO|StarfrontClient.cs|RunLoop|71|[Rockwood] connected
2026-04-20T15:16:01.6919|INFO|PluginLoader.cs|LoadPlugin|402|Successfully loaded plugin Sequencer Powerups version 3.29.0.9 by Marc Blank
2026-04-20T15:16:01.7117|INFO|PluginLoader.cs|LoadPlugin|402|Successfully loaded plugin Session Metadata version 2.6.3.0 by Tom Palmer @tcpalmer
2026-04-20T15:16:01.7288|INFO|PluginLoader.cs|LoadPlugin|402|Successfully loaded plugin Shutdown PC version 2.2.0.0 by Dale Ghent
2026-04-20T15:16:01.7633|INFO|PluginLoader.cs|LoadPlugin|402|Successfully loaded plugin SkyFlats version 1.0.0.4 by Gerald Hitz (@photon)
2026-04-20T15:16:01.7927|INFO|PluginLoader.cs|LoadPlugin|402|Successfully loaded plugin Smart Filters version 1.0.0.3 by Benoit SAINTOT
2026-04-20T15:16:01.8628|INFO|DitherStatisticsVM.cs|ConnectToPHD2|708|Attempting to connect to PHD2...
2026-04-20T15:16:01.8644|INFO|PHD2Client.cs|ConnectAsync|102|PHD2Client: Connecting to PHD2 at 127.0.0.1:4400...
2026-04-20T15:16:01.8966|INFO|Plugin.cs|RunStationHeartbeatLoopAsync|691|[Subframes] TS not detected at startup — deferring first heartbeat to allow plugin load to complete.
2026-04-20T15:16:01.9055|INFO|SyncEngine.cs|Start|41|[Subframes] SyncEngine started.
2026-04-20T15:16:01.9090|INFO|Plugin.cs|.ctor|166|[Subframes] Plugin loaded (primary instance).
2026-04-20T15:16:01.9108|WARNING|Plugin.cs|OnImportsSatisfied|196|[Subframes] Sequence event subscription deferred — SequenceMediator internals not yet initialized.
2026-04-20T15:16:01.9195|WARNING|Plugin.cs|.ctor|113|[Subframes] Duplicate plugin instance created by MEF — proxying to primary to prevent duplicate sessions/sync.
2026-04-20T15:16:01.9218|INFO|PluginLoader.cs|LoadPlugin|402|Successfully loaded plugin Subframes version 0.2.9.0 by Subframes
2026-04-20T15:16:01.9689|INFO|PluginLoader.cs|LoadPlugin|402|Successfully loaded plugin Target Planning version 3.2.1.0 by Tom Palmer @tcpalmer
2026-04-20T15:16:03.7612|INFO|PluginLoader.cs|LoadPlugin|402|Successfully loaded plugin Target Scheduler version 5.9.0.0 by Tom Palmer @tcpalmer
2026-04-20T15:16:03.8892|INFO|PluginLoader.cs|LoadPlugin|402|Successfully loaded plugin Three Point Polar Alignment version 2.2.5.1 by Stefan Berg @isbeorn
2026-04-20T15:16:03.8909|ERROR|PHD2Client.cs|ConnectAsync|132|PHD2Client: Connection failed: No connection could be made because the target machine actively refused it.
2026-04-20T15:16:03.8915|INFO|DitherStatisticsVM.cs|OnPHD2ConnectionStatusChanged|737|PHD2 Connection Status: Connection failed: No connection could be made because the target machine actively refused it.
2026-04-20T15:16:04.0435|INFO|SessionHistoryManager.cs|PurgeHistoryOlderThan|102|purging web session history older than 10 days
2026-04-20T15:16:04.1386|INFO|PluginLoader.cs|LoadPlugin|402|Successfully loaded plugin Web Session History Viewer version 2.2.1.0 by Tom Palmer @tcpalmer
2026-04-20T15:16:04.1732|INFO|PluginFetcher.cs|RequestAll|43|Fetching plugin manifests from https://nighttime-imaging.eu/wp-json/nina/v1/plugins/manifests
2026-04-20T15:16:04.2334|INFO|FilterWheelChooserVM.cs|GetEquipment|167|Found 1 Networked Filter Wheel Filter Wheels
2026-04-20T15:16:04.3794|INFO|CameraChooserVM.cs|GetEquipment|279|Found 0 SVBony Cameras
2026-04-20T15:16:04.3831|INFO|CameraChooserVM.cs|GetEquipment|279|Found 0 PlayerOne Cameras
2026-04-20T15:16:04.3954|INFO|CameraChooserVM.cs|GetEquipment|279|Found 0 ASTPAN Cameras
2026-04-20T15:16:04.3981|INFO|CameraChooserVM.cs|GetEquipment|293|Found 4 ASCOM Cameras
2026-04-20T15:16:05.1001|INFO|RotatorChooserVM.cs|GetEquipment|45|Found 1 Networked Rotator Rotators
2026-04-20T15:16:06.2676|INFO|FilterWheelChooserVM.cs|GetEquipment|193|Found 0 Alpaca Filter Wheels
2026-04-20T15:16:06.2676|INFO|DomeChooserVM.cs|GetEquipment|67|Found 0 Alpaca Domes
2026-04-20T15:16:06.2676|INFO|TelescopeChooserVM.cs|GetEquipment|69|Found 0 Alpaca Telescopes
2026-04-20T15:16:06.2689|INFO|FlatDeviceChooserVM.cs|GetEquipment|67|Found 0 Alpaca Cover Calibrators
2026-04-20T15:16:06.3388|INFO|WeatherDataChooserVM.cs|GetEquipment|69|Found 0 Alpaca Observing Conditions
2026-04-20T15:16:06.4048|WARNING|When.cs|GetRunningItem|143|Can't get running items: SequencerNavigation not initialized yet!
2026-04-20T15:16:06.4048|INFO|CameraChooserVM.cs|GetEquipment|305|Found 0 Alpaca Cameras
2026-04-20T15:16:06.4106|INFO|CameraChooserVM.cs|GetEquipment|318|Found 0 Canon Cameras
2026-04-20T15:16:06.8938|INFO|SafetyMonitorChooserVM.cs|GetEquipment|71|Found 0 Alpaca Safety Monitors
2026-04-20T15:16:07.0269|INFO|TargetSchedulerDetector.cs|DoProbeAsync|170|[Subframes] TargetSchedulerDetector: state no_api → active
2026-04-20T15:16:07.1164|INFO|RotatorChooserVM.cs|GetEquipment|68|Found 0 Alpaca Rotators
2026-04-20T15:16:07.1314|INFO|SwitchChooserVM.cs|GetEquipment|71|Found 0 Alpaca Switch Hubs
2026-04-20T15:16:08.7939|INFO|PluginFetcher.cs|RequestAll|57|Found 78 valid plugins at https://nighttime-imaging.eu/wp-json/nina/v1/plugins/manifests
2026-04-20T15:16:09.0644|INFO|FocuserChooserVM.cs|GetEquipment|84|Found 0 Alpaca Focusers
2026-04-20T15:16:10.1631|INFO|ApplicationVM.cs|CheckDiskInfo|100|Available Space on Drive C:\: 138.86 GB
2026-04-20T15:16:10.1643|INFO|ApplicationVM.cs|CheckASCOMPlatformVersion|81|ASCOM Platform 6.6.2.4195 installed
2026-04-20T15:16:10.1697|INFO|ApplicationVM.cs|CheckDiskInfo|102|Drive E:\ is not ready
2026-04-20T15:16:10.1722|INFO|ApplicationVM.cs|CheckDiskInfo|100|Available Space on Drive G:\: 62.15 GB
2026-04-20T15:16:10.1808|INFO|ApplicationVM.cs|CheckDiskInfo|100|Available Space on Drive Z:\: 0 GB
2026-04-20T15:16:10.6270|INFO|Plugin.cs|TrySubscribeSequenceEvents|222|[Subframes] ISequenceMediator.SequenceStarted not present in this NINA build — session will open on first captured image instead.
2026-04-20T15:16:10.6275|INFO|Plugin.cs|RetrySubscribeSequenceEventsAsync|253|[Subframes] Deferred sequence event subscription succeeded after 2s.
2026-04-20T15:16:10.7382|INFO|DitherStatisticsVM.cs|StartThemeColorMonitoring|1338|Theme color monitoring timer started on UI thread
2026-04-20T15:16:46.4829|INFO|Sequence2VM.cs|StartSequence|543|Advanced Sequence starting
2026-04-20T15:16:48.4913|INFO|SequenceItem.cs|Run|208|Starting Category: * Instruction Set *, Container: NINA.Sequencer.Container.SequenceRootContainer, Strategy: SequentialStrategy, Items[CREATED]: 3, Triggers: Category: Ground Station, Item: Failures to Telegram
2026-04-20T15:16:48.5094|INFO|SequenceItem.cs|Run|208|Starting Category: * Instruction Set *, Container: NINA.Sequencer.Container.StartAreaContainer, Strategy: SequentialStrategy, Items[CREATED]: 1
2026-04-20T15:16:48.5105|INFO|SequenceItem.cs|Run|208|Starting Category: * Instruction Set *, Container: NINA.Sequencer.Container.SequentialContainer, Strategy: SequentialStrategy, Items[CREATED]: 10
2026-04-20T15:16:48.5115|INFO|SequenceItem.cs|Run|208|Starting Category: Ground Station, Item: Send to Pushover, Title: Start
2026-04-20T15:16:48.7346|INFO|SequenceItem.cs|Run|254|Finishing Category: Ground Station, Item: Send to Pushover, Title: Start
2026-04-20T15:16:48.7402|INFO|SequenceItem.cs|Run|208|Starting Category: Utility, Item: WaitForTime, Time: 19:45:4h, Offset: -80
2026-04-20T15:41:15.0624|WARNING|SubframesClient.cs|SendStationHeartbeatAsync|454|[Subframes] Station heartbeat timed out
2026-04-20T19:45:42.3306|INFO|SequenceItem.cs|Run|254|Finishing Category: Utility, Item: WaitForTime, Time: 19:45:4h, Offset: -80
2026-04-20T19:45:42.3318|INFO|SequenceItem.cs|Run|208|Starting Category: Ground Station, Item: Send to Telegram
2026-04-20T19:45:43.1264|INFO|SequenceItem.cs|Run|254|Finishing Category: Ground Station, Item: Send to Telegram
2026-04-20T19:45:43.1268|INFO|SequenceItem.cs|Run|208|Starting Category: Ground Station, Item: Send to Pushover, Title: Configure Equipment
2026-04-20T19:45:43.3084|INFO|SequenceItem.cs|Run|254|Finishing Category: Ground Station, Item: Send to Pushover, Title: Configure Equipment
2026-04-20T19:45:43.3114|INFO|SequenceItem.cs|Run|208|Starting Category: Connect, Item: ConnectAllEquipment
2026-04-20T19:45:43.3263|INFO|CameraChooserVM.cs|GetEquipment|69|Found 2 ASI Cameras
2026-04-20T19:45:43.3927|INFO|CameraChooserVM.cs|GetEquipment|84|Found 0 Altair Cameras
2026-04-20T19:45:43.3929|INFO|CameraChooserVM.cs|GetEquipment|96|Found 0 Atik Cameras
2026-04-20T19:45:43.3937|INFO|CameraChooserVM.cs|GetEquipment|110|Found 0 FLI Cameras
2026-04-20T19:45:43.3940|INFO|CameraChooserVM.cs|GetEquipment|130|Found 0 QHYCCD Cameras
2026-04-20T19:45:43.5576|INFO|CameraChooserVM.cs|GetEquipment|158|Found 0 ToupTek Cameras
2026-04-20T19:45:43.5627|INFO|CameraChooserVM.cs|GetEquipment|173|Found 0 Ogma Cameras
2026-04-20T19:45:43.5767|INFO|CameraChooserVM.cs|GetEquipment|188|Found 0 Omegon Cameras
2026-04-20T19:45:43.7378|INFO|CameraChooserVM.cs|GetEquipment|203|Found 0 RisingCam Cameras
2026-04-20T19:45:43.7523|INFO|CameraChooserVM.cs|GetEquipment|218|Found 0 MallinCam Cameras
2026-04-20T19:45:43.7538|INFO|CameraChooserVM.cs|GetEquipment|243|Found 0 SVBony Cameras
2026-04-20T19:45:43.7562|INFO|CameraChooserVM.cs|GetEquipment|259|Found 0 SBIG Cameras
2026-04-20T19:45:43.7570|INFO|CameraChooserVM.cs|GetEquipment|279|Found 0 SVBony Cameras
2026-04-20T19:45:43.7573|INFO|CameraChooserVM.cs|GetEquipment|279|Found 0 PlayerOne Cameras
2026-04-20T19:45:43.7649|INFO|CameraChooserVM.cs|GetEquipment|279|Found 0 ASTPAN Cameras
2026-04-20T19:45:43.7658|INFO|CameraChooserVM.cs|GetEquipment|293|Found 4 ASCOM Cameras
2026-04-20T19:45:45.7677|INFO|CameraChooserVM.cs|GetEquipment|305|Found 0 Alpaca Cameras
2026-04-20T19:45:45.7728|INFO|CameraChooserVM.cs|GetEquipment|318|Found 0 Canon Cameras
2026-04-20T19:45:45.8393|INFO|CameraVM.cs|Disconnect|650|Disconnected Camera
2026-04-20T19:45:46.3831|WARNING|ASICamera.cs|SetControlValue|568|Failed to set ASI Control Value ASI_WB_B with value 50
2026-04-20T19:45:46.3832|WARNING|ASICamera.cs|SetControlValue|568|Failed to set ASI Control Value ASI_WB_R with value 50
2026-04-20T19:45:46.3832|WARNING|ASICamera.cs|SetControlValue|568|Failed to set ASI Control Value ASI_GAMMA with value 50
2026-04-20T19:45:46.3832|WARNING|ASICamera.cs|SetControlValue|568|Failed to set ASI Control Value ASI_HIGH_SPEED_MODE with value 0
2026-04-20T19:45:46.3833|WARNING|ASICamera.cs|SetControlValue|568|Failed to set ASI Control Value ASI_OVERCLOCK with value 0
2026-04-20T19:45:46.3834|WARNING|ASICamera.cs|SetControlValue|568|Failed to set ASI Control Value ASI_PATTERN_ADJUST with value 0
2026-04-20T19:45:46.3841|WARNING|ASICamera.cs|SetControlValue|568|Failed to set ASI Control Value ASI_MONO_BIN with value 0
2026-04-20T19:45:46.3853|INFO|ASICamera.cs|Initialize|664|Camera ID: ASI533MM
2026-04-20T19:45:46.3948|WARNING|ASICamera.cs|SetControlValue|568|Failed to set ASI Control Value ASI_ANTI_DEW_HEATER with value 0
2026-04-20T19:45:46.4545|INFO|CameraVM.cs|ChooseCamera|455|Successfully connected Camera. Id: ZWOptical_ZWO ASI533MM Pro_ASI533MM Name: ZWO ASI533MM Pro DisplayName: ZWO ASI533MM Pro (ASI533MM)Driver Version: 1, 39, 0, 0
2026-04-20T19:45:47.0037|INFO|FilterWheelChooserVM.cs|GetEquipment|167|Found 1 Networked Filter Wheel Filter Wheels
2026-04-20T19:45:49.0043|INFO|FilterWheelChooserVM.cs|GetEquipment|193|Found 0 Alpaca Filter Wheels
2026-04-20T19:45:49.0831|INFO|FilterWheelVM.cs|Disconnect|333|Disconnected Filter Wheel
2026-04-20T19:45:52.8993|INFO|FilterWheelVM.cs|ChooseFW|279|Successfully connected Filter Wheel. Id: ASCOM.EFW2.FilterWheel Name: ZWO FilterWheel DisplayName: ZWO FilterWheel (ASCOM) Driver Version: 6.0
2026-04-20T19:45:56.7481|INFO|FocuserChooserVM.cs|GetEquipment|84|Found 0 Alpaca Focusers
2026-04-20T19:45:56.7939|INFO|FocuserVM.cs|Disconnect|441|Disconnected Focuser
2026-04-20T19:45:58.6917|ERROR|AscomDevice.cs|GetProperty|546|An unexpected exception occurred during GET of Focuser.StepSize: 
ASCOM.DriverException: The method or operation is not implemented.
 ---> System.NotImplementedException: The method or operation is not implemented.
   --- End of inner exception stack trace ---
   at ASCOM.Com.DriverAccess.DynamicAccess.CheckDotNetExceptions(String memberName, Exception e) in J:\ASCOMLibrary\ASCOM.Com\ASCOM.Com.DriverAccess\BaseClass\DynamicAccess.cs:line 278
   at ASCOM.Com.DriverAccess.DynamicAccess.TryGetMember(GetMemberBinder binder, Object& result) in J:\ASCOMLibrary\ASCOM.Com\ASCOM.Com.DriverAccess\BaseClass\DynamicAccess.cs:line 150
   at CallSite.Target(Closure, CallSite, Object)
   at System.Dynamic.UpdateDelegates.UpdateAndExecute1[T0,TRet](CallSite site, T0 arg0)
   at ASCOM.Com.DriverAccess.Focuser.get_StepSize() in J:\ASCOMLibrary\ASCOM.Com\ASCOM.Com.DriverAccess\Focuser.cs:line 159
   at System.RuntimeMethodHandle.InvokeMethod(Object target, Void** arguments, Signature sig, Boolean isConstructor)
   at System.Reflection.MethodBaseInvoker.InvokeWithNoArgs(Object obj, BindingFlags invokeAttr)
2026-04-20T19:45:58.8970|INFO|AscomDevice.cs|GetProperty|485|Retrying to GET Focuser.StepSize - Attempt 2 / 3
2026-04-20T19:45:58.8984|ERROR|AscomDevice.cs|GetProperty|546|An unexpected exception occurred during GET of Focuser.StepSize: 
ASCOM.DriverException: The method or operation is not implemented.
 ---> System.NotImplementedException: The method or operation is not implemented.
   --- End of inner exception stack trace ---
   at ASCOM.Com.DriverAccess.DynamicAccess.CheckDotNetExceptions(String memberName, Exception e) in J:\ASCOMLibrary\ASCOM.Com\ASCOM.Com.DriverAccess\BaseClass\DynamicAccess.cs:line 278
   at ASCOM.Com.DriverAccess.DynamicAccess.TryGetMember(GetMemberBinder binder, Object& result) in J:\ASCOMLibrary\ASCOM.Com\ASCOM.Com.DriverAccess\BaseClass\DynamicAccess.cs:line 150
   at CallSite.Target(Closure, CallSite, Object)
   at ASCOM.Com.DriverAccess.Focuser.get_StepSize() in J:\ASCOMLibrary\ASCOM.Com\ASCOM.Com.DriverAccess\Focuser.cs:line 159
   at InvokeStub_Focuser.get_StepSize(Object, Object, IntPtr*)
   at System.Reflection.MethodBaseInvoker.InvokeWithNoArgs(Object obj, BindingFlags invokeAttr)
2026-04-20T19:45:59.0999|INFO|AscomDevice.cs|GetProperty|485|Retrying to GET Focuser.StepSize - Attempt 3 / 3
2026-04-20T19:45:59.1010|ERROR|AscomDevice.cs|GetProperty|546|An unexpected exception occurred during GET of Focuser.StepSize: 
ASCOM.DriverException: The method or operation is not implemented.
 ---> System.NotImplementedException: The method or operation is not implemented.
   --- End of inner exception stack trace ---
   at ASCOM.Com.DriverAccess.DynamicAccess.CheckDotNetExceptions(String memberName, Exception e) in J:\ASCOMLibrary\ASCOM.Com\ASCOM.Com.DriverAccess\BaseClass\DynamicAccess.cs:line 278
   at ASCOM.Com.DriverAccess.DynamicAccess.TryGetMember(GetMemberBinder binder, Object& result) in J:\ASCOMLibrary\ASCOM.Com\ASCOM.Com.DriverAccess\BaseClass\DynamicAccess.cs:line 150
   at CallSite.Target(Closure, CallSite, Object)
   at ASCOM.Com.DriverAccess.Focuser.get_StepSize() in J:\ASCOMLibrary\ASCOM.Com\ASCOM.Com.DriverAccess\Focuser.cs:line 159
   at InvokeStub_Focuser.get_StepSize(Object, Object, IntPtr*)
   at System.Reflection.MethodBaseInvoker.InvokeWithNoArgs(Object obj, BindingFlags invokeAttr)
2026-04-20T19:45:59.1014|INFO|AscomDevice.cs|GetProperty|556|GET Focuser.StepSize failed - Returning last known value 0
2026-04-20T19:45:59.3241|INFO|FocuserVM.cs|ChooseFocuser|333|Successfully connected Focuser. Id: ASCOM.EAF.Focuser Name: ZWO Focuser DisplayName: ZWO Focuser (ASCOM) Driver Version: 6.0
2026-04-20T19:46:01.3264|INFO|TelescopeChooserVM.cs|GetEquipment|69|Found 0 Alpaca Telescopes
2026-04-20T19:46:01.3918|INFO|TelescopeVM.cs|Disconnect|740|Disconnected mount
2026-04-20T19:46:04.6448|INFO|AscomTelescope.cs|CheckMountTime|845|Mount UTC Time: 2026-04-21 00:46:04Z / System UTC Time: 2026-04-21 00:46:04Z; Difference: 0.004 seconds
2026-04-20T19:46:04.7147|INFO|AscomTelescope.cs|CheckMountTime|852|System time has been synced to the mount
2026-04-20T19:46:05.0038|INFO|TelescopeVM.cs|ChooseTelescope|535|Successfully connected mount. Id: ASCOM.iOptron2017.Telescope Name: iOptron CEM120,70,40,26, GEM, HEM, HAE, HAZ series and SkyHunter Mount DisplayName: iOptron CEM120,70,40,26, GEM, HEM, HAE, HAZ series and SkyHunter Mount (ASCOM) Driver Version: 9.15
2026-04-20T19:46:05.0169|INFO|PHD2Guider.cs|Connect|205|Connecting to PHD2 server at 127.0.0.1:4400
2026-04-20T19:46:13.0118|INFO|PHD2Client.cs|ConnectAsync|118|PHD2Client: Connected successfully!
2026-04-20T19:46:13.0120|INFO|DitherStatisticsVM.cs|OnPHD2ConnectionStatusChanged|734|PHD2 Connection Status: Connected
2026-04-20T19:46:13.0121|INFO|DitherStatisticsVM.cs|ConnectToPHD2|713|Successfully connected to PHD2!
2026-04-20T19:46:13.0175|INFO|PHD2Client.cs|ReadEventsAsync|181|PHD2Client: Started reading events
2026-04-20T19:46:13.0433|INFO|PHD2Client.cs|HandleVersion|366|PHD2Client: Connected to PHD2 version 2.6.14. (Message Protocol v1)
2026-04-20T19:46:13.0441|INFO|PHD2Client.cs|ProcessEvent|257|PHD2: CalibrationComplete
2026-04-20T19:46:13.0449|INFO|PHD2Client.cs|HandleAppState|376|PHD2Client: PHD2 AppState: Stopped
2026-04-20T19:46:13.5019|INFO|WeatherDataChooserVM.cs|GetEquipment|69|Found 0 Alpaca Observing Conditions
2026-04-20T19:46:13.5460|INFO|WeatherDataVM.cs|Disconnect|305|Disconnected Weather Device
2026-04-20T19:46:16.1995|INFO|AscomDevice.cs|GetProperty|527|Property ObservingConditions.SkyQuality GET is not implemented in this driver (SkyAlert Observing Conditions)
2026-04-20T19:46:16.2082|INFO|AscomDevice.cs|GetProperty|527|Property ObservingConditions.StarFWHM GET is not implemented in this driver (SkyAlert Observing Conditions)
2026-04-20T19:46:16.2272|INFO|WeatherDataVM.cs|ChooseWeatherData|150|Successfully connected Weather Device. Id: ASCOM.SkyAlert.ObservingConditions Name: SkyAlert Observing Conditions DisplayName: SkyAlert Observing Conditions (ASCOM) Driver Version: 1.7
2026-04-20T19:46:18.2293|INFO|SafetyMonitorChooserVM.cs|GetEquipment|71|Found 0 Alpaca Safety Monitors
2026-04-20T19:46:18.2832|INFO|SafetyMonitorVM.cs|Disconnect|221|Disconnected Safety Monitor
2026-04-20T19:46:19.0402|INFO|SafetyMonitorVM.cs|Connect|175|Successfully connected Safety Monitor. Id: ASCOM.GenericFile.SafetyMonitor Name: Generic File driver DisplayName: Generic File driver (ASCOM) Driver Version: 6.4
2026-04-20T19:46:19.0408|INFO|SequenceItem.cs|Run|254|Finishing Category: Connect, Item: ConnectAllEquipment
2026-04-20T19:46:19.0418|INFO|SequenceItem.cs|Run|208|Starting Category: Telescope, Item: FindHome
2026-04-20T19:46:19.0542|INFO|PHD2Guider.cs|StopGuiding|704|Phd2 - Stop Guiding skipped, as the app is already in state Stopped
2026-04-20T19:46:19.0568|INFO|TelescopeVM.cs|FindHome|292|Mount ordered to locate home position
2026-04-20T19:46:19.0602|INFO|TelescopeVM.cs|FindHome|336|Mount ordered to home but it is already at home
2026-04-20T19:46:19.0607|INFO|TelescopeVM.cs|FindHome|348|Mount has located its home position
2026-04-20T19:46:19.0629|INFO|SequenceItem.cs|Run|254|Finishing Category: Telescope, Item: FindHome
2026-04-20T19:46:19.0632|INFO|SequenceItem.cs|Run|208|Starting Category: Ground Station, Item: Send to Telegram
2026-04-20T19:46:19.6866|INFO|SequenceItem.cs|Run|254|Finishing Category: Ground Station, Item: Send to Telegram
2026-04-20T19:46:19.6870|INFO|SequenceItem.cs|Run|208|Starting Category: Ground Station, Item: Send to Pushover, Title: Cool
2026-04-20T19:46:19.8434|INFO|SequenceItem.cs|Run|254|Finishing Category: Ground Station, Item: Send to Pushover, Title: Cool
2026-04-20T19:46:19.8447|INFO|SequenceItem.cs|Run|208|Starting Category: Camera, Item: CoolCamera, Temperature: -5, Duration: 15
2026-04-20T19:46:19.8495|INFO|CameraVM.cs|CoolCamera|138|Cooling Camera. Target: -5 Duration: 00:15:00
2026-04-20T19:46:21.0464|INFO|SafetyMonitorVM.cs|UpdateMonitorValues|95|SafetyMonitorInfo state changed to Unsafe
2026-04-20T20:01:25.1601|INFO|SequenceItem.cs|Run|254|Finishing Category: Camera, Item: CoolCamera, Temperature: -5, Duration: 15
2026-04-20T20:01:25.1603|INFO|SequenceItem.cs|Run|208|Starting Category: Utility, Item: WaitForTime, Time: 20:50:4h, Offset: -15
2026-04-20T20:50:09.9706|INFO|SequenceItem.cs|Run|254|Finishing Category: Utility, Item: WaitForTime, Time: 20:50:4h, Offset: -15
2026-04-20T20:50:09.9740|INFO|SequenceItem.cs|Run|254|Finishing Category: * Instruction Set *, Container: NINA.Sequencer.Container.SequentialContainer, Strategy: SequentialStrategy, Items[FINISHED]: 10
2026-04-20T20:50:09.9743|INFO|SequenceItem.cs|Run|254|Finishing Category: * Instruction Set *, Container: NINA.Sequencer.Container.StartAreaContainer, Strategy: SequentialStrategy, Items[FINISHED]: 1
2026-04-20T20:50:09.9745|INFO|SequenceItem.cs|Run|208|Starting Category: * Instruction Set *, Container: NINA.Sequencer.Container.TargetAreaContainer, Strategy: SequentialStrategy, Items[CREATED]: 1
2026-04-20T20:50:09.9761|INFO|SequenceItem.cs|Run|208|Starting Category: * Instruction Set *, Container: NINA.Sequencer.Container.SequentialContainer, Strategy: SequentialStrategy, Items[CREATED]: 12, Conditions: Condition: TimeCondition, Time: 6:36:58h, Condition: TargetSchedulerCondition mode=While Targets Remain Tonight, , Triggers: Trigger: CenterAfterDriftTrigger, DistanceArcMinutes: 1Trigger: WhenUnsafeCategory: Ground Station, Item: Failures to TelegramCategory: Connect, Item: ReconnectOnDownloadFailureTrigger: AutofocusAfterHFRIncreaseTrigger, Amount: 5Trigger: MeridianFlipTriggerCategory: Powerups (Misc), Item: DIYTriggerCategory: Ground Station, Item: Failures to PushoverTrigger: AutofocusAfterTemperatureChangeTrigger, Amount: 1.5°
2026-04-20T20:50:09.9782|INFO|WhenCommon.cs|SequenceBlockInitialize|204|Initialize; starting watchdog
2026-04-20T20:50:09.9812|INFO|WhenUnsafe.cs|CheckSafe|77|IsSafe is now FALSE; connected = True, IsSafe = False
2026-04-20T20:50:09.9815|INFO|WhenCommon.cs|ShouldTrigger|378|ShouldTrigger TRUE from InterruptWhen, setting TriggerRunner
2026-04-20T20:50:09.9817|INFO|WhenCommon.cs|InterruptWhen|322|Interrupting current Instruction Set
2026-04-20T20:50:09.9824|INFO|WhenCommon.cs|InterruptWhen|332|Canceling sequence...
2026-04-20T20:50:10.9833|INFO|WhenCommon.cs|InterruptWhen|336|Delay 1000
2026-04-20T20:50:11.9842|INFO|WhenCommon.cs|InterruptWhen|336|Delay 1000
2026-04-20T20:50:12.9842|INFO|WhenCommon.cs|InterruptWhen|336|Delay 1000
2026-04-20T20:50:13.9849|INFO|WhenCommon.cs|InterruptWhen|336|Delay 1000
2026-04-20T20:50:14.9852|INFO|WhenCommon.cs|InterruptWhen|336|Delay 1000
2026-04-20T20:50:15.9857|INFO|WhenCommon.cs|InterruptWhen|336|Delay 1000
2026-04-20T20:50:17.0015|INFO|WhenCommon.cs|InterruptWhen|336|Delay 1000
2026-04-20T20:50:18.0018|INFO|WhenCommon.cs|InterruptWhen|336|Delay 1000
2026-04-20T20:50:19.0029|INFO|WhenCommon.cs|InterruptWhen|336|Delay 1000
2026-04-20T20:50:20.0032|INFO|WhenCommon.cs|InterruptWhen|336|Delay 1000
2026-04-20T20:50:21.0036|INFO|WhenCommon.cs|InterruptWhen|336|Delay 1000
2026-04-20T20:50:22.0045|INFO|WhenCommon.cs|InterruptWhen|336|Delay 1000
2026-04-20T20:50:23.0055|INFO|WhenCommon.cs|InterruptWhen|336|Delay 1000
2026-04-20T20:50:24.0055|INFO|WhenCommon.cs|InterruptWhen|336|Delay 1000
2026-04-20T20:50:25.0060|INFO|WhenCommon.cs|InterruptWhen|336|Delay 1000
2026-04-20T20:50:26.0068|INFO|WhenCommon.cs|InterruptWhen|336|Delay 1000
2026-04-20T20:50:27.0128|INFO|WhenCommon.cs|InterruptWhen|336|Delay 1000
2026-04-20T20:50:28.0129|INFO|WhenCommon.cs|InterruptWhen|336|Delay 1000
2026-04-20T20:50:29.0139|INFO|WhenCommon.cs|InterruptWhen|336|Delay 1000
2026-04-20T20:50:30.0133|INFO|WhenCommon.cs|InterruptWhen|336|Delay 1000
2026-04-20T20:50:31.0140|INFO|WhenCommon.cs|InterruptWhen|336|Delay 1000
2026-04-20T20:50:32.0151|INFO|WhenCommon.cs|InterruptWhen|336|Delay 1000
2026-04-20T20:50:33.0258|INFO|WhenCommon.cs|InterruptWhen|336|Delay 1000
2026-04-20T20:50:34.0287|INFO|WhenCommon.cs|InterruptWhen|336|Delay 1000
2026-04-20T20:50:35.0289|INFO|WhenCommon.cs|InterruptWhen|336|Delay 1000
2026-04-20T20:50:36.0302|INFO|WhenCommon.cs|InterruptWhen|336|Delay 1000
2026-04-20T20:50:37.0342|INFO|WhenCommon.cs|InterruptWhen|336|Delay 1000
2026-04-20T20:50:38.0343|INFO|WhenCommon.cs|InterruptWhen|336|Delay 1000
2026-04-20T20:50:38.0461|INFO|WhenCommon.cs|SequenceBlockTeardown|198|Teardown; shutting down watchdog
2026-04-20T20:50:38.0677|INFO|Sequencer.cs|Start|85|Sequence run was cancelled
2026-04-20T20:50:38.0843|INFO|Sequence2VM.cs|StartSequence|548|Advanced Sequence finished
2026-04-20T20:50:39.0474|INFO|WhenCommon.cs|InterruptWhen|339|Sequence no longer running
2026-04-20T20:50:39.0484|WARNING|WhenCommon.cs|CheckSlewing|263|CheckSlewing, WhenUnsafe = True, Connected = True, CanSlew = True, info.Slewing = False
2026-04-20T20:50:39.0497|INFO|Sequence2VM.cs|StartSequence|543|Advanced Sequence starting
2026-04-20T20:50:39.1087|INFO|SequenceItem.cs|Run|208|Starting Category: * Instruction Set *, Container: NINA.Sequencer.Container.SequenceRootContainer, Strategy: SequentialStrategy, Items[CREATED]: 3, Triggers: Category: Ground Station, Item: Failures to Telegram
2026-04-20T20:50:39.1090|INFO|SequenceItem.cs|Run|208|Starting Category: * Instruction Set *, Container: NINA.Sequencer.Container.StartAreaContainer, Strategy: SequentialStrategy, Items[FINISHED]: 1
2026-04-20T20:50:39.1091|INFO|SequenceItem.cs|Run|254|Finishing Category: * Instruction Set *, Container: NINA.Sequencer.Container.StartAreaContainer, Strategy: SequentialStrategy, Items[FINISHED]: 1
2026-04-20T20:50:39.1092|INFO|SequenceItem.cs|Run|208|Starting Category: * Instruction Set *, Container: NINA.Sequencer.Container.TargetAreaContainer, Strategy: SequentialStrategy, Items[CREATED]: 1
2026-04-20T20:50:39.1093|INFO|SequenceItem.cs|Run|208|Starting Category: * Instruction Set *, Container: NINA.Sequencer.Container.SequentialContainer, Strategy: SequentialStrategy, Items[CREATED]: 12, Conditions: Condition: TimeCondition, Time: 6:36:58h, Condition: TargetSchedulerCondition mode=While Targets Remain Tonight, , Triggers: Trigger: CenterAfterDriftTrigger, DistanceArcMinutes: 1Trigger: WhenUnsafeCategory: Ground Station, Item: Failures to TelegramCategory: Connect, Item: ReconnectOnDownloadFailureTrigger: AutofocusAfterHFRIncreaseTrigger, Amount: 5Trigger: MeridianFlipTriggerCategory: Powerups (Misc), Item: DIYTriggerCategory: Ground Station, Item: Failures to PushoverTrigger: AutofocusAfterTemperatureChangeTrigger, Amount: 1.5°
2026-04-20T20:50:39.1105|INFO|WhenCommon.cs|SequenceBlockInitialize|204|Initialize; starting watchdog
2026-04-20T20:50:39.1123|INFO|WhenCommon.cs|ShouldTrigger|382|ShouldTrigger TRUE, setting TriggerRunner
2026-04-20T20:50:39.1157|INFO|SequenceTrigger.cs|Run|114|Starting Trigger: WhenUnsafe
2026-04-20T20:50:39.1284|INFO|WhenCommon.cs|Execute|395|Execute 0
2026-04-20T20:50:39.1287|INFO|WhenCommon.cs|Execute|409|When: running TriggerRunner, InFlight -> true, Triggered -> false
2026-04-20T20:50:39.1288|WARNING|WhenCommon.cs|CheckSlewing|263|CheckSlewing, WhenUnsafe = True, Connected = True, CanSlew = True, info.Slewing = False
2026-04-20T20:50:39.1289|INFO|SequenceItem.cs|Run|208|Starting Category: , Container: WhenPlugin.When.IfContainer, Strategy: SequentialStrategy, Items[CREATED]: 9
2026-04-20T20:50:39.1547|INFO|MeridianFlipTrigger.cs|ShouldTrigger|197|Meridian Flip - Telescope is at home position. Skip flip evaluation
2026-04-20T20:50:39.1571|INFO|SequenceItem.cs|Run|208|Starting Category: Ground Station, Item: Send to Telegram
2026-04-20T20:50:40.0049|INFO|SequenceItem.cs|Run|254|Finishing Category: Ground Station, Item: Send to Telegram
2026-04-20T20:50:40.0242|INFO|MeridianFlipTrigger.cs|ShouldTrigger|197|Meridian Flip - Telescope is at home position. Skip flip evaluation
2026-04-20T20:50:40.0246|INFO|SequenceItem.cs|Run|208|Starting Category: Ground Station, Item: Send to Pushover, Title: Unsafe
2026-04-20T20:50:40.1530|INFO|SequenceItem.cs|Run|254|Finishing Category: Ground Station, Item: Send to Pushover, Title: Unsafe
2026-04-20T20:50:40.1736|INFO|MeridianFlipTrigger.cs|ShouldTrigger|197|Meridian Flip - Telescope is at home position. Skip flip evaluation
2026-04-20T20:50:40.1738|INFO|SequenceItem.cs|Run|208|Starting Category: Telescope, Item: FindHome
2026-04-20T20:50:40.1762|INFO|PHD2Guider.cs|StopGuiding|704|Phd2 - Stop Guiding skipped, as the app is already in state Stopped
2026-04-20T20:50:40.1764|INFO|TelescopeVM.cs|FindHome|292|Mount ordered to locate home position
2026-04-20T20:50:40.1768|INFO|TelescopeVM.cs|FindHome|336|Mount ordered to home but it is already at home
2026-04-20T20:50:40.1769|INFO|TelescopeVM.cs|FindHome|348|Mount has located its home position
2026-04-20T20:50:40.1770|INFO|SequenceItem.cs|Run|254|Finishing Category: Telescope, Item: FindHome
2026-04-20T20:50:40.1775|INFO|MeridianFlipTrigger.cs|ShouldTrigger|197|Meridian Flip - Telescope is at home position. Skip flip evaluation
2026-04-20T20:50:40.1781|INFO|SequenceItem.cs|Run|208|Starting Category: Guider, Item: StopGuiding
2026-04-20T20:50:40.1809|INFO|PHD2Guider.cs|StopGuiding|704|Phd2 - Stop Guiding skipped, as the app is already in state Stopped
2026-04-20T20:50:40.1810|INFO|SequenceItem.cs|Run|254|Finishing Category: Guider, Item: StopGuiding
2026-04-20T20:50:40.1979|INFO|MeridianFlipTrigger.cs|ShouldTrigger|197|Meridian Flip - Telescope is at home position. Skip flip evaluation
2026-04-20T20:50:40.1986|INFO|SequenceItem.cs|Run|208|Starting Category: Connect, Item: DisconnectEquipment, Selected device: Safety Monitor
2026-04-20T20:50:40.2770|INFO|AscomDevice.cs|Disconnect|378|Disconnecting from ASCOM.GenericFile.SafetyMonitor Generic File driver
2026-04-20T20:50:40.3189|INFO|SafetyMonitorVM.cs|Disconnect|221|Disconnected Safety Monitor
2026-04-20T20:50:40.3191|INFO|SequenceItem.cs|Run|254|Finishing Category: Connect, Item: DisconnectEquipment, Selected device: Safety Monitor
2026-04-20T20:50:40.3197|INFO|MeridianFlipTrigger.cs|ShouldTrigger|197|Meridian Flip - Telescope is at home position. Skip flip evaluation
2026-04-20T20:50:40.3204|INFO|SequenceItem.cs|Run|208|Starting Category: Utility, Item: WaitForTimeSpan, Time: 60s
2026-04-20T20:51:40.4228|INFO|SequenceItem.cs|Run|254|Finishing Category: Utility, Item: WaitForTimeSpan, Time: 60s
2026-04-20T20:51:40.4232|INFO|MeridianFlipTrigger.cs|ShouldTrigger|197|Meridian Flip - Telescope is at home position. Skip flip evaluation
2026-04-20T20:51:40.4238|INFO|SequenceItem.cs|Run|208|Starting Category: Connect, Item: ConnectEquipment, Selected device: Safety Monitor, Selected device id: ASCOM.GenericFile.SafetyMonitor
2026-04-20T20:51:42.4265|INFO|SafetyMonitorChooserVM.cs|GetEquipment|71|Found 0 Alpaca Safety Monitors
2026-04-20T20:51:42.4744|INFO|SafetyMonitorVM.cs|Disconnect|221|Disconnected Safety Monitor
2026-04-20T20:51:42.5496|INFO|SafetyMonitorVM.cs|Connect|175|Successfully connected Safety Monitor. Id: ASCOM.GenericFile.SafetyMonitor Name: Generic File driver DisplayName: Generic File driver (ASCOM) Driver Version: 6.4
2026-04-20T20:51:42.5500|INFO|SequenceItem.cs|Run|254|Finishing Category: Connect, Item: ConnectEquipment, Selected device: Safety Monitor, Selected device id: ASCOM.GenericFile.SafetyMonitor
2026-04-20T20:51:42.5504|INFO|MeridianFlipTrigger.cs|ShouldTrigger|197|Meridian Flip - Telescope is at home position. Skip flip evaluation
2026-04-20T20:51:42.5504|INFO|SequenceItem.cs|Run|208|Starting Category: Utility, Item: WaitForTimeSpan, Time: 60s
2026-04-20T20:51:44.5491|INFO|SafetyMonitorVM.cs|UpdateMonitorValues|95|SafetyMonitorInfo state changed to Unsafe
2026-04-20T20:52:42.6102|INFO|SequenceItem.cs|Run|254|Finishing Category: Utility, Item: WaitForTimeSpan, Time: 60s
2026-04-20T20:52:42.6108|INFO|MeridianFlipTrigger.cs|ShouldTrigger|197|Meridian Flip - Telescope is at home position. Skip flip evaluation
2026-04-20T20:52:42.6110|INFO|SequenceItem.cs|Run|208|Starting Category: Powerups (Safety), Item: OnceSafe
2026-04-21T04:54:43.5504|WARNING|DeviceUpdateTimer.cs|Run|115|Mount value update cycle took longer than the device poll interval (Total: 2.54s > 2s; Poll: 00:00:02.5238024; Update: 00:00:00.0126018)
2026-04-21T06:36:58.6158|INFO|TimeCondition.cs|Check|254|TimeCondition finished.
2026-04-21T06:36:58.6160|INFO|TimeCondition.cs|InterruptWhenTimeIsUp|63|Time limit exceeded - Interrupting current Instruction Set
2026-04-21T06:36:58.6203|INFO|WhenCommon.cs|Execute|425|When: Execute done; InFlight -> false, Triggered false
2026-04-21T06:36:58.6210|INFO|MeridianFlipTrigger.cs|ShouldTrigger|197|Meridian Flip - Telescope is at home position. Skip flip evaluation
2026-04-21T06:36:58.6212|INFO|SequenceItem.cs|Run|208|Starting Category: Utility, Item: WaitForTime, Time: 20:50:4h, Offset: -15
2026-04-21T06:36:58.6227|INFO|WhenCommon.cs|SequenceBlockTeardown|198|Teardown; shutting down watchdog
2026-04-21T06:36:58.6230|INFO|SequenceItem.cs|Run|254|Finishing Category: * Instruction Set *, Container: NINA.Sequencer.Container.SequentialContainer, Strategy: SequentialStrategy, Items[CREATED]: 12, Conditions: Condition: TimeCondition, Time: 6:36:58h, Condition: TargetSchedulerCondition mode=While Targets Remain Tonight, , Triggers: Trigger: CenterAfterDriftTrigger, DistanceArcMinutes: 1Trigger: WhenUnsafeCategory: Ground Station, Item: Failures to TelegramCategory: Connect, Item: ReconnectOnDownloadFailureTrigger: AutofocusAfterHFRIncreaseTrigger, Amount: 5Trigger: MeridianFlipTriggerCategory: Powerups (Misc), Item: DIYTriggerCategory: Ground Station, Item: Failures to PushoverTrigger: AutofocusAfterTemperatureChangeTrigger, Amount: 1.5°
2026-04-21T06:36:58.6232|INFO|SequenceItem.cs|Run|254|Finishing Category: * Instruction Set *, Container: NINA.Sequencer.Container.TargetAreaContainer, Strategy: SequentialStrategy, Items[FINISHED]: 1
2026-04-21T06:36:58.6234|INFO|SequenceItem.cs|Run|208|Starting Category: * Instruction Set *, Container: NINA.Sequencer.Container.EndAreaContainer, Strategy: SequentialStrategy, Items[CREATED]: 9
2026-04-21T06:36:58.6236|INFO|SequenceItem.cs|Run|208|Starting Category: Telescope, Item: FindHome
2026-04-21T06:36:58.6261|INFO|PHD2Guider.cs|StopGuiding|704|Phd2 - Stop Guiding skipped, as the app is already in state Stopped
2026-04-21T06:36:58.6262|INFO|TelescopeVM.cs|FindHome|292|Mount ordered to locate home position
2026-04-21T06:36:58.6265|INFO|TelescopeVM.cs|FindHome|336|Mount ordered to home but it is already at home
2026-04-21T06:36:58.6266|INFO|TelescopeVM.cs|FindHome|348|Mount has located its home position
2026-04-21T06:36:58.6268|INFO|SequenceItem.cs|Run|254|Finishing Category: Telescope, Item: FindHome
2026-04-21T06:36:58.6274|INFO|SequenceItem.cs|Run|208|Starting Night Summary - End Session
2026-04-21T06:36:58.6287|INFO|NightSummaryEndInstruction.cs|Execute|28|NightSummary: End Session instruction executing
2026-04-21T06:37:13.6332|WARNING|SessionService.cs|EndSession|165|NightSummary: EndSession called but no active session — nothing to do
2026-04-21T06:37:13.6333|INFO|NightSummaryEndInstruction.cs|Execute|39|NightSummary: Session ended successfully
2026-04-21T06:37:13.6334|INFO|SequenceItem.cs|Run|254|Finishing Night Summary - End Session
2026-04-21T06:37:13.6340|INFO|SequenceItem.cs|Run|208|Starting [EndSubframesSession]
2026-04-21T06:37:13.6359|WARNING|EndSessionItem.cs|Execute|50|[Subframes] EndSessionItem: no active session to end.
2026-04-21T06:37:13.6361|INFO|SequenceItem.cs|Run|254|Finishing [EndSubframesSession]
2026-04-21T06:37:13.6368|INFO|SequenceItem.cs|Run|208|Starting Category: Camera, Item: WarmCamera, Duration: 30
2026-04-21T06:37:13.6396|INFO|CameraVM.cs|WarmCamera|161|Warming Camera. Duration: 00:30:00
2026-04-21T07:09:23.5001|INFO|CameraVM.cs|WarmCamera|179|Could not reach warming temperature. Most likley due to ambient temperature being lower. Continuing...
2026-04-21T07:09:43.5092|INFO|CameraVM.cs|WarmCamera|186|Turning cooler off
2026-04-21T07:09:43.5110|INFO|SequenceItem.cs|Run|254|Finishing Category: Camera, Item: WarmCamera, Duration: 30
2026-04-21T07:09:43.5112|INFO|SequenceItem.cs|Run|208|Starting Category: Guider, Item: StopGuiding
2026-04-21T07:09:43.5145|INFO|PHD2Guider.cs|StopGuiding|704|Phd2 - Stop Guiding skipped, as the app is already in state Stopped
2026-04-21T07:09:43.5146|INFO|SequenceItem.cs|Run|254|Finishing Category: Guider, Item: StopGuiding
2026-04-21T07:09:43.5154|INFO|SequenceItem.cs|Run|208|Starting Category: Phd2 Tools, Item: ShutdownPhd2Instruction
2026-04-21T07:09:43.5435|WARNING|PHD2Client.cs|ReadEventsAsync|189|PHD2Client: Connection closed by server
2026-04-21T07:09:43.5439|INFO|DitherStatisticsVM.cs|OnPHD2ConnectionStatusChanged|737|PHD2 Connection Status: Connection lost
2026-04-21T07:09:43.5442|INFO|PHD2Client.cs|ReadEventsAsync|205|PHD2Client: Stopped reading events
2026-04-21T07:09:43.6061|INFO|SequenceItem.cs|Run|254|Finishing Category: Phd2 Tools, Item: ShutdownPhd2Instruction
2026-04-21T07:09:43.6075|INFO|SequenceItem.cs|Run|208|Starting Category: Connect, Item: DisconnectAllEquipment
2026-04-21T07:09:43.6992|INFO|CameraVM.cs|Disconnect|650|Disconnected Camera
2026-04-21T07:09:43.7006|INFO|AscomDevice.cs|Disconnect|378|Disconnecting from ASCOM.EFW2.FilterWheel ZWO FilterWheel
2026-04-21T07:09:44.5430|INFO|FilterWheelVM.cs|Disconnect|333|Disconnected Filter Wheel
2026-04-21T07:09:44.5470|INFO|AscomDevice.cs|Disconnect|378|Disconnecting from ASCOM.EAF.Focuser ZWO Focuser
2026-04-21T07:09:44.5897|INFO|FocuserVM.cs|Disconnect|441|Disconnected Focuser
2026-04-21T07:09:44.5901|INFO|DisconnectAllEquipment.cs|Execute|139|Rotator is already disconnected
2026-04-21T07:09:44.5957|INFO|AscomDevice.cs|Disconnect|378|Disconnecting from ASCOM.iOptron2017.Telescope iOptron CEM120,70,40,26, GEM, HEM, HAE, HAZ series and SkyHunter Mount
2026-04-21T07:09:44.6387|INFO|TelescopeVM.cs|Disconnect|740|Disconnected mount
2026-04-21T07:09:44.6390|INFO|DisconnectAllEquipment.cs|Execute|139|Guider is already disconnected
2026-04-21T07:09:44.6391|INFO|DisconnectAllEquipment.cs|Execute|139|Switch is already disconnected
2026-04-21T07:09:44.6391|INFO|DisconnectAllEquipment.cs|Execute|139|Flat Panel is already disconnected
2026-04-21T07:09:44.6635|INFO|AscomDevice.cs|Disconnect|378|Disconnecting from ASCOM.SkyAlert.ObservingConditions SkyAlert Observing Conditions
2026-04-21T07:09:44.6734|INFO|WeatherDataVM.cs|Disconnect|305|Disconnected Weather Device
2026-04-21T07:09:44.6737|INFO|DisconnectAllEquipment.cs|Execute|139|Dome is already disconnected
2026-04-21T07:09:44.6758|INFO|AscomDevice.cs|Disconnect|378|Disconnecting from ASCOM.GenericFile.SafetyMonitor Generic File driver
2026-04-21T07:09:44.6811|INFO|SafetyMonitorVM.cs|Disconnect|221|Disconnected Safety Monitor
2026-04-21T07:09:44.6816|INFO|SequenceItem.cs|Run|254|Finishing Category: Connect, Item: DisconnectAllEquipment
2026-04-21T07:09:44.6819|INFO|SequenceItem.cs|Run|208|Starting Category: Ground Station, Item: Send to Pushover, Title: Disconnected
2026-04-21T07:09:44.8752|INFO|SequenceItem.cs|Run|254|Finishing Category: Ground Station, Item: Send to Pushover, Title: Disconnected
2026-04-21T07:09:44.8778|INFO|SequenceItem.cs|Run|208|Starting Category: Ground Station, Item: Send to Telegram
2026-04-21T07:09:45.5330|INFO|SequenceItem.cs|Run|254|Finishing Category: Ground Station, Item: Send to Telegram
2026-04-21T07:09:45.5335|INFO|SequenceItem.cs|Run|254|Finishing Category: * Instruction Set *, Container: NINA.Sequencer.Container.EndAreaContainer, Strategy: SequentialStrategy, Items[FINISHED]: 9
2026-04-21T07:09:45.5339|INFO|SequenceItem.cs|Run|254|Finishing Category: * Instruction Set *, Container: NINA.Sequencer.Container.SequenceRootContainer, Strategy: SequentialStrategy, Items[FINISHED]: 3, Triggers: Category: Ground Station, Item: Failures to Telegram
2026-04-21T07:09:45.5352|INFO|Sequence2VM.cs|StartSequence|548|Advanced Sequence finished
2026-04-21T07:09:45.5362|INFO|WhenCommon.cs|InterruptWhen|350|Restarting sequence, Triggered -> true
2026-04-21T07:09:48.5608|INFO|PHD2Client.cs|ConnectAsync|102|PHD2Client: Connecting to PHD2 at 127.0.0.1:4400...
2026-04-21T07:09:50.5885|ERROR|PHD2Client.cs|ConnectAsync|132|PHD2Client: Connection failed: No connection could be made because the target machine actively refused it.
2026-04-21T18:08:03.6080|INFO|ApplicationVM.cs|Exit|244|Shutting down application - requested by user
2026-04-21T18:08:03.7248|INFO|ApplicationVM.cs|Closing|289|Application shutting down
2026-04-21T18:08:03.7580|INFO|DomeVM.cs|Disconnect|355|Disconnected Dome Device
2026-04-21T18:08:03.7640|INFO|FlatDeviceVM.cs|Disconnect|289|Disconnected Flat Device
2026-04-21T18:08:03.7747|INFO|CameraVM.cs|Disconnect|650|Disconnected Camera
2026-04-21T18:08:03.7755|INFO|TelescopeVM.cs|Disconnect|740|Disconnected mount
2026-04-21T18:08:03.7771|INFO|FilterWheelVM.cs|Disconnect|333|Disconnected Filter Wheel
2026-04-21T18:08:03.7775|INFO|FocuserVM.cs|Disconnect|441|Disconnected Focuser
2026-04-21T18:08:03.7835|INFO|RotatorVM.cs|Disconnect|447|Disconnected Rotator
2026-04-21T18:08:03.7881|INFO|SwitchVM.cs|Disconnect|309|Disconnected Switch
2026-04-21T18:08:03.7920|INFO|WeatherDataVM.cs|Disconnect|305|Disconnected Weather Device
2026-04-21T18:08:03.7923|INFO|SafetyMonitorVM.cs|Disconnect|221|Disconnected Safety Monitor
2026-04-21T18:08:04.6814|INFO|API.cs|StopWatchers|86|Stopping all event watchers
2026-04-21T18:08:04.7217|INFO|NightSummaryPlugin.cs|Teardown|257|NightSummary: Plugin torn down
2026-04-21T18:08:04.7828|INFO|Plugin.cs|Teardown|347|[Subframes] Plugin unloaded (primary instance).
