----------------------------------------------------------------------
--------------N.I.N.A. - Nighttime Imaging 'N' Astronomy--------------
--------------------------Version 3.2.0.9001--------------------------
-------------------------2026-04-28T17:55:33--------------------------
----------------------------------------------------------------------
---------------------Microsoft Windows 10.0.19045---------------------
-------------------------OS Architecture X64--------------------------
-----------------------Process Architecture X64-----------------------
-----------------------------.NET 8.0.21------------------------------
----------------------------------------------------------------------
--------------------------Processor Count 4---------------------------
--------------------Total Physical Memory 7.84 GB---------------------
----------------------------------------------------------------------
DATE|LEVEL|SOURCE|MEMBER|LINE|MESSAGE
2026-04-28T17:55:33.6757|INFO|App.xaml.cs|OnStartup|170|Launched with command line arguments: --sequencefile C:\Users\nicka\Astro\NINA\NINA_Sequences\TargetScheduler.json --runsequence
2026-04-28T17:55:37.9615|INFO|CameraChooserVM.cs|GetEquipment|69|Found 2 ASI Cameras
2026-04-28T17:55:38.2273|INFO|CameraChooserVM.cs|GetEquipment|84|Found 0 Altair Cameras
2026-04-28T17:55:38.7064|INFO|CameraChooserVM.cs|GetEquipment|96|Found 0 Atik Cameras
2026-04-28T17:55:38.8046|INFO|CameraChooserVM.cs|GetEquipment|110|Found 0 FLI Cameras
2026-04-28T17:55:40.1702|INFO|CameraChooserVM.cs|GetEquipment|130|Found 0 QHYCCD Cameras
2026-04-28T17:55:40.6542|INFO|CameraChooserVM.cs|GetEquipment|158|Found 0 ToupTek Cameras
2026-04-28T17:55:40.8006|INFO|CameraChooserVM.cs|GetEquipment|173|Found 0 Ogma Cameras
2026-04-28T17:55:40.9538|INFO|CameraChooserVM.cs|GetEquipment|188|Found 0 Omegon Cameras
2026-04-28T17:55:41.7994|INFO|CameraChooserVM.cs|GetEquipment|203|Found 0 RisingCam Cameras
2026-04-28T17:55:41.9765|INFO|CameraChooserVM.cs|GetEquipment|218|Found 0 MallinCam Cameras
2026-04-28T17:55:42.1320|INFO|CameraChooserVM.cs|GetEquipment|243|Found 0 SVBony Cameras
2026-04-28T17:55:42.1360|INFO|CameraChooserVM.cs|GetEquipment|259|Found 0 SBIG Cameras
2026-04-28T17:55:50.6806|INFO|ApplicationVM.cs|CheckDiskInfo|100|Available Space on Drive C:\: 145.15 GB
2026-04-28T17:55:50.6872|INFO|ApplicationVM.cs|CheckDiskInfo|102|Drive E:\ is not ready
2026-04-28T17:55:50.6887|INFO|ApplicationVM.cs|CheckDiskInfo|100|Available Space on Drive G:\: 62.15 GB
2026-04-28T17:55:50.6968|INFO|ApplicationVM.cs|CheckDiskInfo|100|Available Space on Drive Z:\: 0 GB
2026-04-28T17:55:52.1088|INFO|ApplicationVM.cs|CheckASCOMPlatformVersion|81|ASCOM Platform 6.6.2.4195 installed
2026-04-28T17:55:52.6938|INFO|API.cs|Start|99|Starting Webserver
2026-04-28T17:55:52.6954|INFO|API.cs|APITask|134|starting web server, listening at 172.19.6.111:1888
2026-04-28T17:55:52.8716|INFO|NINALogWatcher.cs|Start|33|watching log file: C:\Users\nicka\AppData\Local\NINA\Logs\20260428-175532-3.2.0.9001.13040-202604.log
2026-04-28T17:55:52.8973|INFO|PluginLoader.cs|LoadPlugin|402|Successfully loaded plugin Advanced API version 2.2.15.0 by Christian Palm
2026-04-28T17:55:53.7661|INFO|PluginLoader.cs|LoadPlugin|402|Successfully loaded plugin Autofocus Report Analysis version 2.0.0.9 by Stefan Berg @isbeorn
2026-04-28T17:55:54.1082|INFO|PluginLoader.cs|LoadPlugin|402|Successfully loaded plugin Connector version 2.1.0.2 by Stefan Berg @isbeorn
2026-04-28T17:55:54.3296|INFO|PluginLoader.cs|LoadPlugin|402|Successfully loaded plugin Device Actions and Commands version 2.2.0.0 by Dale Ghent
2026-04-28T17:55:55.3755|INFO|PluginLoader.cs|LoadPlugin|402|Successfully loaded plugin Discord Alert version 2.2.0.0 by Drew McDermott
2026-04-28T17:55:57.3566|INFO|PluginLoader.cs|LoadPlugin|402|Successfully loaded plugin Discord Notification version 2.0.0.10 by Daniel Ludwig
2026-04-28T17:55:59.7462|INFO|DitherStatisticsVM.cs|CreatePluginIcon|1483|Plugin icon geometry created successfully
2026-04-28T17:55:59.7725|INFO|DitherStatisticsVM.cs|LoadDataTemplates|1452|DitherStatistics DataTemplates loaded successfully
2026-04-28T17:55:59.7822|INFO|DitherStatisticsVM.cs|SaveQualityAssessmentSetting|387|Quality Assessment setting saved to file: True
2026-04-28T17:55:59.7824|INFO|DitherStatisticsVM.cs|LoadQualityAssessmentSetting|364|Quality Assessment setting loaded from file: True
2026-04-28T17:55:59.7960|INFO|DitherStatisticsVM.cs|SaveDitherOptimizerSetting|490|Dither Optimizer setting saved to file: False
2026-04-28T17:55:59.7961|INFO|DitherStatisticsVM.cs|LoadDitherOptimizerSetting|471|Dither Optimizer setting loaded from file: False
2026-04-28T17:55:59.7966|INFO|DitherStatisticsVM.cs|SubscribeToGuiderEvents|834|Subscribed to NINA guider events
2026-04-28T17:55:59.8009|ERROR|DitherStatisticsVM.cs|GetThemeColor|1437|Failed to get theme color 'PrimaryBrush': The calling thread cannot access this object because a different thread owns it.
2026-04-28T17:55:59.8011|INFO|DitherStatisticsVM.cs|StartThemeColorMonitoring|1329|Initial PrimaryBrush color: R:255 G:255 B:255
2026-04-28T17:55:59.8012|INFO|DitherStatisticsVM.cs|.ctor|96|DitherStatisticsVM initialized successfully with ScottPlot 4.1 (Lazy Loading)!
2026-04-28T17:55:59.8017|INFO|DitherStatisticsVM.cs|StartThemeColorMonitoring|1338|Theme color monitoring timer started on UI thread
2026-04-28T17:55:59.8020|INFO|PluginLoader.cs|LoadPlugin|402|Successfully loaded plugin Dither Statistics version 1.3.0.0 by Thierry Tschanz
2026-04-28T17:56:00.0304|INFO|PluginLoader.cs|LoadPlugin|402|Successfully loaded plugin Filter Offset Calculator version 2.0.0.0 by S. Dimant & Stefan Berg
2026-04-28T17:56:00.3047|INFO|DitherStatisticsVM.cs|OnThemeColorTimerTick|1357|Theme color CHANGED! Old: R:255 G:255 B:255 -> New: R:176 G:179 B:185
2026-04-28T17:56:00.3711|INFO|PluginLoader.cs|LoadPlugin|402|Successfully loaded plugin Flexure Correction version 0.8.0.0 by Francesco Meschia
2026-04-28T17:56:00.4260|INFO|DitherStatisticsVM.cs|PixelShiftPlot|136|PixelShiftPlot created (lazy loading)
2026-04-28T17:56:00.4610|INFO|DitherStatisticsVM.cs|SettleTimePlot|177|SettleTimePlot created (lazy loading)
2026-04-28T17:56:01.7993|INFO|DitherStatisticsVM.cs|ConnectToPHD2|708|Attempting to connect to PHD2...
2026-04-28T17:56:01.8013|INFO|PHD2Client.cs|ConnectAsync|102|PHD2Client: Connecting to PHD2 at 127.0.0.1:4400...
2026-04-28T17:56:03.8400|ERROR|PHD2Client.cs|ConnectAsync|132|PHD2Client: Connection failed: No connection could be made because the target machine actively refused it.
2026-04-28T17:56:03.8405|INFO|DitherStatisticsVM.cs|OnPHD2ConnectionStatusChanged|737|PHD2 Connection Status: Connection failed: No connection could be made because the target machine actively refused it.
2026-04-28T17:56:03.9723|INFO|PluginLoader.cs|LoadPlugin|402|Successfully loaded plugin Ground Station version 3.0.0.117 by Dale Ghent
2026-04-28T17:56:21.0619|INFO|PluginLoader.cs|LoadPlugin|402|Successfully loaded plugin Hocus Focus version 3.0.0.25 by George Hilios (jokogeo)
2026-04-28T17:56:22.0727|INFO|PluginLoader.cs|LoadPlugin|402|Successfully loaded plugin Horizon Creator version 1.1.2.1 by Christian Palm
2026-04-28T17:56:22.3318|INFO|PluginLoader.cs|LoadPlugin|402|Successfully loaded plugin Lightbucket version 2.2.4.0 by Lightbucket
2026-04-28T17:56:23.6602|INFO|PluginLoader.cs|LoadPlugin|402|Successfully loaded plugin Livestack version 1.1.3.0 by Stefan Berg @isbeorn
2026-04-28T17:56:23.9554|INFO|PluginLoader.cs|LoadPlugin|402|Successfully loaded plugin Log Viewer version 1.0.0.2 by Alexander Wrede @astro_alex80
2026-04-28T17:56:24.2236|INFO|PluginLoader.cs|LoadPlugin|402|Successfully loaded plugin Moon Angle version 2.2.0.0 by Dale Ghent
2026-04-28T17:56:24.8932|INFO|SessionDatabase.cs|.ctor|32|NightSummary: Database path: C:\Users\nicka\AppData\Local\NINA\NightSummary\nightsummary.sqlite
2026-04-28T17:56:24.8934|INFO|SessionDatabase.cs|.ctor|33|NightSummary: Database exists: True
2026-04-28T17:56:24.9360|INFO|SessionService.cs|.ctor|116|NightSummary: SessionService created — messageBroker=True
2026-04-28T17:56:25.1369|INFO|NightSummaryPlugin.cs|.ctor|252|NightSummary: Plugin initialized successfully
2026-04-28T17:56:25.1427|INFO|SessionDatabase.cs|.ctor|32|NightSummary: Database path: C:\Users\nicka\AppData\Local\NINA\NightSummary\nightsummary.sqlite
2026-04-28T17:56:25.1429|INFO|SessionDatabase.cs|.ctor|33|NightSummary: Database exists: True
2026-04-28T17:56:25.1634|INFO|SessionService.cs|.ctor|116|NightSummary: SessionService created — messageBroker=True
2026-04-28T17:56:25.1657|INFO|PluginLoader.cs|LoadPlugin|402|Successfully loaded plugin Night Summary version 2.11.1.0 by Evan Pegors
2026-04-28T17:56:25.6490|INFO|PluginLoader.cs|LoadPlugin|402|Successfully loaded plugin Phd2 Tools version 1.0.6.0 by Stefan Berg @isbeorn
2026-04-28T17:56:26.1059|INFO|PluginLoader.cs|LoadPlugin|402|Successfully loaded plugin PixInsight Tools version 1.0.0.3 by Stefan Berg
2026-04-28T17:56:27.1412|INFO|PluginLoader.cs|LoadPlugin|402|Successfully loaded plugin Point3D version 0.2.3.0 by Drew McDermott
2026-04-28T17:56:27.6401|INFO|StarfrontClient.cs|StartFolderWatcher|167|[Rockwood] Watching: C:\ASTROIMAGES\NINA\
2026-04-28T17:56:27.6431|INFO|PluginLoader.cs|LoadPlugin|402|Successfully loaded plugin Rockwood Starfront version 1.0.0.0 by Rockwood Observatory
2026-04-28T17:56:27.6431|INFO|StarfrontClient.cs|RunLoop|68|[Rockwood] connecting to wss://api.starfront.space:443/ws/scope?key=***
2026-04-28T17:56:27.7932|INFO|StarfrontClient.cs|RunLoop|71|[Rockwood] connected
2026-04-28T17:56:28.6904|INFO|PluginLoader.cs|LoadPlugin|402|Successfully loaded plugin Scope Control version 2.0.2.1 by Stefan Berg @isbeorn
2026-04-28T17:56:31.5057|WARNING|When.cs|GetRunningItem|143|Can't get running items: SequencerNavigation not initialized yet!
2026-04-28T17:56:31.7845|INFO|PluginLoader.cs|LoadPlugin|402|Successfully loaded plugin Sequencer Powerups version 3.29.0.9 by Marc Blank
2026-04-28T17:56:32.9146|INFO|PluginLoader.cs|LoadPlugin|402|Successfully loaded plugin Session Metadata version 2.6.3.0 by Tom Palmer @tcpalmer
2026-04-28T17:56:33.0650|INFO|PluginLoader.cs|LoadPlugin|402|Successfully loaded plugin Shutdown PC version 2.2.0.0 by Dale Ghent
2026-04-28T17:56:33.4568|INFO|PluginLoader.cs|LoadPlugin|402|Successfully loaded plugin SkyFlats version 1.0.0.4 by Gerald Hitz (@photon)
2026-04-28T17:56:34.1604|INFO|PluginLoader.cs|LoadPlugin|402|Successfully loaded plugin Smart Filters version 1.0.0.3 by Benoit SAINTOT
2026-04-28T17:56:36.0262|INFO|Plugin.cs|RunStationHeartbeatLoopAsync|799|[Subframes] TS not detected at startup — deferring first heartbeat to allow plugin load to complete.
2026-04-28T17:56:36.0326|INFO|SyncEngine.cs|Start|41|[Subframes] SyncEngine started.
2026-04-28T17:56:36.0363|INFO|Plugin.cs|.ctor|179|[Subframes] Plugin loaded (primary instance).
2026-04-28T17:56:36.0411|WARNING|Plugin.cs|OnImportsSatisfied|209|[Subframes] Sequence event subscription deferred — SequenceMediator internals not yet initialized.
2026-04-28T17:56:36.0475|WARNING|Plugin.cs|.ctor|125|[Subframes] Duplicate plugin instance created by MEF — proxying to primary to prevent duplicate sessions/sync.
2026-04-28T17:56:36.0498|INFO|PluginLoader.cs|LoadPlugin|402|Successfully loaded plugin Subframes version 0.3.3.0 by Subframes
2026-04-28T17:56:36.5158|WARNING|When.cs|GetRunningItem|143|Can't get running items: SequencerNavigation not initialized yet!
2026-04-28T17:56:36.9238|INFO|PluginLoader.cs|LoadPlugin|402|Successfully loaded plugin Target Planning version 3.2.1.0 by Tom Palmer @tcpalmer
2026-04-28T17:56:41.5188|WARNING|When.cs|GetRunningItem|143|Can't get running items: SequencerNavigation not initialized yet!
2026-04-28T17:56:44.7745|INFO|PluginLoader.cs|LoadPlugin|402|Successfully loaded plugin Target Scheduler version 5.9.0.0 by Tom Palmer @tcpalmer
2026-04-28T17:56:45.4875|INFO|PluginLoader.cs|LoadPlugin|402|Successfully loaded plugin Three Point Polar Alignment version 2.2.5.1 by Stefan Berg @isbeorn
2026-04-28T17:56:46.5211|WARNING|When.cs|GetRunningItem|143|Can't get running items: SequencerNavigation not initialized yet!
2026-04-28T17:56:47.9453|INFO|SessionHistoryManager.cs|PurgeHistoryOlderThan|102|purging web session history older than 10 days
2026-04-28T17:56:48.0097|INFO|PluginLoader.cs|LoadPlugin|402|Successfully loaded plugin Web Session History Viewer version 2.2.1.0 by Tom Palmer @tcpalmer
2026-04-28T17:56:48.6061|INFO|PluginFetcher.cs|RequestAll|43|Fetching plugin manifests from https://nighttime-imaging.eu/wp-json/nina/v1/plugins/manifests
2026-04-28T17:56:48.7548|INFO|RotatorChooserVM.cs|GetEquipment|45|Found 1 Networked Rotator Rotators
2026-04-28T17:56:48.8789|INFO|CameraChooserVM.cs|GetEquipment|279|Found 0 SVBony Cameras
2026-04-28T17:56:49.0135|INFO|CameraChooserVM.cs|GetEquipment|279|Found 0 PlayerOne Cameras
2026-04-28T17:56:49.1064|INFO|CameraChooserVM.cs|GetEquipment|279|Found 0 ASTPAN Cameras
2026-04-28T17:56:49.1091|INFO|CameraChooserVM.cs|GetEquipment|293|Found 4 ASCOM Cameras
2026-04-28T17:56:49.3484|INFO|Sequence2VM.cs|TryLoadSequenceFile|414|Loading sequence file: C:\Users\nicka\Astro\NINA\NINA_Sequences\TargetScheduler.json
2026-04-28T17:56:49.5047|INFO|FilterWheelChooserVM.cs|GetEquipment|167|Found 1 Networked Filter Wheel Filter Wheels
2026-04-28T17:56:50.1211|INFO|Sequence2VM.cs|TryLoadSequenceFile|420|Starting sequence from command line options
2026-04-28T17:56:50.1249|INFO|Sequence2VM.cs|StartSequence|543|Advanced Sequence starting
2026-04-28T17:56:50.6947|INFO|PluginFetcher.cs|RequestAll|57|Found 78 valid plugins at https://nighttime-imaging.eu/wp-json/nina/v1/plugins/manifests
2026-04-28T17:56:50.8343|INFO|SequenceItem.cs|Run|208|Starting Category: * Instruction Set *, Container: NINA.Sequencer.Container.SequenceRootContainer, Strategy: SequentialStrategy, Items[CREATED]: 3, Triggers: Category: Ground Station, Item: Failures to Telegram
2026-04-28T17:56:50.8495|INFO|SequenceItem.cs|Run|208|Starting Category: * Instruction Set *, Container: NINA.Sequencer.Container.StartAreaContainer, Strategy: SequentialStrategy, Items[CREATED]: 1
2026-04-28T17:56:50.8505|INFO|SequenceItem.cs|Run|208|Starting Category: * Instruction Set *, Container: NINA.Sequencer.Container.SequentialContainer, Strategy: SequentialStrategy, Items[CREATED]: 10
2026-04-28T17:56:50.8513|INFO|SequenceItem.cs|Run|208|Starting Category: Ground Station, Item: Send to Pushover, Title: Start
2026-04-28T17:56:50.9244|INFO|Plugin.cs|TrySubscribeSequenceEvents|235|[Subframes] ISequenceMediator.SequenceStarted not present in this NINA build — session will open on first captured image instead.
2026-04-28T17:56:50.9247|INFO|Plugin.cs|RetrySubscribeSequenceEventsAsync|271|[Subframes] Deferred sequence event subscription succeeded after 14s.
2026-04-28T17:56:50.9299|INFO|RotatorChooserVM.cs|GetEquipment|68|Found 0 Alpaca Rotators
2026-04-28T17:56:50.9738|INFO|SwitchChooserVM.cs|GetEquipment|71|Found 0 Alpaca Switch Hubs
2026-04-28T17:56:51.0508|INFO|SafetyMonitorChooserVM.cs|GetEquipment|71|Found 0 Alpaca Safety Monitors
2026-04-28T17:56:51.1138|INFO|CameraChooserVM.cs|GetEquipment|305|Found 0 Alpaca Cameras
2026-04-28T17:56:51.1167|INFO|SequenceItem.cs|Run|254|Finishing Category: Ground Station, Item: Send to Pushover, Title: Start
2026-04-28T17:56:51.1211|INFO|CameraChooserVM.cs|GetEquipment|318|Found 0 Canon Cameras
2026-04-28T17:56:51.1221|INFO|SequenceItem.cs|Run|208|Starting Category: Utility, Item: WaitForTime, Time: 19:51:45h, Offset: -80
2026-04-28T17:56:51.3178|INFO|WeatherDataChooserVM.cs|GetEquipment|69|Found 0 Alpaca Observing Conditions
2026-04-28T17:56:51.3245|INFO|DockManagerVM.cs|InitializeAvalonDockLayout|366|Initializing imaging tab layout from C:\Users\nicka\AppData\Local\NINA\Profiles\0173997c-4bfa-48fd-9337-a48b6df99c38.dock.config
2026-04-28T17:56:51.3307|INFO|FlatDeviceChooserVM.cs|GetEquipment|67|Found 0 Alpaca Cover Calibrators
2026-04-28T17:56:51.5080|INFO|FilterWheelChooserVM.cs|GetEquipment|193|Found 0 Alpaca Filter Wheels
2026-04-28T17:56:51.6646|INFO|DomeChooserVM.cs|GetEquipment|67|Found 0 Alpaca Domes
2026-04-28T17:56:51.6897|INFO|TelescopeChooserVM.cs|GetEquipment|69|Found 0 Alpaca Telescopes
2026-04-28T17:56:52.7787|INFO|FocuserChooserVM.cs|GetEquipment|84|Found 0 Alpaca Focusers
2026-04-28T17:57:43.1568|INFO|TargetSchedulerDetector.cs|DoProbeAsync|177|[Subframes] TargetSchedulerDetector: state no_api → active
2026-04-28T17:57:43.1572|INFO|Plugin.cs|OnTsStateChanged|781|[Subframes] TS state → active: firing immediate station heartbeat.
2026-04-28T19:51:52.0655|INFO|SequenceItem.cs|Run|254|Finishing Category: Utility, Item: WaitForTime, Time: 19:51:45h, Offset: -80
2026-04-28T19:51:52.0679|INFO|SequenceItem.cs|Run|208|Starting Category: Ground Station, Item: Send to Telegram
2026-04-28T19:51:52.8912|INFO|SequenceItem.cs|Run|254|Finishing Category: Ground Station, Item: Send to Telegram
2026-04-28T19:51:52.8915|INFO|SequenceItem.cs|Run|208|Starting Category: Ground Station, Item: Send to Pushover, Title: Configure Equipment
2026-04-28T19:51:53.0664|INFO|SequenceItem.cs|Run|254|Finishing Category: Ground Station, Item: Send to Pushover, Title: Configure Equipment
2026-04-28T19:51:53.0682|INFO|SequenceItem.cs|Run|208|Starting Category: Connect, Item: ConnectAllEquipment
2026-04-28T19:51:53.0942|INFO|CameraChooserVM.cs|GetEquipment|69|Found 2 ASI Cameras
2026-04-28T19:51:53.1738|INFO|CameraChooserVM.cs|GetEquipment|84|Found 0 Altair Cameras
2026-04-28T19:51:53.1739|INFO|CameraChooserVM.cs|GetEquipment|96|Found 0 Atik Cameras
2026-04-28T19:51:53.1746|INFO|CameraChooserVM.cs|GetEquipment|110|Found 0 FLI Cameras
2026-04-28T19:51:53.1749|INFO|CameraChooserVM.cs|GetEquipment|130|Found 0 QHYCCD Cameras
2026-04-28T19:51:53.3298|INFO|CameraChooserVM.cs|GetEquipment|158|Found 0 ToupTek Cameras
2026-04-28T19:51:53.3350|INFO|CameraChooserVM.cs|GetEquipment|173|Found 0 Ogma Cameras
2026-04-28T19:51:53.3486|INFO|CameraChooserVM.cs|GetEquipment|188|Found 0 Omegon Cameras
2026-04-28T19:51:53.5061|INFO|CameraChooserVM.cs|GetEquipment|203|Found 0 RisingCam Cameras
2026-04-28T19:51:53.5201|INFO|CameraChooserVM.cs|GetEquipment|218|Found 0 MallinCam Cameras
2026-04-28T19:51:53.5216|INFO|CameraChooserVM.cs|GetEquipment|243|Found 0 SVBony Cameras
2026-04-28T19:51:53.5238|INFO|CameraChooserVM.cs|GetEquipment|259|Found 0 SBIG Cameras
2026-04-28T19:51:53.5243|INFO|CameraChooserVM.cs|GetEquipment|279|Found 0 SVBony Cameras
2026-04-28T19:51:53.5247|INFO|CameraChooserVM.cs|GetEquipment|279|Found 0 PlayerOne Cameras
2026-04-28T19:51:53.5320|INFO|CameraChooserVM.cs|GetEquipment|279|Found 0 ASTPAN Cameras
2026-04-28T19:51:53.5328|INFO|CameraChooserVM.cs|GetEquipment|293|Found 4 ASCOM Cameras
2026-04-28T19:51:55.5343|INFO|CameraChooserVM.cs|GetEquipment|305|Found 0 Alpaca Cameras
2026-04-28T19:51:55.5407|INFO|CameraChooserVM.cs|GetEquipment|318|Found 0 Canon Cameras
2026-04-28T19:51:55.6133|INFO|CameraVM.cs|Disconnect|650|Disconnected Camera
2026-04-28T19:51:56.1780|WARNING|ASICamera.cs|SetControlValue|568|Failed to set ASI Control Value ASI_WB_B with value 50
2026-04-28T19:51:56.1782|WARNING|ASICamera.cs|SetControlValue|568|Failed to set ASI Control Value ASI_WB_R with value 50
2026-04-28T19:51:56.1782|WARNING|ASICamera.cs|SetControlValue|568|Failed to set ASI Control Value ASI_GAMMA with value 50
2026-04-28T19:51:56.1783|WARNING|ASICamera.cs|SetControlValue|568|Failed to set ASI Control Value ASI_HIGH_SPEED_MODE with value 0
2026-04-28T19:51:56.1784|WARNING|ASICamera.cs|SetControlValue|568|Failed to set ASI Control Value ASI_OVERCLOCK with value 0
2026-04-28T19:51:56.1784|WARNING|ASICamera.cs|SetControlValue|568|Failed to set ASI Control Value ASI_PATTERN_ADJUST with value 0
2026-04-28T19:51:56.1794|WARNING|ASICamera.cs|SetControlValue|568|Failed to set ASI Control Value ASI_MONO_BIN with value 0
2026-04-28T19:51:56.1805|INFO|ASICamera.cs|Initialize|664|Camera ID: ASI533MM
2026-04-28T19:51:56.1921|WARNING|ASICamera.cs|SetControlValue|568|Failed to set ASI Control Value ASI_ANTI_DEW_HEATER with value 0
2026-04-28T19:51:56.2549|INFO|CameraVM.cs|ChooseCamera|455|Successfully connected Camera. Id: ZWOptical_ZWO ASI533MM Pro_ASI533MM Name: ZWO ASI533MM Pro DisplayName: ZWO ASI533MM Pro (ASI533MM)Driver Version: 1, 39, 0, 0
2026-04-28T19:51:56.8088|INFO|FilterWheelChooserVM.cs|GetEquipment|167|Found 1 Networked Filter Wheel Filter Wheels
2026-04-28T19:51:58.8108|INFO|FilterWheelChooserVM.cs|GetEquipment|193|Found 0 Alpaca Filter Wheels
2026-04-28T19:51:58.8763|INFO|FilterWheelVM.cs|Disconnect|333|Disconnected Filter Wheel
2026-04-28T19:52:02.4728|INFO|FilterWheelVM.cs|ChooseFW|279|Successfully connected Filter Wheel. Id: ASCOM.EFW2.FilterWheel Name: ZWO FilterWheel DisplayName: ZWO FilterWheel (ASCOM) Driver Version: 6.0
2026-04-28T19:52:06.3237|INFO|FocuserChooserVM.cs|GetEquipment|84|Found 0 Alpaca Focusers
2026-04-28T19:52:06.3310|INFO|FocuserVM.cs|Disconnect|441|Disconnected Focuser
2026-04-28T19:52:08.0507|ERROR|AscomDevice.cs|GetProperty|546|An unexpected exception occurred during GET of Focuser.StepSize: 
ASCOM.DriverException: The method or operation is not implemented.
 ---> System.NotImplementedException: The method or operation is not implemented.
   --- End of inner exception stack trace ---
   at ASCOM.Com.DriverAccess.DynamicAccess.CheckDotNetExceptions(String memberName, Exception e) in J:\ASCOMLibrary\ASCOM.Com\ASCOM.Com.DriverAccess\BaseClass\DynamicAccess.cs:line 278
   at ASCOM.Com.DriverAccess.DynamicAccess.TryGetMember(GetMemberBinder binder, Object& result) in J:\ASCOMLibrary\ASCOM.Com\ASCOM.Com.DriverAccess\BaseClass\DynamicAccess.cs:line 150
   at CallSite.Target(Closure, CallSite, Object)
   at System.Dynamic.UpdateDelegates.UpdateAndExecute1[T0,TRet](CallSite site, T0 arg0)
   at ASCOM.Com.DriverAccess.Focuser.get_StepSize() in J:\ASCOMLibrary\ASCOM.Com\ASCOM.Com.DriverAccess\Focuser.cs:line 159
   at System.RuntimeMethodHandle.InvokeMethod(Object target, Void** arguments, Signature sig, Boolean isConstructor)
   at System.Reflection.MethodBaseInvoker.InvokeWithNoArgs(Object obj, BindingFlags invokeAttr)
2026-04-28T19:52:08.2596|INFO|AscomDevice.cs|GetProperty|485|Retrying to GET Focuser.StepSize - Attempt 2 / 3
2026-04-28T19:52:08.2624|ERROR|AscomDevice.cs|GetProperty|546|An unexpected exception occurred during GET of Focuser.StepSize: 
ASCOM.DriverException: The method or operation is not implemented.
 ---> System.NotImplementedException: The method or operation is not implemented.
   --- End of inner exception stack trace ---
   at ASCOM.Com.DriverAccess.DynamicAccess.CheckDotNetExceptions(String memberName, Exception e) in J:\ASCOMLibrary\ASCOM.Com\ASCOM.Com.DriverAccess\BaseClass\DynamicAccess.cs:line 278
   at ASCOM.Com.DriverAccess.DynamicAccess.TryGetMember(GetMemberBinder binder, Object& result) in J:\ASCOMLibrary\ASCOM.Com\ASCOM.Com.DriverAccess\BaseClass\DynamicAccess.cs:line 150
   at CallSite.Target(Closure, CallSite, Object)
   at ASCOM.Com.DriverAccess.Focuser.get_StepSize() in J:\ASCOMLibrary\ASCOM.Com\ASCOM.Com.DriverAccess\Focuser.cs:line 159
   at InvokeStub_Focuser.get_StepSize(Object, Object, IntPtr*)
   at System.Reflection.MethodBaseInvoker.InvokeWithNoArgs(Object obj, BindingFlags invokeAttr)
2026-04-28T19:52:08.4634|INFO|AscomDevice.cs|GetProperty|485|Retrying to GET Focuser.StepSize - Attempt 3 / 3
2026-04-28T19:52:08.4656|ERROR|AscomDevice.cs|GetProperty|546|An unexpected exception occurred during GET of Focuser.StepSize: 
ASCOM.DriverException: The method or operation is not implemented.
 ---> System.NotImplementedException: The method or operation is not implemented.
   --- End of inner exception stack trace ---
   at ASCOM.Com.DriverAccess.DynamicAccess.CheckDotNetExceptions(String memberName, Exception e) in J:\ASCOMLibrary\ASCOM.Com\ASCOM.Com.DriverAccess\BaseClass\DynamicAccess.cs:line 278
   at ASCOM.Com.DriverAccess.DynamicAccess.TryGetMember(GetMemberBinder binder, Object& result) in J:\ASCOMLibrary\ASCOM.Com\ASCOM.Com.DriverAccess\BaseClass\DynamicAccess.cs:line 150
   at CallSite.Target(Closure, CallSite, Object)
   at ASCOM.Com.DriverAccess.Focuser.get_StepSize() in J:\ASCOMLibrary\ASCOM.Com\ASCOM.Com.DriverAccess\Focuser.cs:line 159
   at InvokeStub_Focuser.get_StepSize(Object, Object, IntPtr*)
   at System.Reflection.MethodBaseInvoker.InvokeWithNoArgs(Object obj, BindingFlags invokeAttr)
2026-04-28T19:52:08.4665|INFO|AscomDevice.cs|GetProperty|556|GET Focuser.StepSize failed - Returning last known value 0
2026-04-28T19:52:08.7117|INFO|FocuserVM.cs|ChooseFocuser|333|Successfully connected Focuser. Id: ASCOM.EAF.Focuser Name: ZWO Focuser DisplayName: ZWO Focuser (ASCOM) Driver Version: 6.0
2026-04-28T19:52:10.7147|INFO|TelescopeChooserVM.cs|GetEquipment|69|Found 0 Alpaca Telescopes
2026-04-28T19:52:10.7733|INFO|TelescopeVM.cs|Disconnect|740|Disconnected mount
2026-04-28T19:52:13.4041|INFO|AscomTelescope.cs|CheckMountTime|845|Mount UTC Time: 2026-04-29 00:52:10Z / System UTC Time: 2026-04-29 00:52:13Z; Difference: 3.284 seconds
2026-04-28T19:52:13.4571|INFO|AscomTelescope.cs|CheckMountTime|852|System time has been synced to the mount
2026-04-28T19:52:13.7192|INFO|TelescopeVM.cs|ChooseTelescope|535|Successfully connected mount. Id: ASCOM.iOptron2017.Telescope Name: iOptron CEM120,70,40,26, GEM, HEM, HAE, HAZ series and SkyHunter Mount DisplayName: iOptron CEM120,70,40,26, GEM, HEM, HAE, HAZ series and SkyHunter Mount (ASCOM) Driver Version: 9.15
2026-04-28T19:52:13.7316|INFO|PHD2Guider.cs|Connect|205|Connecting to PHD2 server at 127.0.0.1:4400
2026-04-28T19:52:20.9789|INFO|WeatherDataChooserVM.cs|GetEquipment|69|Found 0 Alpaca Observing Conditions
2026-04-28T19:52:21.0127|INFO|WeatherDataVM.cs|Disconnect|305|Disconnected Weather Device
2026-04-28T19:52:23.2895|INFO|AscomDevice.cs|GetProperty|527|Property ObservingConditions.SkyQuality GET is not implemented in this driver (SkyAlert Observing Conditions)
2026-04-28T19:52:23.2972|INFO|AscomDevice.cs|GetProperty|527|Property ObservingConditions.StarFWHM GET is not implemented in this driver (SkyAlert Observing Conditions)
2026-04-28T19:52:23.3203|INFO|WeatherDataVM.cs|ChooseWeatherData|150|Successfully connected Weather Device. Id: ASCOM.SkyAlert.ObservingConditions Name: SkyAlert Observing Conditions DisplayName: SkyAlert Observing Conditions (ASCOM) Driver Version: 1.7
2026-04-28T19:52:23.9550|INFO|PHD2Client.cs|ConnectAsync|118|PHD2Client: Connected successfully!
2026-04-28T19:52:23.9552|INFO|DitherStatisticsVM.cs|OnPHD2ConnectionStatusChanged|734|PHD2 Connection Status: Connected
2026-04-28T19:52:23.9552|INFO|DitherStatisticsVM.cs|ConnectToPHD2|713|Successfully connected to PHD2!
2026-04-28T19:52:23.9569|INFO|PHD2Client.cs|ReadEventsAsync|181|PHD2Client: Started reading events
2026-04-28T19:52:23.9730|INFO|PHD2Client.cs|HandleVersion|366|PHD2Client: Connected to PHD2 version 2.6.14. (Message Protocol v1)
2026-04-28T19:52:23.9738|INFO|PHD2Client.cs|ProcessEvent|257|PHD2: CalibrationComplete
2026-04-28T19:52:23.9745|INFO|PHD2Client.cs|HandleAppState|376|PHD2Client: PHD2 AppState: Stopped
2026-04-28T19:52:25.3223|INFO|SafetyMonitorChooserVM.cs|GetEquipment|71|Found 0 Alpaca Safety Monitors
2026-04-28T19:52:25.3409|INFO|SafetyMonitorVM.cs|Disconnect|221|Disconnected Safety Monitor
2026-04-28T19:52:26.0480|INFO|SafetyMonitorVM.cs|Connect|175|Successfully connected Safety Monitor. Id: ASCOM.GenericFile.SafetyMonitor Name: Generic File driver DisplayName: Generic File driver (ASCOM) Driver Version: 6.4
2026-04-28T19:52:26.0484|INFO|SequenceItem.cs|Run|254|Finishing Category: Connect, Item: ConnectAllEquipment
2026-04-28T19:52:26.0490|INFO|SequenceItem.cs|Run|208|Starting Category: Telescope, Item: FindHome
2026-04-28T19:52:26.0552|INFO|PHD2Guider.cs|StopGuiding|704|Phd2 - Stop Guiding skipped, as the app is already in state Stopped
2026-04-28T19:52:26.0571|INFO|TelescopeVM.cs|FindHome|292|Mount ordered to locate home position
2026-04-28T19:52:26.0598|INFO|TelescopeVM.cs|FindHome|336|Mount ordered to home but it is already at home
2026-04-28T19:52:26.0602|INFO|TelescopeVM.cs|FindHome|348|Mount has located its home position
2026-04-28T19:52:26.0611|INFO|SequenceItem.cs|Run|254|Finishing Category: Telescope, Item: FindHome
2026-04-28T19:52:26.0613|INFO|SequenceItem.cs|Run|208|Starting Category: Ground Station, Item: Send to Telegram
2026-04-28T19:52:26.6944|INFO|SequenceItem.cs|Run|254|Finishing Category: Ground Station, Item: Send to Telegram
2026-04-28T19:52:26.6949|INFO|SequenceItem.cs|Run|208|Starting Category: Ground Station, Item: Send to Pushover, Title: Cool
2026-04-28T19:52:26.8430|INFO|SequenceItem.cs|Run|254|Finishing Category: Ground Station, Item: Send to Pushover, Title: Cool
2026-04-28T19:52:26.8439|INFO|SequenceItem.cs|Run|208|Starting Category: Camera, Item: CoolCamera, Temperature: -5, Duration: 15
2026-04-28T19:52:26.8473|INFO|CameraVM.cs|CoolCamera|138|Cooling Camera. Target: -5 Duration: 00:15:00
2026-04-28T19:52:28.0516|INFO|SafetyMonitorVM.cs|UpdateMonitorValues|95|SafetyMonitorInfo state changed to Unsafe
2026-04-28T20:08:17.5775|INFO|SequenceItem.cs|Run|254|Finishing Category: Camera, Item: CoolCamera, Temperature: -5, Duration: 15
2026-04-28T20:08:17.5780|INFO|SequenceItem.cs|Run|208|Starting Category: Utility, Item: WaitForTime, Time: 20:56:45h, Offset: -15
2026-04-28T20:56:48.3037|INFO|SequenceItem.cs|Run|254|Finishing Category: Utility, Item: WaitForTime, Time: 20:56:45h, Offset: -15
2026-04-28T20:56:48.3079|INFO|SequenceItem.cs|Run|254|Finishing Category: * Instruction Set *, Container: NINA.Sequencer.Container.SequentialContainer, Strategy: SequentialStrategy, Items[FINISHED]: 10
2026-04-28T20:56:48.3082|INFO|SequenceItem.cs|Run|254|Finishing Category: * Instruction Set *, Container: NINA.Sequencer.Container.StartAreaContainer, Strategy: SequentialStrategy, Items[FINISHED]: 1
2026-04-28T20:56:48.3171|INFO|SequenceItem.cs|Run|208|Starting Category: * Instruction Set *, Container: NINA.Sequencer.Container.TargetAreaContainer, Strategy: SequentialStrategy, Items[CREATED]: 1
2026-04-28T20:56:48.3193|INFO|SequenceItem.cs|Run|208|Starting Category: * Instruction Set *, Container: NINA.Sequencer.Container.SequentialContainer, Strategy: SequentialStrategy, Items[CREATED]: 12, Conditions: Condition: TimeCondition, Time: 6:28:17h, Condition: TargetSchedulerCondition mode=While Targets Remain Tonight, , Triggers: Trigger: CenterAfterDriftTrigger, DistanceArcMinutes: 1Trigger: WhenUnsafeCategory: Ground Station, Item: Failures to TelegramCategory: Connect, Item: ReconnectOnDownloadFailureTrigger: AutofocusAfterHFRIncreaseTrigger, Amount: 5Trigger: MeridianFlipTriggerCategory: Powerups (Misc), Item: DIYTriggerCategory: Ground Station, Item: Failures to PushoverTrigger: AutofocusAfterTemperatureChangeTrigger, Amount: 1.5°
2026-04-28T20:56:48.3214|INFO|WhenCommon.cs|SequenceBlockInitialize|204|Initialize; starting watchdog
2026-04-28T20:56:48.3243|INFO|WhenUnsafe.cs|CheckSafe|77|IsSafe is now FALSE; connected = True, IsSafe = False
2026-04-28T20:56:48.3246|INFO|WhenCommon.cs|ShouldTrigger|378|ShouldTrigger TRUE from InterruptWhen, setting TriggerRunner
2026-04-28T20:56:48.3247|INFO|WhenCommon.cs|InterruptWhen|322|Interrupting current Instruction Set
2026-04-28T20:56:48.3267|INFO|WhenCommon.cs|InterruptWhen|332|Canceling sequence...
2026-04-28T20:56:49.3273|INFO|WhenCommon.cs|InterruptWhen|336|Delay 1000
2026-04-28T20:56:50.3280|INFO|WhenCommon.cs|InterruptWhen|336|Delay 1000
2026-04-28T20:56:51.3281|INFO|WhenCommon.cs|InterruptWhen|336|Delay 1000
2026-04-28T20:56:52.3281|INFO|WhenCommon.cs|InterruptWhen|336|Delay 1000
2026-04-28T20:56:53.3292|INFO|WhenCommon.cs|InterruptWhen|336|Delay 1000
2026-04-28T20:56:54.3293|INFO|WhenCommon.cs|InterruptWhen|336|Delay 1000
2026-04-28T20:56:55.3300|INFO|WhenCommon.cs|InterruptWhen|336|Delay 1000
2026-04-28T20:56:56.3310|INFO|WhenCommon.cs|InterruptWhen|336|Delay 1000
2026-04-28T20:56:57.3315|INFO|WhenCommon.cs|InterruptWhen|336|Delay 1000
2026-04-28T20:56:58.3312|INFO|WhenCommon.cs|InterruptWhen|336|Delay 1000
2026-04-28T20:56:59.3319|INFO|WhenCommon.cs|InterruptWhen|336|Delay 1000
2026-04-28T20:57:00.3314|INFO|WhenCommon.cs|InterruptWhen|336|Delay 1000
2026-04-28T20:57:01.3310|INFO|WhenCommon.cs|InterruptWhen|336|Delay 1000
2026-04-28T20:57:02.3316|INFO|WhenCommon.cs|InterruptWhen|336|Delay 1000
2026-04-28T20:57:03.3321|INFO|WhenCommon.cs|InterruptWhen|336|Delay 1000
2026-04-28T20:57:04.3328|INFO|WhenCommon.cs|InterruptWhen|336|Delay 1000
2026-04-28T20:57:05.3328|INFO|WhenCommon.cs|InterruptWhen|336|Delay 1000
2026-04-28T20:57:06.3328|INFO|WhenCommon.cs|InterruptWhen|336|Delay 1000
2026-04-28T20:57:07.3322|INFO|WhenCommon.cs|InterruptWhen|336|Delay 1000
2026-04-28T20:57:08.3328|INFO|WhenCommon.cs|InterruptWhen|336|Delay 1000
2026-04-28T20:57:09.3330|INFO|WhenCommon.cs|InterruptWhen|336|Delay 1000
2026-04-28T20:57:10.3329|INFO|WhenCommon.cs|InterruptWhen|336|Delay 1000
2026-04-28T20:57:11.3331|INFO|WhenCommon.cs|InterruptWhen|336|Delay 1000
2026-04-28T20:57:12.3333|INFO|WhenCommon.cs|InterruptWhen|336|Delay 1000
2026-04-28T20:57:13.3343|INFO|WhenCommon.cs|InterruptWhen|336|Delay 1000
2026-04-28T20:57:14.3348|INFO|WhenCommon.cs|InterruptWhen|336|Delay 1000
2026-04-28T20:57:15.3347|INFO|WhenCommon.cs|InterruptWhen|336|Delay 1000
2026-04-28T20:57:16.3352|INFO|WhenCommon.cs|InterruptWhen|336|Delay 1000
2026-04-28T20:57:17.3361|INFO|WhenCommon.cs|InterruptWhen|336|Delay 1000
2026-04-28T20:57:18.3408|INFO|WhenCommon.cs|InterruptWhen|336|Delay 1000
2026-04-28T20:57:19.3413|INFO|WhenCommon.cs|InterruptWhen|336|Delay 1000
2026-04-28T20:57:20.3427|INFO|WhenCommon.cs|InterruptWhen|336|Delay 1000
2026-04-28T20:57:21.3423|INFO|WhenCommon.cs|InterruptWhen|336|Delay 1000
2026-04-28T20:57:21.6619|INFO|WhenCommon.cs|SequenceBlockTeardown|198|Teardown; shutting down watchdog
2026-04-28T20:57:21.6646|INFO|Sequencer.cs|Start|85|Sequence run was cancelled
2026-04-28T20:57:21.6822|INFO|Sequence2VM.cs|StartSequence|548|Advanced Sequence finished
2026-04-28T20:57:22.3422|INFO|WhenCommon.cs|InterruptWhen|339|Sequence no longer running
2026-04-28T20:57:22.3432|WARNING|WhenCommon.cs|CheckSlewing|263|CheckSlewing, WhenUnsafe = True, Connected = True, CanSlew = True, info.Slewing = False
2026-04-28T20:57:22.3443|INFO|Sequence2VM.cs|StartSequence|543|Advanced Sequence starting
2026-04-28T20:57:22.3834|INFO|SequenceItem.cs|Run|208|Starting Category: * Instruction Set *, Container: NINA.Sequencer.Container.SequenceRootContainer, Strategy: SequentialStrategy, Items[CREATED]: 3, Triggers: Category: Ground Station, Item: Failures to Telegram
2026-04-28T20:57:22.3837|INFO|SequenceItem.cs|Run|208|Starting Category: * Instruction Set *, Container: NINA.Sequencer.Container.StartAreaContainer, Strategy: SequentialStrategy, Items[FINISHED]: 1
2026-04-28T20:57:22.3838|INFO|SequenceItem.cs|Run|254|Finishing Category: * Instruction Set *, Container: NINA.Sequencer.Container.StartAreaContainer, Strategy: SequentialStrategy, Items[FINISHED]: 1
2026-04-28T20:57:22.3839|INFO|SequenceItem.cs|Run|208|Starting Category: * Instruction Set *, Container: NINA.Sequencer.Container.TargetAreaContainer, Strategy: SequentialStrategy, Items[CREATED]: 1
2026-04-28T20:57:22.3840|INFO|SequenceItem.cs|Run|208|Starting Category: * Instruction Set *, Container: NINA.Sequencer.Container.SequentialContainer, Strategy: SequentialStrategy, Items[CREATED]: 12, Conditions: Condition: TimeCondition, Time: 6:28:17h, Condition: TargetSchedulerCondition mode=While Targets Remain Tonight, , Triggers: Trigger: CenterAfterDriftTrigger, DistanceArcMinutes: 1Trigger: WhenUnsafeCategory: Ground Station, Item: Failures to TelegramCategory: Connect, Item: ReconnectOnDownloadFailureTrigger: AutofocusAfterHFRIncreaseTrigger, Amount: 5Trigger: MeridianFlipTriggerCategory: Powerups (Misc), Item: DIYTriggerCategory: Ground Station, Item: Failures to PushoverTrigger: AutofocusAfterTemperatureChangeTrigger, Amount: 1.5°
2026-04-28T20:57:22.3844|INFO|WhenCommon.cs|SequenceBlockInitialize|204|Initialize; starting watchdog
2026-04-28T20:57:22.3858|INFO|WhenCommon.cs|ShouldTrigger|382|ShouldTrigger TRUE, setting TriggerRunner
2026-04-28T20:57:22.3880|INFO|SequenceTrigger.cs|Run|114|Starting Trigger: WhenUnsafe
2026-04-28T20:57:22.4043|INFO|WhenCommon.cs|Execute|395|Execute 0
2026-04-28T20:57:22.4046|INFO|WhenCommon.cs|Execute|409|When: running TriggerRunner, InFlight -> true, Triggered -> false
2026-04-28T20:57:22.4047|WARNING|WhenCommon.cs|CheckSlewing|263|CheckSlewing, WhenUnsafe = True, Connected = True, CanSlew = True, info.Slewing = False
2026-04-28T20:57:22.4049|INFO|SequenceItem.cs|Run|208|Starting Category: , Container: WhenPlugin.When.IfContainer, Strategy: SequentialStrategy, Items[CREATED]: 9
2026-04-28T20:57:22.4294|INFO|MeridianFlipTrigger.cs|ShouldTrigger|197|Meridian Flip - Telescope is at home position. Skip flip evaluation
2026-04-28T20:57:22.4315|INFO|SequenceItem.cs|Run|208|Starting Category: Ground Station, Item: Send to Telegram
2026-04-28T20:57:23.0870|INFO|SequenceItem.cs|Run|254|Finishing Category: Ground Station, Item: Send to Telegram
2026-04-28T20:57:23.0886|INFO|MeridianFlipTrigger.cs|ShouldTrigger|197|Meridian Flip - Telescope is at home position. Skip flip evaluation
2026-04-28T20:57:23.0888|INFO|SequenceItem.cs|Run|208|Starting Category: Ground Station, Item: Send to Pushover, Title: Unsafe
2026-04-28T20:57:23.2652|INFO|SequenceItem.cs|Run|254|Finishing Category: Ground Station, Item: Send to Pushover, Title: Unsafe
2026-04-28T20:57:23.2663|INFO|MeridianFlipTrigger.cs|ShouldTrigger|197|Meridian Flip - Telescope is at home position. Skip flip evaluation
2026-04-28T20:57:23.2664|INFO|SequenceItem.cs|Run|208|Starting Category: Telescope, Item: FindHome
2026-04-28T20:57:23.2711|INFO|PHD2Guider.cs|StopGuiding|704|Phd2 - Stop Guiding skipped, as the app is already in state Stopped
2026-04-28T20:57:23.2714|INFO|TelescopeVM.cs|FindHome|292|Mount ordered to locate home position
2026-04-28T20:57:23.2721|INFO|TelescopeVM.cs|FindHome|336|Mount ordered to home but it is already at home
2026-04-28T20:57:23.2722|INFO|TelescopeVM.cs|FindHome|348|Mount has located its home position
2026-04-28T20:57:23.2724|INFO|SequenceItem.cs|Run|254|Finishing Category: Telescope, Item: FindHome
2026-04-28T20:57:23.2730|INFO|MeridianFlipTrigger.cs|ShouldTrigger|197|Meridian Flip - Telescope is at home position. Skip flip evaluation
2026-04-28T20:57:23.2738|INFO|SequenceItem.cs|Run|208|Starting Category: Guider, Item: StopGuiding
2026-04-28T20:57:23.2782|INFO|PHD2Guider.cs|StopGuiding|704|Phd2 - Stop Guiding skipped, as the app is already in state Stopped
2026-04-28T20:57:23.2784|INFO|SequenceItem.cs|Run|254|Finishing Category: Guider, Item: StopGuiding
2026-04-28T20:57:23.2913|INFO|MeridianFlipTrigger.cs|ShouldTrigger|197|Meridian Flip - Telescope is at home position. Skip flip evaluation
2026-04-28T20:57:23.2924|INFO|SequenceItem.cs|Run|208|Starting Category: Connect, Item: DisconnectEquipment, Selected device: Safety Monitor
2026-04-28T20:57:23.3832|INFO|AscomDevice.cs|Disconnect|378|Disconnecting from ASCOM.GenericFile.SafetyMonitor Generic File driver
2026-04-28T20:57:23.4104|INFO|SafetyMonitorVM.cs|Disconnect|221|Disconnected Safety Monitor
2026-04-28T20:57:23.4107|INFO|SequenceItem.cs|Run|254|Finishing Category: Connect, Item: DisconnectEquipment, Selected device: Safety Monitor
2026-04-28T20:57:23.4116|INFO|MeridianFlipTrigger.cs|ShouldTrigger|197|Meridian Flip - Telescope is at home position. Skip flip evaluation
2026-04-28T20:57:23.4126|INFO|SequenceItem.cs|Run|208|Starting Category: Utility, Item: WaitForTimeSpan, Time: 60s
2026-04-28T20:58:23.4983|INFO|SequenceItem.cs|Run|254|Finishing Category: Utility, Item: WaitForTimeSpan, Time: 60s
2026-04-28T20:58:23.4995|INFO|MeridianFlipTrigger.cs|ShouldTrigger|197|Meridian Flip - Telescope is at home position. Skip flip evaluation
2026-04-28T20:58:23.5009|INFO|SequenceItem.cs|Run|208|Starting Category: Connect, Item: ConnectEquipment, Selected device: Safety Monitor, Selected device id: ASCOM.GenericFile.SafetyMonitor
2026-04-28T20:58:25.5267|INFO|SafetyMonitorChooserVM.cs|GetEquipment|71|Found 0 Alpaca Safety Monitors
2026-04-28T20:58:25.5388|INFO|SafetyMonitorVM.cs|Disconnect|221|Disconnected Safety Monitor
2026-04-28T20:58:25.6046|INFO|SafetyMonitorVM.cs|Connect|175|Successfully connected Safety Monitor. Id: ASCOM.GenericFile.SafetyMonitor Name: Generic File driver DisplayName: Generic File driver (ASCOM) Driver Version: 6.4
2026-04-28T20:58:25.6050|INFO|SequenceItem.cs|Run|254|Finishing Category: Connect, Item: ConnectEquipment, Selected device: Safety Monitor, Selected device id: ASCOM.GenericFile.SafetyMonitor
2026-04-28T20:58:25.6055|INFO|MeridianFlipTrigger.cs|ShouldTrigger|197|Meridian Flip - Telescope is at home position. Skip flip evaluation
2026-04-28T20:58:25.6056|INFO|SequenceItem.cs|Run|208|Starting Category: Utility, Item: WaitForTimeSpan, Time: 60s
2026-04-28T20:58:27.6049|INFO|SafetyMonitorVM.cs|UpdateMonitorValues|95|SafetyMonitorInfo state changed to Unsafe
2026-04-28T20:59:25.6854|INFO|SequenceItem.cs|Run|254|Finishing Category: Utility, Item: WaitForTimeSpan, Time: 60s
2026-04-28T20:59:25.6861|INFO|MeridianFlipTrigger.cs|ShouldTrigger|197|Meridian Flip - Telescope is at home position. Skip flip evaluation
2026-04-28T20:59:25.6864|INFO|SequenceItem.cs|Run|208|Starting Category: Powerups (Safety), Item: OnceSafe
2026-04-29T00:57:46.2706|WARNING|DeviceUpdateTimer.cs|Run|115|Mount value update cycle took longer than the device poll interval (Total: 2.56s > 2s; Poll: 00:00:02.5567292; Update: 00:00:00.0001735)
2026-04-29T06:28:17.5379|INFO|TimeCondition.cs|Check|254|TimeCondition finished.
2026-04-29T06:28:17.5385|INFO|TimeCondition.cs|InterruptWhenTimeIsUp|63|Time limit exceeded - Interrupting current Instruction Set
2026-04-29T06:28:17.5469|INFO|WhenCommon.cs|Execute|425|When: Execute done; InFlight -> false, Triggered false
2026-04-29T06:28:17.5481|INFO|MeridianFlipTrigger.cs|ShouldTrigger|197|Meridian Flip - Telescope is at home position. Skip flip evaluation
2026-04-29T06:28:17.5485|INFO|SequenceItem.cs|Run|208|Starting Category: Utility, Item: WaitForTime, Time: 20:56:45h, Offset: -15
2026-04-29T06:28:17.5517|INFO|WhenCommon.cs|SequenceBlockTeardown|198|Teardown; shutting down watchdog
2026-04-29T06:28:17.5522|INFO|SequenceItem.cs|Run|254|Finishing Category: * Instruction Set *, Container: NINA.Sequencer.Container.SequentialContainer, Strategy: SequentialStrategy, Items[CREATED]: 12, Conditions: Condition: TimeCondition, Time: 6:28:17h, Condition: TargetSchedulerCondition mode=While Targets Remain Tonight, , Triggers: Trigger: CenterAfterDriftTrigger, DistanceArcMinutes: 1Trigger: WhenUnsafeCategory: Ground Station, Item: Failures to TelegramCategory: Connect, Item: ReconnectOnDownloadFailureTrigger: AutofocusAfterHFRIncreaseTrigger, Amount: 5Trigger: MeridianFlipTriggerCategory: Powerups (Misc), Item: DIYTriggerCategory: Ground Station, Item: Failures to PushoverTrigger: AutofocusAfterTemperatureChangeTrigger, Amount: 1.5°
2026-04-29T06:28:17.5526|INFO|SequenceItem.cs|Run|254|Finishing Category: * Instruction Set *, Container: NINA.Sequencer.Container.TargetAreaContainer, Strategy: SequentialStrategy, Items[FINISHED]: 1
2026-04-29T06:28:17.5532|INFO|SequenceItem.cs|Run|208|Starting Category: * Instruction Set *, Container: NINA.Sequencer.Container.EndAreaContainer, Strategy: SequentialStrategy, Items[CREATED]: 9
2026-04-29T06:28:17.5539|INFO|SequenceItem.cs|Run|208|Starting Category: Telescope, Item: FindHome
2026-04-29T06:28:17.5596|INFO|PHD2Guider.cs|StopGuiding|704|Phd2 - Stop Guiding skipped, as the app is already in state Stopped
2026-04-29T06:28:17.5598|INFO|TelescopeVM.cs|FindHome|292|Mount ordered to locate home position
2026-04-29T06:28:17.5604|INFO|TelescopeVM.cs|FindHome|336|Mount ordered to home but it is already at home
2026-04-29T06:28:17.5605|INFO|TelescopeVM.cs|FindHome|348|Mount has located its home position
2026-04-29T06:28:17.5608|INFO|SequenceItem.cs|Run|254|Finishing Category: Telescope, Item: FindHome
2026-04-29T06:28:17.5619|INFO|SequenceItem.cs|Run|208|Starting Night Summary - End Session
2026-04-29T06:28:17.5660|INFO|NightSummaryEndInstruction.cs|Execute|28|NightSummary: End Session instruction executing
2026-04-29T06:28:32.5747|WARNING|SessionService.cs|EndSession|165|NightSummary: EndSession called but no active session — nothing to do
2026-04-29T06:28:32.5749|INFO|NightSummaryEndInstruction.cs|Execute|39|NightSummary: Session ended successfully
2026-04-29T06:28:32.5750|INFO|SequenceItem.cs|Run|254|Finishing Night Summary - End Session
2026-04-29T06:28:32.5760|INFO|SequenceItem.cs|Run|208|Starting [EndSubframesSession]
2026-04-29T06:28:32.5807|WARNING|EndSessionItem.cs|Execute|50|[Subframes] EndSessionItem: no active session to end.
2026-04-29T06:28:32.5810|INFO|SequenceItem.cs|Run|254|Finishing [EndSubframesSession]
2026-04-29T06:28:32.5823|INFO|SequenceItem.cs|Run|208|Starting Category: Camera, Item: WarmCamera, Duration: 30
2026-04-29T06:28:32.5889|INFO|CameraVM.cs|WarmCamera|161|Warming Camera. Duration: 00:30:00
2026-04-29T07:00:41.9065|INFO|CameraVM.cs|WarmCamera|179|Could not reach warming temperature. Most likley due to ambient temperature being lower. Continuing...
2026-04-29T07:01:01.9151|INFO|CameraVM.cs|WarmCamera|186|Turning cooler off
2026-04-29T07:01:01.9167|INFO|SequenceItem.cs|Run|254|Finishing Category: Camera, Item: WarmCamera, Duration: 30
2026-04-29T07:01:01.9169|INFO|SequenceItem.cs|Run|208|Starting Category: Guider, Item: StopGuiding
2026-04-29T07:01:01.9195|INFO|PHD2Guider.cs|StopGuiding|704|Phd2 - Stop Guiding skipped, as the app is already in state Stopped
2026-04-29T07:01:01.9196|INFO|SequenceItem.cs|Run|254|Finishing Category: Guider, Item: StopGuiding
2026-04-29T07:01:01.9202|INFO|SequenceItem.cs|Run|208|Starting Category: Phd2 Tools, Item: ShutdownPhd2Instruction
2026-04-29T07:01:01.9333|INFO|SequenceItem.cs|Run|254|Finishing Category: Phd2 Tools, Item: ShutdownPhd2Instruction
2026-04-29T07:01:01.9339|INFO|SequenceItem.cs|Run|208|Starting Category: Connect, Item: DisconnectAllEquipment
2026-04-29T07:01:01.9414|WARNING|PHD2Client.cs|ReadEventsAsync|189|PHD2Client: Connection closed by server
2026-04-29T07:01:01.9415|INFO|DitherStatisticsVM.cs|OnPHD2ConnectionStatusChanged|737|PHD2 Connection Status: Connection lost
2026-04-29T07:01:01.9415|INFO|PHD2Client.cs|ReadEventsAsync|205|PHD2Client: Stopped reading events
2026-04-29T07:01:01.9922|INFO|CameraVM.cs|Disconnect|650|Disconnected Camera
2026-04-29T07:01:01.9928|INFO|AscomDevice.cs|Disconnect|378|Disconnecting from ASCOM.EFW2.FilterWheel ZWO FilterWheel
2026-04-29T07:01:02.6727|INFO|FilterWheelVM.cs|Disconnect|333|Disconnected Filter Wheel
2026-04-29T07:01:02.7732|INFO|AscomDevice.cs|Disconnect|378|Disconnecting from ASCOM.EAF.Focuser ZWO Focuser
2026-04-29T07:01:02.8451|INFO|FocuserVM.cs|Disconnect|441|Disconnected Focuser
2026-04-29T07:01:02.8456|INFO|DisconnectAllEquipment.cs|Execute|139|Rotator is already disconnected
2026-04-29T07:01:02.8569|INFO|AscomDevice.cs|Disconnect|378|Disconnecting from ASCOM.iOptron2017.Telescope iOptron CEM120,70,40,26, GEM, HEM, HAE, HAZ series and SkyHunter Mount
2026-04-29T07:01:02.8773|INFO|TelescopeVM.cs|Disconnect|740|Disconnected mount
2026-04-29T07:01:02.8776|INFO|DisconnectAllEquipment.cs|Execute|139|Guider is already disconnected
2026-04-29T07:01:02.8776|INFO|DisconnectAllEquipment.cs|Execute|139|Switch is already disconnected
2026-04-29T07:01:02.8777|INFO|DisconnectAllEquipment.cs|Execute|139|Flat Panel is already disconnected
2026-04-29T07:01:02.8796|INFO|AscomDevice.cs|Disconnect|378|Disconnecting from ASCOM.SkyAlert.ObservingConditions SkyAlert Observing Conditions
2026-04-29T07:01:02.8882|INFO|WeatherDataVM.cs|Disconnect|305|Disconnected Weather Device
2026-04-29T07:01:02.8885|INFO|DisconnectAllEquipment.cs|Execute|139|Dome is already disconnected
2026-04-29T07:01:02.8897|INFO|AscomDevice.cs|Disconnect|378|Disconnecting from ASCOM.GenericFile.SafetyMonitor Generic File driver
2026-04-29T07:01:02.8941|INFO|SafetyMonitorVM.cs|Disconnect|221|Disconnected Safety Monitor
2026-04-29T07:01:02.8952|INFO|SequenceItem.cs|Run|254|Finishing Category: Connect, Item: DisconnectAllEquipment
2026-04-29T07:01:02.8955|INFO|SequenceItem.cs|Run|208|Starting Category: Ground Station, Item: Send to Pushover, Title: Disconnected
2026-04-29T07:01:03.0712|INFO|SequenceItem.cs|Run|254|Finishing Category: Ground Station, Item: Send to Pushover, Title: Disconnected
2026-04-29T07:01:03.0715|INFO|SequenceItem.cs|Run|208|Starting Category: Ground Station, Item: Send to Telegram
2026-04-29T07:01:03.8022|INFO|SequenceItem.cs|Run|254|Finishing Category: Ground Station, Item: Send to Telegram
2026-04-29T07:01:03.8027|INFO|SequenceItem.cs|Run|254|Finishing Category: * Instruction Set *, Container: NINA.Sequencer.Container.EndAreaContainer, Strategy: SequentialStrategy, Items[FINISHED]: 9
2026-04-29T07:01:03.8031|INFO|SequenceItem.cs|Run|254|Finishing Category: * Instruction Set *, Container: NINA.Sequencer.Container.SequenceRootContainer, Strategy: SequentialStrategy, Items[FINISHED]: 3, Triggers: Category: Ground Station, Item: Failures to Telegram
2026-04-29T07:01:03.8044|INFO|Sequence2VM.cs|StartSequence|548|Advanced Sequence finished
2026-04-29T07:01:03.8054|INFO|WhenCommon.cs|InterruptWhen|350|Restarting sequence, Triggered -> true
2026-04-29T07:01:06.9559|INFO|PHD2Client.cs|ConnectAsync|102|PHD2Client: Connecting to PHD2 at 127.0.0.1:4400...
2026-04-29T07:01:08.9902|ERROR|PHD2Client.cs|ConnectAsync|132|PHD2Client: Connection failed: No connection could be made because the target machine actively refused it.
2026-04-29T10:48:52.9804|INFO|ApplicationVM.cs|Exit|244|Shutting down application - requested by user
2026-04-29T10:48:53.0710|INFO|ApplicationVM.cs|Closing|289|Application shutting down
2026-04-29T10:48:53.1196|INFO|DomeVM.cs|Disconnect|355|Disconnected Dome Device
2026-04-29T10:48:53.1251|INFO|FlatDeviceVM.cs|Disconnect|289|Disconnected Flat Device
2026-04-29T10:48:53.1347|INFO|CameraVM.cs|Disconnect|650|Disconnected Camera
2026-04-29T10:48:53.1354|INFO|TelescopeVM.cs|Disconnect|740|Disconnected mount
2026-04-29T10:48:53.1369|INFO|FilterWheelVM.cs|Disconnect|333|Disconnected Filter Wheel
2026-04-29T10:48:53.1373|INFO|FocuserVM.cs|Disconnect|441|Disconnected Focuser
2026-04-29T10:48:53.1425|INFO|RotatorVM.cs|Disconnect|447|Disconnected Rotator
2026-04-29T10:48:53.1461|INFO|SwitchVM.cs|Disconnect|309|Disconnected Switch
2026-04-29T10:48:53.1503|INFO|WeatherDataVM.cs|Disconnect|305|Disconnected Weather Device
2026-04-29T10:48:53.1508|INFO|SafetyMonitorVM.cs|Disconnect|221|Disconnected Safety Monitor
2026-04-29T10:48:53.3018|INFO|API.cs|StopWatchers|86|Stopping all event watchers
2026-04-29T10:48:53.3490|INFO|NightSummaryPlugin.cs|Teardown|257|NightSummary: Plugin torn down
2026-04-29T10:48:53.4049|INFO|Plugin.cs|Teardown|366|[Subframes] Plugin unloaded (primary instance).
