----------------------------------------------------------------------
--------------N.I.N.A. - Nighttime Imaging 'N' Astronomy--------------
--------------------------Version 3.2.0.9001--------------------------
-------------------------2026-04-30T09:45:56--------------------------
----------------------------------------------------------------------
---------------------Microsoft Windows 10.0.19045---------------------
-------------------------OS Architecture X64--------------------------
-----------------------Process Architecture X64-----------------------
-----------------------------.NET 8.0.21------------------------------
----------------------------------------------------------------------
--------------------------Processor Count 4---------------------------
--------------------Total Physical Memory 7.84 GB---------------------
----------------------------------------------------------------------
DATE|LEVEL|SOURCE|MEMBER|LINE|MESSAGE
2026-04-30T09:45:56.9549|INFO|App.xaml.cs|OnStartup|170|Launched with command line arguments: --sequencefile C:\Users\nicka\Astro\NINA\NINA_Sequences\TargetScheduler.json --runsequence
2026-04-30T09:46:01.0063|INFO|CameraChooserVM.cs|GetEquipment|69|Found 2 ASI Cameras
2026-04-30T09:46:01.2445|INFO|CameraChooserVM.cs|GetEquipment|84|Found 0 Altair Cameras
2026-04-30T09:46:01.4760|INFO|CameraChooserVM.cs|GetEquipment|96|Found 0 Atik Cameras
2026-04-30T09:46:01.5667|INFO|CameraChooserVM.cs|GetEquipment|110|Found 0 FLI Cameras
2026-04-30T09:46:02.8666|INFO|CameraChooserVM.cs|GetEquipment|130|Found 0 QHYCCD Cameras
2026-04-30T09:46:03.3190|INFO|CameraChooserVM.cs|GetEquipment|158|Found 0 ToupTek Cameras
2026-04-30T09:46:03.4421|INFO|CameraChooserVM.cs|GetEquipment|173|Found 0 Ogma Cameras
2026-04-30T09:46:03.5934|INFO|CameraChooserVM.cs|GetEquipment|188|Found 0 Omegon Cameras
2026-04-30T09:46:04.0152|INFO|CameraChooserVM.cs|GetEquipment|203|Found 0 RisingCam Cameras
2026-04-30T09:46:04.2567|INFO|CameraChooserVM.cs|GetEquipment|218|Found 0 MallinCam Cameras
2026-04-30T09:46:04.4426|INFO|CameraChooserVM.cs|GetEquipment|243|Found 0 SVBony Cameras
2026-04-30T09:46:04.4527|INFO|CameraChooserVM.cs|GetEquipment|259|Found 0 SBIG Cameras
2026-04-30T09:46:12.2521|INFO|ApplicationVM.cs|CheckDiskInfo|100|Available Space on Drive C:\: 144.81 GB
2026-04-30T09:46:12.2586|INFO|ApplicationVM.cs|CheckDiskInfo|102|Drive E:\ is not ready
2026-04-30T09:46:12.2615|INFO|ApplicationVM.cs|CheckDiskInfo|100|Available Space on Drive G:\: 62.15 GB
2026-04-30T09:46:12.2773|INFO|ApplicationVM.cs|CheckDiskInfo|100|Available Space on Drive Z:\: 39.23 GB
2026-04-30T09:46:13.6877|INFO|ApplicationVM.cs|CheckASCOMPlatformVersion|81|ASCOM Platform 6.6.2.4195 installed
2026-04-30T09:46:14.2738|INFO|API.cs|Start|99|Starting Webserver
2026-04-30T09:46:14.2776|INFO|API.cs|APITask|134|starting web server, listening at 172.19.6.111:1888
2026-04-30T09:46:14.4633|INFO|NINALogWatcher.cs|Start|33|watching log file: C:\Users\nicka\AppData\Local\NINA\Logs\20260430-094555-3.2.0.9001.4884-202604.log
2026-04-30T09:46:14.5393|INFO|PluginLoader.cs|LoadPlugin|402|Successfully loaded plugin Advanced API version 2.2.15.0 by Christian Palm
2026-04-30T09:46:15.4314|INFO|PluginLoader.cs|LoadPlugin|402|Successfully loaded plugin Autofocus Report Analysis version 2.0.0.9 by Stefan Berg @isbeorn
2026-04-30T09:46:15.7555|INFO|PluginLoader.cs|LoadPlugin|402|Successfully loaded plugin Connector version 2.1.0.2 by Stefan Berg @isbeorn
2026-04-30T09:46:16.0032|INFO|PluginLoader.cs|LoadPlugin|402|Successfully loaded plugin Device Actions and Commands version 2.2.0.0 by Dale Ghent
2026-04-30T09:46:16.9397|INFO|PluginLoader.cs|LoadPlugin|402|Successfully loaded plugin Discord Alert version 2.2.0.0 by Drew McDermott
2026-04-30T09:46:18.8770|INFO|PluginLoader.cs|LoadPlugin|402|Successfully loaded plugin Discord Notification version 2.0.0.10 by Daniel Ludwig
2026-04-30T09:46:21.0629|INFO|DitherStatisticsVM.cs|CreatePluginIcon|1483|Plugin icon geometry created successfully
2026-04-30T09:46:21.0896|INFO|DitherStatisticsVM.cs|LoadDataTemplates|1452|DitherStatistics DataTemplates loaded successfully
2026-04-30T09:46:21.0943|INFO|DitherStatisticsVM.cs|SaveQualityAssessmentSetting|387|Quality Assessment setting saved to file: True
2026-04-30T09:46:21.0944|INFO|DitherStatisticsVM.cs|LoadQualityAssessmentSetting|364|Quality Assessment setting loaded from file: True
2026-04-30T09:46:21.1077|INFO|DitherStatisticsVM.cs|SaveDitherOptimizerSetting|490|Dither Optimizer setting saved to file: False
2026-04-30T09:46:21.1078|INFO|DitherStatisticsVM.cs|LoadDitherOptimizerSetting|471|Dither Optimizer setting loaded from file: False
2026-04-30T09:46:21.1083|INFO|DitherStatisticsVM.cs|SubscribeToGuiderEvents|834|Subscribed to NINA guider events
2026-04-30T09:46:21.1126|ERROR|DitherStatisticsVM.cs|GetThemeColor|1437|Failed to get theme color 'PrimaryBrush': The calling thread cannot access this object because a different thread owns it.
2026-04-30T09:46:21.1128|INFO|DitherStatisticsVM.cs|StartThemeColorMonitoring|1329|Initial PrimaryBrush color: R:255 G:255 B:255
2026-04-30T09:46:21.1129|INFO|DitherStatisticsVM.cs|.ctor|96|DitherStatisticsVM initialized successfully with ScottPlot 4.1 (Lazy Loading)!
2026-04-30T09:46:21.1134|INFO|DitherStatisticsVM.cs|StartThemeColorMonitoring|1338|Theme color monitoring timer started on UI thread
2026-04-30T09:46:21.1136|INFO|PluginLoader.cs|LoadPlugin|402|Successfully loaded plugin Dither Statistics version 1.3.0.0 by Thierry Tschanz
2026-04-30T09:46:21.3341|INFO|PluginLoader.cs|LoadPlugin|402|Successfully loaded plugin Filter Offset Calculator version 2.0.0.0 by S. Dimant & Stefan Berg
2026-04-30T09:46:21.6092|INFO|DitherStatisticsVM.cs|OnThemeColorTimerTick|1357|Theme color CHANGED! Old: R:255 G:255 B:255 -> New: R:176 G:179 B:185
2026-04-30T09:46:21.6530|INFO|PluginLoader.cs|LoadPlugin|402|Successfully loaded plugin Flexure Correction version 0.8.0.0 by Francesco Meschia
2026-04-30T09:46:21.7197|INFO|DitherStatisticsVM.cs|PixelShiftPlot|136|PixelShiftPlot created (lazy loading)
2026-04-30T09:46:21.7506|INFO|DitherStatisticsVM.cs|SettleTimePlot|177|SettleTimePlot created (lazy loading)
2026-04-30T09:46:23.1127|INFO|DitherStatisticsVM.cs|ConnectToPHD2|708|Attempting to connect to PHD2...
2026-04-30T09:46:23.1145|INFO|PHD2Client.cs|ConnectAsync|102|PHD2Client: Connecting to PHD2 at 127.0.0.1:4400...
2026-04-30T09:46:25.0793|INFO|PluginLoader.cs|LoadPlugin|402|Successfully loaded plugin Ground Station version 3.0.0.117 by Dale Ghent
2026-04-30T09:46:25.1475|ERROR|PHD2Client.cs|ConnectAsync|132|PHD2Client: Connection failed: No connection could be made because the target machine actively refused it.
2026-04-30T09:46:25.1479|INFO|DitherStatisticsVM.cs|OnPHD2ConnectionStatusChanged|737|PHD2 Connection Status: Connection failed: No connection could be made because the target machine actively refused it.
2026-04-30T09:46:43.0878|INFO|PluginLoader.cs|LoadPlugin|402|Successfully loaded plugin Hocus Focus version 3.0.0.25 by George Hilios (jokogeo)
2026-04-30T09:46:44.1104|INFO|PluginLoader.cs|LoadPlugin|402|Successfully loaded plugin Horizon Creator version 1.1.2.1 by Christian Palm
2026-04-30T09:46:44.3765|INFO|PluginLoader.cs|LoadPlugin|402|Successfully loaded plugin Lightbucket version 2.2.4.0 by Lightbucket
2026-04-30T09:46:45.6856|INFO|PluginLoader.cs|LoadPlugin|402|Successfully loaded plugin Livestack version 1.1.3.0 by Stefan Berg @isbeorn
2026-04-30T09:46:45.9709|INFO|PluginLoader.cs|LoadPlugin|402|Successfully loaded plugin Log Viewer version 1.0.0.2 by Alexander Wrede @astro_alex80
2026-04-30T09:46:46.2539|INFO|PluginLoader.cs|LoadPlugin|402|Successfully loaded plugin Moon Angle version 2.2.0.0 by Dale Ghent
2026-04-30T09:46:46.8955|INFO|SessionDatabase.cs|.ctor|32|NightSummary: Database path: C:\Users\nicka\AppData\Local\NINA\NightSummary\nightsummary.sqlite
2026-04-30T09:46:46.8957|INFO|SessionDatabase.cs|.ctor|33|NightSummary: Database exists: True
2026-04-30T09:46:46.9381|INFO|SessionService.cs|.ctor|116|NightSummary: SessionService created — messageBroker=True
2026-04-30T09:46:47.1385|INFO|NightSummaryPlugin.cs|.ctor|252|NightSummary: Plugin initialized successfully
2026-04-30T09:46:47.1444|INFO|SessionDatabase.cs|.ctor|32|NightSummary: Database path: C:\Users\nicka\AppData\Local\NINA\NightSummary\nightsummary.sqlite
2026-04-30T09:46:47.1446|INFO|SessionDatabase.cs|.ctor|33|NightSummary: Database exists: True
2026-04-30T09:46:47.1586|INFO|SessionService.cs|.ctor|116|NightSummary: SessionService created — messageBroker=True
2026-04-30T09:46:47.1611|INFO|PluginLoader.cs|LoadPlugin|402|Successfully loaded plugin Night Summary version 2.11.1.0 by Evan Pegors
2026-04-30T09:46:47.6611|INFO|PluginLoader.cs|LoadPlugin|402|Successfully loaded plugin Phd2 Tools version 1.0.6.0 by Stefan Berg @isbeorn
2026-04-30T09:46:48.1013|INFO|PluginLoader.cs|LoadPlugin|402|Successfully loaded plugin PixInsight Tools version 1.0.0.3 by Stefan Berg
2026-04-30T09:46:49.2448|INFO|PluginLoader.cs|LoadPlugin|402|Successfully loaded plugin Point3D version 0.2.3.0 by Drew McDermott
2026-04-30T09:46:49.7155|INFO|StarfrontClient.cs|StartFolderWatcher|167|[Rockwood] Watching: C:\ASTROIMAGES\NINA\
2026-04-30T09:46:49.7184|INFO|PluginLoader.cs|LoadPlugin|402|Successfully loaded plugin Rockwood Starfront version 1.0.0.0 by Rockwood Observatory
2026-04-30T09:46:49.7186|INFO|StarfrontClient.cs|RunLoop|68|[Rockwood] connecting to wss://api.starfront.space:443/ws/scope?key=***
2026-04-30T09:46:49.9070|INFO|StarfrontClient.cs|RunLoop|71|[Rockwood] connected
2026-04-30T09:46:50.7703|INFO|PluginLoader.cs|LoadPlugin|402|Successfully loaded plugin Scope Control version 2.0.2.1 by Stefan Berg @isbeorn
2026-04-30T09:46:53.4434|WARNING|When.cs|GetRunningItem|143|Can't get running items: SequencerNavigation not initialized yet!
2026-04-30T09:46:53.7133|INFO|PluginLoader.cs|LoadPlugin|402|Successfully loaded plugin Sequencer Powerups version 3.29.0.9 by Marc Blank
2026-04-30T09:46:54.8237|INFO|PluginLoader.cs|LoadPlugin|402|Successfully loaded plugin Session Metadata version 2.6.3.0 by Tom Palmer @tcpalmer
2026-04-30T09:46:54.9650|INFO|PluginLoader.cs|LoadPlugin|402|Successfully loaded plugin Shutdown PC version 2.2.0.0 by Dale Ghent
2026-04-30T09:46:55.3525|INFO|PluginLoader.cs|LoadPlugin|402|Successfully loaded plugin SkyFlats version 1.0.0.4 by Gerald Hitz (@photon)
2026-04-30T09:46:56.0440|INFO|PluginLoader.cs|LoadPlugin|402|Successfully loaded plugin Smart Filters version 1.0.0.3 by Benoit SAINTOT
2026-04-30T09:46:57.9179|INFO|Plugin.cs|RunStationHeartbeatLoopAsync|799|[Subframes] TS not detected at startup — deferring first heartbeat to allow plugin load to complete.
2026-04-30T09:46:57.9242|INFO|SyncEngine.cs|Start|41|[Subframes] SyncEngine started.
2026-04-30T09:46:57.9281|INFO|Plugin.cs|.ctor|179|[Subframes] Plugin loaded (primary instance).
2026-04-30T09:46:57.9321|WARNING|Plugin.cs|OnImportsSatisfied|209|[Subframes] Sequence event subscription deferred — SequenceMediator internals not yet initialized.
2026-04-30T09:46:57.9390|WARNING|Plugin.cs|.ctor|125|[Subframes] Duplicate plugin instance created by MEF — proxying to primary to prevent duplicate sessions/sync.
2026-04-30T09:46:57.9412|INFO|PluginLoader.cs|LoadPlugin|402|Successfully loaded plugin Subframes version 0.3.3.0 by Subframes
2026-04-30T09:46:58.4534|WARNING|When.cs|GetRunningItem|143|Can't get running items: SequencerNavigation not initialized yet!
2026-04-30T09:46:58.7991|INFO|PluginLoader.cs|LoadPlugin|402|Successfully loaded plugin Target Planning version 3.2.1.0 by Tom Palmer @tcpalmer
2026-04-30T09:47:03.4559|WARNING|When.cs|GetRunningItem|143|Can't get running items: SequencerNavigation not initialized yet!
2026-04-30T09:47:05.8649|INFO|PluginLoader.cs|LoadPlugin|402|Successfully loaded plugin Target Scheduler version 5.9.0.0 by Tom Palmer @tcpalmer
2026-04-30T09:47:06.5494|INFO|PluginLoader.cs|LoadPlugin|402|Successfully loaded plugin Three Point Polar Alignment version 2.2.5.1 by Stefan Berg @isbeorn
2026-04-30T09:47:08.4577|WARNING|When.cs|GetRunningItem|143|Can't get running items: SequencerNavigation not initialized yet!
2026-04-30T09:47:09.0625|INFO|SessionHistoryManager.cs|PurgeHistoryOlderThan|102|purging web session history older than 10 days
2026-04-30T09:47:09.1263|INFO|PluginLoader.cs|LoadPlugin|402|Successfully loaded plugin Web Session History Viewer version 2.2.1.0 by Tom Palmer @tcpalmer
2026-04-30T09:47:09.7113|INFO|PluginFetcher.cs|RequestAll|43|Fetching plugin manifests from https://nighttime-imaging.eu/wp-json/nina/v1/plugins/manifests
2026-04-30T09:47:09.7708|INFO|FilterWheelChooserVM.cs|GetEquipment|167|Found 1 Networked Filter Wheel Filter Wheels
2026-04-30T09:47:09.9437|INFO|Plugin.cs|TrySubscribeSequenceEvents|235|[Subframes] ISequenceMediator.SequenceStarted not present in this NINA build — session will open on first captured image instead.
2026-04-30T09:47:09.9440|INFO|Plugin.cs|RetrySubscribeSequenceEventsAsync|271|[Subframes] Deferred sequence event subscription succeeded after 12s.
2026-04-30T09:47:09.9564|INFO|CameraChooserVM.cs|GetEquipment|279|Found 0 SVBony Cameras
2026-04-30T09:47:10.0693|INFO|CameraChooserVM.cs|GetEquipment|279|Found 0 PlayerOne Cameras
2026-04-30T09:47:10.1567|INFO|RotatorChooserVM.cs|GetEquipment|45|Found 1 Networked Rotator Rotators
2026-04-30T09:47:10.2182|INFO|CameraChooserVM.cs|GetEquipment|279|Found 0 ASTPAN Cameras
2026-04-30T09:47:10.2206|INFO|CameraChooserVM.cs|GetEquipment|293|Found 4 ASCOM Cameras
2026-04-30T09:47:10.3691|INFO|Sequence2VM.cs|TryLoadSequenceFile|414|Loading sequence file: C:\Users\nicka\Astro\NINA\NINA_Sequences\TargetScheduler.json
2026-04-30T09:47:11.1019|INFO|Sequence2VM.cs|TryLoadSequenceFile|420|Starting sequence from command line options
2026-04-30T09:47:11.1054|INFO|Sequence2VM.cs|StartSequence|543|Advanced Sequence starting
2026-04-30T09:47:11.6859|INFO|PluginFetcher.cs|RequestAll|57|Found 78 valid plugins at https://nighttime-imaging.eu/wp-json/nina/v1/plugins/manifests
2026-04-30T09:47:11.8343|INFO|SequenceItem.cs|Run|208|Starting Category: * Instruction Set *, Container: NINA.Sequencer.Container.SequenceRootContainer, Strategy: SequentialStrategy, Items[CREATED]: 3, Triggers: Category: Ground Station, Item: Failures to Telegram
2026-04-30T09:47:11.8457|INFO|SequenceItem.cs|Run|208|Starting Category: * Instruction Set *, Container: NINA.Sequencer.Container.StartAreaContainer, Strategy: SequentialStrategy, Items[CREATED]: 1
2026-04-30T09:47:11.8465|INFO|SequenceItem.cs|Run|208|Starting Category: * Instruction Set *, Container: NINA.Sequencer.Container.SequentialContainer, Strategy: SequentialStrategy, Items[CREATED]: 10
2026-04-30T09:47:11.8474|INFO|SequenceItem.cs|Run|208|Starting Category: Ground Station, Item: Send to Pushover, Title: Start
2026-04-30T09:47:11.9058|INFO|FilterWheelChooserVM.cs|GetEquipment|193|Found 0 Alpaca Filter Wheels
2026-04-30T09:47:12.2104|INFO|RotatorChooserVM.cs|GetEquipment|68|Found 0 Alpaca Rotators
2026-04-30T09:47:12.2147|INFO|SafetyMonitorChooserVM.cs|GetEquipment|71|Found 0 Alpaca Safety Monitors
2026-04-30T09:47:12.2168|INFO|WeatherDataChooserVM.cs|GetEquipment|69|Found 0 Alpaca Observing Conditions
2026-04-30T09:47:12.2237|INFO|CameraChooserVM.cs|GetEquipment|305|Found 0 Alpaca Cameras
2026-04-30T09:47:12.2300|INFO|CameraChooserVM.cs|GetEquipment|318|Found 0 Canon Cameras
2026-04-30T09:47:12.2567|INFO|DockManagerVM.cs|InitializeAvalonDockLayout|366|Initializing imaging tab layout from C:\Users\nicka\AppData\Local\NINA\Profiles\0173997c-4bfa-48fd-9337-a48b6df99c38.dock.config
2026-04-30T09:47:12.3974|INFO|FlatDeviceChooserVM.cs|GetEquipment|67|Found 0 Alpaca Cover Calibrators
2026-04-30T09:47:12.4033|INFO|SequenceItem.cs|Run|254|Finishing Category: Ground Station, Item: Send to Pushover, Title: Start
2026-04-30T09:47:12.4393|INFO|SequenceItem.cs|Run|208|Starting Category: Utility, Item: WaitForTime, Time: 19:52:36h, Offset: -80
2026-04-30T09:47:12.4396|INFO|TelescopeChooserVM.cs|GetEquipment|69|Found 0 Alpaca Telescopes
2026-04-30T09:47:12.5323|INFO|SwitchChooserVM.cs|GetEquipment|71|Found 0 Alpaca Switch Hubs
2026-04-30T09:47:12.5792|INFO|DomeChooserVM.cs|GetEquipment|67|Found 0 Alpaca Domes
2026-04-30T09:47:14.1141|INFO|FocuserChooserVM.cs|GetEquipment|84|Found 0 Alpaca Focusers
2026-04-30T09:48:05.0412|INFO|TargetSchedulerDetector.cs|DoProbeAsync|177|[Subframes] TargetSchedulerDetector: state no_api → active
2026-04-30T09:48:05.0416|INFO|Plugin.cs|OnTsStateChanged|781|[Subframes] TS state → active: firing immediate station heartbeat.
2026-04-30T19:53:13.2564|INFO|SequenceItem.cs|Run|254|Finishing Category: Utility, Item: WaitForTime, Time: 19:53:27h, Offset: -80
2026-04-30T19:53:13.2590|INFO|SequenceItem.cs|Run|208|Starting Category: Ground Station, Item: Send to Telegram
2026-04-30T19:53:15.3569|INFO|SequenceItem.cs|Run|254|Finishing Category: Ground Station, Item: Send to Telegram
2026-04-30T19:53:15.3572|INFO|SequenceItem.cs|Run|208|Starting Category: Ground Station, Item: Send to Pushover, Title: Configure Equipment
2026-04-30T19:53:15.5598|INFO|SequenceItem.cs|Run|254|Finishing Category: Ground Station, Item: Send to Pushover, Title: Configure Equipment
2026-04-30T19:53:15.5611|INFO|SequenceItem.cs|Run|208|Starting Category: Connect, Item: ConnectAllEquipment
2026-04-30T19:53:15.5848|INFO|CameraChooserVM.cs|GetEquipment|69|Found 2 ASI Cameras
2026-04-30T19:53:15.6528|INFO|CameraChooserVM.cs|GetEquipment|84|Found 0 Altair Cameras
2026-04-30T19:53:15.6530|INFO|CameraChooserVM.cs|GetEquipment|96|Found 0 Atik Cameras
2026-04-30T19:53:15.6537|INFO|CameraChooserVM.cs|GetEquipment|110|Found 0 FLI Cameras
2026-04-30T19:53:15.6539|INFO|CameraChooserVM.cs|GetEquipment|130|Found 0 QHYCCD Cameras
2026-04-30T19:53:15.8056|INFO|CameraChooserVM.cs|GetEquipment|158|Found 0 ToupTek Cameras
2026-04-30T19:53:15.8107|INFO|CameraChooserVM.cs|GetEquipment|173|Found 0 Ogma Cameras
2026-04-30T19:53:15.8240|INFO|CameraChooserVM.cs|GetEquipment|188|Found 0 Omegon Cameras
2026-04-30T19:53:15.9844|INFO|CameraChooserVM.cs|GetEquipment|203|Found 0 RisingCam Cameras
2026-04-30T19:53:15.9985|INFO|CameraChooserVM.cs|GetEquipment|218|Found 0 MallinCam Cameras
2026-04-30T19:53:16.0004|INFO|CameraChooserVM.cs|GetEquipment|243|Found 0 SVBony Cameras
2026-04-30T19:53:16.0030|INFO|CameraChooserVM.cs|GetEquipment|259|Found 0 SBIG Cameras
2026-04-30T19:53:16.0035|INFO|CameraChooserVM.cs|GetEquipment|279|Found 0 SVBony Cameras
2026-04-30T19:53:16.0039|INFO|CameraChooserVM.cs|GetEquipment|279|Found 0 PlayerOne Cameras
2026-04-30T19:53:16.0115|INFO|CameraChooserVM.cs|GetEquipment|279|Found 0 ASTPAN Cameras
2026-04-30T19:53:16.0123|INFO|CameraChooserVM.cs|GetEquipment|293|Found 4 ASCOM Cameras
2026-04-30T19:53:18.0125|INFO|CameraChooserVM.cs|GetEquipment|305|Found 0 Alpaca Cameras
2026-04-30T19:53:18.0185|INFO|CameraChooserVM.cs|GetEquipment|318|Found 0 Canon Cameras
2026-04-30T19:53:18.0892|INFO|CameraVM.cs|Disconnect|650|Disconnected Camera
2026-04-30T19:53:18.6690|WARNING|ASICamera.cs|SetControlValue|568|Failed to set ASI Control Value ASI_WB_B with value 50
2026-04-30T19:53:18.6692|WARNING|ASICamera.cs|SetControlValue|568|Failed to set ASI Control Value ASI_WB_R with value 50
2026-04-30T19:53:18.6693|WARNING|ASICamera.cs|SetControlValue|568|Failed to set ASI Control Value ASI_GAMMA with value 50
2026-04-30T19:53:18.6694|WARNING|ASICamera.cs|SetControlValue|568|Failed to set ASI Control Value ASI_HIGH_SPEED_MODE with value 0
2026-04-30T19:53:18.6695|WARNING|ASICamera.cs|SetControlValue|568|Failed to set ASI Control Value ASI_OVERCLOCK with value 0
2026-04-30T19:53:18.6696|WARNING|ASICamera.cs|SetControlValue|568|Failed to set ASI Control Value ASI_PATTERN_ADJUST with value 0
2026-04-30T19:53:18.6709|WARNING|ASICamera.cs|SetControlValue|568|Failed to set ASI Control Value ASI_MONO_BIN with value 0
2026-04-30T19:53:18.6722|INFO|ASICamera.cs|Initialize|664|Camera ID: ASI533MM
2026-04-30T19:53:18.6889|WARNING|ASICamera.cs|SetControlValue|568|Failed to set ASI Control Value ASI_ANTI_DEW_HEATER with value 0
2026-04-30T19:53:18.7453|INFO|CameraVM.cs|ChooseCamera|455|Successfully connected Camera. Id: ZWOptical_ZWO ASI533MM Pro_ASI533MM Name: ZWO ASI533MM Pro DisplayName: ZWO ASI533MM Pro (ASI533MM)Driver Version: 1, 39, 0, 0
2026-04-30T19:53:19.3011|INFO|FilterWheelChooserVM.cs|GetEquipment|167|Found 1 Networked Filter Wheel Filter Wheels
2026-04-30T19:53:21.3034|INFO|FilterWheelChooserVM.cs|GetEquipment|193|Found 0 Alpaca Filter Wheels
2026-04-30T19:53:21.3360|INFO|FilterWheelVM.cs|Disconnect|333|Disconnected Filter Wheel
2026-04-30T19:53:24.8050|INFO|FilterWheelVM.cs|ChooseFW|279|Successfully connected Filter Wheel. Id: ASCOM.EFW2.FilterWheel Name: ZWO FilterWheel DisplayName: ZWO FilterWheel (ASCOM) Driver Version: 6.0
2026-04-30T19:53:28.6563|INFO|FocuserChooserVM.cs|GetEquipment|84|Found 0 Alpaca Focusers
2026-04-30T19:53:28.6963|INFO|FocuserVM.cs|Disconnect|441|Disconnected Focuser
2026-04-30T19:53:30.4163|ERROR|AscomDevice.cs|GetProperty|546|An unexpected exception occurred during GET of Focuser.StepSize: 
ASCOM.DriverException: The method or operation is not implemented.
 ---> System.NotImplementedException: The method or operation is not implemented.
   --- End of inner exception stack trace ---
   at ASCOM.Com.DriverAccess.DynamicAccess.CheckDotNetExceptions(String memberName, Exception e) in J:\ASCOMLibrary\ASCOM.Com\ASCOM.Com.DriverAccess\BaseClass\DynamicAccess.cs:line 278
   at ASCOM.Com.DriverAccess.DynamicAccess.TryGetMember(GetMemberBinder binder, Object& result) in J:\ASCOMLibrary\ASCOM.Com\ASCOM.Com.DriverAccess\BaseClass\DynamicAccess.cs:line 150
   at CallSite.Target(Closure, CallSite, Object)
   at System.Dynamic.UpdateDelegates.UpdateAndExecute1[T0,TRet](CallSite site, T0 arg0)
   at ASCOM.Com.DriverAccess.Focuser.get_StepSize() in J:\ASCOMLibrary\ASCOM.Com\ASCOM.Com.DriverAccess\Focuser.cs:line 159
   at System.RuntimeMethodHandle.InvokeMethod(Object target, Void** arguments, Signature sig, Boolean isConstructor)
   at System.Reflection.MethodBaseInvoker.InvokeWithNoArgs(Object obj, BindingFlags invokeAttr)
2026-04-30T19:53:30.6254|INFO|AscomDevice.cs|GetProperty|485|Retrying to GET Focuser.StepSize - Attempt 2 / 3
2026-04-30T19:53:30.6283|ERROR|AscomDevice.cs|GetProperty|546|An unexpected exception occurred during GET of Focuser.StepSize: 
ASCOM.DriverException: The method or operation is not implemented.
 ---> System.NotImplementedException: The method or operation is not implemented.
   --- End of inner exception stack trace ---
   at ASCOM.Com.DriverAccess.DynamicAccess.CheckDotNetExceptions(String memberName, Exception e) in J:\ASCOMLibrary\ASCOM.Com\ASCOM.Com.DriverAccess\BaseClass\DynamicAccess.cs:line 278
   at ASCOM.Com.DriverAccess.DynamicAccess.TryGetMember(GetMemberBinder binder, Object& result) in J:\ASCOMLibrary\ASCOM.Com\ASCOM.Com.DriverAccess\BaseClass\DynamicAccess.cs:line 150
   at CallSite.Target(Closure, CallSite, Object)
   at ASCOM.Com.DriverAccess.Focuser.get_StepSize() in J:\ASCOMLibrary\ASCOM.Com\ASCOM.Com.DriverAccess\Focuser.cs:line 159
   at InvokeStub_Focuser.get_StepSize(Object, Object, IntPtr*)
   at System.Reflection.MethodBaseInvoker.InvokeWithNoArgs(Object obj, BindingFlags invokeAttr)
2026-04-30T19:53:30.8300|INFO|AscomDevice.cs|GetProperty|485|Retrying to GET Focuser.StepSize - Attempt 3 / 3
2026-04-30T19:53:30.8310|ERROR|AscomDevice.cs|GetProperty|546|An unexpected exception occurred during GET of Focuser.StepSize: 
ASCOM.DriverException: The method or operation is not implemented.
 ---> System.NotImplementedException: The method or operation is not implemented.
   --- End of inner exception stack trace ---
   at ASCOM.Com.DriverAccess.DynamicAccess.CheckDotNetExceptions(String memberName, Exception e) in J:\ASCOMLibrary\ASCOM.Com\ASCOM.Com.DriverAccess\BaseClass\DynamicAccess.cs:line 278
   at ASCOM.Com.DriverAccess.DynamicAccess.TryGetMember(GetMemberBinder binder, Object& result) in J:\ASCOMLibrary\ASCOM.Com\ASCOM.Com.DriverAccess\BaseClass\DynamicAccess.cs:line 150
   at CallSite.Target(Closure, CallSite, Object)
   at ASCOM.Com.DriverAccess.Focuser.get_StepSize() in J:\ASCOMLibrary\ASCOM.Com\ASCOM.Com.DriverAccess\Focuser.cs:line 159
   at InvokeStub_Focuser.get_StepSize(Object, Object, IntPtr*)
   at System.Reflection.MethodBaseInvoker.InvokeWithNoArgs(Object obj, BindingFlags invokeAttr)
2026-04-30T19:53:30.8314|INFO|AscomDevice.cs|GetProperty|556|GET Focuser.StepSize failed - Returning last known value 0
2026-04-30T19:53:31.0556|INFO|FocuserVM.cs|ChooseFocuser|333|Successfully connected Focuser. Id: ASCOM.EAF.Focuser Name: ZWO Focuser DisplayName: ZWO Focuser (ASCOM) Driver Version: 6.0
2026-04-30T19:53:33.0611|INFO|TelescopeChooserVM.cs|GetEquipment|69|Found 0 Alpaca Telescopes
2026-04-30T19:53:33.1103|INFO|TelescopeVM.cs|Disconnect|740|Disconnected mount
2026-04-30T19:53:35.8270|INFO|AscomTelescope.cs|CheckMountTime|845|Mount UTC Time: 2026-05-01 00:53:33Z / System UTC Time: 2026-05-01 00:53:35Z; Difference: 2.328 seconds
2026-04-30T19:53:35.8803|INFO|AscomTelescope.cs|CheckMountTime|852|System time has been synced to the mount
2026-04-30T19:53:36.1175|INFO|TelescopeVM.cs|ChooseTelescope|535|Successfully connected mount. Id: ASCOM.iOptron2017.Telescope Name: iOptron CEM120,70,40,26, GEM, HEM, HAE, HAZ series and SkyHunter Mount DisplayName: iOptron CEM120,70,40,26, GEM, HEM, HAE, HAZ series and SkyHunter Mount (ASCOM) Driver Version: 9.15
2026-04-30T19:53:36.1304|INFO|PHD2Guider.cs|Connect|205|Connecting to PHD2 server at 127.0.0.1:4400
2026-04-30T19:53:39.0577|INFO|PHD2Client.cs|ConnectAsync|118|PHD2Client: Connected successfully!
2026-04-30T19:53:39.0578|INFO|DitherStatisticsVM.cs|OnPHD2ConnectionStatusChanged|734|PHD2 Connection Status: Connected
2026-04-30T19:53:39.0579|INFO|DitherStatisticsVM.cs|ConnectToPHD2|713|Successfully connected to PHD2!
2026-04-30T19:53:39.0590|INFO|PHD2Client.cs|ReadEventsAsync|181|PHD2Client: Started reading events
2026-04-30T19:53:39.2490|INFO|PHD2Client.cs|HandleVersion|366|PHD2Client: Connected to PHD2 version 2.6.14. (Message Protocol v1)
2026-04-30T19:53:39.2500|INFO|PHD2Client.cs|HandleAppState|376|PHD2Client: PHD2 AppState: Stopped
2026-04-30T19:53:39.2503|INFO|PHD2Client.cs|ProcessEvent|268|PHD2: ConfigurationChange
2026-04-30T19:53:40.4271|INFO|PHD2Client.cs|QueryExposureTime|1216|PHD2Client: Exposure time from PHD2 API: 2.000 seconds (2000 ms)
2026-04-30T19:53:40.5928|INFO|PHD2Client.cs|ProcessEvent|268|PHD2: ConfigurationChange
2026-04-30T19:53:41.2842|INFO|PHD2Client.cs|QueryExposureTime|1216|PHD2Client: Exposure time from PHD2 API: 2.000 seconds (2000 ms)
2026-04-30T19:53:43.3168|INFO|WeatherDataChooserVM.cs|GetEquipment|69|Found 0 Alpaca Observing Conditions
2026-04-30T19:53:43.3571|INFO|WeatherDataVM.cs|Disconnect|305|Disconnected Weather Device
2026-04-30T19:53:45.6612|INFO|AscomDevice.cs|GetProperty|527|Property ObservingConditions.SkyQuality GET is not implemented in this driver (SkyAlert Observing Conditions)
2026-04-30T19:53:45.6690|INFO|AscomDevice.cs|GetProperty|527|Property ObservingConditions.StarFWHM GET is not implemented in this driver (SkyAlert Observing Conditions)
2026-04-30T19:53:45.6930|INFO|WeatherDataVM.cs|ChooseWeatherData|150|Successfully connected Weather Device. Id: ASCOM.SkyAlert.ObservingConditions Name: SkyAlert Observing Conditions DisplayName: SkyAlert Observing Conditions (ASCOM) Driver Version: 1.7
2026-04-30T19:53:47.6958|INFO|SafetyMonitorChooserVM.cs|GetEquipment|71|Found 0 Alpaca Safety Monitors
2026-04-30T19:53:47.7308|INFO|SafetyMonitorVM.cs|Disconnect|221|Disconnected Safety Monitor
2026-04-30T19:53:48.4235|INFO|SafetyMonitorVM.cs|Connect|175|Successfully connected Safety Monitor. Id: ASCOM.GenericFile.SafetyMonitor Name: Generic File driver DisplayName: Generic File driver (ASCOM) Driver Version: 6.4
2026-04-30T19:53:48.4238|INFO|SequenceItem.cs|Run|254|Finishing Category: Connect, Item: ConnectAllEquipment
2026-04-30T19:53:48.4244|INFO|SequenceItem.cs|Run|208|Starting Category: Telescope, Item: FindHome
2026-04-30T19:53:48.4305|INFO|PHD2Guider.cs|StopGuiding|704|Phd2 - Stop Guiding skipped, as the app is already in state Stopped
2026-04-30T19:53:48.4409|INFO|TelescopeVM.cs|FindHome|292|Mount ordered to locate home position
2026-04-30T19:53:48.4435|INFO|TelescopeVM.cs|FindHome|336|Mount ordered to home but it is already at home
2026-04-30T19:53:48.4439|INFO|TelescopeVM.cs|FindHome|348|Mount has located its home position
2026-04-30T19:53:48.4448|INFO|SequenceItem.cs|Run|254|Finishing Category: Telescope, Item: FindHome
2026-04-30T19:53:48.4450|INFO|SequenceItem.cs|Run|208|Starting Category: Ground Station, Item: Send to Telegram
2026-04-30T19:53:49.7106|INFO|SequenceItem.cs|Run|254|Finishing Category: Ground Station, Item: Send to Telegram
2026-04-30T19:53:49.7112|INFO|SequenceItem.cs|Run|208|Starting Category: Ground Station, Item: Send to Pushover, Title: Cool
2026-04-30T19:53:49.8636|INFO|SequenceItem.cs|Run|254|Finishing Category: Ground Station, Item: Send to Pushover, Title: Cool
2026-04-30T19:53:49.8653|INFO|SequenceItem.cs|Run|208|Starting Category: Camera, Item: CoolCamera, Temperature: -5, Duration: 15
2026-04-30T19:53:49.8761|INFO|CameraVM.cs|CoolCamera|138|Cooling Camera. Target: -5 Duration: 00:15:00
2026-04-30T19:53:50.4251|INFO|SafetyMonitorVM.cs|UpdateMonitorValues|95|SafetyMonitorInfo state changed to Unsafe
2026-04-30T20:08:54.0270|INFO|SequenceItem.cs|Run|254|Finishing Category: Camera, Item: CoolCamera, Temperature: -5, Duration: 15
2026-04-30T20:08:54.0277|INFO|SequenceItem.cs|Run|208|Starting Category: Utility, Item: WaitForTime, Time: 20:58:27h, Offset: -15
2026-04-30T20:58:30.2405|INFO|SequenceItem.cs|Run|254|Finishing Category: Utility, Item: WaitForTime, Time: 20:58:27h, Offset: -15
2026-04-30T20:58:30.2453|INFO|SequenceItem.cs|Run|254|Finishing Category: * Instruction Set *, Container: NINA.Sequencer.Container.SequentialContainer, Strategy: SequentialStrategy, Items[FINISHED]: 10
2026-04-30T20:58:30.2457|INFO|SequenceItem.cs|Run|254|Finishing Category: * Instruction Set *, Container: NINA.Sequencer.Container.StartAreaContainer, Strategy: SequentialStrategy, Items[FINISHED]: 1
2026-04-30T20:58:30.2461|INFO|SequenceItem.cs|Run|208|Starting Category: * Instruction Set *, Container: NINA.Sequencer.Container.TargetAreaContainer, Strategy: SequentialStrategy, Items[CREATED]: 1
2026-04-30T20:58:30.2484|INFO|SequenceItem.cs|Run|208|Starting Category: * Instruction Set *, Container: NINA.Sequencer.Container.SequentialContainer, Strategy: SequentialStrategy, Items[CREATED]: 12, Conditions: Condition: TimeCondition, Time: 6:26:16h, Condition: TargetSchedulerCondition mode=While Targets Remain Tonight, , Triggers: Trigger: CenterAfterDriftTrigger, DistanceArcMinutes: 1Trigger: WhenUnsafeCategory: Ground Station, Item: Failures to TelegramCategory: Connect, Item: ReconnectOnDownloadFailureTrigger: AutofocusAfterHFRIncreaseTrigger, Amount: 5Trigger: MeridianFlipTriggerCategory: Powerups (Misc), Item: DIYTriggerCategory: Ground Station, Item: Failures to PushoverTrigger: AutofocusAfterTemperatureChangeTrigger, Amount: 1.5°
2026-04-30T20:58:30.2521|INFO|WhenCommon.cs|SequenceBlockInitialize|204|Initialize; starting watchdog
2026-04-30T20:58:30.2580|INFO|WhenUnsafe.cs|CheckSafe|77|IsSafe is now FALSE; connected = True, IsSafe = False
2026-04-30T20:58:30.2584|INFO|WhenCommon.cs|ShouldTrigger|378|ShouldTrigger TRUE from InterruptWhen, setting TriggerRunner
2026-04-30T20:58:30.2586|INFO|WhenCommon.cs|InterruptWhen|322|Interrupting current Instruction Set
2026-04-30T20:58:30.2627|INFO|WhenCommon.cs|InterruptWhen|332|Canceling sequence...
2026-04-30T20:58:31.2642|INFO|WhenCommon.cs|InterruptWhen|336|Delay 1000
2026-04-30T20:58:32.2639|INFO|WhenCommon.cs|InterruptWhen|336|Delay 1000
2026-04-30T20:58:33.2645|INFO|WhenCommon.cs|InterruptWhen|336|Delay 1000
2026-04-30T20:58:34.2655|INFO|WhenCommon.cs|InterruptWhen|336|Delay 1000
2026-04-30T20:58:35.2660|INFO|WhenCommon.cs|InterruptWhen|336|Delay 1000
2026-04-30T20:58:36.2670|INFO|WhenCommon.cs|InterruptWhen|336|Delay 1000
2026-04-30T20:58:37.2676|INFO|WhenCommon.cs|InterruptWhen|336|Delay 1000
2026-04-30T20:58:38.2685|INFO|WhenCommon.cs|InterruptWhen|336|Delay 1000
2026-04-30T20:58:39.2695|INFO|WhenCommon.cs|InterruptWhen|336|Delay 1000
2026-04-30T20:58:40.2711|INFO|WhenCommon.cs|InterruptWhen|336|Delay 1000
2026-04-30T20:58:41.2703|INFO|WhenCommon.cs|InterruptWhen|336|Delay 1000
2026-04-30T20:58:42.2713|INFO|WhenCommon.cs|InterruptWhen|336|Delay 1000
2026-04-30T20:58:43.2723|INFO|WhenCommon.cs|InterruptWhen|336|Delay 1000
2026-04-30T20:58:44.2741|INFO|WhenCommon.cs|InterruptWhen|336|Delay 1000
2026-04-30T20:58:45.2747|INFO|WhenCommon.cs|InterruptWhen|336|Delay 1000
2026-04-30T20:58:46.2756|INFO|WhenCommon.cs|InterruptWhen|336|Delay 1000
2026-04-30T20:58:47.2759|INFO|WhenCommon.cs|InterruptWhen|336|Delay 1000
2026-04-30T20:58:48.2766|INFO|WhenCommon.cs|InterruptWhen|336|Delay 1000
2026-04-30T20:58:49.2773|INFO|WhenCommon.cs|InterruptWhen|336|Delay 1000
2026-04-30T20:58:50.2780|INFO|WhenCommon.cs|InterruptWhen|336|Delay 1000
2026-04-30T20:58:51.2786|INFO|WhenCommon.cs|InterruptWhen|336|Delay 1000
2026-04-30T20:58:52.2797|INFO|WhenCommon.cs|InterruptWhen|336|Delay 1000
2026-04-30T20:58:53.2810|INFO|WhenCommon.cs|InterruptWhen|336|Delay 1000
2026-04-30T20:58:54.2821|INFO|WhenCommon.cs|InterruptWhen|336|Delay 1000
2026-04-30T20:58:55.2819|INFO|WhenCommon.cs|InterruptWhen|336|Delay 1000
2026-04-30T20:58:56.2849|INFO|WhenCommon.cs|InterruptWhen|336|Delay 1000
2026-04-30T20:58:57.2853|INFO|WhenCommon.cs|InterruptWhen|336|Delay 1000
2026-04-30T20:58:58.2860|INFO|WhenCommon.cs|InterruptWhen|336|Delay 1000
2026-04-30T20:58:59.2863|INFO|WhenCommon.cs|InterruptWhen|336|Delay 1000
2026-04-30T20:59:00.2873|INFO|WhenCommon.cs|InterruptWhen|336|Delay 1000
2026-04-30T20:59:01.2879|INFO|WhenCommon.cs|InterruptWhen|336|Delay 1000
2026-04-30T20:59:02.2881|INFO|WhenCommon.cs|InterruptWhen|336|Delay 1000
2026-04-30T20:59:03.2878|INFO|WhenCommon.cs|InterruptWhen|336|Delay 1000
2026-04-30T20:59:04.1829|INFO|WhenCommon.cs|SequenceBlockTeardown|198|Teardown; shutting down watchdog
2026-04-30T20:59:04.1860|INFO|Sequencer.cs|Start|85|Sequence run was cancelled
2026-04-30T20:59:04.2069|INFO|Sequence2VM.cs|StartSequence|548|Advanced Sequence finished
2026-04-30T20:59:04.2950|INFO|WhenCommon.cs|InterruptWhen|339|Sequence no longer running
2026-04-30T20:59:04.2960|WARNING|WhenCommon.cs|CheckSlewing|263|CheckSlewing, WhenUnsafe = True, Connected = True, CanSlew = True, info.Slewing = False
2026-04-30T20:59:04.2972|INFO|Sequence2VM.cs|StartSequence|543|Advanced Sequence starting
2026-04-30T20:59:04.3511|INFO|SequenceItem.cs|Run|208|Starting Category: * Instruction Set *, Container: NINA.Sequencer.Container.SequenceRootContainer, Strategy: SequentialStrategy, Items[CREATED]: 3, Triggers: Category: Ground Station, Item: Failures to Telegram
2026-04-30T20:59:04.3515|INFO|SequenceItem.cs|Run|208|Starting Category: * Instruction Set *, Container: NINA.Sequencer.Container.StartAreaContainer, Strategy: SequentialStrategy, Items[FINISHED]: 1
2026-04-30T20:59:04.3515|INFO|SequenceItem.cs|Run|254|Finishing Category: * Instruction Set *, Container: NINA.Sequencer.Container.StartAreaContainer, Strategy: SequentialStrategy, Items[FINISHED]: 1
2026-04-30T20:59:04.3516|INFO|SequenceItem.cs|Run|208|Starting Category: * Instruction Set *, Container: NINA.Sequencer.Container.TargetAreaContainer, Strategy: SequentialStrategy, Items[CREATED]: 1
2026-04-30T20:59:04.3518|INFO|SequenceItem.cs|Run|208|Starting Category: * Instruction Set *, Container: NINA.Sequencer.Container.SequentialContainer, Strategy: SequentialStrategy, Items[CREATED]: 12, Conditions: Condition: TimeCondition, Time: 6:26:16h, Condition: TargetSchedulerCondition mode=While Targets Remain Tonight, , Triggers: Trigger: CenterAfterDriftTrigger, DistanceArcMinutes: 1Trigger: WhenUnsafeCategory: Ground Station, Item: Failures to TelegramCategory: Connect, Item: ReconnectOnDownloadFailureTrigger: AutofocusAfterHFRIncreaseTrigger, Amount: 5Trigger: MeridianFlipTriggerCategory: Powerups (Misc), Item: DIYTriggerCategory: Ground Station, Item: Failures to PushoverTrigger: AutofocusAfterTemperatureChangeTrigger, Amount: 1.5°
2026-04-30T20:59:04.3521|INFO|WhenCommon.cs|SequenceBlockInitialize|204|Initialize; starting watchdog
2026-04-30T20:59:04.3538|INFO|WhenCommon.cs|ShouldTrigger|382|ShouldTrigger TRUE, setting TriggerRunner
2026-04-30T20:59:04.3565|INFO|SequenceTrigger.cs|Run|114|Starting Trigger: WhenUnsafe
2026-04-30T20:59:04.3679|INFO|WhenCommon.cs|Execute|395|Execute 0
2026-04-30T20:59:04.3682|INFO|WhenCommon.cs|Execute|409|When: running TriggerRunner, InFlight -> true, Triggered -> false
2026-04-30T20:59:04.3683|WARNING|WhenCommon.cs|CheckSlewing|263|CheckSlewing, WhenUnsafe = True, Connected = True, CanSlew = True, info.Slewing = False
2026-04-30T20:59:04.3685|INFO|SequenceItem.cs|Run|208|Starting Category: , Container: WhenPlugin.When.IfContainer, Strategy: SequentialStrategy, Items[CREATED]: 9
2026-04-30T20:59:04.3753|INFO|MeridianFlipTrigger.cs|ShouldTrigger|197|Meridian Flip - Telescope is at home position. Skip flip evaluation
2026-04-30T20:59:04.3774|INFO|SequenceItem.cs|Run|208|Starting Category: Ground Station, Item: Send to Telegram
2026-04-30T20:59:05.7448|INFO|SequenceItem.cs|Run|254|Finishing Category: Ground Station, Item: Send to Telegram
2026-04-30T20:59:05.7463|INFO|MeridianFlipTrigger.cs|ShouldTrigger|197|Meridian Flip - Telescope is at home position. Skip flip evaluation
2026-04-30T20:59:05.7465|INFO|SequenceItem.cs|Run|208|Starting Category: Ground Station, Item: Send to Pushover, Title: Unsafe
2026-04-30T20:59:05.9215|INFO|SequenceItem.cs|Run|254|Finishing Category: Ground Station, Item: Send to Pushover, Title: Unsafe
2026-04-30T20:59:05.9222|INFO|MeridianFlipTrigger.cs|ShouldTrigger|197|Meridian Flip - Telescope is at home position. Skip flip evaluation
2026-04-30T20:59:05.9223|INFO|SequenceItem.cs|Run|208|Starting Category: Telescope, Item: FindHome
2026-04-30T20:59:05.9252|INFO|PHD2Guider.cs|StopGuiding|704|Phd2 - Stop Guiding skipped, as the app is already in state Stopped
2026-04-30T20:59:05.9254|INFO|TelescopeVM.cs|FindHome|292|Mount ordered to locate home position
2026-04-30T20:59:05.9258|INFO|TelescopeVM.cs|FindHome|336|Mount ordered to home but it is already at home
2026-04-30T20:59:05.9258|INFO|TelescopeVM.cs|FindHome|348|Mount has located its home position
2026-04-30T20:59:05.9260|INFO|SequenceItem.cs|Run|254|Finishing Category: Telescope, Item: FindHome
2026-04-30T20:59:05.9264|INFO|MeridianFlipTrigger.cs|ShouldTrigger|197|Meridian Flip - Telescope is at home position. Skip flip evaluation
2026-04-30T20:59:05.9269|INFO|SequenceItem.cs|Run|208|Starting Category: Guider, Item: StopGuiding
2026-04-30T20:59:05.9296|INFO|PHD2Guider.cs|StopGuiding|704|Phd2 - Stop Guiding skipped, as the app is already in state Stopped
2026-04-30T20:59:05.9297|INFO|SequenceItem.cs|Run|254|Finishing Category: Guider, Item: StopGuiding
2026-04-30T20:59:05.9301|INFO|MeridianFlipTrigger.cs|ShouldTrigger|197|Meridian Flip - Telescope is at home position. Skip flip evaluation
2026-04-30T20:59:05.9401|INFO|SequenceItem.cs|Run|208|Starting Category: Connect, Item: DisconnectEquipment, Selected device: Safety Monitor
2026-04-30T20:59:06.0181|INFO|AscomDevice.cs|Disconnect|378|Disconnecting from ASCOM.GenericFile.SafetyMonitor Generic File driver
2026-04-30T20:59:06.0487|INFO|SafetyMonitorVM.cs|Disconnect|221|Disconnected Safety Monitor
2026-04-30T20:59:06.0492|INFO|SequenceItem.cs|Run|254|Finishing Category: Connect, Item: DisconnectEquipment, Selected device: Safety Monitor
2026-04-30T20:59:06.0499|INFO|MeridianFlipTrigger.cs|ShouldTrigger|197|Meridian Flip - Telescope is at home position. Skip flip evaluation
2026-04-30T20:59:06.0507|INFO|SequenceItem.cs|Run|208|Starting Category: Utility, Item: WaitForTimeSpan, Time: 60s
2026-04-30T21:00:06.1065|INFO|SequenceItem.cs|Run|254|Finishing Category: Utility, Item: WaitForTimeSpan, Time: 60s
2026-04-30T21:00:06.1073|INFO|MeridianFlipTrigger.cs|ShouldTrigger|197|Meridian Flip - Telescope is at home position. Skip flip evaluation
2026-04-30T21:00:06.1086|INFO|SequenceItem.cs|Run|208|Starting Category: Connect, Item: ConnectEquipment, Selected device: Safety Monitor, Selected device id: ASCOM.GenericFile.SafetyMonitor
2026-04-30T21:00:08.1162|INFO|SafetyMonitorChooserVM.cs|GetEquipment|71|Found 0 Alpaca Safety Monitors
2026-04-30T21:00:08.1458|INFO|SafetyMonitorVM.cs|Disconnect|221|Disconnected Safety Monitor
2026-04-30T21:00:08.2299|INFO|SafetyMonitorVM.cs|Connect|175|Successfully connected Safety Monitor. Id: ASCOM.GenericFile.SafetyMonitor Name: Generic File driver DisplayName: Generic File driver (ASCOM) Driver Version: 6.4
2026-04-30T21:00:08.2303|INFO|SequenceItem.cs|Run|254|Finishing Category: Connect, Item: ConnectEquipment, Selected device: Safety Monitor, Selected device id: ASCOM.GenericFile.SafetyMonitor
2026-04-30T21:00:08.2307|INFO|MeridianFlipTrigger.cs|ShouldTrigger|197|Meridian Flip - Telescope is at home position. Skip flip evaluation
2026-04-30T21:00:08.2307|INFO|SequenceItem.cs|Run|208|Starting Category: Utility, Item: WaitForTimeSpan, Time: 60s
2026-04-30T21:00:10.2303|INFO|SafetyMonitorVM.cs|UpdateMonitorValues|95|SafetyMonitorInfo state changed to Unsafe
2026-04-30T21:01:08.2774|INFO|SequenceItem.cs|Run|254|Finishing Category: Utility, Item: WaitForTimeSpan, Time: 60s
2026-04-30T21:01:08.2788|INFO|MeridianFlipTrigger.cs|ShouldTrigger|197|Meridian Flip - Telescope is at home position. Skip flip evaluation
2026-04-30T21:01:08.2796|INFO|SequenceItem.cs|Run|208|Starting Category: Powerups (Safety), Item: OnceSafe
