----------------------------------------------------------------------
--------------N.I.N.A. - Nighttime Imaging 'N' Astronomy--------------
--------------------------Version 3.2.0.9001--------------------------
-------------------------2026-04-25T13:05:28--------------------------
----------------------------------------------------------------------
---------------------Microsoft Windows 10.0.19045---------------------
-------------------------OS Architecture X64--------------------------
-----------------------Process Architecture X64-----------------------
-----------------------------.NET 8.0.21------------------------------
----------------------------------------------------------------------
--------------------------Processor Count 4---------------------------
--------------------Total Physical Memory 7.84 GB---------------------
----------------------------------------------------------------------
DATE|LEVEL|SOURCE|MEMBER|LINE|MESSAGE
2026-04-25T13:05:28.7230|INFO|App.xaml.cs|OnStartup|170|Launched with command line arguments: --sequencefile C:\Users\nicka\Astro\NINA\NINA_Sequences\TargetScheduler.json --runsequence
2026-04-25T13:05:32.6117|INFO|CameraChooserVM.cs|GetEquipment|69|Found 2 ASI Cameras
2026-04-25T13:05:32.8813|INFO|CameraChooserVM.cs|GetEquipment|84|Found 0 Altair Cameras
2026-04-25T13:05:33.3158|INFO|CameraChooserVM.cs|GetEquipment|96|Found 0 Atik Cameras
2026-04-25T13:05:33.4186|INFO|CameraChooserVM.cs|GetEquipment|110|Found 0 FLI Cameras
2026-04-25T13:05:34.7892|INFO|CameraChooserVM.cs|GetEquipment|130|Found 0 QHYCCD Cameras
2026-04-25T13:05:35.3358|INFO|CameraChooserVM.cs|GetEquipment|158|Found 0 ToupTek Cameras
2026-04-25T13:05:35.4945|INFO|CameraChooserVM.cs|GetEquipment|173|Found 0 Ogma Cameras
2026-04-25T13:05:35.6653|INFO|CameraChooserVM.cs|GetEquipment|188|Found 0 Omegon Cameras
2026-04-25T13:05:36.2181|INFO|CameraChooserVM.cs|GetEquipment|203|Found 0 RisingCam Cameras
2026-04-25T13:05:36.4598|INFO|CameraChooserVM.cs|GetEquipment|218|Found 0 MallinCam Cameras
2026-04-25T13:05:36.5913|INFO|CameraChooserVM.cs|GetEquipment|243|Found 0 SVBony Cameras
2026-04-25T13:05:36.5949|INFO|CameraChooserVM.cs|GetEquipment|259|Found 0 SBIG Cameras
2026-04-25T13:05:44.7769|INFO|ApplicationVM.cs|CheckDiskInfo|100|Available Space on Drive C:\: 146.62 GB
2026-04-25T13:05:44.7834|INFO|ApplicationVM.cs|CheckDiskInfo|102|Drive E:\ is not ready
2026-04-25T13:05:44.7855|INFO|ApplicationVM.cs|CheckDiskInfo|100|Available Space on Drive G:\: 62.13 GB
2026-04-25T13:05:44.7984|INFO|ApplicationVM.cs|CheckDiskInfo|100|Available Space on Drive Z:\: 0 GB
2026-04-25T13:05:46.1337|INFO|ApplicationVM.cs|CheckASCOMPlatformVersion|81|ASCOM Platform 6.6.2.4195 installed
2026-04-25T13:05:46.6515|INFO|API.cs|Start|99|Starting Webserver
2026-04-25T13:05:46.6534|INFO|API.cs|APITask|134|starting web server, listening at 172.19.6.111:1888
2026-04-25T13:05:46.8300|INFO|NINALogWatcher.cs|Start|33|watching log file: C:\Users\nicka\AppData\Local\NINA\Logs\20260425-130527-3.2.0.9001.12264-202604.log
2026-04-25T13:05:46.8559|INFO|PluginLoader.cs|LoadPlugin|402|Successfully loaded plugin Advanced API version 2.2.15.0 by Christian Palm
2026-04-25T13:05:47.0501|INFO|PluginLoader.cs|LoadPlugin|402|Successfully loaded plugin Autofocus Report Analysis version 2.0.0.9 by Stefan Berg @isbeorn
2026-04-25T13:05:47.8239|INFO|PluginLoader.cs|LoadPlugin|402|Successfully loaded plugin Connector version 2.1.0.2 by Stefan Berg @isbeorn
2026-04-25T13:05:48.0644|INFO|PluginLoader.cs|LoadPlugin|402|Successfully loaded plugin Device Actions and Commands version 2.2.0.0 by Dale Ghent
2026-04-25T13:05:49.0381|INFO|PluginLoader.cs|LoadPlugin|402|Successfully loaded plugin Discord Alert version 2.2.0.0 by Drew McDermott
2026-04-25T13:05:50.9912|INFO|PluginLoader.cs|LoadPlugin|402|Successfully loaded plugin Discord Notification version 2.0.0.10 by Daniel Ludwig
2026-04-25T13:05:53.2880|INFO|DitherStatisticsVM.cs|CreatePluginIcon|1483|Plugin icon geometry created successfully
2026-04-25T13:05:53.3166|INFO|DitherStatisticsVM.cs|LoadDataTemplates|1452|DitherStatistics DataTemplates loaded successfully
2026-04-25T13:05:53.3217|INFO|DitherStatisticsVM.cs|SaveQualityAssessmentSetting|387|Quality Assessment setting saved to file: True
2026-04-25T13:05:53.3218|INFO|DitherStatisticsVM.cs|LoadQualityAssessmentSetting|364|Quality Assessment setting loaded from file: True
2026-04-25T13:05:53.3360|INFO|DitherStatisticsVM.cs|SaveDitherOptimizerSetting|490|Dither Optimizer setting saved to file: False
2026-04-25T13:05:53.3362|INFO|DitherStatisticsVM.cs|LoadDitherOptimizerSetting|471|Dither Optimizer setting loaded from file: False
2026-04-25T13:05:53.3370|INFO|DitherStatisticsVM.cs|SubscribeToGuiderEvents|834|Subscribed to NINA guider events
2026-04-25T13:05:53.3417|ERROR|DitherStatisticsVM.cs|GetThemeColor|1437|Failed to get theme color 'PrimaryBrush': The calling thread cannot access this object because a different thread owns it.
2026-04-25T13:05:53.3419|INFO|DitherStatisticsVM.cs|StartThemeColorMonitoring|1329|Initial PrimaryBrush color: R:255 G:255 B:255
2026-04-25T13:05:53.3420|INFO|DitherStatisticsVM.cs|.ctor|96|DitherStatisticsVM initialized successfully with ScottPlot 4.1 (Lazy Loading)!
2026-04-25T13:05:53.3426|INFO|DitherStatisticsVM.cs|StartThemeColorMonitoring|1338|Theme color monitoring timer started on UI thread
2026-04-25T13:05:53.3428|INFO|PluginLoader.cs|LoadPlugin|402|Successfully loaded plugin Dither Statistics version 1.3.0.0 by Thierry Tschanz
2026-04-25T13:05:53.5722|INFO|PluginLoader.cs|LoadPlugin|402|Successfully loaded plugin Filter Offset Calculator version 2.0.0.0 by S. Dimant & Stefan Berg
2026-04-25T13:05:53.8344|INFO|DitherStatisticsVM.cs|OnThemeColorTimerTick|1357|Theme color CHANGED! Old: R:255 G:255 B:255 -> New: R:176 G:179 B:185
2026-04-25T13:05:53.8988|INFO|PluginLoader.cs|LoadPlugin|402|Successfully loaded plugin Flexure Correction version 0.8.0.0 by Francesco Meschia
2026-04-25T13:05:53.9469|INFO|DitherStatisticsVM.cs|PixelShiftPlot|136|PixelShiftPlot created (lazy loading)
2026-04-25T13:05:53.9793|INFO|DitherStatisticsVM.cs|SettleTimePlot|177|SettleTimePlot created (lazy loading)
2026-04-25T13:05:55.3409|INFO|DitherStatisticsVM.cs|ConnectToPHD2|708|Attempting to connect to PHD2...
2026-04-25T13:05:55.3428|INFO|PHD2Client.cs|ConnectAsync|102|PHD2Client: Connecting to PHD2 at 127.0.0.1:4400...
2026-04-25T13:05:57.3310|INFO|PluginLoader.cs|LoadPlugin|402|Successfully loaded plugin Ground Station version 3.0.0.117 by Dale Ghent
2026-04-25T13:05:57.3996|ERROR|PHD2Client.cs|ConnectAsync|132|PHD2Client: Connection failed: No connection could be made because the target machine actively refused it.
2026-04-25T13:05:57.4002|INFO|DitherStatisticsVM.cs|OnPHD2ConnectionStatusChanged|737|PHD2 Connection Status: Connection failed: No connection could be made because the target machine actively refused it.
2026-04-25T13:06:14.3880|INFO|PluginLoader.cs|LoadPlugin|402|Successfully loaded plugin Hocus Focus version 3.0.0.25 by George Hilios (jokogeo)
2026-04-25T13:06:15.3681|INFO|PluginLoader.cs|LoadPlugin|402|Successfully loaded plugin Horizon Creator version 1.1.2.1 by Christian Palm
2026-04-25T13:06:15.6348|INFO|PluginLoader.cs|LoadPlugin|402|Successfully loaded plugin Lightbucket version 2.2.4.0 by Lightbucket
2026-04-25T13:06:16.9511|INFO|PluginLoader.cs|LoadPlugin|402|Successfully loaded plugin Livestack version 1.1.3.0 by Stefan Berg @isbeorn
2026-04-25T13:06:17.2470|INFO|PluginLoader.cs|LoadPlugin|402|Successfully loaded plugin Log Viewer version 1.0.0.2 by Alexander Wrede @astro_alex80
2026-04-25T13:06:17.5201|INFO|PluginLoader.cs|LoadPlugin|402|Successfully loaded plugin Moon Angle version 2.2.0.0 by Dale Ghent
2026-04-25T13:06:18.1953|INFO|SessionDatabase.cs|.ctor|32|NightSummary: Database path: C:\Users\nicka\AppData\Local\NINA\NightSummary\nightsummary.sqlite
2026-04-25T13:06:18.1955|INFO|SessionDatabase.cs|.ctor|33|NightSummary: Database exists: True
2026-04-25T13:06:18.2120|INFO|SessionDatabase.cs|SeedTestDatabaseIfMissing|404|NightSummary: Demo database updated to version 2.11.1.0
2026-04-25T13:06:18.2417|INFO|SessionService.cs|.ctor|116|NightSummary: SessionService created — messageBroker=True
2026-04-25T13:06:18.4431|INFO|NightSummaryPlugin.cs|.ctor|252|NightSummary: Plugin initialized successfully
2026-04-25T13:06:18.4489|INFO|SessionDatabase.cs|.ctor|32|NightSummary: Database path: C:\Users\nicka\AppData\Local\NINA\NightSummary\nightsummary.sqlite
2026-04-25T13:06:18.4491|INFO|SessionDatabase.cs|.ctor|33|NightSummary: Database exists: True
2026-04-25T13:06:18.4635|INFO|SessionService.cs|.ctor|116|NightSummary: SessionService created — messageBroker=True
2026-04-25T13:06:18.4658|INFO|PluginLoader.cs|LoadPlugin|402|Successfully loaded plugin Night Summary version 2.11.1.0 by Evan Pegors
2026-04-25T13:06:18.9417|INFO|PluginLoader.cs|LoadPlugin|402|Successfully loaded plugin Phd2 Tools version 1.0.6.0 by Stefan Berg @isbeorn
2026-04-25T13:06:19.4012|INFO|PluginLoader.cs|LoadPlugin|402|Successfully loaded plugin PixInsight Tools version 1.0.0.3 by Stefan Berg
2026-04-25T13:06:20.4349|INFO|PluginLoader.cs|LoadPlugin|402|Successfully loaded plugin Point3D version 0.2.3.0 by Drew McDermott
2026-04-25T13:06:20.9231|INFO|StarfrontClient.cs|StartFolderWatcher|167|[Rockwood] Watching: C:\ASTROIMAGES\NINA\
2026-04-25T13:06:20.9265|INFO|StarfrontClient.cs|RunLoop|68|[Rockwood] connecting to wss://api.starfront.space:443/ws/scope?key=***
2026-04-25T13:06:20.9264|INFO|PluginLoader.cs|LoadPlugin|402|Successfully loaded plugin Rockwood Starfront version 1.0.0.0 by Rockwood Observatory
2026-04-25T13:06:21.0785|INFO|StarfrontClient.cs|RunLoop|71|[Rockwood] connected
2026-04-25T13:06:21.9570|INFO|PluginLoader.cs|LoadPlugin|402|Successfully loaded plugin Scope Control version 2.0.2.1 by Stefan Berg @isbeorn
2026-04-25T13:06:24.6047|WARNING|When.cs|GetRunningItem|143|Can't get running items: SequencerNavigation not initialized yet!
2026-04-25T13:06:24.8785|INFO|PluginLoader.cs|LoadPlugin|402|Successfully loaded plugin Sequencer Powerups version 3.29.0.9 by Marc Blank
2026-04-25T13:06:25.9980|INFO|PluginLoader.cs|LoadPlugin|402|Successfully loaded plugin Session Metadata version 2.6.3.0 by Tom Palmer @tcpalmer
2026-04-25T13:06:26.1387|INFO|PluginLoader.cs|LoadPlugin|402|Successfully loaded plugin Shutdown PC version 2.2.0.0 by Dale Ghent
2026-04-25T13:06:26.5258|INFO|PluginLoader.cs|LoadPlugin|402|Successfully loaded plugin SkyFlats version 1.0.0.4 by Gerald Hitz (@photon)
2026-04-25T13:06:27.2504|INFO|PluginLoader.cs|LoadPlugin|402|Successfully loaded plugin Smart Filters version 1.0.0.3 by Benoit SAINTOT
2026-04-25T13:06:29.0659|INFO|Plugin.cs|RunStationHeartbeatLoopAsync|697|[Subframes] TS not detected at startup — deferring first heartbeat to allow plugin load to complete.
2026-04-25T13:06:29.0742|INFO|SyncEngine.cs|Start|41|[Subframes] SyncEngine started.
2026-04-25T13:06:29.0777|INFO|Plugin.cs|.ctor|166|[Subframes] Plugin loaded (primary instance).
2026-04-25T13:06:29.0816|WARNING|Plugin.cs|OnImportsSatisfied|196|[Subframes] Sequence event subscription deferred — SequenceMediator internals not yet initialized.
2026-04-25T13:06:29.0887|WARNING|Plugin.cs|.ctor|113|[Subframes] Duplicate plugin instance created by MEF — proxying to primary to prevent duplicate sessions/sync.
2026-04-25T13:06:29.0910|INFO|PluginLoader.cs|LoadPlugin|402|Successfully loaded plugin Subframes version 0.3.1.0 by Subframes
2026-04-25T13:06:29.6136|WARNING|When.cs|GetRunningItem|143|Can't get running items: SequencerNavigation not initialized yet!
2026-04-25T13:06:29.9777|INFO|PluginLoader.cs|LoadPlugin|402|Successfully loaded plugin Target Planning version 3.2.1.0 by Tom Palmer @tcpalmer
2026-04-25T13:06:34.6167|WARNING|When.cs|GetRunningItem|143|Can't get running items: SequencerNavigation not initialized yet!
2026-04-25T13:06:36.7806|INFO|PluginLoader.cs|LoadPlugin|402|Successfully loaded plugin Target Scheduler version 5.9.0.0 by Tom Palmer @tcpalmer
2026-04-25T13:06:37.4587|INFO|PluginLoader.cs|LoadPlugin|402|Successfully loaded plugin Three Point Polar Alignment version 2.2.5.1 by Stefan Berg @isbeorn
2026-04-25T13:06:39.6183|WARNING|When.cs|GetRunningItem|143|Can't get running items: SequencerNavigation not initialized yet!
2026-04-25T13:06:40.0308|INFO|SessionHistoryManager.cs|PurgeHistoryOlderThan|102|purging web session history older than 10 days
2026-04-25T13:06:40.0942|INFO|PluginLoader.cs|LoadPlugin|402|Successfully loaded plugin Web Session History Viewer version 2.2.1.0 by Tom Palmer @tcpalmer
2026-04-25T13:06:40.6803|INFO|PluginFetcher.cs|RequestAll|43|Fetching plugin manifests from https://nighttime-imaging.eu/wp-json/nina/v1/plugins/manifests
2026-04-25T13:06:40.7341|INFO|RotatorChooserVM.cs|GetEquipment|45|Found 1 Networked Rotator Rotators
2026-04-25T13:06:41.1031|INFO|FilterWheelChooserVM.cs|GetEquipment|167|Found 1 Networked Filter Wheel Filter Wheels
2026-04-25T13:06:41.2368|INFO|CameraChooserVM.cs|GetEquipment|279|Found 0 SVBony Cameras
2026-04-25T13:06:41.3580|INFO|CameraChooserVM.cs|GetEquipment|279|Found 0 PlayerOne Cameras
2026-04-25T13:06:41.4195|INFO|Sequence2VM.cs|TryLoadSequenceFile|414|Loading sequence file: C:\Users\nicka\Astro\NINA\NINA_Sequences\TargetScheduler.json
2026-04-25T13:06:41.5063|INFO|CameraChooserVM.cs|GetEquipment|279|Found 0 ASTPAN Cameras
2026-04-25T13:06:41.5085|INFO|CameraChooserVM.cs|GetEquipment|293|Found 4 ASCOM Cameras
2026-04-25T13:06:41.7214|INFO|Plugin.cs|TrySubscribeSequenceEvents|222|[Subframes] ISequenceMediator.SequenceStarted not present in this NINA build — session will open on first captured image instead.
2026-04-25T13:06:41.7217|INFO|Plugin.cs|RetrySubscribeSequenceEventsAsync|258|[Subframes] Deferred sequence event subscription succeeded after 12s.
2026-04-25T13:06:42.0904|INFO|Sequence2VM.cs|TryLoadSequenceFile|420|Starting sequence from command line options
2026-04-25T13:06:42.0939|INFO|Sequence2VM.cs|StartSequence|543|Advanced Sequence starting
2026-04-25T13:06:43.5894|INFO|TelescopeChooserVM.cs|GetEquipment|69|Found 0 Alpaca Telescopes
2026-04-25T13:06:43.6171|INFO|DomeChooserVM.cs|GetEquipment|67|Found 0 Alpaca Domes
2026-04-25T13:06:43.6189|INFO|SafetyMonitorChooserVM.cs|GetEquipment|71|Found 0 Alpaca Safety Monitors
2026-04-25T13:06:43.6207|INFO|RotatorChooserVM.cs|GetEquipment|68|Found 0 Alpaca Rotators
2026-04-25T13:06:43.6321|INFO|FilterWheelChooserVM.cs|GetEquipment|193|Found 0 Alpaca Filter Wheels
2026-04-25T13:06:43.6342|INFO|CameraChooserVM.cs|GetEquipment|305|Found 0 Alpaca Cameras
2026-04-25T13:06:43.6407|INFO|CameraChooserVM.cs|GetEquipment|318|Found 0 Canon Cameras
2026-04-25T13:06:43.6496|INFO|FlatDeviceChooserVM.cs|GetEquipment|67|Found 0 Alpaca Cover Calibrators
2026-04-25T13:06:43.6658|INFO|WeatherDataChooserVM.cs|GetEquipment|69|Found 0 Alpaca Observing Conditions
2026-04-25T13:06:43.7112|INFO|SwitchChooserVM.cs|GetEquipment|71|Found 0 Alpaca Switch Hubs
2026-04-25T13:06:43.7688|INFO|DockManagerVM.cs|InitializeAvalonDockLayout|366|Initializing imaging tab layout from C:\Users\nicka\AppData\Local\NINA\Profiles\0173997c-4bfa-48fd-9337-a48b6df99c38.dock.config
2026-04-25T13:06:43.8320|INFO|SequenceItem.cs|Run|208|Starting Category: * Instruction Set *, Container: NINA.Sequencer.Container.SequenceRootContainer, Strategy: SequentialStrategy, Items[CREATED]: 3, Triggers: Category: Ground Station, Item: Failures to Telegram
2026-04-25T13:06:43.8425|INFO|SequenceItem.cs|Run|208|Starting Category: * Instruction Set *, Container: NINA.Sequencer.Container.StartAreaContainer, Strategy: SequentialStrategy, Items[CREATED]: 1
2026-04-25T13:06:43.8433|INFO|SequenceItem.cs|Run|208|Starting Category: * Instruction Set *, Container: NINA.Sequencer.Container.SequentialContainer, Strategy: SequentialStrategy, Items[CREATED]: 10
2026-04-25T13:06:43.8440|INFO|SequenceItem.cs|Run|208|Starting Category: Ground Station, Item: Send to Pushover, Title: Start
2026-04-25T13:06:44.0936|INFO|SequenceItem.cs|Run|254|Finishing Category: Ground Station, Item: Send to Pushover, Title: Start
2026-04-25T13:06:44.2913|INFO|SequenceItem.cs|Run|208|Starting Category: Utility, Item: WaitForTime, Time: 19:49:13h, Offset: -80
2026-04-25T13:06:44.3787|INFO|PluginFetcher.cs|RequestAll|57|Found 77 valid plugins at https://nighttime-imaging.eu/wp-json/nina/v1/plugins/manifests
2026-04-25T13:06:45.4077|INFO|FocuserChooserVM.cs|GetEquipment|84|Found 0 Alpaca Focusers
2026-04-25T13:07:36.2098|INFO|TargetSchedulerDetector.cs|DoProbeAsync|170|[Subframes] TargetSchedulerDetector: state no_api → active
2026-04-25T19:49:38.9686|INFO|SequenceItem.cs|Run|254|Finishing Category: Utility, Item: WaitForTime, Time: 19:49:13h, Offset: -80
2026-04-25T19:49:38.9706|INFO|SequenceItem.cs|Run|208|Starting Category: Ground Station, Item: Send to Telegram
2026-04-25T19:49:39.8591|INFO|SequenceItem.cs|Run|254|Finishing Category: Ground Station, Item: Send to Telegram
2026-04-25T19:49:39.8594|INFO|SequenceItem.cs|Run|208|Starting Category: Ground Station, Item: Send to Pushover, Title: Configure Equipment
2026-04-25T19:49:40.0265|INFO|SequenceItem.cs|Run|254|Finishing Category: Ground Station, Item: Send to Pushover, Title: Configure Equipment
2026-04-25T19:49:40.0275|INFO|SequenceItem.cs|Run|208|Starting Category: Connect, Item: ConnectAllEquipment
2026-04-25T19:49:40.0531|INFO|CameraChooserVM.cs|GetEquipment|69|Found 2 ASI Cameras
2026-04-25T19:49:40.1232|INFO|CameraChooserVM.cs|GetEquipment|84|Found 0 Altair Cameras
2026-04-25T19:49:40.1235|INFO|CameraChooserVM.cs|GetEquipment|96|Found 0 Atik Cameras
2026-04-25T19:49:40.1242|INFO|CameraChooserVM.cs|GetEquipment|110|Found 0 FLI Cameras
2026-04-25T19:49:40.1245|INFO|CameraChooserVM.cs|GetEquipment|130|Found 0 QHYCCD Cameras
2026-04-25T19:49:40.2775|INFO|CameraChooserVM.cs|GetEquipment|158|Found 0 ToupTek Cameras
2026-04-25T19:49:40.2823|INFO|CameraChooserVM.cs|GetEquipment|173|Found 0 Ogma Cameras
2026-04-25T19:49:40.2956|INFO|CameraChooserVM.cs|GetEquipment|188|Found 0 Omegon Cameras
2026-04-25T19:49:40.4526|INFO|CameraChooserVM.cs|GetEquipment|203|Found 0 RisingCam Cameras
2026-04-25T19:49:40.4664|INFO|CameraChooserVM.cs|GetEquipment|218|Found 0 MallinCam Cameras
2026-04-25T19:49:40.4681|INFO|CameraChooserVM.cs|GetEquipment|243|Found 0 SVBony Cameras
2026-04-25T19:49:40.4704|INFO|CameraChooserVM.cs|GetEquipment|259|Found 0 SBIG Cameras
2026-04-25T19:49:40.4711|INFO|CameraChooserVM.cs|GetEquipment|279|Found 0 SVBony Cameras
2026-04-25T19:49:40.4720|INFO|CameraChooserVM.cs|GetEquipment|279|Found 0 PlayerOne Cameras
2026-04-25T19:49:40.4796|INFO|CameraChooserVM.cs|GetEquipment|279|Found 0 ASTPAN Cameras
2026-04-25T19:49:40.4804|INFO|CameraChooserVM.cs|GetEquipment|293|Found 4 ASCOM Cameras
2026-04-25T19:49:42.4884|INFO|CameraChooserVM.cs|GetEquipment|305|Found 0 Alpaca Cameras
2026-04-25T19:49:42.4999|INFO|CameraChooserVM.cs|GetEquipment|318|Found 0 Canon Cameras
2026-04-25T19:49:42.5825|INFO|CameraVM.cs|Disconnect|650|Disconnected Camera
2026-04-25T19:49:43.1783|WARNING|ASICamera.cs|SetControlValue|568|Failed to set ASI Control Value ASI_WB_B with value 50
2026-04-25T19:49:43.1784|WARNING|ASICamera.cs|SetControlValue|568|Failed to set ASI Control Value ASI_WB_R with value 50
2026-04-25T19:49:43.1785|WARNING|ASICamera.cs|SetControlValue|568|Failed to set ASI Control Value ASI_GAMMA with value 50
2026-04-25T19:49:43.1785|WARNING|ASICamera.cs|SetControlValue|568|Failed to set ASI Control Value ASI_HIGH_SPEED_MODE with value 0
2026-04-25T19:49:43.1786|WARNING|ASICamera.cs|SetControlValue|568|Failed to set ASI Control Value ASI_OVERCLOCK with value 0
2026-04-25T19:49:43.1786|WARNING|ASICamera.cs|SetControlValue|568|Failed to set ASI Control Value ASI_PATTERN_ADJUST with value 0
2026-04-25T19:49:43.1795|WARNING|ASICamera.cs|SetControlValue|568|Failed to set ASI Control Value ASI_MONO_BIN with value 0
2026-04-25T19:49:43.1807|INFO|ASICamera.cs|Initialize|664|Camera ID: ASI533MM
2026-04-25T19:49:43.1921|WARNING|ASICamera.cs|SetControlValue|568|Failed to set ASI Control Value ASI_ANTI_DEW_HEATER with value 0
2026-04-25T19:49:43.2781|INFO|CameraVM.cs|ChooseCamera|455|Successfully connected Camera. Id: ZWOptical_ZWO ASI533MM Pro_ASI533MM Name: ZWO ASI533MM Pro DisplayName: ZWO ASI533MM Pro (ASI533MM)Driver Version: 1, 39, 0, 0
2026-04-25T19:49:43.8550|INFO|FilterWheelChooserVM.cs|GetEquipment|167|Found 1 Networked Filter Wheel Filter Wheels
2026-04-25T19:49:45.8640|INFO|FilterWheelChooserVM.cs|GetEquipment|193|Found 0 Alpaca Filter Wheels
2026-04-25T19:49:45.9125|INFO|FilterWheelVM.cs|Disconnect|333|Disconnected Filter Wheel
2026-04-25T19:49:49.4088|INFO|FilterWheelVM.cs|ChooseFW|279|Successfully connected Filter Wheel. Id: ASCOM.EFW2.FilterWheel Name: ZWO FilterWheel DisplayName: ZWO FilterWheel (ASCOM) Driver Version: 6.0
2026-04-25T19:49:53.3571|INFO|FocuserChooserVM.cs|GetEquipment|84|Found 0 Alpaca Focusers
2026-04-25T19:49:53.3789|INFO|FocuserVM.cs|Disconnect|441|Disconnected Focuser
2026-04-25T19:49:55.0856|ERROR|AscomDevice.cs|GetProperty|546|An unexpected exception occurred during GET of Focuser.StepSize: 
ASCOM.DriverException: The method or operation is not implemented.
 ---> System.NotImplementedException: The method or operation is not implemented.
   --- End of inner exception stack trace ---
   at ASCOM.Com.DriverAccess.DynamicAccess.CheckDotNetExceptions(String memberName, Exception e) in J:\ASCOMLibrary\ASCOM.Com\ASCOM.Com.DriverAccess\BaseClass\DynamicAccess.cs:line 278
   at ASCOM.Com.DriverAccess.DynamicAccess.TryGetMember(GetMemberBinder binder, Object& result) in J:\ASCOMLibrary\ASCOM.Com\ASCOM.Com.DriverAccess\BaseClass\DynamicAccess.cs:line 150
   at CallSite.Target(Closure, CallSite, Object)
   at System.Dynamic.UpdateDelegates.UpdateAndExecute1[T0,TRet](CallSite site, T0 arg0)
   at ASCOM.Com.DriverAccess.Focuser.get_StepSize() in J:\ASCOMLibrary\ASCOM.Com\ASCOM.Com.DriverAccess\Focuser.cs:line 159
   at System.RuntimeMethodHandle.InvokeMethod(Object target, Void** arguments, Signature sig, Boolean isConstructor)
   at System.Reflection.MethodBaseInvoker.InvokeWithNoArgs(Object obj, BindingFlags invokeAttr)
2026-04-25T19:49:55.3324|INFO|AscomDevice.cs|GetProperty|485|Retrying to GET Focuser.StepSize - Attempt 2 / 3
2026-04-25T19:49:55.3339|ERROR|AscomDevice.cs|GetProperty|546|An unexpected exception occurred during GET of Focuser.StepSize: 
ASCOM.DriverException: The method or operation is not implemented.
 ---> System.NotImplementedException: The method or operation is not implemented.
   --- End of inner exception stack trace ---
   at ASCOM.Com.DriverAccess.DynamicAccess.CheckDotNetExceptions(String memberName, Exception e) in J:\ASCOMLibrary\ASCOM.Com\ASCOM.Com.DriverAccess\BaseClass\DynamicAccess.cs:line 278
   at ASCOM.Com.DriverAccess.DynamicAccess.TryGetMember(GetMemberBinder binder, Object& result) in J:\ASCOMLibrary\ASCOM.Com\ASCOM.Com.DriverAccess\BaseClass\DynamicAccess.cs:line 150
   at CallSite.Target(Closure, CallSite, Object)
   at ASCOM.Com.DriverAccess.Focuser.get_StepSize() in J:\ASCOMLibrary\ASCOM.Com\ASCOM.Com.DriverAccess\Focuser.cs:line 159
   at InvokeStub_Focuser.get_StepSize(Object, Object, IntPtr*)
   at System.Reflection.MethodBaseInvoker.InvokeWithNoArgs(Object obj, BindingFlags invokeAttr)
2026-04-25T19:49:55.5441|INFO|AscomDevice.cs|GetProperty|485|Retrying to GET Focuser.StepSize - Attempt 3 / 3
2026-04-25T19:49:55.5459|ERROR|AscomDevice.cs|GetProperty|546|An unexpected exception occurred during GET of Focuser.StepSize: 
ASCOM.DriverException: The method or operation is not implemented.
 ---> System.NotImplementedException: The method or operation is not implemented.
   --- End of inner exception stack trace ---
   at ASCOM.Com.DriverAccess.DynamicAccess.CheckDotNetExceptions(String memberName, Exception e) in J:\ASCOMLibrary\ASCOM.Com\ASCOM.Com.DriverAccess\BaseClass\DynamicAccess.cs:line 278
   at ASCOM.Com.DriverAccess.DynamicAccess.TryGetMember(GetMemberBinder binder, Object& result) in J:\ASCOMLibrary\ASCOM.Com\ASCOM.Com.DriverAccess\BaseClass\DynamicAccess.cs:line 150
   at CallSite.Target(Closure, CallSite, Object)
   at ASCOM.Com.DriverAccess.Focuser.get_StepSize() in J:\ASCOMLibrary\ASCOM.Com\ASCOM.Com.DriverAccess\Focuser.cs:line 159
   at InvokeStub_Focuser.get_StepSize(Object, Object, IntPtr*)
   at System.Reflection.MethodBaseInvoker.InvokeWithNoArgs(Object obj, BindingFlags invokeAttr)
2026-04-25T19:49:55.5466|INFO|AscomDevice.cs|GetProperty|556|GET Focuser.StepSize failed - Returning last known value 0
2026-04-25T19:49:55.7854|INFO|FocuserVM.cs|ChooseFocuser|333|Successfully connected Focuser. Id: ASCOM.EAF.Focuser Name: ZWO Focuser DisplayName: ZWO Focuser (ASCOM) Driver Version: 6.0
2026-04-25T19:49:57.7939|INFO|TelescopeChooserVM.cs|GetEquipment|69|Found 0 Alpaca Telescopes
2026-04-25T19:49:57.8558|INFO|TelescopeVM.cs|Disconnect|740|Disconnected mount
2026-04-25T19:50:00.4859|INFO|AscomTelescope.cs|CheckMountTime|845|Mount UTC Time: 2026-04-26 00:50:00Z / System UTC Time: 2026-04-26 00:50:00Z; Difference: 0.004 seconds
2026-04-25T19:50:00.5673|INFO|AscomTelescope.cs|CheckMountTime|852|System time has been synced to the mount
2026-04-25T19:50:00.8526|INFO|TelescopeVM.cs|ChooseTelescope|535|Successfully connected mount. Id: ASCOM.iOptron2017.Telescope Name: iOptron CEM120,70,40,26, GEM, HEM, HAE, HAZ series and SkyHunter Mount DisplayName: iOptron CEM120,70,40,26, GEM, HEM, HAE, HAZ series and SkyHunter Mount (ASCOM) Driver Version: 9.15
2026-04-25T19:50:00.8964|INFO|PHD2Guider.cs|Connect|205|Connecting to PHD2 server at 127.0.0.1:4400
2026-04-25T19:50:08.1798|INFO|WeatherDataChooserVM.cs|GetEquipment|69|Found 0 Alpaca Observing Conditions
2026-04-25T19:50:08.2310|INFO|WeatherDataVM.cs|Disconnect|305|Disconnected Weather Device
2026-04-25T19:50:10.4735|INFO|AscomDevice.cs|GetProperty|527|Property ObservingConditions.SkyQuality GET is not implemented in this driver (SkyAlert Observing Conditions)
2026-04-25T19:50:10.4805|INFO|AscomDevice.cs|GetProperty|527|Property ObservingConditions.StarFWHM GET is not implemented in this driver (SkyAlert Observing Conditions)
2026-04-25T19:50:10.5131|INFO|WeatherDataVM.cs|ChooseWeatherData|150|Successfully connected Weather Device. Id: ASCOM.SkyAlert.ObservingConditions Name: SkyAlert Observing Conditions DisplayName: SkyAlert Observing Conditions (ASCOM) Driver Version: 1.7
2026-04-25T19:50:10.8691|INFO|PHD2Client.cs|ConnectAsync|118|PHD2Client: Connected successfully!
2026-04-25T19:50:10.8693|INFO|DitherStatisticsVM.cs|OnPHD2ConnectionStatusChanged|734|PHD2 Connection Status: Connected
2026-04-25T19:50:10.8694|INFO|DitherStatisticsVM.cs|ConnectToPHD2|713|Successfully connected to PHD2!
2026-04-25T19:50:10.8735|INFO|PHD2Client.cs|ReadEventsAsync|181|PHD2Client: Started reading events
2026-04-25T19:50:10.9078|INFO|PHD2Client.cs|HandleVersion|366|PHD2Client: Connected to PHD2 version 2.6.14. (Message Protocol v1)
2026-04-25T19:50:10.9087|INFO|PHD2Client.cs|ProcessEvent|257|PHD2: CalibrationComplete
2026-04-25T19:50:10.9095|INFO|PHD2Client.cs|HandleAppState|376|PHD2Client: PHD2 AppState: Stopped
2026-04-25T19:50:12.5289|INFO|SafetyMonitorChooserVM.cs|GetEquipment|71|Found 0 Alpaca Safety Monitors
2026-04-25T19:50:12.5689|INFO|SafetyMonitorVM.cs|Disconnect|221|Disconnected Safety Monitor
2026-04-25T19:50:13.2364|INFO|SafetyMonitorVM.cs|Connect|175|Successfully connected Safety Monitor. Id: ASCOM.GenericFile.SafetyMonitor Name: Generic File driver DisplayName: Generic File driver (ASCOM) Driver Version: 6.4
2026-04-25T19:50:13.2369|INFO|SequenceItem.cs|Run|254|Finishing Category: Connect, Item: ConnectAllEquipment
2026-04-25T19:50:13.2375|INFO|SequenceItem.cs|Run|208|Starting Category: Telescope, Item: FindHome
2026-04-25T19:50:13.2438|INFO|PHD2Guider.cs|StopGuiding|704|Phd2 - Stop Guiding skipped, as the app is already in state Stopped
2026-04-25T19:50:13.2457|INFO|TelescopeVM.cs|FindHome|292|Mount ordered to locate home position
2026-04-25T19:50:13.2606|INFO|TelescopeVM.cs|FindHome|336|Mount ordered to home but it is already at home
2026-04-25T19:50:13.2611|INFO|TelescopeVM.cs|FindHome|348|Mount has located its home position
2026-04-25T19:50:13.2621|INFO|SequenceItem.cs|Run|254|Finishing Category: Telescope, Item: FindHome
2026-04-25T19:50:13.2623|INFO|SequenceItem.cs|Run|208|Starting Category: Ground Station, Item: Send to Telegram
2026-04-25T19:50:13.8900|INFO|SequenceItem.cs|Run|254|Finishing Category: Ground Station, Item: Send to Telegram
2026-04-25T19:50:13.8905|INFO|SequenceItem.cs|Run|208|Starting Category: Ground Station, Item: Send to Pushover, Title: Cool
2026-04-25T19:50:14.0590|INFO|SequenceItem.cs|Run|254|Finishing Category: Ground Station, Item: Send to Pushover, Title: Cool
2026-04-25T19:50:14.0604|INFO|SequenceItem.cs|Run|208|Starting Category: Camera, Item: CoolCamera, Temperature: -5, Duration: 15
2026-04-25T19:50:14.0695|INFO|CameraVM.cs|CoolCamera|138|Cooling Camera. Target: -5 Duration: 00:15:00
2026-04-25T19:50:15.2445|INFO|SafetyMonitorVM.cs|UpdateMonitorValues|95|SafetyMonitorInfo state changed to Unsafe
2026-04-25T20:06:23.5227|INFO|SequenceItem.cs|Run|254|Finishing Category: Camera, Item: CoolCamera, Temperature: -5, Duration: 15
2026-04-25T20:06:23.5232|INFO|SequenceItem.cs|Run|208|Starting Category: Utility, Item: WaitForTime, Time: 20:54:13h, Offset: -15
2026-04-25T20:54:16.5579|INFO|SequenceItem.cs|Run|254|Finishing Category: Utility, Item: WaitForTime, Time: 20:54:13h, Offset: -15
2026-04-25T20:54:16.5672|INFO|SequenceItem.cs|Run|254|Finishing Category: * Instruction Set *, Container: NINA.Sequencer.Container.SequentialContainer, Strategy: SequentialStrategy, Items[FINISHED]: 10
2026-04-25T20:54:16.5677|INFO|SequenceItem.cs|Run|254|Finishing Category: * Instruction Set *, Container: NINA.Sequencer.Container.StartAreaContainer, Strategy: SequentialStrategy, Items[FINISHED]: 1
2026-04-25T20:54:16.5680|INFO|SequenceItem.cs|Run|208|Starting Category: * Instruction Set *, Container: NINA.Sequencer.Container.TargetAreaContainer, Strategy: SequentialStrategy, Items[CREATED]: 1
2026-04-25T20:54:16.5724|INFO|SequenceItem.cs|Run|208|Starting Category: * Instruction Set *, Container: NINA.Sequencer.Container.SequentialContainer, Strategy: SequentialStrategy, Items[CREATED]: 12, Conditions: Condition: TimeCondition, Time: 6:31:26h, Condition: TargetSchedulerCondition mode=While Targets Remain Tonight, , Triggers: Trigger: CenterAfterDriftTrigger, DistanceArcMinutes: 1Trigger: WhenUnsafeCategory: Ground Station, Item: Failures to TelegramCategory: Connect, Item: ReconnectOnDownloadFailureTrigger: AutofocusAfterHFRIncreaseTrigger, Amount: 5Trigger: MeridianFlipTriggerCategory: Powerups (Misc), Item: DIYTriggerCategory: Ground Station, Item: Failures to PushoverTrigger: AutofocusAfterTemperatureChangeTrigger, Amount: 1.5°
2026-04-25T20:54:16.5773|INFO|WhenCommon.cs|SequenceBlockInitialize|204|Initialize; starting watchdog
2026-04-25T20:54:16.5855|INFO|WhenUnsafe.cs|CheckSafe|77|IsSafe is now FALSE; connected = True, IsSafe = False
2026-04-25T20:54:16.5862|INFO|WhenCommon.cs|ShouldTrigger|378|ShouldTrigger TRUE from InterruptWhen, setting TriggerRunner
2026-04-25T20:54:16.5865|INFO|WhenCommon.cs|InterruptWhen|322|Interrupting current Instruction Set
2026-04-25T20:54:16.5917|INFO|WhenCommon.cs|InterruptWhen|332|Canceling sequence...
2026-04-25T20:54:17.6049|INFO|WhenCommon.cs|InterruptWhen|336|Delay 1000
2026-04-25T20:54:18.6154|INFO|WhenCommon.cs|InterruptWhen|336|Delay 1000
2026-04-25T20:54:19.6202|INFO|WhenCommon.cs|InterruptWhen|336|Delay 1000
2026-04-25T20:54:20.6329|INFO|WhenCommon.cs|InterruptWhen|336|Delay 1000
2026-04-25T20:54:21.6393|INFO|WhenCommon.cs|InterruptWhen|336|Delay 1000
2026-04-25T20:54:22.6451|INFO|WhenCommon.cs|InterruptWhen|336|Delay 1000
2026-04-25T20:54:23.6486|INFO|WhenCommon.cs|InterruptWhen|336|Delay 1000
2026-04-25T20:54:24.6555|INFO|WhenCommon.cs|InterruptWhen|336|Delay 1000
2026-04-25T20:54:25.6652|INFO|WhenCommon.cs|InterruptWhen|336|Delay 1000
2026-04-25T20:54:26.6673|INFO|WhenCommon.cs|InterruptWhen|336|Delay 1000
2026-04-25T20:54:27.6794|INFO|WhenCommon.cs|InterruptWhen|336|Delay 1000
2026-04-25T20:54:28.6936|INFO|WhenCommon.cs|InterruptWhen|336|Delay 1000
2026-04-25T20:54:29.7053|INFO|WhenCommon.cs|InterruptWhen|336|Delay 1000
2026-04-25T20:54:30.7149|INFO|WhenCommon.cs|InterruptWhen|336|Delay 1000
2026-04-25T20:54:31.7348|INFO|WhenCommon.cs|InterruptWhen|336|Delay 1000
2026-04-25T20:54:32.7343|INFO|WhenCommon.cs|InterruptWhen|336|Delay 1000
2026-04-25T20:54:33.7390|INFO|WhenCommon.cs|InterruptWhen|336|Delay 1000
2026-04-25T20:54:34.7461|INFO|WhenCommon.cs|InterruptWhen|336|Delay 1000
2026-04-25T20:54:35.7575|INFO|WhenCommon.cs|InterruptWhen|336|Delay 1000
2026-04-25T20:54:36.7701|INFO|WhenCommon.cs|InterruptWhen|336|Delay 1000
2026-04-25T20:54:37.7849|INFO|WhenCommon.cs|InterruptWhen|336|Delay 1000
2026-04-25T20:54:38.7973|INFO|WhenCommon.cs|InterruptWhen|336|Delay 1000
2026-04-25T20:54:39.8108|INFO|WhenCommon.cs|InterruptWhen|336|Delay 1000
2026-04-25T20:54:40.8130|INFO|WhenCommon.cs|InterruptWhen|336|Delay 1000
2026-04-25T20:54:41.8242|INFO|WhenCommon.cs|InterruptWhen|336|Delay 1000
2026-04-25T20:54:42.8281|INFO|WhenCommon.cs|InterruptWhen|336|Delay 1000
2026-04-25T20:54:43.8303|INFO|WhenCommon.cs|InterruptWhen|336|Delay 1000
2026-04-25T20:54:44.8304|INFO|WhenCommon.cs|InterruptWhen|336|Delay 1000
2026-04-25T20:54:45.8338|INFO|WhenCommon.cs|InterruptWhen|336|Delay 1000
2026-04-25T20:54:46.8443|INFO|WhenCommon.cs|InterruptWhen|336|Delay 1000
2026-04-25T20:54:47.8565|INFO|WhenCommon.cs|InterruptWhen|336|Delay 1000
2026-04-25T20:54:47.9175|INFO|WhenCommon.cs|SequenceBlockTeardown|198|Teardown; shutting down watchdog
2026-04-25T20:54:47.9202|INFO|Sequencer.cs|Start|85|Sequence run was cancelled
2026-04-25T20:54:47.9376|INFO|Sequence2VM.cs|StartSequence|548|Advanced Sequence finished
2026-04-25T20:54:48.8694|INFO|WhenCommon.cs|InterruptWhen|339|Sequence no longer running
2026-04-25T20:54:48.8717|WARNING|WhenCommon.cs|CheckSlewing|263|CheckSlewing, WhenUnsafe = True, Connected = True, CanSlew = True, info.Slewing = False
2026-04-25T20:54:48.8740|INFO|Sequence2VM.cs|StartSequence|543|Advanced Sequence starting
2026-04-25T20:54:48.9430|INFO|SequenceItem.cs|Run|208|Starting Category: * Instruction Set *, Container: NINA.Sequencer.Container.SequenceRootContainer, Strategy: SequentialStrategy, Items[CREATED]: 3, Triggers: Category: Ground Station, Item: Failures to Telegram
2026-04-25T20:54:48.9432|INFO|SequenceItem.cs|Run|208|Starting Category: * Instruction Set *, Container: NINA.Sequencer.Container.StartAreaContainer, Strategy: SequentialStrategy, Items[FINISHED]: 1
2026-04-25T20:54:48.9433|INFO|SequenceItem.cs|Run|254|Finishing Category: * Instruction Set *, Container: NINA.Sequencer.Container.StartAreaContainer, Strategy: SequentialStrategy, Items[FINISHED]: 1
2026-04-25T20:54:48.9434|INFO|SequenceItem.cs|Run|208|Starting Category: * Instruction Set *, Container: NINA.Sequencer.Container.TargetAreaContainer, Strategy: SequentialStrategy, Items[CREATED]: 1
2026-04-25T20:54:48.9435|INFO|SequenceItem.cs|Run|208|Starting Category: * Instruction Set *, Container: NINA.Sequencer.Container.SequentialContainer, Strategy: SequentialStrategy, Items[CREATED]: 12, Conditions: Condition: TimeCondition, Time: 6:31:26h, Condition: TargetSchedulerCondition mode=While Targets Remain Tonight, , Triggers: Trigger: CenterAfterDriftTrigger, DistanceArcMinutes: 1Trigger: WhenUnsafeCategory: Ground Station, Item: Failures to TelegramCategory: Connect, Item: ReconnectOnDownloadFailureTrigger: AutofocusAfterHFRIncreaseTrigger, Amount: 5Trigger: MeridianFlipTriggerCategory: Powerups (Misc), Item: DIYTriggerCategory: Ground Station, Item: Failures to PushoverTrigger: AutofocusAfterTemperatureChangeTrigger, Amount: 1.5°
2026-04-25T20:54:48.9438|INFO|WhenCommon.cs|SequenceBlockInitialize|204|Initialize; starting watchdog
2026-04-25T20:54:48.9452|INFO|WhenCommon.cs|ShouldTrigger|382|ShouldTrigger TRUE, setting TriggerRunner
2026-04-25T20:54:48.9474|INFO|SequenceTrigger.cs|Run|114|Starting Trigger: WhenUnsafe
2026-04-25T20:54:48.9578|INFO|WhenCommon.cs|Execute|395|Execute 0
2026-04-25T20:54:48.9580|INFO|WhenCommon.cs|Execute|409|When: running TriggerRunner, InFlight -> true, Triggered -> false
2026-04-25T20:54:48.9581|WARNING|WhenCommon.cs|CheckSlewing|263|CheckSlewing, WhenUnsafe = True, Connected = True, CanSlew = True, info.Slewing = False
2026-04-25T20:54:48.9582|INFO|SequenceItem.cs|Run|208|Starting Category: , Container: WhenPlugin.When.IfContainer, Strategy: SequentialStrategy, Items[CREATED]: 9
2026-04-25T20:54:48.9641|INFO|MeridianFlipTrigger.cs|ShouldTrigger|197|Meridian Flip - Telescope is at home position. Skip flip evaluation
2026-04-25T20:54:48.9660|INFO|SequenceItem.cs|Run|208|Starting Category: Ground Station, Item: Send to Telegram
2026-04-25T20:54:49.6982|INFO|SequenceItem.cs|Run|254|Finishing Category: Ground Station, Item: Send to Telegram
2026-04-25T20:54:49.7008|INFO|MeridianFlipTrigger.cs|ShouldTrigger|197|Meridian Flip - Telescope is at home position. Skip flip evaluation
2026-04-25T20:54:49.7012|INFO|SequenceItem.cs|Run|208|Starting Category: Ground Station, Item: Send to Pushover, Title: Unsafe
2026-04-25T20:54:49.9023|INFO|SequenceItem.cs|Run|254|Finishing Category: Ground Station, Item: Send to Pushover, Title: Unsafe
2026-04-25T20:54:49.9036|INFO|MeridianFlipTrigger.cs|ShouldTrigger|197|Meridian Flip - Telescope is at home position. Skip flip evaluation
2026-04-25T20:54:49.9037|INFO|SequenceItem.cs|Run|208|Starting Category: Telescope, Item: FindHome
2026-04-25T20:54:49.9097|INFO|PHD2Guider.cs|StopGuiding|704|Phd2 - Stop Guiding skipped, as the app is already in state Stopped
2026-04-25T20:54:49.9100|INFO|TelescopeVM.cs|FindHome|292|Mount ordered to locate home position
2026-04-25T20:54:49.9110|INFO|TelescopeVM.cs|FindHome|336|Mount ordered to home but it is already at home
2026-04-25T20:54:49.9111|INFO|TelescopeVM.cs|FindHome|348|Mount has located its home position
2026-04-25T20:54:49.9114|INFO|SequenceItem.cs|Run|254|Finishing Category: Telescope, Item: FindHome
2026-04-25T20:54:49.9120|INFO|MeridianFlipTrigger.cs|ShouldTrigger|197|Meridian Flip - Telescope is at home position. Skip flip evaluation
2026-04-25T20:54:49.9127|INFO|SequenceItem.cs|Run|208|Starting Category: Guider, Item: StopGuiding
2026-04-25T20:54:49.9183|INFO|PHD2Guider.cs|StopGuiding|704|Phd2 - Stop Guiding skipped, as the app is already in state Stopped
2026-04-25T20:54:49.9185|INFO|SequenceItem.cs|Run|254|Finishing Category: Guider, Item: StopGuiding
2026-04-25T20:54:49.9191|INFO|MeridianFlipTrigger.cs|ShouldTrigger|197|Meridian Flip - Telescope is at home position. Skip flip evaluation
2026-04-25T20:54:49.9199|INFO|SequenceItem.cs|Run|208|Starting Category: Connect, Item: DisconnectEquipment, Selected device: Safety Monitor
2026-04-25T20:54:50.0128|INFO|AscomDevice.cs|Disconnect|378|Disconnecting from ASCOM.GenericFile.SafetyMonitor Generic File driver
2026-04-25T20:54:50.0396|INFO|SafetyMonitorVM.cs|Disconnect|221|Disconnected Safety Monitor
2026-04-25T20:54:50.0400|INFO|SequenceItem.cs|Run|254|Finishing Category: Connect, Item: DisconnectEquipment, Selected device: Safety Monitor
2026-04-25T20:54:50.0405|INFO|MeridianFlipTrigger.cs|ShouldTrigger|197|Meridian Flip - Telescope is at home position. Skip flip evaluation
2026-04-25T20:54:50.0408|INFO|SequenceItem.cs|Run|208|Starting Category: Utility, Item: WaitForTimeSpan, Time: 60s
2026-04-25T20:55:50.0873|INFO|SequenceItem.cs|Run|254|Finishing Category: Utility, Item: WaitForTimeSpan, Time: 60s
2026-04-25T20:55:50.0880|INFO|MeridianFlipTrigger.cs|ShouldTrigger|197|Meridian Flip - Telescope is at home position. Skip flip evaluation
2026-04-25T20:55:50.0890|INFO|SequenceItem.cs|Run|208|Starting Category: Connect, Item: ConnectEquipment, Selected device: Safety Monitor, Selected device id: ASCOM.GenericFile.SafetyMonitor
2026-04-25T20:55:52.1118|INFO|SafetyMonitorChooserVM.cs|GetEquipment|71|Found 0 Alpaca Safety Monitors
2026-04-25T20:55:52.1459|INFO|SafetyMonitorVM.cs|Disconnect|221|Disconnected Safety Monitor
2026-04-25T20:55:52.2105|INFO|SafetyMonitorVM.cs|Connect|175|Successfully connected Safety Monitor. Id: ASCOM.GenericFile.SafetyMonitor Name: Generic File driver DisplayName: Generic File driver (ASCOM) Driver Version: 6.4
2026-04-25T20:55:52.2109|INFO|SequenceItem.cs|Run|254|Finishing Category: Connect, Item: ConnectEquipment, Selected device: Safety Monitor, Selected device id: ASCOM.GenericFile.SafetyMonitor
2026-04-25T20:55:52.2112|INFO|MeridianFlipTrigger.cs|ShouldTrigger|197|Meridian Flip - Telescope is at home position. Skip flip evaluation
2026-04-25T20:55:52.2112|INFO|SequenceItem.cs|Run|208|Starting Category: Utility, Item: WaitForTimeSpan, Time: 60s
2026-04-25T20:55:54.2191|INFO|SafetyMonitorVM.cs|UpdateMonitorValues|95|SafetyMonitorInfo state changed to Unsafe
2026-04-25T20:56:52.3487|INFO|SequenceItem.cs|Run|254|Finishing Category: Utility, Item: WaitForTimeSpan, Time: 60s
2026-04-25T20:56:52.3497|INFO|MeridianFlipTrigger.cs|ShouldTrigger|197|Meridian Flip - Telescope is at home position. Skip flip evaluation
2026-04-25T20:56:52.3504|INFO|SequenceItem.cs|Run|208|Starting Category: Powerups (Safety), Item: OnceSafe
2026-04-26T06:31:26.9750|INFO|TimeCondition.cs|Check|254|TimeCondition finished.
2026-04-26T06:31:26.9752|INFO|TimeCondition.cs|InterruptWhenTimeIsUp|63|Time limit exceeded - Interrupting current Instruction Set
2026-04-26T06:31:26.9785|INFO|WhenCommon.cs|Execute|425|When: Execute done; InFlight -> false, Triggered false
2026-04-26T06:31:26.9792|INFO|MeridianFlipTrigger.cs|ShouldTrigger|197|Meridian Flip - Telescope is at home position. Skip flip evaluation
2026-04-26T06:31:26.9793|INFO|SequenceItem.cs|Run|208|Starting Category: Utility, Item: WaitForTime, Time: 20:54:13h, Offset: -15
2026-04-26T06:31:26.9808|INFO|WhenCommon.cs|SequenceBlockTeardown|198|Teardown; shutting down watchdog
2026-04-26T06:31:26.9810|INFO|SequenceItem.cs|Run|254|Finishing Category: * Instruction Set *, Container: NINA.Sequencer.Container.SequentialContainer, Strategy: SequentialStrategy, Items[CREATED]: 12, Conditions: Condition: TimeCondition, Time: 6:31:26h, Condition: TargetSchedulerCondition mode=While Targets Remain Tonight, , Triggers: Trigger: CenterAfterDriftTrigger, DistanceArcMinutes: 1Trigger: WhenUnsafeCategory: Ground Station, Item: Failures to TelegramCategory: Connect, Item: ReconnectOnDownloadFailureTrigger: AutofocusAfterHFRIncreaseTrigger, Amount: 5Trigger: MeridianFlipTriggerCategory: Powerups (Misc), Item: DIYTriggerCategory: Ground Station, Item: Failures to PushoverTrigger: AutofocusAfterTemperatureChangeTrigger, Amount: 1.5°
2026-04-26T06:31:26.9812|INFO|SequenceItem.cs|Run|254|Finishing Category: * Instruction Set *, Container: NINA.Sequencer.Container.TargetAreaContainer, Strategy: SequentialStrategy, Items[FINISHED]: 1
2026-04-26T06:31:26.9813|INFO|SequenceItem.cs|Run|208|Starting Category: * Instruction Set *, Container: NINA.Sequencer.Container.EndAreaContainer, Strategy: SequentialStrategy, Items[CREATED]: 9
2026-04-26T06:31:26.9816|INFO|SequenceItem.cs|Run|208|Starting Category: Telescope, Item: FindHome
2026-04-26T06:31:26.9840|INFO|PHD2Guider.cs|StopGuiding|704|Phd2 - Stop Guiding skipped, as the app is already in state Stopped
2026-04-26T06:31:26.9841|INFO|TelescopeVM.cs|FindHome|292|Mount ordered to locate home position
2026-04-26T06:31:26.9844|INFO|TelescopeVM.cs|FindHome|336|Mount ordered to home but it is already at home
2026-04-26T06:31:26.9844|INFO|TelescopeVM.cs|FindHome|348|Mount has located its home position
2026-04-26T06:31:26.9846|INFO|SequenceItem.cs|Run|254|Finishing Category: Telescope, Item: FindHome
2026-04-26T06:31:26.9850|INFO|SequenceItem.cs|Run|208|Starting Night Summary - End Session
2026-04-26T06:31:26.9863|INFO|NightSummaryEndInstruction.cs|Execute|28|NightSummary: End Session instruction executing
2026-04-26T06:31:42.0019|WARNING|SessionService.cs|EndSession|165|NightSummary: EndSession called but no active session — nothing to do
2026-04-26T06:31:42.0021|INFO|NightSummaryEndInstruction.cs|Execute|39|NightSummary: Session ended successfully
2026-04-26T06:31:42.0022|INFO|SequenceItem.cs|Run|254|Finishing Night Summary - End Session
2026-04-26T06:31:42.0027|INFO|SequenceItem.cs|Run|208|Starting [EndSubframesSession]
2026-04-26T06:31:42.0070|WARNING|EndSessionItem.cs|Execute|50|[Subframes] EndSessionItem: no active session to end.
2026-04-26T06:31:42.0072|INFO|SequenceItem.cs|Run|254|Finishing [EndSubframesSession]
2026-04-26T06:31:42.0082|INFO|SequenceItem.cs|Run|208|Starting Category: Camera, Item: WarmCamera, Duration: 30
2026-04-26T06:31:42.0154|INFO|CameraVM.cs|WarmCamera|161|Warming Camera. Duration: 00:30:00
2026-04-26T07:03:50.0039|INFO|CameraVM.cs|WarmCamera|179|Could not reach warming temperature. Most likley due to ambient temperature being lower. Continuing...
2026-04-26T07:04:10.0427|INFO|CameraVM.cs|WarmCamera|186|Turning cooler off
2026-04-26T07:04:10.0444|INFO|SequenceItem.cs|Run|254|Finishing Category: Camera, Item: WarmCamera, Duration: 30
2026-04-26T07:04:10.0446|INFO|SequenceItem.cs|Run|208|Starting Category: Guider, Item: StopGuiding
2026-04-26T07:04:10.0474|INFO|PHD2Guider.cs|StopGuiding|704|Phd2 - Stop Guiding skipped, as the app is already in state Stopped
2026-04-26T07:04:10.0476|INFO|SequenceItem.cs|Run|254|Finishing Category: Guider, Item: StopGuiding
2026-04-26T07:04:10.0480|INFO|SequenceItem.cs|Run|208|Starting Category: Phd2 Tools, Item: ShutdownPhd2Instruction
2026-04-26T07:04:10.0612|INFO|SequenceItem.cs|Run|254|Finishing Category: Phd2 Tools, Item: ShutdownPhd2Instruction
2026-04-26T07:04:10.0618|INFO|SequenceItem.cs|Run|208|Starting Category: Connect, Item: DisconnectAllEquipment
2026-04-26T07:04:10.0671|WARNING|PHD2Client.cs|ReadEventsAsync|189|PHD2Client: Connection closed by server
2026-04-26T07:04:10.0672|INFO|DitherStatisticsVM.cs|OnPHD2ConnectionStatusChanged|737|PHD2 Connection Status: Connection lost
2026-04-26T07:04:10.0672|INFO|PHD2Client.cs|ReadEventsAsync|205|PHD2Client: Stopped reading events
2026-04-26T07:04:10.1615|INFO|CameraVM.cs|Disconnect|650|Disconnected Camera
2026-04-26T07:04:10.1626|INFO|AscomDevice.cs|Disconnect|378|Disconnecting from ASCOM.EFW2.FilterWheel ZWO FilterWheel
2026-04-26T07:04:10.1746|INFO|FilterWheelVM.cs|Disconnect|333|Disconnected Filter Wheel
2026-04-26T07:04:10.1797|INFO|AscomDevice.cs|Disconnect|378|Disconnecting from ASCOM.EAF.Focuser ZWO Focuser
2026-04-26T07:04:10.2342|INFO|FocuserVM.cs|Disconnect|441|Disconnected Focuser
2026-04-26T07:04:10.2346|INFO|DisconnectAllEquipment.cs|Execute|139|Rotator is already disconnected
2026-04-26T07:04:10.2380|INFO|AscomDevice.cs|Disconnect|378|Disconnecting from ASCOM.iOptron2017.Telescope iOptron CEM120,70,40,26, GEM, HEM, HAE, HAZ series and SkyHunter Mount
2026-04-26T07:04:10.2845|INFO|TelescopeVM.cs|Disconnect|740|Disconnected mount
2026-04-26T07:04:10.2849|INFO|DisconnectAllEquipment.cs|Execute|139|Guider is already disconnected
2026-04-26T07:04:10.2849|INFO|DisconnectAllEquipment.cs|Execute|139|Switch is already disconnected
2026-04-26T07:04:10.2850|INFO|DisconnectAllEquipment.cs|Execute|139|Flat Panel is already disconnected
2026-04-26T07:04:10.2877|INFO|AscomDevice.cs|Disconnect|378|Disconnecting from ASCOM.SkyAlert.ObservingConditions SkyAlert Observing Conditions
2026-04-26T07:04:10.3198|INFO|WeatherDataVM.cs|Disconnect|305|Disconnected Weather Device
2026-04-26T07:04:10.3201|INFO|DisconnectAllEquipment.cs|Execute|139|Dome is already disconnected
2026-04-26T07:04:10.3220|INFO|AscomDevice.cs|Disconnect|378|Disconnecting from ASCOM.GenericFile.SafetyMonitor Generic File driver
2026-04-26T07:04:10.3434|INFO|SafetyMonitorVM.cs|Disconnect|221|Disconnected Safety Monitor
2026-04-26T07:04:10.3438|INFO|SequenceItem.cs|Run|254|Finishing Category: Connect, Item: DisconnectAllEquipment
2026-04-26T07:04:10.3440|INFO|SequenceItem.cs|Run|208|Starting Category: Ground Station, Item: Send to Pushover, Title: Disconnected
2026-04-26T07:04:10.5083|INFO|SequenceItem.cs|Run|254|Finishing Category: Ground Station, Item: Send to Pushover, Title: Disconnected
2026-04-26T07:04:10.5085|INFO|SequenceItem.cs|Run|208|Starting Category: Ground Station, Item: Send to Telegram
2026-04-26T07:04:11.2330|INFO|SequenceItem.cs|Run|254|Finishing Category: Ground Station, Item: Send to Telegram
2026-04-26T07:04:11.2335|INFO|SequenceItem.cs|Run|254|Finishing Category: * Instruction Set *, Container: NINA.Sequencer.Container.EndAreaContainer, Strategy: SequentialStrategy, Items[FINISHED]: 9
2026-04-26T07:04:11.2339|INFO|SequenceItem.cs|Run|254|Finishing Category: * Instruction Set *, Container: NINA.Sequencer.Container.SequenceRootContainer, Strategy: SequentialStrategy, Items[FINISHED]: 3, Triggers: Category: Ground Station, Item: Failures to Telegram
2026-04-26T07:04:11.2350|INFO|Sequence2VM.cs|StartSequence|548|Advanced Sequence finished
2026-04-26T07:04:11.2360|INFO|WhenCommon.cs|InterruptWhen|350|Restarting sequence, Triggered -> true
2026-04-26T07:04:15.0795|INFO|PHD2Client.cs|ConnectAsync|102|PHD2Client: Connecting to PHD2 at 127.0.0.1:4400...
2026-04-26T07:04:17.0895|ERROR|PHD2Client.cs|ConnectAsync|132|PHD2Client: Connection failed: No connection could be made because the target machine actively refused it.
2026-04-26T07:16:38.4140|WARNING|SubframesClient.cs|SendStationHeartbeatAsync|444|[Subframes] Station heartbeat failed: 401 Unauthorized — {"data":null,"error":{"code":"UNAUTHORIZED","message":"invalid api key"}}
2026-04-26T07:21:38.3856|WARNING|SubframesClient.cs|SendStationHeartbeatAsync|444|[Subframes] Station heartbeat failed: 401 Unauthorized — {"data":null,"error":{"code":"UNAUTHORIZED","message":"invalid api key"}}
2026-04-26T07:26:38.4910|WARNING|SubframesClient.cs|SendStationHeartbeatAsync|444|[Subframes] Station heartbeat failed: 401 Unauthorized — {"data":null,"error":{"code":"UNAUTHORIZED","message":"invalid api key"}}
2026-04-26T07:31:38.3729|WARNING|SubframesClient.cs|SendStationHeartbeatAsync|444|[Subframes] Station heartbeat failed: 401 Unauthorized — {"data":null,"error":{"code":"UNAUTHORIZED","message":"invalid api key"}}
2026-04-26T07:36:38.4033|WARNING|SubframesClient.cs|SendStationHeartbeatAsync|444|[Subframes] Station heartbeat failed: 401 Unauthorized — {"data":null,"error":{"code":"UNAUTHORIZED","message":"invalid api key"}}
2026-04-26T07:41:38.3759|WARNING|SubframesClient.cs|SendStationHeartbeatAsync|444|[Subframes] Station heartbeat failed: 401 Unauthorized — {"data":null,"error":{"code":"UNAUTHORIZED","message":"invalid api key"}}
2026-04-26T07:46:38.4144|WARNING|SubframesClient.cs|SendStationHeartbeatAsync|444|[Subframes] Station heartbeat failed: 401 Unauthorized — {"data":null,"error":{"code":"UNAUTHORIZED","message":"invalid api key"}}
2026-04-26T07:51:38.3756|WARNING|SubframesClient.cs|SendStationHeartbeatAsync|444|[Subframes] Station heartbeat failed: 401 Unauthorized — {"data":null,"error":{"code":"UNAUTHORIZED","message":"invalid api key"}}
2026-04-26T07:56:38.4181|WARNING|SubframesClient.cs|SendStationHeartbeatAsync|444|[Subframes] Station heartbeat failed: 401 Unauthorized — {"data":null,"error":{"code":"UNAUTHORIZED","message":"invalid api key"}}
2026-04-26T08:01:38.3891|WARNING|SubframesClient.cs|SendStationHeartbeatAsync|444|[Subframes] Station heartbeat failed: 401 Unauthorized — {"data":null,"error":{"code":"UNAUTHORIZED","message":"invalid api key"}}
2026-04-26T08:06:38.4132|WARNING|SubframesClient.cs|SendStationHeartbeatAsync|444|[Subframes] Station heartbeat failed: 401 Unauthorized — {"data":null,"error":{"code":"UNAUTHORIZED","message":"invalid api key"}}
2026-04-26T08:11:38.3846|WARNING|SubframesClient.cs|SendStationHeartbeatAsync|444|[Subframes] Station heartbeat failed: 401 Unauthorized — {"data":null,"error":{"code":"UNAUTHORIZED","message":"invalid api key"}}
2026-04-26T08:16:38.3799|WARNING|SubframesClient.cs|SendStationHeartbeatAsync|444|[Subframes] Station heartbeat failed: 401 Unauthorized — {"data":null,"error":{"code":"UNAUTHORIZED","message":"invalid api key"}}
2026-04-26T08:21:38.3998|WARNING|SubframesClient.cs|SendStationHeartbeatAsync|444|[Subframes] Station heartbeat failed: 401 Unauthorized — {"data":null,"error":{"code":"UNAUTHORIZED","message":"invalid api key"}}
2026-04-26T08:26:38.3847|WARNING|SubframesClient.cs|SendStationHeartbeatAsync|444|[Subframes] Station heartbeat failed: 401 Unauthorized — {"data":null,"error":{"code":"UNAUTHORIZED","message":"invalid api key"}}
2026-04-26T08:31:38.4938|WARNING|SubframesClient.cs|SendStationHeartbeatAsync|444|[Subframes] Station heartbeat failed: 401 Unauthorized — {"data":null,"error":{"code":"UNAUTHORIZED","message":"invalid api key"}}
2026-04-26T08:36:38.3684|WARNING|SubframesClient.cs|SendStationHeartbeatAsync|444|[Subframes] Station heartbeat failed: 401 Unauthorized — {"data":null,"error":{"code":"UNAUTHORIZED","message":"invalid api key"}}
2026-04-26T08:41:38.4120|WARNING|SubframesClient.cs|SendStationHeartbeatAsync|444|[Subframes] Station heartbeat failed: 401 Unauthorized — {"data":null,"error":{"code":"UNAUTHORIZED","message":"invalid api key"}}
2026-04-26T08:46:38.3803|WARNING|SubframesClient.cs|SendStationHeartbeatAsync|444|[Subframes] Station heartbeat failed: 401 Unauthorized — {"data":null,"error":{"code":"UNAUTHORIZED","message":"invalid api key"}}
2026-04-26T08:51:38.4111|WARNING|SubframesClient.cs|SendStationHeartbeatAsync|444|[Subframes] Station heartbeat failed: 401 Unauthorized — {"data":null,"error":{"code":"UNAUTHORIZED","message":"invalid api key"}}
2026-04-26T08:56:38.3848|WARNING|SubframesClient.cs|SendStationHeartbeatAsync|444|[Subframes] Station heartbeat failed: 401 Unauthorized — {"data":null,"error":{"code":"UNAUTHORIZED","message":"invalid api key"}}
2026-04-26T09:01:38.4080|WARNING|SubframesClient.cs|SendStationHeartbeatAsync|444|[Subframes] Station heartbeat failed: 401 Unauthorized — {"data":null,"error":{"code":"UNAUTHORIZED","message":"invalid api key"}}
2026-04-26T09:06:38.3777|WARNING|SubframesClient.cs|SendStationHeartbeatAsync|444|[Subframes] Station heartbeat failed: 401 Unauthorized — {"data":null,"error":{"code":"UNAUTHORIZED","message":"invalid api key"}}
2026-04-26T09:11:38.4521|WARNING|SubframesClient.cs|SendStationHeartbeatAsync|444|[Subframes] Station heartbeat failed: 401 Unauthorized — {"data":null,"error":{"code":"UNAUTHORIZED","message":"invalid api key"}}
2026-04-26T09:16:38.4243|WARNING|SubframesClient.cs|SendStationHeartbeatAsync|444|[Subframes] Station heartbeat failed: 401 Unauthorized — {"data":null,"error":{"code":"UNAUTHORIZED","message":"invalid api key"}}
2026-04-26T09:21:38.3803|WARNING|SubframesClient.cs|SendStationHeartbeatAsync|444|[Subframes] Station heartbeat failed: 401 Unauthorized — {"data":null,"error":{"code":"UNAUTHORIZED","message":"invalid api key"}}
2026-04-26T09:26:38.4043|WARNING|SubframesClient.cs|SendStationHeartbeatAsync|444|[Subframes] Station heartbeat failed: 401 Unauthorized — {"data":null,"error":{"code":"UNAUTHORIZED","message":"invalid api key"}}
2026-04-26T09:31:38.3730|WARNING|SubframesClient.cs|SendStationHeartbeatAsync|444|[Subframes] Station heartbeat failed: 401 Unauthorized — {"data":null,"error":{"code":"UNAUTHORIZED","message":"invalid api key"}}
2026-04-26T09:36:38.4992|WARNING|SubframesClient.cs|SendStationHeartbeatAsync|444|[Subframes] Station heartbeat failed: 401 Unauthorized — {"data":null,"error":{"code":"UNAUTHORIZED","message":"invalid api key"}}
2026-04-26T09:41:38.3763|WARNING|SubframesClient.cs|SendStationHeartbeatAsync|444|[Subframes] Station heartbeat failed: 401 Unauthorized — {"data":null,"error":{"code":"UNAUTHORIZED","message":"invalid api key"}}
2026-04-26T09:46:38.4158|WARNING|SubframesClient.cs|SendStationHeartbeatAsync|444|[Subframes] Station heartbeat failed: 401 Unauthorized — {"data":null,"error":{"code":"UNAUTHORIZED","message":"invalid api key"}}
2026-04-26T09:51:38.3760|WARNING|SubframesClient.cs|SendStationHeartbeatAsync|444|[Subframes] Station heartbeat failed: 401 Unauthorized — {"data":null,"error":{"code":"UNAUTHORIZED","message":"invalid api key"}}
2026-04-26T09:56:38.4038|WARNING|SubframesClient.cs|SendStationHeartbeatAsync|444|[Subframes] Station heartbeat failed: 401 Unauthorized — {"data":null,"error":{"code":"UNAUTHORIZED","message":"invalid api key"}}
2026-04-26T10:01:38.3783|WARNING|SubframesClient.cs|SendStationHeartbeatAsync|444|[Subframes] Station heartbeat failed: 401 Unauthorized — {"data":null,"error":{"code":"UNAUTHORIZED","message":"invalid api key"}}
2026-04-26T10:06:38.4142|WARNING|SubframesClient.cs|SendStationHeartbeatAsync|444|[Subframes] Station heartbeat failed: 401 Unauthorized — {"data":null,"error":{"code":"UNAUTHORIZED","message":"invalid api key"}}
2026-04-26T10:11:38.3732|WARNING|SubframesClient.cs|SendStationHeartbeatAsync|444|[Subframes] Station heartbeat failed: 401 Unauthorized — {"data":null,"error":{"code":"UNAUTHORIZED","message":"invalid api key"}}
2026-04-26T10:16:38.4084|WARNING|SubframesClient.cs|SendStationHeartbeatAsync|444|[Subframes] Station heartbeat failed: 401 Unauthorized — {"data":null,"error":{"code":"UNAUTHORIZED","message":"invalid api key"}}
2026-04-26T10:21:38.3722|WARNING|SubframesClient.cs|SendStationHeartbeatAsync|444|[Subframes] Station heartbeat failed: 401 Unauthorized — {"data":null,"error":{"code":"UNAUTHORIZED","message":"invalid api key"}}
2026-04-26T10:26:38.4066|WARNING|SubframesClient.cs|SendStationHeartbeatAsync|444|[Subframes] Station heartbeat failed: 401 Unauthorized — {"data":null,"error":{"code":"UNAUTHORIZED","message":"invalid api key"}}
2026-04-26T10:31:38.3799|WARNING|SubframesClient.cs|SendStationHeartbeatAsync|444|[Subframes] Station heartbeat failed: 401 Unauthorized — {"data":null,"error":{"code":"UNAUTHORIZED","message":"invalid api key"}}
2026-04-26T10:36:38.5056|WARNING|SubframesClient.cs|SendStationHeartbeatAsync|444|[Subframes] Station heartbeat failed: 401 Unauthorized — {"data":null,"error":{"code":"UNAUTHORIZED","message":"invalid api key"}}
2026-04-26T10:41:38.3833|WARNING|SubframesClient.cs|SendStationHeartbeatAsync|444|[Subframes] Station heartbeat failed: 401 Unauthorized — {"data":null,"error":{"code":"UNAUTHORIZED","message":"invalid api key"}}
2026-04-26T10:46:38.4289|WARNING|SubframesClient.cs|SendStationHeartbeatAsync|444|[Subframes] Station heartbeat failed: 401 Unauthorized — {"data":null,"error":{"code":"UNAUTHORIZED","message":"invalid api key"}}
2026-04-26T10:49:15.4785|INFO|ApplicationVM.cs|Exit|244|Shutting down application - requested by user
2026-04-26T10:49:15.5828|INFO|ApplicationVM.cs|Closing|289|Application shutting down
2026-04-26T10:49:15.6593|INFO|DomeVM.cs|Disconnect|355|Disconnected Dome Device
2026-04-26T10:49:15.6656|INFO|FlatDeviceVM.cs|Disconnect|289|Disconnected Flat Device
2026-04-26T10:49:15.6764|INFO|CameraVM.cs|Disconnect|650|Disconnected Camera
2026-04-26T10:49:15.6772|INFO|TelescopeVM.cs|Disconnect|740|Disconnected mount
2026-04-26T10:49:15.6796|INFO|FilterWheelVM.cs|Disconnect|333|Disconnected Filter Wheel
2026-04-26T10:49:15.6802|INFO|FocuserVM.cs|Disconnect|441|Disconnected Focuser
2026-04-26T10:49:15.6864|INFO|RotatorVM.cs|Disconnect|447|Disconnected Rotator
2026-04-26T10:49:15.6916|INFO|SwitchVM.cs|Disconnect|309|Disconnected Switch
2026-04-26T10:49:15.6960|INFO|WeatherDataVM.cs|Disconnect|305|Disconnected Weather Device
2026-04-26T10:49:15.6963|INFO|SafetyMonitorVM.cs|Disconnect|221|Disconnected Safety Monitor
2026-04-26T10:49:16.6104|INFO|API.cs|StopWatchers|86|Stopping all event watchers
2026-04-26T10:49:16.6501|INFO|NightSummaryPlugin.cs|Teardown|257|NightSummary: Plugin torn down
2026-04-26T10:49:16.7068|INFO|Plugin.cs|Teardown|353|[Subframes] Plugin unloaded (primary instance).
