----------------------------------------------------------------------
--------------N.I.N.A. - Nighttime Imaging 'N' Astronomy--------------
--------------------------Version 3.2.0.9001--------------------------
-------------------------2026-04-10T12:39:36--------------------------
----------------------------------------------------------------------
---------------------Microsoft Windows 10.0.19045---------------------
-------------------------OS Architecture X64--------------------------
-----------------------Process Architecture X64-----------------------
-----------------------------.NET 8.0.21------------------------------
----------------------------------------------------------------------
--------------------------Processor Count 4---------------------------
--------------------Total Physical Memory 7.84 GB---------------------
----------------------------------------------------------------------
DATE|LEVEL|SOURCE|MEMBER|LINE|MESSAGE
2026-04-10T12:39:36.7230|INFO|CameraChooserVM.cs|GetEquipment|69|Found 2 ASI Cameras
2026-04-10T12:39:37.0353|INFO|CameraChooserVM.cs|GetEquipment|84|Found 0 Altair Cameras
2026-04-10T12:39:37.0718|INFO|CameraChooserVM.cs|GetEquipment|96|Found 0 Atik Cameras
2026-04-10T12:39:37.0787|INFO|CameraChooserVM.cs|GetEquipment|110|Found 0 FLI Cameras
2026-04-10T12:39:38.1067|INFO|CameraChooserVM.cs|GetEquipment|130|Found 0 QHYCCD Cameras
2026-04-10T12:39:38.2903|INFO|CameraChooserVM.cs|GetEquipment|158|Found 0 ToupTek Cameras
2026-04-10T12:39:38.3000|INFO|CameraChooserVM.cs|GetEquipment|173|Found 0 Ogma Cameras
2026-04-10T12:39:38.3195|INFO|CameraChooserVM.cs|GetEquipment|188|Found 0 Omegon Cameras
2026-04-10T12:39:38.5538|INFO|CameraChooserVM.cs|GetEquipment|203|Found 0 RisingCam Cameras
2026-04-10T12:39:38.5740|INFO|CameraChooserVM.cs|GetEquipment|218|Found 0 MallinCam Cameras
2026-04-10T12:39:38.5820|INFO|CameraChooserVM.cs|GetEquipment|243|Found 0 SVBony Cameras
2026-04-10T12:39:38.5950|INFO|CameraChooserVM.cs|GetEquipment|259|Found 0 SBIG Cameras
2026-04-10T12:39:39.0644|INFO|API.cs|Start|99|Starting Webserver
2026-04-10T12:39:39.0658|INFO|API.cs|APITask|134|starting web server, listening at 172.19.6.111:1888
2026-04-10T12:39:39.2030|INFO|NINALogWatcher.cs|Start|33|watching log file: C:\Users\nicka\AppData\Local\NINA\Logs\20260410-123935-3.2.0.9001.9304-202604.log
2026-04-10T12:39:39.2424|INFO|PluginLoader.cs|LoadPlugin|402|Successfully loaded plugin Advanced API version 2.2.15.0 by Christian Palm
2026-04-10T12:39:39.2637|INFO|PluginLoader.cs|LoadPlugin|402|Successfully loaded plugin Autofocus Report Analysis version 2.0.0.9 by Stefan Berg @isbeorn
2026-04-10T12:39:39.2803|INFO|PluginLoader.cs|LoadPlugin|402|Successfully loaded plugin Connector version 2.1.0.2 by Stefan Berg @isbeorn
2026-04-10T12:39:39.3007|INFO|PluginLoader.cs|LoadPlugin|402|Successfully loaded plugin Device Actions and Commands version 2.2.0.0 by Dale Ghent
2026-04-10T12:39:39.3238|INFO|PluginLoader.cs|LoadPlugin|402|Successfully loaded plugin Discord Alert version 2.2.0.0 by Drew McDermott
2026-04-10T12:39:39.3562|INFO|PluginLoader.cs|LoadPlugin|402|Successfully loaded plugin Discord Notification version 2.0.0.10 by Daniel Ludwig
2026-04-10T12:39:39.3832|INFO|DitherStatisticsVM.cs|CreatePluginIcon|1483|Plugin icon geometry created successfully
2026-04-10T12:39:39.4057|INFO|DitherStatisticsVM.cs|LoadDataTemplates|1452|DitherStatistics DataTemplates loaded successfully
2026-04-10T12:39:39.4087|INFO|DitherStatisticsVM.cs|SaveQualityAssessmentSetting|387|Quality Assessment setting saved to file: True
2026-04-10T12:39:39.4089|INFO|DitherStatisticsVM.cs|LoadQualityAssessmentSetting|364|Quality Assessment setting loaded from file: True
2026-04-10T12:39:39.4105|INFO|DitherStatisticsVM.cs|SaveDitherOptimizerSetting|490|Dither Optimizer setting saved to file: False
2026-04-10T12:39:39.4106|INFO|DitherStatisticsVM.cs|LoadDitherOptimizerSetting|471|Dither Optimizer setting loaded from file: False
2026-04-10T12:39:39.4111|INFO|DitherStatisticsVM.cs|SubscribeToGuiderEvents|834|Subscribed to NINA guider events
2026-04-10T12:39:39.4141|INFO|DitherStatisticsVM.cs|StartThemeColorMonitoring|1329|Initial PrimaryBrush color: R:176 G:179 B:185
2026-04-10T12:39:39.4144|INFO|DitherStatisticsVM.cs|.ctor|96|DitherStatisticsVM initialized successfully with ScottPlot 4.1 (Lazy Loading)!
2026-04-10T12:39:39.4148|INFO|PluginLoader.cs|LoadPlugin|402|Successfully loaded plugin Dither Statistics version 1.3.0.0 by Thierry Tschanz
2026-04-10T12:39:39.4400|INFO|PluginLoader.cs|LoadPlugin|402|Successfully loaded plugin Filter Offset Calculator version 2.0.0.0 by S. Dimant & Stefan Berg
2026-04-10T12:39:39.4611|INFO|PluginLoader.cs|LoadPlugin|402|Successfully loaded plugin Flexure Correction version 0.8.0.0 by Francesco Meschia
2026-04-10T12:39:39.6920|INFO|PluginLoader.cs|LoadPlugin|402|Successfully loaded plugin Ground Station version 3.0.0.117 by Dale Ghent
2026-04-10T12:39:39.9022|INFO|PluginLoader.cs|LoadPlugin|402|Successfully loaded plugin Hocus Focus version 3.0.0.25 by George Hilios (jokogeo)
2026-04-10T12:39:39.9228|INFO|PluginLoader.cs|LoadPlugin|402|Successfully loaded plugin Horizon Creator version 1.1.2.1 by Christian Palm
2026-04-10T12:39:39.9431|INFO|PluginLoader.cs|LoadPlugin|402|Successfully loaded plugin Lightbucket version 2.2.4.0 by Lightbucket
2026-04-10T12:39:39.9943|INFO|PluginLoader.cs|LoadPlugin|402|Successfully loaded plugin Livestack version 1.0.1.7 by Stefan Berg @isbeorn
2026-04-10T12:39:40.0109|INFO|PluginLoader.cs|LoadPlugin|402|Successfully loaded plugin Log Viewer version 1.0.0.2 by Alexander Wrede @astro_alex80
2026-04-10T12:39:40.0283|INFO|PluginLoader.cs|LoadPlugin|402|Successfully loaded plugin Moon Angle version 2.2.0.0 by Dale Ghent
2026-04-10T12:39:40.0539|INFO|SessionDatabase.cs|.ctor|32|NightSummary: Database path: C:\Users\nicka\AppData\Local\NINA\NightSummary\nightsummary.sqlite
2026-04-10T12:39:40.0541|INFO|SessionDatabase.cs|.ctor|33|NightSummary: Database exists: True
2026-04-10T12:39:40.1069|INFO|NightSummaryPlugin.cs|.ctor|225|NightSummary: Plugin initialized successfully
2026-04-10T12:39:40.1140|INFO|SessionDatabase.cs|.ctor|32|NightSummary: Database path: C:\Users\nicka\AppData\Local\NINA\NightSummary\nightsummary.sqlite
2026-04-10T12:39:40.1143|INFO|SessionDatabase.cs|.ctor|33|NightSummary: Database exists: True
2026-04-10T12:39:40.1275|INFO|PluginLoader.cs|LoadPlugin|402|Successfully loaded plugin Night Summary version 2.9.0.0 by Evan Pegors
2026-04-10T12:39:40.1554|INFO|PluginLoader.cs|LoadPlugin|402|Successfully loaded plugin Phd2 Tools version 1.0.6.0 by Stefan Berg @isbeorn
2026-04-10T12:39:40.2290|INFO|PluginLoader.cs|LoadPlugin|402|Successfully loaded plugin PixInsight Tools version 1.0.0.3 by Stefan Berg
2026-04-10T12:39:40.3228|INFO|PluginLoader.cs|LoadPlugin|402|Successfully loaded plugin Point3D version 0.2.3.0 by Drew McDermott
2026-04-10T12:39:40.4395|INFO|StarfrontClient.cs|StartFolderWatcher|167|[Rockwood] Watching: C:\ASTROIMAGES\NINA\
2026-04-10T12:39:40.4416|INFO|StarfrontClient.cs|RunLoop|68|[Rockwood] connecting to wss://api.starfront.space:443/ws/scope?key=***
2026-04-10T12:39:40.4434|INFO|PluginLoader.cs|LoadPlugin|402|Successfully loaded plugin Rockwood Starfront version 1.0.0.0 by Rockwood Observatory
2026-04-10T12:39:40.5612|INFO|PluginLoader.cs|LoadPlugin|402|Successfully loaded plugin Scope Control version 2.0.2.1 by Stefan Berg @isbeorn
2026-04-10T12:39:40.6560|WARNING|When.cs|GetRunningItem|143|Can't get running items: SequencerNavigation not initialized yet!
2026-04-10T12:39:40.6765|INFO|StarfrontClient.cs|RunLoop|71|[Rockwood] connected
2026-04-10T12:39:40.9234|INFO|PluginLoader.cs|LoadPlugin|402|Successfully loaded plugin Sequencer Powerups version 3.29.0.9 by Marc Blank
2026-04-10T12:39:40.9411|INFO|PluginLoader.cs|LoadPlugin|402|Successfully loaded plugin Session Metadata version 2.6.3.0 by Tom Palmer @tcpalmer
2026-04-10T12:39:40.9578|INFO|PluginLoader.cs|LoadPlugin|402|Successfully loaded plugin Shutdown PC version 2.2.0.0 by Dale Ghent
2026-04-10T12:39:40.9895|INFO|PluginLoader.cs|LoadPlugin|402|Successfully loaded plugin SkyFlats version 1.0.0.4 by Gerald Hitz (@photon)
2026-04-10T12:39:41.0152|INFO|PluginLoader.cs|LoadPlugin|402|Successfully loaded plugin Smart Filters version 1.0.0.3 by Benoit SAINTOT
2026-04-10T12:39:41.2078|INFO|Plugin.cs|.ctor|144|[Subframes] Plugin loaded (primary instance).
2026-04-10T12:39:41.2094|WARNING|Plugin.cs|OnImportsSatisfied|174|[Subframes] Sequence event subscription deferred — SequenceMediator internals not yet initialized.
2026-04-10T12:39:41.2177|WARNING|Plugin.cs|.ctor|94|[Subframes] Duplicate plugin instance created by MEF — proxying to primary to prevent duplicate sessions/sync.
2026-04-10T12:39:41.2200|INFO|PluginLoader.cs|LoadPlugin|402|Successfully loaded plugin Subframes version 0.1.39.0 by Subframes
2026-04-10T12:39:41.2604|INFO|PluginLoader.cs|LoadPlugin|402|Successfully loaded plugin Target Planning version 3.2.1.0 by Tom Palmer @tcpalmer
2026-04-10T12:39:41.4171|INFO|DitherStatisticsVM.cs|ConnectToPHD2|708|Attempting to connect to PHD2...
2026-04-10T12:39:41.4186|INFO|PHD2Client.cs|ConnectAsync|102|PHD2Client: Connecting to PHD2 at 127.0.0.1:4400...
2026-04-10T12:39:42.6667|INFO|PluginLoader.cs|LoadPlugin|402|Successfully loaded plugin Target Scheduler version 5.9.0.0 by Tom Palmer @tcpalmer
2026-04-10T12:39:42.7746|INFO|PluginLoader.cs|LoadPlugin|402|Successfully loaded plugin Three Point Polar Alignment version 2.2.5.0 by Stefan Berg @isbeorn
2026-04-10T12:39:42.9215|INFO|SessionHistoryManager.cs|PurgeHistoryOlderThan|102|purging web session history older than 10 days
2026-04-10T12:39:42.9907|INFO|PluginLoader.cs|LoadPlugin|402|Successfully loaded plugin Web Session History Viewer version 2.2.1.0 by Tom Palmer @tcpalmer
2026-04-10T12:39:43.0124|INFO|PluginFetcher.cs|RequestAll|43|Fetching plugin manifests from https://nighttime-imaging.eu/wp-json/nina/v1/plugins/manifests
2026-04-10T12:39:43.0985|INFO|CameraChooserVM.cs|GetEquipment|279|Found 0 SVBony Cameras
2026-04-10T12:39:43.1016|INFO|CameraChooserVM.cs|GetEquipment|279|Found 0 PlayerOne Cameras
2026-04-10T12:39:43.1124|INFO|CameraChooserVM.cs|GetEquipment|279|Found 0 ASTPAN Cameras
2026-04-10T12:39:43.1146|INFO|CameraChooserVM.cs|GetEquipment|293|Found 4 ASCOM Cameras
2026-04-10T12:39:43.1298|INFO|FilterWheelChooserVM.cs|GetEquipment|167|Found 1 Networked Filter Wheel Filter Wheels
2026-04-10T12:39:43.2145|INFO|RotatorChooserVM.cs|GetEquipment|45|Found 1 Networked Rotator Rotators
2026-04-10T12:39:43.4523|ERROR|PHD2Client.cs|ConnectAsync|132|PHD2Client: Connection failed: No connection could be made because the target machine actively refused it.
2026-04-10T12:39:43.4528|INFO|DitherStatisticsVM.cs|OnPHD2ConnectionStatusChanged|737|PHD2 Connection Status: Connection failed: No connection could be made because the target machine actively refused it.
2026-04-10T12:39:45.1387|INFO|SwitchChooserVM.cs|GetEquipment|71|Found 0 Alpaca Switch Hubs
2026-04-10T12:39:45.1388|INFO|CameraChooserVM.cs|GetEquipment|305|Found 0 Alpaca Cameras
2026-04-10T12:39:45.1391|INFO|WeatherDataChooserVM.cs|GetEquipment|69|Found 0 Alpaca Observing Conditions
2026-04-10T12:39:45.1386|INFO|DomeChooserVM.cs|GetEquipment|67|Found 0 Alpaca Domes
2026-04-10T12:39:45.1410|INFO|FilterWheelChooserVM.cs|GetEquipment|193|Found 0 Alpaca Filter Wheels
2026-04-10T12:39:45.1438|INFO|CameraChooserVM.cs|GetEquipment|318|Found 0 Canon Cameras
2026-04-10T12:39:45.1388|INFO|TelescopeChooserVM.cs|GetEquipment|69|Found 0 Alpaca Telescopes
2026-04-10T12:39:45.1454|INFO|FlatDeviceChooserVM.cs|GetEquipment|67|Found 0 Alpaca Cover Calibrators
2026-04-10T12:39:45.1996|INFO|SafetyMonitorChooserVM.cs|GetEquipment|71|Found 0 Alpaca Safety Monitors
2026-04-10T12:39:45.2315|INFO|RotatorChooserVM.cs|GetEquipment|68|Found 0 Alpaca Rotators
2026-04-10T12:39:45.5550|INFO|PluginFetcher.cs|RequestAll|57|Found 78 valid plugins at https://nighttime-imaging.eu/wp-json/nina/v1/plugins/manifests
2026-04-10T12:39:45.6774|WARNING|When.cs|GetRunningItem|143|Can't get running items: SequencerNavigation not initialized yet!
2026-04-10T12:39:47.2213|INFO|FocuserChooserVM.cs|GetEquipment|84|Found 0 Alpaca Focusers
2026-04-10T12:39:48.6748|INFO|ApplicationVM.cs|CheckDiskInfo|100|Available Space on Drive C:\: 138.6 GB
2026-04-10T12:39:48.6789|INFO|ApplicationVM.cs|CheckASCOMPlatformVersion|81|ASCOM Platform 6.6.2.4195 installed
2026-04-10T12:39:48.6813|INFO|ApplicationVM.cs|CheckDiskInfo|102|Drive E:\ is not ready
2026-04-10T12:39:48.6830|INFO|ApplicationVM.cs|CheckDiskInfo|100|Available Space on Drive G:\: 62.15 GB
2026-04-10T12:39:48.6941|INFO|ApplicationVM.cs|CheckDiskInfo|100|Available Space on Drive Z:\: 4.11 GB
2026-04-10T12:39:49.1688|INFO|Plugin.cs|TrySubscribeSequenceEvents|200|[Subframes] ISequenceMediator.SequenceStarted not present in this NINA build — session will open on first captured image instead.
2026-04-10T12:39:49.1691|INFO|Plugin.cs|RetrySubscribeSequenceEventsAsync|230|[Subframes] Deferred sequence event subscription succeeded after 2s.
2026-04-10T12:39:49.1845|INFO|DitherStatisticsVM.cs|StartThemeColorMonitoring|1338|Theme color monitoring timer started on UI thread
2026-04-10T12:40:40.8171|INFO|SyncEngine.cs|Start|41|[Subframes] SyncEngine started.
2026-04-10T12:40:40.8177|INFO|OptionsPanelViewModel.cs|Save|90|[Subframes] Settings saved — API URL: https://api.subframes.io  Enabled: True  Debug: False
2026-04-10T12:42:01.7661|INFO|Sequence2VM.cs|StartSequence|543|Advanced Sequence starting
2026-04-10T12:42:03.3452|INFO|SequenceItem.cs|Run|208|Starting Category: * Instruction Set *, Container: NINA.Sequencer.Container.SequenceRootContainer, Strategy: SequentialStrategy, Items[CREATED]: 3, Triggers: Category: Ground Station, Item: Failures to Telegram
2026-04-10T12:42:03.3547|INFO|SequenceItem.cs|Run|208|Starting Category: * Instruction Set *, Container: NINA.Sequencer.Container.StartAreaContainer, Strategy: SequentialStrategy, Items[CREATED]: 1
2026-04-10T12:42:03.3556|INFO|SequenceItem.cs|Run|208|Starting Category: * Instruction Set *, Container: NINA.Sequencer.Container.SequentialContainer, Strategy: SequentialStrategy, Items[CREATED]: 10
2026-04-10T12:42:03.3563|INFO|SequenceItem.cs|Run|208|Starting Category: Ground Station, Item: Send to Pushover, Title: Start
2026-04-10T12:42:03.5693|INFO|SequenceItem.cs|Run|254|Finishing Category: Ground Station, Item: Send to Pushover, Title: Start
2026-04-10T12:42:03.5810|INFO|SequenceItem.cs|Run|208|Starting Category: Utility, Item: WaitForTime, Time: 19:37:5h, Offset: -80
2026-04-10T12:51:27.7814|INFO|CameraVM.cs|Disconnect|650|Disconnected Camera
2026-04-10T12:51:28.3602|WARNING|ASICamera.cs|SetControlValue|568|Failed to set ASI Control Value ASI_WB_B with value 50
2026-04-10T12:51:28.3604|WARNING|ASICamera.cs|SetControlValue|568|Failed to set ASI Control Value ASI_WB_R with value 50
2026-04-10T12:51:28.3604|WARNING|ASICamera.cs|SetControlValue|568|Failed to set ASI Control Value ASI_GAMMA with value 50
2026-04-10T12:51:28.3605|WARNING|ASICamera.cs|SetControlValue|568|Failed to set ASI Control Value ASI_HIGH_SPEED_MODE with value 0
2026-04-10T12:51:28.3606|WARNING|ASICamera.cs|SetControlValue|568|Failed to set ASI Control Value ASI_OVERCLOCK with value 0
2026-04-10T12:51:28.3607|WARNING|ASICamera.cs|SetControlValue|568|Failed to set ASI Control Value ASI_PATTERN_ADJUST with value 0
2026-04-10T12:51:28.3616|WARNING|ASICamera.cs|SetControlValue|568|Failed to set ASI Control Value ASI_MONO_BIN with value 0
2026-04-10T12:51:28.3627|INFO|ASICamera.cs|Initialize|664|Camera ID: ASI533MM
2026-04-10T12:51:28.3738|WARNING|ASICamera.cs|SetControlValue|568|Failed to set ASI Control Value ASI_ANTI_DEW_HEATER with value 0
2026-04-10T12:51:28.4818|INFO|CameraVM.cs|ChooseCamera|455|Successfully connected Camera. Id: ZWOptical_ZWO ASI533MM Pro_ASI533MM Name: ZWO ASI533MM Pro DisplayName: ZWO ASI533MM Pro (ASI533MM)Driver Version: 1, 39, 0, 0
2026-04-10T12:51:28.4899|INFO|FilterWheelVM.cs|Disconnect|333|Disconnected Filter Wheel
2026-04-10T12:51:32.1825|INFO|FilterWheelVM.cs|ChooseFW|279|Successfully connected Filter Wheel. Id: ASCOM.EFW2.FilterWheel Name: ZWO FilterWheel DisplayName: ZWO FilterWheel (ASCOM) Driver Version: 6.0
2026-04-10T12:51:32.2240|INFO|TelescopeVM.cs|Disconnect|740|Disconnected mount
2026-04-10T12:51:35.3212|INFO|AscomTelescope.cs|CheckMountTime|845|Mount UTC Time: 2026-04-10 17:51:32Z / System UTC Time: 2026-04-10 17:51:35Z; Difference: 2.584 seconds
2026-04-10T12:51:35.3757|INFO|AscomTelescope.cs|CheckMountTime|852|System time has been synced to the mount
2026-04-10T12:51:35.6697|INFO|TelescopeVM.cs|ChooseTelescope|535|Successfully connected mount. Id: ASCOM.iOptron2017.Telescope Name: iOptron CEM120,70,40,26, GEM, HEM, HAE, HAZ series and SkyHunter Mount DisplayName: iOptron CEM120,70,40,26, GEM, HEM, HAE, HAZ series and SkyHunter Mount (ASCOM) Driver Version: 9.15
2026-04-10T12:51:35.6770|INFO|FocuserVM.cs|Disconnect|441|Disconnected Focuser
2026-04-10T12:51:37.5155|ERROR|AscomDevice.cs|GetProperty|546|An unexpected exception occurred during GET of Focuser.StepSize: 
ASCOM.DriverException: The method or operation is not implemented.
 ---> System.NotImplementedException: The method or operation is not implemented.
   --- End of inner exception stack trace ---
   at ASCOM.Com.DriverAccess.DynamicAccess.CheckDotNetExceptions(String memberName, Exception e) in J:\ASCOMLibrary\ASCOM.Com\ASCOM.Com.DriverAccess\BaseClass\DynamicAccess.cs:line 278
   at ASCOM.Com.DriverAccess.DynamicAccess.TryGetMember(GetMemberBinder binder, Object& result) in J:\ASCOMLibrary\ASCOM.Com\ASCOM.Com.DriverAccess\BaseClass\DynamicAccess.cs:line 150
   at CallSite.Target(Closure, CallSite, Object)
   at System.Dynamic.UpdateDelegates.UpdateAndExecute1[T0,TRet](CallSite site, T0 arg0)
   at ASCOM.Com.DriverAccess.Focuser.get_StepSize() in J:\ASCOMLibrary\ASCOM.Com\ASCOM.Com.DriverAccess\Focuser.cs:line 159
   at System.RuntimeMethodHandle.InvokeMethod(Object target, Void** arguments, Signature sig, Boolean isConstructor)
   at System.Reflection.MethodBaseInvoker.InvokeWithNoArgs(Object obj, BindingFlags invokeAttr)
2026-04-10T12:51:37.7179|INFO|AscomDevice.cs|GetProperty|485|Retrying to GET Focuser.StepSize - Attempt 2 / 3
2026-04-10T12:51:37.7200|ERROR|AscomDevice.cs|GetProperty|546|An unexpected exception occurred during GET of Focuser.StepSize: 
ASCOM.DriverException: The method or operation is not implemented.
 ---> System.NotImplementedException: The method or operation is not implemented.
   --- End of inner exception stack trace ---
   at ASCOM.Com.DriverAccess.DynamicAccess.CheckDotNetExceptions(String memberName, Exception e) in J:\ASCOMLibrary\ASCOM.Com\ASCOM.Com.DriverAccess\BaseClass\DynamicAccess.cs:line 278
   at ASCOM.Com.DriverAccess.DynamicAccess.TryGetMember(GetMemberBinder binder, Object& result) in J:\ASCOMLibrary\ASCOM.Com\ASCOM.Com.DriverAccess\BaseClass\DynamicAccess.cs:line 150
   at CallSite.Target(Closure, CallSite, Object)
   at ASCOM.Com.DriverAccess.Focuser.get_StepSize() in J:\ASCOMLibrary\ASCOM.Com\ASCOM.Com.DriverAccess\Focuser.cs:line 159
   at InvokeStub_Focuser.get_StepSize(Object, Object, IntPtr*)
   at System.Reflection.MethodBaseInvoker.InvokeWithNoArgs(Object obj, BindingFlags invokeAttr)
2026-04-10T12:51:37.9214|INFO|AscomDevice.cs|GetProperty|485|Retrying to GET Focuser.StepSize - Attempt 3 / 3
2026-04-10T12:51:37.9226|ERROR|AscomDevice.cs|GetProperty|546|An unexpected exception occurred during GET of Focuser.StepSize: 
ASCOM.DriverException: The method or operation is not implemented.
 ---> System.NotImplementedException: The method or operation is not implemented.
   --- End of inner exception stack trace ---
   at ASCOM.Com.DriverAccess.DynamicAccess.CheckDotNetExceptions(String memberName, Exception e) in J:\ASCOMLibrary\ASCOM.Com\ASCOM.Com.DriverAccess\BaseClass\DynamicAccess.cs:line 278
   at ASCOM.Com.DriverAccess.DynamicAccess.TryGetMember(GetMemberBinder binder, Object& result) in J:\ASCOMLibrary\ASCOM.Com\ASCOM.Com.DriverAccess\BaseClass\DynamicAccess.cs:line 150
   at CallSite.Target(Closure, CallSite, Object)
   at ASCOM.Com.DriverAccess.Focuser.get_StepSize() in J:\ASCOMLibrary\ASCOM.Com\ASCOM.Com.DriverAccess\Focuser.cs:line 159
   at InvokeStub_Focuser.get_StepSize(Object, Object, IntPtr*)
   at System.Reflection.MethodBaseInvoker.InvokeWithNoArgs(Object obj, BindingFlags invokeAttr)
2026-04-10T12:51:37.9230|INFO|AscomDevice.cs|GetProperty|556|GET Focuser.StepSize failed - Returning last known value 0
2026-04-10T12:51:38.1388|INFO|FocuserVM.cs|ChooseFocuser|333|Successfully connected Focuser. Id: ASCOM.EAF.Focuser Name: ZWO Focuser DisplayName: ZWO Focuser (ASCOM) Driver Version: 6.0
2026-04-10T12:51:38.1637|INFO|RotatorVM.cs|Disconnect|447|Disconnected Rotator
2026-04-10T12:51:38.1767|INFO|PHD2Guider.cs|Connect|205|Connecting to PHD2 server at 127.0.0.1:4400
2026-04-10T12:51:43.4777|INFO|PHD2Client.cs|ConnectAsync|118|PHD2Client: Connected successfully!
2026-04-10T12:51:43.4779|INFO|DitherStatisticsVM.cs|OnPHD2ConnectionStatusChanged|734|PHD2 Connection Status: Connected
2026-04-10T12:51:43.4780|INFO|DitherStatisticsVM.cs|ConnectToPHD2|713|Successfully connected to PHD2!
2026-04-10T12:51:43.4796|INFO|PHD2Client.cs|ReadEventsAsync|181|PHD2Client: Started reading events
2026-04-10T12:51:43.8262|INFO|PHD2Client.cs|HandleVersion|366|PHD2Client: Connected to PHD2 version 2.6.14. (Message Protocol v1)
2026-04-10T12:51:43.8270|INFO|PHD2Client.cs|ProcessEvent|257|PHD2: CalibrationComplete
2026-04-10T12:51:43.8276|INFO|PHD2Client.cs|HandleAppState|376|PHD2Client: PHD2 AppState: Stopped
2026-04-10T12:51:43.8524|INFO|FlatDeviceVM.cs|Disconnect|289|Disconnected Flat Device
2026-04-10T12:51:43.8834|INFO|WeatherDataVM.cs|Disconnect|305|Disconnected Weather Device
2026-04-10T12:51:46.4294|INFO|AscomDevice.cs|GetProperty|527|Property ObservingConditions.SkyQuality GET is not implemented in this driver (SkyAlert Observing Conditions)
2026-04-10T12:51:46.4366|INFO|AscomDevice.cs|GetProperty|527|Property ObservingConditions.StarFWHM GET is not implemented in this driver (SkyAlert Observing Conditions)
2026-04-10T12:51:46.4512|INFO|WeatherDataVM.cs|ChooseWeatherData|150|Successfully connected Weather Device. Id: ASCOM.SkyAlert.ObservingConditions Name: SkyAlert Observing Conditions DisplayName: SkyAlert Observing Conditions (ASCOM) Driver Version: 1.7
2026-04-10T12:51:46.4609|INFO|SwitchVM.cs|Disconnect|309|Disconnected Switch
2026-04-10T12:51:46.5085|INFO|DomeVM.cs|Disconnect|355|Disconnected Dome Device
2026-04-10T12:51:46.5163|INFO|SafetyMonitorVM.cs|Disconnect|221|Disconnected Safety Monitor
2026-04-10T12:51:47.2125|INFO|SafetyMonitorVM.cs|Connect|175|Successfully connected Safety Monitor. Id: ASCOM.GenericFile.SafetyMonitor Name: Generic File driver DisplayName: Generic File driver (ASCOM) Driver Version: 6.4
2026-04-10T12:51:49.2169|INFO|SafetyMonitorVM.cs|UpdateMonitorValues|95|SafetyMonitorInfo state changed to Unsafe
2026-04-10T19:37:29.8384|INFO|SequenceItem.cs|Run|254|Finishing Category: Utility, Item: WaitForTime, Time: 19:37:5h, Offset: -80
2026-04-10T19:37:29.9210|INFO|SequenceItem.cs|Run|208|Starting Category: Ground Station, Item: Send to Telegram
2026-04-10T19:37:30.7401|INFO|SequenceItem.cs|Run|254|Finishing Category: Ground Station, Item: Send to Telegram
2026-04-10T19:37:30.7405|INFO|SequenceItem.cs|Run|208|Starting Category: Ground Station, Item: Send to Pushover, Title: Configure Equipment
2026-04-10T19:37:30.9072|INFO|SequenceItem.cs|Run|254|Finishing Category: Ground Station, Item: Send to Pushover, Title: Configure Equipment
2026-04-10T19:37:30.9087|INFO|SequenceItem.cs|Run|208|Starting Category: Connect, Item: ConnectAllEquipment
2026-04-10T19:37:30.9168|INFO|ConnectAllEquipment.cs|Execute|169|Camera is already connected
2026-04-10T19:37:30.9171|INFO|ConnectAllEquipment.cs|Execute|169|Filter Wheel is already connected
2026-04-10T19:37:30.9172|INFO|ConnectAllEquipment.cs|Execute|169|Focuser is already connected
2026-04-10T19:37:30.9201|INFO|ConnectAllEquipment.cs|Execute|169|Mount is already connected
2026-04-10T19:37:30.9204|INFO|ConnectAllEquipment.cs|Execute|169|Guider is already connected
2026-04-10T19:37:30.9206|INFO|ConnectAllEquipment.cs|Execute|169|Weather is already connected
2026-04-10T19:37:30.9207|INFO|ConnectAllEquipment.cs|Execute|169|Safety Monitor is already connected
2026-04-10T19:37:30.9210|INFO|SequenceItem.cs|Run|254|Finishing Category: Connect, Item: ConnectAllEquipment
2026-04-10T19:37:30.9413|INFO|SequenceItem.cs|Run|208|Starting Category: Telescope, Item: FindHome
2026-04-10T19:37:30.9474|INFO|PHD2Guider.cs|StopGuiding|704|Phd2 - Stop Guiding skipped, as the app is already in state Stopped
2026-04-10T19:37:30.9494|INFO|TelescopeVM.cs|FindHome|292|Mount ordered to locate home position
2026-04-10T19:37:30.9653|INFO|TelescopeVM.cs|FindHome|336|Mount ordered to home but it is already at home
2026-04-10T19:37:30.9657|INFO|TelescopeVM.cs|FindHome|348|Mount has located its home position
2026-04-10T19:37:30.9667|INFO|SequenceItem.cs|Run|254|Finishing Category: Telescope, Item: FindHome
2026-04-10T19:37:30.9670|INFO|SequenceItem.cs|Run|208|Starting Category: Ground Station, Item: Send to Telegram
2026-04-10T19:37:31.5904|INFO|SequenceItem.cs|Run|254|Finishing Category: Ground Station, Item: Send to Telegram
2026-04-10T19:37:31.5910|INFO|SequenceItem.cs|Run|208|Starting Category: Ground Station, Item: Send to Pushover, Title: Cool
2026-04-10T19:37:31.7599|INFO|SequenceItem.cs|Run|254|Finishing Category: Ground Station, Item: Send to Pushover, Title: Cool
2026-04-10T19:37:31.7620|INFO|SequenceItem.cs|Run|208|Starting Category: Camera, Item: CoolCamera, Temperature: -5, Duration: 15
2026-04-10T19:37:31.8332|INFO|CameraVM.cs|CoolCamera|138|Cooling Camera. Target: -5 Duration: 00:15:00
2026-04-10T19:53:05.6975|INFO|SequenceItem.cs|Run|254|Finishing Category: Camera, Item: CoolCamera, Temperature: -5, Duration: 15
2026-04-10T19:53:05.6978|INFO|SequenceItem.cs|Run|208|Starting Category: Utility, Item: WaitForTime, Time: 20:42:5h, Offset: -15
2026-04-10T20:30:40.9756|WARNING|SubframesClient.cs|SendStationHeartbeatAsync|440|[Subframes] Station heartbeat failed: 502 Bad Gateway — 
2026-04-10T20:42:08.2201|INFO|SequenceItem.cs|Run|254|Finishing Category: Utility, Item: WaitForTime, Time: 20:42:5h, Offset: -15
2026-04-10T20:42:08.2283|INFO|SequenceItem.cs|Run|254|Finishing Category: * Instruction Set *, Container: NINA.Sequencer.Container.SequentialContainer, Strategy: SequentialStrategy, Items[FINISHED]: 10
2026-04-10T20:42:08.2288|INFO|SequenceItem.cs|Run|254|Finishing Category: * Instruction Set *, Container: NINA.Sequencer.Container.StartAreaContainer, Strategy: SequentialStrategy, Items[FINISHED]: 1
2026-04-10T20:42:08.2293|INFO|SequenceItem.cs|Run|208|Starting Category: * Instruction Set *, Container: NINA.Sequencer.Container.TargetAreaContainer, Strategy: SequentialStrategy, Items[CREATED]: 1
2026-04-10T20:42:08.2338|INFO|SequenceItem.cs|Run|208|Starting Category: * Instruction Set *, Container: NINA.Sequencer.Container.SequentialContainer, Strategy: SequentialStrategy, Items[CREATED]: 12, Conditions: Condition: TimeCondition, Time: 6:48:52h, Condition: TargetSchedulerCondition mode=While Targets Remain Tonight, , Triggers: Trigger: CenterAfterDriftTrigger, DistanceArcMinutes: 1Trigger: WhenUnsafeCategory: Ground Station, Item: Failures to TelegramCategory: Connect, Item: ReconnectOnDownloadFailureTrigger: AutofocusAfterHFRIncreaseTrigger, Amount: 5Trigger: MeridianFlipTriggerCategory: Powerups (Misc), Item: DIYTriggerCategory: Ground Station, Item: Failures to PushoverTrigger: AutofocusAfterTemperatureChangeTrigger, Amount: 1.5°
2026-04-10T20:42:08.2391|INFO|WhenCommon.cs|SequenceBlockInitialize|204|Initialize; starting watchdog
2026-04-10T20:42:08.2474|INFO|WhenUnsafe.cs|CheckSafe|77|IsSafe is now FALSE; connected = True, IsSafe = False
2026-04-10T20:42:08.2478|INFO|WhenCommon.cs|ShouldTrigger|378|ShouldTrigger TRUE from InterruptWhen, setting TriggerRunner
2026-04-10T20:42:08.2481|INFO|WhenCommon.cs|InterruptWhen|322|Interrupting current Instruction Set
2026-04-10T20:42:08.2495|INFO|WhenCommon.cs|InterruptWhen|332|Canceling sequence...
2026-04-10T20:42:09.2544|INFO|WhenCommon.cs|InterruptWhen|336|Delay 1000
2026-04-10T20:42:10.2681|INFO|WhenCommon.cs|InterruptWhen|336|Delay 1000
2026-04-10T20:42:11.2822|INFO|WhenCommon.cs|InterruptWhen|336|Delay 1000
2026-04-10T20:42:12.2940|INFO|WhenCommon.cs|InterruptWhen|336|Delay 1000
2026-04-10T20:42:13.2960|INFO|WhenCommon.cs|InterruptWhen|336|Delay 1000
2026-04-10T20:42:14.3006|INFO|WhenCommon.cs|InterruptWhen|336|Delay 1000
2026-04-10T20:42:15.3069|INFO|WhenCommon.cs|InterruptWhen|336|Delay 1000
2026-04-10T20:42:16.3169|INFO|WhenCommon.cs|InterruptWhen|336|Delay 1000
2026-04-10T20:42:17.3192|INFO|WhenCommon.cs|InterruptWhen|336|Delay 1000
2026-04-10T20:42:18.3337|INFO|WhenCommon.cs|InterruptWhen|336|Delay 1000
2026-04-10T20:42:19.3336|INFO|WhenCommon.cs|InterruptWhen|336|Delay 1000
2026-04-10T20:42:20.3450|INFO|WhenCommon.cs|InterruptWhen|336|Delay 1000
2026-04-10T20:42:21.3454|INFO|WhenCommon.cs|InterruptWhen|336|Delay 1000
2026-04-10T20:42:22.3495|INFO|WhenCommon.cs|InterruptWhen|336|Delay 1000
2026-04-10T20:42:23.3510|INFO|WhenCommon.cs|InterruptWhen|336|Delay 1000
2026-04-10T20:42:24.3530|INFO|WhenCommon.cs|InterruptWhen|336|Delay 1000
2026-04-10T20:42:25.3672|INFO|WhenCommon.cs|InterruptWhen|336|Delay 1000
2026-04-10T20:42:26.3816|INFO|WhenCommon.cs|InterruptWhen|336|Delay 1000
2026-04-10T20:42:27.4037|INFO|WhenCommon.cs|InterruptWhen|336|Delay 1000
2026-04-10T20:42:28.4194|INFO|WhenCommon.cs|InterruptWhen|336|Delay 1000
2026-04-10T20:42:29.4281|INFO|WhenCommon.cs|InterruptWhen|336|Delay 1000
2026-04-10T20:42:30.4353|INFO|WhenCommon.cs|InterruptWhen|336|Delay 1000
2026-04-10T20:42:31.4420|INFO|WhenCommon.cs|InterruptWhen|336|Delay 1000
2026-04-10T20:42:32.4481|INFO|WhenCommon.cs|InterruptWhen|336|Delay 1000
2026-04-10T20:42:33.4543|INFO|WhenCommon.cs|InterruptWhen|336|Delay 1000
2026-04-10T20:42:34.4564|INFO|WhenCommon.cs|InterruptWhen|336|Delay 1000
2026-04-10T20:42:35.4590|INFO|WhenCommon.cs|InterruptWhen|336|Delay 1000
2026-04-10T20:42:36.4596|INFO|WhenCommon.cs|InterruptWhen|336|Delay 1000
2026-04-10T20:42:37.4596|INFO|WhenCommon.cs|InterruptWhen|336|Delay 1000
2026-04-10T20:42:38.4717|INFO|WhenCommon.cs|InterruptWhen|336|Delay 1000
2026-04-10T20:42:38.4963|INFO|WhenCommon.cs|SequenceBlockTeardown|198|Teardown; shutting down watchdog
2026-04-10T20:42:38.4990|INFO|Sequencer.cs|Start|85|Sequence run was cancelled
2026-04-10T20:42:38.5177|INFO|Sequence2VM.cs|StartSequence|548|Advanced Sequence finished
2026-04-10T20:42:39.4836|INFO|WhenCommon.cs|InterruptWhen|339|Sequence no longer running
2026-04-10T20:42:39.4859|WARNING|WhenCommon.cs|CheckSlewing|263|CheckSlewing, WhenUnsafe = True, Connected = True, CanSlew = True, info.Slewing = False
2026-04-10T20:42:39.4879|INFO|Sequence2VM.cs|StartSequence|543|Advanced Sequence starting
2026-04-10T20:42:39.5712|INFO|SequenceItem.cs|Run|208|Starting Category: * Instruction Set *, Container: NINA.Sequencer.Container.SequenceRootContainer, Strategy: SequentialStrategy, Items[CREATED]: 3, Triggers: Category: Ground Station, Item: Failures to Telegram
2026-04-10T20:42:39.5715|INFO|SequenceItem.cs|Run|208|Starting Category: * Instruction Set *, Container: NINA.Sequencer.Container.StartAreaContainer, Strategy: SequentialStrategy, Items[FINISHED]: 1
2026-04-10T20:42:39.5716|INFO|SequenceItem.cs|Run|254|Finishing Category: * Instruction Set *, Container: NINA.Sequencer.Container.StartAreaContainer, Strategy: SequentialStrategy, Items[FINISHED]: 1
2026-04-10T20:42:39.5717|INFO|SequenceItem.cs|Run|208|Starting Category: * Instruction Set *, Container: NINA.Sequencer.Container.TargetAreaContainer, Strategy: SequentialStrategy, Items[CREATED]: 1
2026-04-10T20:42:39.5718|INFO|SequenceItem.cs|Run|208|Starting Category: * Instruction Set *, Container: NINA.Sequencer.Container.SequentialContainer, Strategy: SequentialStrategy, Items[CREATED]: 12, Conditions: Condition: TimeCondition, Time: 6:48:52h, Condition: TargetSchedulerCondition mode=While Targets Remain Tonight, , Triggers: Trigger: CenterAfterDriftTrigger, DistanceArcMinutes: 1Trigger: WhenUnsafeCategory: Ground Station, Item: Failures to TelegramCategory: Connect, Item: ReconnectOnDownloadFailureTrigger: AutofocusAfterHFRIncreaseTrigger, Amount: 5Trigger: MeridianFlipTriggerCategory: Powerups (Misc), Item: DIYTriggerCategory: Ground Station, Item: Failures to PushoverTrigger: AutofocusAfterTemperatureChangeTrigger, Amount: 1.5°
2026-04-10T20:42:39.5723|INFO|WhenCommon.cs|SequenceBlockInitialize|204|Initialize; starting watchdog
2026-04-10T20:42:39.5737|INFO|WhenCommon.cs|ShouldTrigger|382|ShouldTrigger TRUE, setting TriggerRunner
2026-04-10T20:42:39.5758|INFO|SequenceTrigger.cs|Run|114|Starting Trigger: WhenUnsafe
2026-04-10T20:42:39.5858|INFO|WhenCommon.cs|Execute|395|Execute 0
2026-04-10T20:42:39.5861|INFO|WhenCommon.cs|Execute|409|When: running TriggerRunner, InFlight -> true, Triggered -> false
2026-04-10T20:42:39.5861|WARNING|WhenCommon.cs|CheckSlewing|263|CheckSlewing, WhenUnsafe = True, Connected = True, CanSlew = True, info.Slewing = False
2026-04-10T20:42:39.5863|INFO|SequenceItem.cs|Run|208|Starting Category: , Container: WhenPlugin.When.IfContainer, Strategy: SequentialStrategy, Items[CREATED]: 9
2026-04-10T20:42:39.5922|INFO|MeridianFlipTrigger.cs|ShouldTrigger|197|Meridian Flip - Telescope is at home position. Skip flip evaluation
2026-04-10T20:42:39.6356|INFO|SequenceItem.cs|Run|208|Starting Category: Ground Station, Item: Send to Telegram
2026-04-10T20:42:40.2930|INFO|SequenceItem.cs|Run|254|Finishing Category: Ground Station, Item: Send to Telegram
2026-04-10T20:42:40.3383|INFO|MeridianFlipTrigger.cs|ShouldTrigger|197|Meridian Flip - Telescope is at home position. Skip flip evaluation
2026-04-10T20:42:40.3386|INFO|SequenceItem.cs|Run|208|Starting Category: Ground Station, Item: Send to Pushover, Title: Unsafe
2026-04-10T20:42:40.5224|INFO|SequenceItem.cs|Run|254|Finishing Category: Ground Station, Item: Send to Pushover, Title: Unsafe
2026-04-10T20:42:40.5233|INFO|MeridianFlipTrigger.cs|ShouldTrigger|197|Meridian Flip - Telescope is at home position. Skip flip evaluation
2026-04-10T20:42:40.5234|INFO|SequenceItem.cs|Run|208|Starting Category: Telescope, Item: FindHome
2026-04-10T20:42:40.5275|INFO|PHD2Guider.cs|StopGuiding|704|Phd2 - Stop Guiding skipped, as the app is already in state Stopped
2026-04-10T20:42:40.5277|INFO|TelescopeVM.cs|FindHome|292|Mount ordered to locate home position
2026-04-10T20:42:40.5284|INFO|TelescopeVM.cs|FindHome|336|Mount ordered to home but it is already at home
2026-04-10T20:42:40.5285|INFO|TelescopeVM.cs|FindHome|348|Mount has located its home position
2026-04-10T20:42:40.5288|INFO|SequenceItem.cs|Run|254|Finishing Category: Telescope, Item: FindHome
2026-04-10T20:42:40.5292|INFO|MeridianFlipTrigger.cs|ShouldTrigger|197|Meridian Flip - Telescope is at home position. Skip flip evaluation
2026-04-10T20:42:40.5300|INFO|SequenceItem.cs|Run|208|Starting Category: Guider, Item: StopGuiding
2026-04-10T20:42:40.5351|INFO|PHD2Guider.cs|StopGuiding|704|Phd2 - Stop Guiding skipped, as the app is already in state Stopped
2026-04-10T20:42:40.5352|INFO|SequenceItem.cs|Run|254|Finishing Category: Guider, Item: StopGuiding
2026-04-10T20:42:40.5357|INFO|MeridianFlipTrigger.cs|ShouldTrigger|197|Meridian Flip - Telescope is at home position. Skip flip evaluation
2026-04-10T20:42:40.5363|INFO|SequenceItem.cs|Run|208|Starting Category: Connect, Item: DisconnectEquipment, Selected device: Safety Monitor
2026-04-10T20:42:40.6300|INFO|AscomDevice.cs|Disconnect|378|Disconnecting from ASCOM.GenericFile.SafetyMonitor Generic File driver
2026-04-10T20:42:40.6572|INFO|SafetyMonitorVM.cs|Disconnect|221|Disconnected Safety Monitor
2026-04-10T20:42:40.6575|INFO|SequenceItem.cs|Run|254|Finishing Category: Connect, Item: DisconnectEquipment, Selected device: Safety Monitor
2026-04-10T20:42:40.6803|INFO|MeridianFlipTrigger.cs|ShouldTrigger|197|Meridian Flip - Telescope is at home position. Skip flip evaluation
2026-04-10T20:42:40.6811|INFO|SequenceItem.cs|Run|208|Starting Category: Utility, Item: WaitForTimeSpan, Time: 60s
2026-04-10T20:43:40.7186|INFO|SequenceItem.cs|Run|254|Finishing Category: Utility, Item: WaitForTimeSpan, Time: 60s
2026-04-10T20:43:40.7194|INFO|MeridianFlipTrigger.cs|ShouldTrigger|197|Meridian Flip - Telescope is at home position. Skip flip evaluation
2026-04-10T20:43:40.7208|INFO|SequenceItem.cs|Run|208|Starting Category: Connect, Item: ConnectEquipment, Selected device: Safety Monitor, Selected device id: ASCOM.GenericFile.SafetyMonitor
2026-04-10T20:43:42.7437|INFO|SafetyMonitorChooserVM.cs|GetEquipment|71|Found 0 Alpaca Safety Monitors
2026-04-10T20:43:42.7822|INFO|SafetyMonitorVM.cs|Disconnect|221|Disconnected Safety Monitor
2026-04-10T20:43:42.8671|INFO|SafetyMonitorVM.cs|Connect|175|Successfully connected Safety Monitor. Id: ASCOM.GenericFile.SafetyMonitor Name: Generic File driver DisplayName: Generic File driver (ASCOM) Driver Version: 6.4
2026-04-10T20:43:42.8675|INFO|SequenceItem.cs|Run|254|Finishing Category: Connect, Item: ConnectEquipment, Selected device: Safety Monitor, Selected device id: ASCOM.GenericFile.SafetyMonitor
2026-04-10T20:43:42.8679|INFO|MeridianFlipTrigger.cs|ShouldTrigger|197|Meridian Flip - Telescope is at home position. Skip flip evaluation
2026-04-10T20:43:42.8679|INFO|SequenceItem.cs|Run|208|Starting Category: Utility, Item: WaitForTimeSpan, Time: 60s
2026-04-10T20:43:44.8850|INFO|SafetyMonitorVM.cs|UpdateMonitorValues|95|SafetyMonitorInfo state changed to Unsafe
2026-04-10T20:44:42.9284|INFO|SequenceItem.cs|Run|254|Finishing Category: Utility, Item: WaitForTimeSpan, Time: 60s
2026-04-10T20:44:42.9294|INFO|MeridianFlipTrigger.cs|ShouldTrigger|197|Meridian Flip - Telescope is at home position. Skip flip evaluation
2026-04-10T20:44:42.9301|INFO|SequenceItem.cs|Run|208|Starting Category: Powerups (Safety), Item: OnceSafe
2026-04-11T06:48:52.0789|INFO|TimeCondition.cs|Check|254|TimeCondition finished.
2026-04-11T06:48:52.0793|INFO|TimeCondition.cs|InterruptWhenTimeIsUp|63|Time limit exceeded - Interrupting current Instruction Set
2026-04-11T06:48:52.0887|INFO|WhenCommon.cs|Execute|425|When: Execute done; InFlight -> false, Triggered false
2026-04-11T06:48:52.0899|INFO|MeridianFlipTrigger.cs|ShouldTrigger|197|Meridian Flip - Telescope is at home position. Skip flip evaluation
2026-04-11T06:48:52.0903|INFO|SequenceItem.cs|Run|208|Starting Category: Utility, Item: WaitForTime, Time: 20:42:5h, Offset: -15
2026-04-11T06:48:52.1227|INFO|WhenCommon.cs|SequenceBlockTeardown|198|Teardown; shutting down watchdog
2026-04-11T06:48:52.1231|INFO|SequenceItem.cs|Run|254|Finishing Category: * Instruction Set *, Container: NINA.Sequencer.Container.SequentialContainer, Strategy: SequentialStrategy, Items[CREATED]: 12, Conditions: Condition: TimeCondition, Time: 6:48:52h, Condition: TargetSchedulerCondition mode=While Targets Remain Tonight, , Triggers: Trigger: CenterAfterDriftTrigger, DistanceArcMinutes: 1Trigger: WhenUnsafeCategory: Ground Station, Item: Failures to TelegramCategory: Connect, Item: ReconnectOnDownloadFailureTrigger: AutofocusAfterHFRIncreaseTrigger, Amount: 5Trigger: MeridianFlipTriggerCategory: Powerups (Misc), Item: DIYTriggerCategory: Ground Station, Item: Failures to PushoverTrigger: AutofocusAfterTemperatureChangeTrigger, Amount: 1.5°
2026-04-11T06:48:52.1233|INFO|SequenceItem.cs|Run|254|Finishing Category: * Instruction Set *, Container: NINA.Sequencer.Container.TargetAreaContainer, Strategy: SequentialStrategy, Items[FINISHED]: 1
2026-04-11T06:48:52.1236|INFO|SequenceItem.cs|Run|208|Starting Category: * Instruction Set *, Container: NINA.Sequencer.Container.EndAreaContainer, Strategy: SequentialStrategy, Items[CREATED]: 9
2026-04-11T06:48:52.1240|INFO|SequenceItem.cs|Run|208|Starting Category: Telescope, Item: FindHome
2026-04-11T06:48:52.1275|INFO|PHD2Guider.cs|StopGuiding|704|Phd2 - Stop Guiding skipped, as the app is already in state Stopped
2026-04-11T06:48:52.1276|INFO|TelescopeVM.cs|FindHome|292|Mount ordered to locate home position
2026-04-11T06:48:52.1280|INFO|TelescopeVM.cs|FindHome|336|Mount ordered to home but it is already at home
2026-04-11T06:48:52.1281|INFO|TelescopeVM.cs|FindHome|348|Mount has located its home position
2026-04-11T06:48:52.1283|INFO|SequenceItem.cs|Run|254|Finishing Category: Telescope, Item: FindHome
2026-04-11T06:48:52.1622|INFO|SequenceItem.cs|Run|208|Starting Night Summary - End Session
2026-04-11T06:48:52.1647|INFO|NightSummaryEndInstruction.cs|Execute|28|NightSummary: End Session instruction executing
2026-04-11T06:49:07.1822|WARNING|SessionService.cs|EndSession|73|NightSummary: EndSession called but no active session — nothing to do
2026-04-11T06:49:07.1824|INFO|NightSummaryEndInstruction.cs|Execute|39|NightSummary: Session ended successfully
2026-04-11T06:49:07.1825|INFO|SequenceItem.cs|Run|254|Finishing Night Summary - End Session
2026-04-11T06:49:07.1842|INFO|SequenceItem.cs|Run|208|Starting [StartSubframesSession] Target='Unknown Target' RA=0.0000 Dec=0.0000
2026-04-11T06:49:07.3503|INFO|SubframesClient.cs|StartSessionAsync|204|[Subframes] Session started: 0dab0082-0178-4ec7-9644-9bc0fbfc52d2 for target ''
2026-04-11T06:49:07.3519|INFO|SessionService.cs|StartSessionAsync|125|[Subframes] Session started: 0dab0082-0178-4ec7-9644-9bc0fbfc52d2 target=''
2026-04-11T06:49:07.3570|INFO|StartSessionItem.cs|Execute|127|[Subframes] StartSessionItem complete — session 0dab0082-0178-4ec7-9644-9bc0fbfc52d2
2026-04-11T06:49:07.3571|INFO|SequenceItem.cs|Run|254|Finishing [StartSubframesSession] Target='Unknown Target' RA=0.0000 Dec=0.0000
2026-04-11T06:49:07.3578|INFO|SequenceItem.cs|Run|208|Starting Category: Camera, Item: WarmCamera, Duration: 30
2026-04-11T06:49:07.3824|INFO|CameraVM.cs|WarmCamera|161|Warming Camera. Duration: 00:30:00
2026-04-11T07:21:14.5220|INFO|CameraVM.cs|WarmCamera|179|Could not reach warming temperature. Most likley due to ambient temperature being lower. Continuing...
2026-04-11T07:21:34.6058|INFO|CameraVM.cs|WarmCamera|186|Turning cooler off
2026-04-11T07:21:34.6078|INFO|SequenceItem.cs|Run|254|Finishing Category: Camera, Item: WarmCamera, Duration: 30
2026-04-11T07:21:34.9006|INFO|SequenceItem.cs|Run|208|Starting Category: Guider, Item: StopGuiding
2026-04-11T07:21:34.9028|INFO|PHD2Guider.cs|StopGuiding|704|Phd2 - Stop Guiding skipped, as the app is already in state Stopped
2026-04-11T07:21:34.9029|INFO|SequenceItem.cs|Run|254|Finishing Category: Guider, Item: StopGuiding
2026-04-11T07:21:34.9241|INFO|SequenceItem.cs|Run|208|Starting Category: Phd2 Tools, Item: ShutdownPhd2Instruction
2026-04-11T07:21:34.9656|WARNING|PHD2Client.cs|ReadEventsAsync|189|PHD2Client: Connection closed by server
2026-04-11T07:21:34.9657|INFO|DitherStatisticsVM.cs|OnPHD2ConnectionStatusChanged|737|PHD2 Connection Status: Connection lost
2026-04-11T07:21:34.9657|INFO|PHD2Client.cs|ReadEventsAsync|205|PHD2Client: Stopped reading events
2026-04-11T07:21:34.9847|INFO|SequenceItem.cs|Run|254|Finishing Category: Phd2 Tools, Item: ShutdownPhd2Instruction
2026-04-11T07:21:34.9859|INFO|SequenceItem.cs|Run|208|Starting Category: Connect, Item: DisconnectAllEquipment
2026-04-11T07:21:35.0498|INFO|CameraVM.cs|Disconnect|650|Disconnected Camera
2026-04-11T07:21:35.0506|INFO|AscomDevice.cs|Disconnect|378|Disconnecting from ASCOM.EFW2.FilterWheel ZWO FilterWheel
2026-04-11T07:21:35.7225|INFO|FilterWheelVM.cs|Disconnect|333|Disconnected Filter Wheel
2026-04-11T07:21:35.7266|INFO|AscomDevice.cs|Disconnect|378|Disconnecting from ASCOM.EAF.Focuser ZWO Focuser
2026-04-11T07:21:35.7702|INFO|FocuserVM.cs|Disconnect|441|Disconnected Focuser
2026-04-11T07:21:35.7706|INFO|DisconnectAllEquipment.cs|Execute|139|Rotator is already disconnected
2026-04-11T07:21:35.8826|INFO|AscomDevice.cs|Disconnect|378|Disconnecting from ASCOM.iOptron2017.Telescope iOptron CEM120,70,40,26, GEM, HEM, HAE, HAZ series and SkyHunter Mount
2026-04-11T07:21:35.9224|INFO|TelescopeVM.cs|Disconnect|740|Disconnected mount
2026-04-11T07:21:35.9230|INFO|DisconnectAllEquipment.cs|Execute|139|Guider is already disconnected
2026-04-11T07:21:35.9231|INFO|DisconnectAllEquipment.cs|Execute|139|Switch is already disconnected
2026-04-11T07:21:35.9231|INFO|DisconnectAllEquipment.cs|Execute|139|Flat Panel is already disconnected
2026-04-11T07:21:35.9253|INFO|AscomDevice.cs|Disconnect|378|Disconnecting from ASCOM.SkyAlert.ObservingConditions SkyAlert Observing Conditions
2026-04-11T07:21:35.9351|INFO|WeatherDataVM.cs|Disconnect|305|Disconnected Weather Device
2026-04-11T07:21:35.9355|INFO|DisconnectAllEquipment.cs|Execute|139|Dome is already disconnected
2026-04-11T07:21:35.9369|INFO|AscomDevice.cs|Disconnect|378|Disconnecting from ASCOM.GenericFile.SafetyMonitor Generic File driver
2026-04-11T07:21:35.9416|INFO|SafetyMonitorVM.cs|Disconnect|221|Disconnected Safety Monitor
2026-04-11T07:21:35.9421|INFO|SequenceItem.cs|Run|254|Finishing Category: Connect, Item: DisconnectAllEquipment
2026-04-11T07:21:35.9424|INFO|SequenceItem.cs|Run|208|Starting Category: Ground Station, Item: Send to Pushover, Title: Disconnected
2026-04-11T07:21:36.1672|INFO|SequenceItem.cs|Run|254|Finishing Category: Ground Station, Item: Send to Pushover, Title: Disconnected
2026-04-11T07:21:36.1676|INFO|SequenceItem.cs|Run|208|Starting Category: Ground Station, Item: Send to Telegram
2026-04-11T07:21:36.8283|INFO|SequenceItem.cs|Run|254|Finishing Category: Ground Station, Item: Send to Telegram
2026-04-11T07:21:36.8288|INFO|SequenceItem.cs|Run|254|Finishing Category: * Instruction Set *, Container: NINA.Sequencer.Container.EndAreaContainer, Strategy: SequentialStrategy, Items[FINISHED]: 9
2026-04-11T07:21:36.8291|INFO|SequenceItem.cs|Run|254|Finishing Category: * Instruction Set *, Container: NINA.Sequencer.Container.SequenceRootContainer, Strategy: SequentialStrategy, Items[FINISHED]: 3, Triggers: Category: Ground Station, Item: Failures to Telegram
2026-04-11T07:21:36.8305|INFO|Sequence2VM.cs|StartSequence|548|Advanced Sequence finished
2026-04-11T07:21:36.8306|INFO|Plugin.cs|OnSequenceFinished|362|[Subframes] Sequence run ended — closing active session.
2026-04-11T07:21:36.8782|INFO|WhenCommon.cs|InterruptWhen|350|Restarting sequence, Triggered -> true
2026-04-11T07:21:36.9046|INFO|SubframesClient.cs|EndSessionAsync|244|[Subframes] Session ended: 0dab0082-0178-4ec7-9644-9bc0fbfc52d2
2026-04-11T07:21:36.9054|INFO|SessionService.cs|EndSessionAsync|169|[Subframes] Session ended.
2026-04-11T07:21:39.9728|INFO|PHD2Client.cs|ConnectAsync|102|PHD2Client: Connecting to PHD2 at 127.0.0.1:4400...
2026-04-11T07:21:42.0027|ERROR|PHD2Client.cs|ConnectAsync|132|PHD2Client: Connection failed: No connection could be made because the target machine actively refused it.
2026-04-11T14:41:14.0007|INFO|ApplicationVM.cs|Exit|244|Shutting down application - requested by user
2026-04-11T14:41:14.1074|INFO|ApplicationVM.cs|Closing|289|Application shutting down
2026-04-11T14:41:14.1389|INFO|DomeVM.cs|Disconnect|355|Disconnected Dome Device
2026-04-11T14:41:14.1423|INFO|FlatDeviceVM.cs|Disconnect|289|Disconnected Flat Device
2026-04-11T14:41:14.1522|INFO|CameraVM.cs|Disconnect|650|Disconnected Camera
2026-04-11T14:41:14.1528|INFO|TelescopeVM.cs|Disconnect|740|Disconnected mount
2026-04-11T14:41:14.1542|INFO|FilterWheelVM.cs|Disconnect|333|Disconnected Filter Wheel
2026-04-11T14:41:14.1546|INFO|FocuserVM.cs|Disconnect|441|Disconnected Focuser
2026-04-11T14:41:14.1575|INFO|RotatorVM.cs|Disconnect|447|Disconnected Rotator
2026-04-11T14:41:14.1598|INFO|SwitchVM.cs|Disconnect|309|Disconnected Switch
2026-04-11T14:41:14.1636|INFO|WeatherDataVM.cs|Disconnect|305|Disconnected Weather Device
2026-04-11T14:41:14.1639|INFO|SafetyMonitorVM.cs|Disconnect|221|Disconnected Safety Monitor
2026-04-11T14:41:14.8635|INFO|API.cs|StopWatchers|86|Stopping all event watchers
2026-04-11T14:41:14.8976|INFO|NightSummaryPlugin.cs|Teardown|230|NightSummary: Plugin torn down
2026-04-11T14:41:14.9379|INFO|Plugin.cs|Teardown|282|[Subframes] Plugin unloaded (primary instance).
