----------------------------------------------------------------------
--------------N.I.N.A. - Nighttime Imaging 'N' Astronomy--------------
--------------------------Version 3.2.0.9001--------------------------
-------------------------2026-04-19T12:39:04--------------------------
----------------------------------------------------------------------
---------------------Microsoft Windows 10.0.19045---------------------
-------------------------OS Architecture X64--------------------------
-----------------------Process Architecture X64-----------------------
-----------------------------.NET 8.0.21------------------------------
----------------------------------------------------------------------
--------------------------Processor Count 4---------------------------
--------------------Total Physical Memory 7.84 GB---------------------
----------------------------------------------------------------------
DATE|LEVEL|SOURCE|MEMBER|LINE|MESSAGE
2026-04-19T12:39:04.0621|INFO|App.xaml.cs|OnStartup|170|Launched with command line arguments: --sequencefile C:\Users\nicka\Astro\NINA\NINA_Sequences\TargetScheduler.json --runsequence
2026-04-19T12:39:08.1684|INFO|CameraChooserVM.cs|GetEquipment|69|Found 2 ASI Cameras
2026-04-19T12:39:08.4184|INFO|CameraChooserVM.cs|GetEquipment|84|Found 0 Altair Cameras
2026-04-19T12:39:08.6605|INFO|CameraChooserVM.cs|GetEquipment|96|Found 0 Atik Cameras
2026-04-19T12:39:08.7577|INFO|CameraChooserVM.cs|GetEquipment|110|Found 0 FLI Cameras
2026-04-19T12:39:10.0466|INFO|CameraChooserVM.cs|GetEquipment|130|Found 0 QHYCCD Cameras
2026-04-19T12:39:10.4694|INFO|CameraChooserVM.cs|GetEquipment|158|Found 0 ToupTek Cameras
2026-04-19T12:39:10.6012|INFO|CameraChooserVM.cs|GetEquipment|173|Found 0 Ogma Cameras
2026-04-19T12:39:10.7530|INFO|CameraChooserVM.cs|GetEquipment|188|Found 0 Omegon Cameras
2026-04-19T12:39:11.3463|INFO|CameraChooserVM.cs|GetEquipment|203|Found 0 RisingCam Cameras
2026-04-19T12:39:11.6319|INFO|CameraChooserVM.cs|GetEquipment|218|Found 0 MallinCam Cameras
2026-04-19T12:39:11.7443|INFO|CameraChooserVM.cs|GetEquipment|243|Found 0 SVBony Cameras
2026-04-19T12:39:11.7473|INFO|CameraChooserVM.cs|GetEquipment|259|Found 0 SBIG Cameras
2026-04-19T12:39:19.7738|INFO|ApplicationVM.cs|CheckDiskInfo|100|Available Space on Drive C:\: 138.78 GB
2026-04-19T12:39:19.7804|INFO|ApplicationVM.cs|CheckDiskInfo|102|Drive E:\ is not ready
2026-04-19T12:39:19.7822|INFO|ApplicationVM.cs|CheckDiskInfo|100|Available Space on Drive G:\: 62.15 GB
2026-04-19T12:39:19.7923|INFO|ApplicationVM.cs|CheckDiskInfo|100|Available Space on Drive Z:\: 0 GB
2026-04-19T12:39:21.0633|INFO|ApplicationVM.cs|CheckASCOMPlatformVersion|81|ASCOM Platform 6.6.2.4195 installed
2026-04-19T12:39:21.5853|INFO|API.cs|Start|99|Starting Webserver
2026-04-19T12:39:21.5869|INFO|API.cs|APITask|134|starting web server, listening at 172.19.6.111:1888
2026-04-19T12:39:21.7599|INFO|NINALogWatcher.cs|Start|33|watching log file: C:\Users\nicka\AppData\Local\NINA\Logs\20260419-123902-3.2.0.9001.12844-202604.log
2026-04-19T12:39:21.7861|INFO|PluginLoader.cs|LoadPlugin|402|Successfully loaded plugin Advanced API version 2.2.15.0 by Christian Palm
2026-04-19T12:39:22.0098|INFO|PluginLoader.cs|LoadPlugin|402|Successfully loaded plugin Autofocus Report Analysis version 2.0.0.9 by Stefan Berg @isbeorn
2026-04-19T12:39:22.8161|INFO|PluginLoader.cs|LoadPlugin|402|Successfully loaded plugin Connector version 2.1.0.2 by Stefan Berg @isbeorn
2026-04-19T12:39:23.0524|INFO|PluginLoader.cs|LoadPlugin|402|Successfully loaded plugin Device Actions and Commands version 2.2.0.0 by Dale Ghent
2026-04-19T12:39:24.0152|INFO|PluginLoader.cs|LoadPlugin|402|Successfully loaded plugin Discord Alert version 2.2.0.0 by Drew McDermott
2026-04-19T12:39:25.8932|INFO|PluginLoader.cs|LoadPlugin|402|Successfully loaded plugin Discord Notification version 2.0.0.10 by Daniel Ludwig
2026-04-19T12:39:28.1544|INFO|DitherStatisticsVM.cs|CreatePluginIcon|1483|Plugin icon geometry created successfully
2026-04-19T12:39:28.1815|INFO|DitherStatisticsVM.cs|LoadDataTemplates|1452|DitherStatistics DataTemplates loaded successfully
2026-04-19T12:39:28.1867|INFO|DitherStatisticsVM.cs|SaveQualityAssessmentSetting|387|Quality Assessment setting saved to file: True
2026-04-19T12:39:28.1869|INFO|DitherStatisticsVM.cs|LoadQualityAssessmentSetting|364|Quality Assessment setting loaded from file: True
2026-04-19T12:39:28.2004|INFO|DitherStatisticsVM.cs|SaveDitherOptimizerSetting|490|Dither Optimizer setting saved to file: False
2026-04-19T12:39:28.2005|INFO|DitherStatisticsVM.cs|LoadDitherOptimizerSetting|471|Dither Optimizer setting loaded from file: False
2026-04-19T12:39:28.2010|INFO|DitherStatisticsVM.cs|SubscribeToGuiderEvents|834|Subscribed to NINA guider events
2026-04-19T12:39:28.2052|ERROR|DitherStatisticsVM.cs|GetThemeColor|1437|Failed to get theme color 'PrimaryBrush': The calling thread cannot access this object because a different thread owns it.
2026-04-19T12:39:28.2054|INFO|DitherStatisticsVM.cs|StartThemeColorMonitoring|1329|Initial PrimaryBrush color: R:255 G:255 B:255
2026-04-19T12:39:28.2055|INFO|DitherStatisticsVM.cs|.ctor|96|DitherStatisticsVM initialized successfully with ScottPlot 4.1 (Lazy Loading)!
2026-04-19T12:39:28.2060|INFO|DitherStatisticsVM.cs|StartThemeColorMonitoring|1338|Theme color monitoring timer started on UI thread
2026-04-19T12:39:28.2063|INFO|PluginLoader.cs|LoadPlugin|402|Successfully loaded plugin Dither Statistics version 1.3.0.0 by Thierry Tschanz
2026-04-19T12:39:28.4314|INFO|PluginLoader.cs|LoadPlugin|402|Successfully loaded plugin Filter Offset Calculator version 2.0.0.0 by S. Dimant & Stefan Berg
2026-04-19T12:39:28.7066|INFO|DitherStatisticsVM.cs|OnThemeColorTimerTick|1357|Theme color CHANGED! Old: R:255 G:255 B:255 -> New: R:176 G:179 B:185
2026-04-19T12:39:28.7589|INFO|PluginLoader.cs|LoadPlugin|402|Successfully loaded plugin Flexure Correction version 0.8.0.0 by Francesco Meschia
2026-04-19T12:39:28.8178|INFO|DitherStatisticsVM.cs|PixelShiftPlot|136|PixelShiftPlot created (lazy loading)
2026-04-19T12:39:28.8500|INFO|DitherStatisticsVM.cs|SettleTimePlot|177|SettleTimePlot created (lazy loading)
2026-04-19T12:39:30.2051|INFO|DitherStatisticsVM.cs|ConnectToPHD2|708|Attempting to connect to PHD2...
2026-04-19T12:39:30.2070|INFO|PHD2Client.cs|ConnectAsync|102|PHD2Client: Connecting to PHD2 at 127.0.0.1:4400...
2026-04-19T12:39:32.2188|ERROR|PHD2Client.cs|ConnectAsync|132|PHD2Client: Connection failed: No connection could be made because the target machine actively refused it.
2026-04-19T12:39:32.2192|INFO|DitherStatisticsVM.cs|OnPHD2ConnectionStatusChanged|737|PHD2 Connection Status: Connection failed: No connection could be made because the target machine actively refused it.
2026-04-19T12:39:32.2362|INFO|PluginLoader.cs|LoadPlugin|402|Successfully loaded plugin Ground Station version 3.0.0.117 by Dale Ghent
2026-04-19T12:39:50.1184|INFO|PluginLoader.cs|LoadPlugin|402|Successfully loaded plugin Hocus Focus version 3.0.0.25 by George Hilios (jokogeo)
2026-04-19T12:39:51.1178|INFO|PluginLoader.cs|LoadPlugin|402|Successfully loaded plugin Horizon Creator version 1.1.2.1 by Christian Palm
2026-04-19T12:39:51.3946|INFO|PluginLoader.cs|LoadPlugin|402|Successfully loaded plugin Lightbucket version 2.2.4.0 by Lightbucket
2026-04-19T12:39:52.7242|INFO|PluginLoader.cs|LoadPlugin|402|Successfully loaded plugin Livestack version 1.1.0.0 by Stefan Berg @isbeorn
2026-04-19T12:39:53.0137|INFO|PluginLoader.cs|LoadPlugin|402|Successfully loaded plugin Log Viewer version 1.0.0.2 by Alexander Wrede @astro_alex80
2026-04-19T12:39:53.2826|INFO|PluginLoader.cs|LoadPlugin|402|Successfully loaded plugin Moon Angle version 2.2.0.0 by Dale Ghent
2026-04-19T12:39:53.8897|INFO|SessionDatabase.cs|.ctor|32|NightSummary: Database path: C:\Users\nicka\AppData\Local\NINA\NightSummary\nightsummary.sqlite
2026-04-19T12:39:53.8899|INFO|SessionDatabase.cs|.ctor|33|NightSummary: Database exists: True
2026-04-19T12:39:53.9174|INFO|SessionService.cs|.ctor|108|NightSummary: SessionService created — messageBroker=True
2026-04-19T12:39:54.1277|INFO|NightSummaryPlugin.cs|.ctor|252|NightSummary: Plugin initialized successfully
2026-04-19T12:39:54.1334|INFO|SessionDatabase.cs|.ctor|32|NightSummary: Database path: C:\Users\nicka\AppData\Local\NINA\NightSummary\nightsummary.sqlite
2026-04-19T12:39:54.1336|INFO|SessionDatabase.cs|.ctor|33|NightSummary: Database exists: True
2026-04-19T12:39:54.1467|INFO|SessionService.cs|.ctor|108|NightSummary: SessionService created — messageBroker=True
2026-04-19T12:39:54.1491|INFO|PluginLoader.cs|LoadPlugin|402|Successfully loaded plugin Night Summary version 2.10.0.3 by Evan Pegors
2026-04-19T12:39:54.6211|INFO|PluginLoader.cs|LoadPlugin|402|Successfully loaded plugin Phd2 Tools version 1.0.6.0 by Stefan Berg @isbeorn
2026-04-19T12:39:55.0948|INFO|PluginLoader.cs|LoadPlugin|402|Successfully loaded plugin PixInsight Tools version 1.0.0.3 by Stefan Berg
2026-04-19T12:39:56.1431|INFO|PluginLoader.cs|LoadPlugin|402|Successfully loaded plugin Point3D version 0.2.3.0 by Drew McDermott
2026-04-19T12:39:56.6322|INFO|StarfrontClient.cs|StartFolderWatcher|167|[Rockwood] Watching: C:\ASTROIMAGES\NINA\
2026-04-19T12:39:56.6358|INFO|PluginLoader.cs|LoadPlugin|402|Successfully loaded plugin Rockwood Starfront version 1.0.0.0 by Rockwood Observatory
2026-04-19T12:39:56.6359|INFO|StarfrontClient.cs|RunLoop|68|[Rockwood] connecting to wss://api.starfront.space:443/ws/scope?key=***
2026-04-19T12:39:56.7877|INFO|StarfrontClient.cs|RunLoop|71|[Rockwood] connected
2026-04-19T12:39:57.6603|INFO|PluginLoader.cs|LoadPlugin|402|Successfully loaded plugin Scope Control version 2.0.2.1 by Stefan Berg @isbeorn
2026-04-19T12:40:00.2935|WARNING|When.cs|GetRunningItem|143|Can't get running items: SequencerNavigation not initialized yet!
2026-04-19T12:40:00.5670|INFO|PluginLoader.cs|LoadPlugin|402|Successfully loaded plugin Sequencer Powerups version 3.29.0.9 by Marc Blank
2026-04-19T12:40:01.6931|INFO|PluginLoader.cs|LoadPlugin|402|Successfully loaded plugin Session Metadata version 2.6.3.0 by Tom Palmer @tcpalmer
2026-04-19T12:40:01.8400|INFO|PluginLoader.cs|LoadPlugin|402|Successfully loaded plugin Shutdown PC version 2.2.0.0 by Dale Ghent
2026-04-19T12:40:02.2497|INFO|PluginLoader.cs|LoadPlugin|402|Successfully loaded plugin SkyFlats version 1.0.0.4 by Gerald Hitz (@photon)
2026-04-19T12:40:02.9694|INFO|PluginLoader.cs|LoadPlugin|402|Successfully loaded plugin Smart Filters version 1.0.0.3 by Benoit SAINTOT
2026-04-19T12:40:04.7762|INFO|Plugin.cs|RunStationHeartbeatLoopAsync|691|[Subframes] TS not detected at startup — deferring first heartbeat to allow plugin load to complete.
2026-04-19T12:40:04.7844|INFO|SyncEngine.cs|Start|41|[Subframes] SyncEngine started.
2026-04-19T12:40:04.7879|INFO|Plugin.cs|.ctor|166|[Subframes] Plugin loaded (primary instance).
2026-04-19T12:40:04.7917|WARNING|Plugin.cs|OnImportsSatisfied|196|[Subframes] Sequence event subscription deferred — SequenceMediator internals not yet initialized.
2026-04-19T12:40:04.7985|WARNING|Plugin.cs|.ctor|113|[Subframes] Duplicate plugin instance created by MEF — proxying to primary to prevent duplicate sessions/sync.
2026-04-19T12:40:04.8008|INFO|PluginLoader.cs|LoadPlugin|402|Successfully loaded plugin Subframes version 0.2.9.0 by Subframes
2026-04-19T12:40:05.3037|WARNING|When.cs|GetRunningItem|143|Can't get running items: SequencerNavigation not initialized yet!
2026-04-19T12:40:05.6778|INFO|PluginLoader.cs|LoadPlugin|402|Successfully loaded plugin Target Planning version 3.2.1.0 by Tom Palmer @tcpalmer
2026-04-19T12:40:10.3048|WARNING|When.cs|GetRunningItem|143|Can't get running items: SequencerNavigation not initialized yet!
2026-04-19T12:40:12.7000|INFO|PluginLoader.cs|LoadPlugin|402|Successfully loaded plugin Target Scheduler version 5.9.0.0 by Tom Palmer @tcpalmer
2026-04-19T12:40:13.3955|INFO|PluginLoader.cs|LoadPlugin|402|Successfully loaded plugin Three Point Polar Alignment version 2.2.5.1 by Stefan Berg @isbeorn
2026-04-19T12:40:15.3069|WARNING|When.cs|GetRunningItem|143|Can't get running items: SequencerNavigation not initialized yet!
2026-04-19T12:40:15.8616|INFO|SessionHistoryManager.cs|PurgeHistoryOlderThan|102|purging web session history older than 10 days
2026-04-19T12:40:15.9203|INFO|PluginLoader.cs|LoadPlugin|402|Successfully loaded plugin Web Session History Viewer version 2.2.1.0 by Tom Palmer @tcpalmer
2026-04-19T12:40:16.4995|INFO|PluginFetcher.cs|RequestAll|43|Fetching plugin manifests from https://nighttime-imaging.eu/wp-json/nina/v1/plugins/manifests
2026-04-19T12:40:17.1317|INFO|Sequence2VM.cs|TryLoadSequenceFile|414|Loading sequence file: C:\Users\nicka\Astro\NINA\NINA_Sequences\TargetScheduler.json
2026-04-19T12:40:17.3127|INFO|FilterWheelChooserVM.cs|GetEquipment|167|Found 1 Networked Filter Wheel Filter Wheels
2026-04-19T12:40:17.4291|INFO|CameraChooserVM.cs|GetEquipment|279|Found 0 SVBony Cameras
2026-04-19T12:40:17.4375|INFO|RotatorChooserVM.cs|GetEquipment|45|Found 1 Networked Rotator Rotators
2026-04-19T12:40:17.5381|INFO|CameraChooserVM.cs|GetEquipment|279|Found 0 PlayerOne Cameras
2026-04-19T12:40:17.5704|INFO|Plugin.cs|TrySubscribeSequenceEvents|222|[Subframes] ISequenceMediator.SequenceStarted not present in this NINA build — session will open on first captured image instead.
2026-04-19T12:40:17.5707|INFO|Plugin.cs|RetrySubscribeSequenceEventsAsync|253|[Subframes] Deferred sequence event subscription succeeded after 12s.
2026-04-19T12:40:17.6118|INFO|CameraChooserVM.cs|GetEquipment|279|Found 0 ASTPAN Cameras
2026-04-19T12:40:17.6139|INFO|CameraChooserVM.cs|GetEquipment|293|Found 4 ASCOM Cameras
2026-04-19T12:40:17.8254|INFO|Sequence2VM.cs|TryLoadSequenceFile|420|Starting sequence from command line options
2026-04-19T12:40:17.8290|INFO|Sequence2VM.cs|StartSequence|543|Advanced Sequence starting
2026-04-19T12:40:19.3157|INFO|PluginFetcher.cs|RequestAll|57|Found 78 valid plugins at https://nighttime-imaging.eu/wp-json/nina/v1/plugins/manifests
2026-04-19T12:40:19.3303|INFO|FilterWheelChooserVM.cs|GetEquipment|193|Found 0 Alpaca Filter Wheels
2026-04-19T12:40:19.5155|INFO|SafetyMonitorChooserVM.cs|GetEquipment|71|Found 0 Alpaca Safety Monitors
2026-04-19T12:40:19.5213|INFO|DockManagerVM.cs|InitializeAvalonDockLayout|366|Initializing imaging tab layout from C:\Users\nicka\AppData\Local\NINA\Profiles\0173997c-4bfa-48fd-9337-a48b6df99c38.dock.config
2026-04-19T12:40:19.5218|INFO|DomeChooserVM.cs|GetEquipment|67|Found 0 Alpaca Domes
2026-04-19T12:40:19.5236|INFO|FlatDeviceChooserVM.cs|GetEquipment|67|Found 0 Alpaca Cover Calibrators
2026-04-19T12:40:19.5274|INFO|SwitchChooserVM.cs|GetEquipment|71|Found 0 Alpaca Switch Hubs
2026-04-19T12:40:19.5293|INFO|TelescopeChooserVM.cs|GetEquipment|69|Found 0 Alpaca Telescopes
2026-04-19T12:40:19.5311|INFO|WeatherDataChooserVM.cs|GetEquipment|69|Found 0 Alpaca Observing Conditions
2026-04-19T12:40:19.5343|INFO|RotatorChooserVM.cs|GetEquipment|68|Found 0 Alpaca Rotators
2026-04-19T12:40:19.6169|INFO|CameraChooserVM.cs|GetEquipment|305|Found 0 Alpaca Cameras
2026-04-19T12:40:19.6239|INFO|CameraChooserVM.cs|GetEquipment|318|Found 0 Canon Cameras
2026-04-19T12:40:19.6738|INFO|SequenceItem.cs|Run|208|Starting Category: * Instruction Set *, Container: NINA.Sequencer.Container.SequenceRootContainer, Strategy: SequentialStrategy, Items[CREATED]: 3, Triggers: Category: Ground Station, Item: Failures to Telegram
2026-04-19T12:40:19.6834|INFO|SequenceItem.cs|Run|208|Starting Category: * Instruction Set *, Container: NINA.Sequencer.Container.StartAreaContainer, Strategy: SequentialStrategy, Items[CREATED]: 1
2026-04-19T12:40:19.6841|INFO|SequenceItem.cs|Run|208|Starting Category: * Instruction Set *, Container: NINA.Sequencer.Container.SequentialContainer, Strategy: SequentialStrategy, Items[CREATED]: 10
2026-04-19T12:40:19.6846|INFO|SequenceItem.cs|Run|208|Starting Category: Ground Station, Item: Send to Pushover, Title: Start
2026-04-19T12:40:19.8964|INFO|SequenceItem.cs|Run|254|Finishing Category: Ground Station, Item: Send to Pushover, Title: Start
2026-04-19T12:40:19.9004|INFO|SequenceItem.cs|Run|208|Starting Category: Utility, Item: WaitForTime, Time: 19:44:15h, Offset: -80
2026-04-19T12:40:21.3492|INFO|FocuserChooserVM.cs|GetEquipment|84|Found 0 Alpaca Focusers
2026-04-19T12:41:11.8817|INFO|TargetSchedulerDetector.cs|DoProbeAsync|170|[Subframes] TargetSchedulerDetector: state no_api → active
2026-04-19T19:44:41.3516|INFO|SequenceItem.cs|Run|254|Finishing Category: Utility, Item: WaitForTime, Time: 19:44:15h, Offset: -80
2026-04-19T19:44:41.3540|INFO|SequenceItem.cs|Run|208|Starting Category: Ground Station, Item: Send to Telegram
2026-04-19T19:44:42.1596|INFO|SequenceItem.cs|Run|254|Finishing Category: Ground Station, Item: Send to Telegram
2026-04-19T19:44:42.1600|INFO|SequenceItem.cs|Run|208|Starting Category: Ground Station, Item: Send to Pushover, Title: Configure Equipment
2026-04-19T19:44:42.3270|INFO|SequenceItem.cs|Run|254|Finishing Category: Ground Station, Item: Send to Pushover, Title: Configure Equipment
2026-04-19T19:44:42.3287|INFO|SequenceItem.cs|Run|208|Starting Category: Connect, Item: ConnectAllEquipment
2026-04-19T19:44:42.3580|INFO|CameraChooserVM.cs|GetEquipment|69|Found 2 ASI Cameras
2026-04-19T19:44:42.4251|INFO|CameraChooserVM.cs|GetEquipment|84|Found 0 Altair Cameras
2026-04-19T19:44:42.4252|INFO|CameraChooserVM.cs|GetEquipment|96|Found 0 Atik Cameras
2026-04-19T19:44:42.4259|INFO|CameraChooserVM.cs|GetEquipment|110|Found 0 FLI Cameras
2026-04-19T19:44:42.4260|INFO|CameraChooserVM.cs|GetEquipment|130|Found 0 QHYCCD Cameras
2026-04-19T19:44:42.5811|INFO|CameraChooserVM.cs|GetEquipment|158|Found 0 ToupTek Cameras
2026-04-19T19:44:42.5862|INFO|CameraChooserVM.cs|GetEquipment|173|Found 0 Ogma Cameras
2026-04-19T19:44:42.5996|INFO|CameraChooserVM.cs|GetEquipment|188|Found 0 Omegon Cameras
2026-04-19T19:44:42.7545|INFO|CameraChooserVM.cs|GetEquipment|203|Found 0 RisingCam Cameras
2026-04-19T19:44:42.7682|INFO|CameraChooserVM.cs|GetEquipment|218|Found 0 MallinCam Cameras
2026-04-19T19:44:42.7697|INFO|CameraChooserVM.cs|GetEquipment|243|Found 0 SVBony Cameras
2026-04-19T19:44:42.7722|INFO|CameraChooserVM.cs|GetEquipment|259|Found 0 SBIG Cameras
2026-04-19T19:44:42.7728|INFO|CameraChooserVM.cs|GetEquipment|279|Found 0 SVBony Cameras
2026-04-19T19:44:42.7731|INFO|CameraChooserVM.cs|GetEquipment|279|Found 0 PlayerOne Cameras
2026-04-19T19:44:42.7807|INFO|CameraChooserVM.cs|GetEquipment|279|Found 0 ASTPAN Cameras
2026-04-19T19:44:42.7816|INFO|CameraChooserVM.cs|GetEquipment|293|Found 4 ASCOM Cameras
2026-04-19T19:44:44.7825|INFO|CameraChooserVM.cs|GetEquipment|305|Found 0 Alpaca Cameras
2026-04-19T19:44:44.7883|INFO|CameraChooserVM.cs|GetEquipment|318|Found 0 Canon Cameras
2026-04-19T19:44:44.8504|INFO|CameraVM.cs|Disconnect|650|Disconnected Camera
2026-04-19T19:44:45.4258|WARNING|ASICamera.cs|SetControlValue|568|Failed to set ASI Control Value ASI_WB_B with value 50
2026-04-19T19:44:45.4260|WARNING|ASICamera.cs|SetControlValue|568|Failed to set ASI Control Value ASI_WB_R with value 50
2026-04-19T19:44:45.4260|WARNING|ASICamera.cs|SetControlValue|568|Failed to set ASI Control Value ASI_GAMMA with value 50
2026-04-19T19:44:45.4261|WARNING|ASICamera.cs|SetControlValue|568|Failed to set ASI Control Value ASI_HIGH_SPEED_MODE with value 0
2026-04-19T19:44:45.4261|WARNING|ASICamera.cs|SetControlValue|568|Failed to set ASI Control Value ASI_OVERCLOCK with value 0
2026-04-19T19:44:45.4262|WARNING|ASICamera.cs|SetControlValue|568|Failed to set ASI Control Value ASI_PATTERN_ADJUST with value 0
2026-04-19T19:44:45.4270|WARNING|ASICamera.cs|SetControlValue|568|Failed to set ASI Control Value ASI_MONO_BIN with value 0
2026-04-19T19:44:45.4280|INFO|ASICamera.cs|Initialize|664|Camera ID: ASI533MM
2026-04-19T19:44:45.4385|WARNING|ASICamera.cs|SetControlValue|568|Failed to set ASI Control Value ASI_ANTI_DEW_HEATER with value 0
2026-04-19T19:44:45.4621|INFO|CameraVM.cs|ChooseCamera|455|Successfully connected Camera. Id: ZWOptical_ZWO ASI533MM Pro_ASI533MM Name: ZWO ASI533MM Pro DisplayName: ZWO ASI533MM Pro (ASI533MM)Driver Version: 1, 39, 0, 0
2026-04-19T19:44:46.0099|INFO|FilterWheelChooserVM.cs|GetEquipment|167|Found 1 Networked Filter Wheel Filter Wheels
2026-04-19T19:44:48.0113|INFO|FilterWheelChooserVM.cs|GetEquipment|193|Found 0 Alpaca Filter Wheels
2026-04-19T19:44:48.0452|INFO|FilterWheelVM.cs|Disconnect|333|Disconnected Filter Wheel
2026-04-19T19:44:51.7438|INFO|FilterWheelVM.cs|ChooseFW|279|Successfully connected Filter Wheel. Id: ASCOM.EFW2.FilterWheel Name: ZWO FilterWheel DisplayName: ZWO FilterWheel (ASCOM) Driver Version: 6.0
2026-04-19T19:44:55.5948|INFO|FocuserChooserVM.cs|GetEquipment|84|Found 0 Alpaca Focusers
2026-04-19T19:44:55.6098|INFO|FocuserVM.cs|Disconnect|441|Disconnected Focuser
2026-04-19T19:44:57.3758|ERROR|AscomDevice.cs|GetProperty|546|An unexpected exception occurred during GET of Focuser.StepSize: 
ASCOM.DriverException: The method or operation is not implemented.
 ---> System.NotImplementedException: The method or operation is not implemented.
   --- End of inner exception stack trace ---
   at ASCOM.Com.DriverAccess.DynamicAccess.CheckDotNetExceptions(String memberName, Exception e) in J:\ASCOMLibrary\ASCOM.Com\ASCOM.Com.DriverAccess\BaseClass\DynamicAccess.cs:line 278
   at ASCOM.Com.DriverAccess.DynamicAccess.TryGetMember(GetMemberBinder binder, Object& result) in J:\ASCOMLibrary\ASCOM.Com\ASCOM.Com.DriverAccess\BaseClass\DynamicAccess.cs:line 150
   at CallSite.Target(Closure, CallSite, Object)
   at System.Dynamic.UpdateDelegates.UpdateAndExecute1[T0,TRet](CallSite site, T0 arg0)
   at ASCOM.Com.DriverAccess.Focuser.get_StepSize() in J:\ASCOMLibrary\ASCOM.Com\ASCOM.Com.DriverAccess\Focuser.cs:line 159
   at System.RuntimeMethodHandle.InvokeMethod(Object target, Void** arguments, Signature sig, Boolean isConstructor)
   at System.Reflection.MethodBaseInvoker.InvokeWithNoArgs(Object obj, BindingFlags invokeAttr)
2026-04-19T19:44:57.5852|INFO|AscomDevice.cs|GetProperty|485|Retrying to GET Focuser.StepSize - Attempt 2 / 3
2026-04-19T19:44:57.5875|ERROR|AscomDevice.cs|GetProperty|546|An unexpected exception occurred during GET of Focuser.StepSize: 
ASCOM.DriverException: The method or operation is not implemented.
 ---> System.NotImplementedException: The method or operation is not implemented.
   --- End of inner exception stack trace ---
   at ASCOM.Com.DriverAccess.DynamicAccess.CheckDotNetExceptions(String memberName, Exception e) in J:\ASCOMLibrary\ASCOM.Com\ASCOM.Com.DriverAccess\BaseClass\DynamicAccess.cs:line 278
   at ASCOM.Com.DriverAccess.DynamicAccess.TryGetMember(GetMemberBinder binder, Object& result) in J:\ASCOMLibrary\ASCOM.Com\ASCOM.Com.DriverAccess\BaseClass\DynamicAccess.cs:line 150
   at CallSite.Target(Closure, CallSite, Object)
   at ASCOM.Com.DriverAccess.Focuser.get_StepSize() in J:\ASCOMLibrary\ASCOM.Com\ASCOM.Com.DriverAccess\Focuser.cs:line 159
   at InvokeStub_Focuser.get_StepSize(Object, Object, IntPtr*)
   at System.Reflection.MethodBaseInvoker.InvokeWithNoArgs(Object obj, BindingFlags invokeAttr)
2026-04-19T19:44:57.7890|INFO|AscomDevice.cs|GetProperty|485|Retrying to GET Focuser.StepSize - Attempt 3 / 3
2026-04-19T19:44:57.7911|ERROR|AscomDevice.cs|GetProperty|546|An unexpected exception occurred during GET of Focuser.StepSize: 
ASCOM.DriverException: The method or operation is not implemented.
 ---> System.NotImplementedException: The method or operation is not implemented.
   --- End of inner exception stack trace ---
   at ASCOM.Com.DriverAccess.DynamicAccess.CheckDotNetExceptions(String memberName, Exception e) in J:\ASCOMLibrary\ASCOM.Com\ASCOM.Com.DriverAccess\BaseClass\DynamicAccess.cs:line 278
   at ASCOM.Com.DriverAccess.DynamicAccess.TryGetMember(GetMemberBinder binder, Object& result) in J:\ASCOMLibrary\ASCOM.Com\ASCOM.Com.DriverAccess\BaseClass\DynamicAccess.cs:line 150
   at CallSite.Target(Closure, CallSite, Object)
   at ASCOM.Com.DriverAccess.Focuser.get_StepSize() in J:\ASCOMLibrary\ASCOM.Com\ASCOM.Com.DriverAccess\Focuser.cs:line 159
   at InvokeStub_Focuser.get_StepSize(Object, Object, IntPtr*)
   at System.Reflection.MethodBaseInvoker.InvokeWithNoArgs(Object obj, BindingFlags invokeAttr)
2026-04-19T19:44:57.7919|INFO|AscomDevice.cs|GetProperty|556|GET Focuser.StepSize failed - Returning last known value 0
2026-04-19T19:44:58.0307|INFO|FocuserVM.cs|ChooseFocuser|333|Successfully connected Focuser. Id: ASCOM.EAF.Focuser Name: ZWO Focuser DisplayName: ZWO Focuser (ASCOM) Driver Version: 6.0
2026-04-19T19:45:00.0364|INFO|TelescopeChooserVM.cs|GetEquipment|69|Found 0 Alpaca Telescopes
2026-04-19T19:45:00.0881|INFO|TelescopeVM.cs|Disconnect|740|Disconnected mount
2026-04-19T19:45:02.7170|INFO|AscomTelescope.cs|CheckMountTime|845|Mount UTC Time: 2026-04-20 00:44:59Z / System UTC Time: 2026-04-20 00:45:02Z; Difference: 3.059 seconds
2026-04-19T19:45:02.7743|INFO|AscomTelescope.cs|CheckMountTime|852|System time has been synced to the mount
2026-04-19T19:45:03.0362|INFO|TelescopeVM.cs|ChooseTelescope|535|Successfully connected mount. Id: ASCOM.iOptron2017.Telescope Name: iOptron CEM120,70,40,26, GEM, HEM, HAE, HAZ series and SkyHunter Mount DisplayName: iOptron CEM120,70,40,26, GEM, HEM, HAE, HAZ series and SkyHunter Mount (ASCOM) Driver Version: 9.15
2026-04-19T19:45:03.0486|INFO|PHD2Guider.cs|Connect|205|Connecting to PHD2 server at 127.0.0.1:4400
2026-04-19T19:45:10.6263|INFO|WeatherDataChooserVM.cs|GetEquipment|69|Found 0 Alpaca Observing Conditions
2026-04-19T19:45:10.6636|INFO|WeatherDataVM.cs|Disconnect|305|Disconnected Weather Device
2026-04-19T19:45:12.0453|INFO|PHD2Client.cs|ConnectAsync|118|PHD2Client: Connected successfully!
2026-04-19T19:45:12.0454|INFO|DitherStatisticsVM.cs|OnPHD2ConnectionStatusChanged|734|PHD2 Connection Status: Connected
2026-04-19T19:45:12.0455|INFO|DitherStatisticsVM.cs|ConnectToPHD2|713|Successfully connected to PHD2!
2026-04-19T19:45:12.0471|INFO|PHD2Client.cs|ReadEventsAsync|181|PHD2Client: Started reading events
2026-04-19T19:45:12.0646|INFO|PHD2Client.cs|HandleVersion|366|PHD2Client: Connected to PHD2 version 2.6.14. (Message Protocol v1)
2026-04-19T19:45:12.0652|INFO|PHD2Client.cs|ProcessEvent|257|PHD2: CalibrationComplete
2026-04-19T19:45:12.0658|INFO|PHD2Client.cs|HandleAppState|376|PHD2Client: PHD2 AppState: Stopped
2026-04-19T19:45:13.0255|INFO|AscomDevice.cs|GetProperty|527|Property ObservingConditions.SkyQuality GET is not implemented in this driver (SkyAlert Observing Conditions)
2026-04-19T19:45:13.0330|INFO|AscomDevice.cs|GetProperty|527|Property ObservingConditions.StarFWHM GET is not implemented in this driver (SkyAlert Observing Conditions)
2026-04-19T19:45:13.0479|INFO|WeatherDataVM.cs|ChooseWeatherData|150|Successfully connected Weather Device. Id: ASCOM.SkyAlert.ObservingConditions Name: SkyAlert Observing Conditions DisplayName: SkyAlert Observing Conditions (ASCOM) Driver Version: 1.7
2026-04-19T19:45:15.0502|INFO|SafetyMonitorChooserVM.cs|GetEquipment|71|Found 0 Alpaca Safety Monitors
2026-04-19T19:45:15.1105|INFO|SafetyMonitorVM.cs|Disconnect|221|Disconnected Safety Monitor
2026-04-19T19:45:15.7753|INFO|SafetyMonitorVM.cs|Connect|175|Successfully connected Safety Monitor. Id: ASCOM.GenericFile.SafetyMonitor Name: Generic File driver DisplayName: Generic File driver (ASCOM) Driver Version: 6.4
2026-04-19T19:45:15.7758|INFO|SequenceItem.cs|Run|254|Finishing Category: Connect, Item: ConnectAllEquipment
2026-04-19T19:45:15.7767|INFO|SequenceItem.cs|Run|208|Starting Category: Telescope, Item: FindHome
2026-04-19T19:45:15.7834|INFO|PHD2Guider.cs|StopGuiding|704|Phd2 - Stop Guiding skipped, as the app is already in state Stopped
2026-04-19T19:45:15.7853|INFO|TelescopeVM.cs|FindHome|292|Mount ordered to locate home position
2026-04-19T19:45:15.7885|INFO|TelescopeVM.cs|FindHome|336|Mount ordered to home but it is already at home
2026-04-19T19:45:15.7889|INFO|TelescopeVM.cs|FindHome|348|Mount has located its home position
2026-04-19T19:45:15.7897|INFO|SequenceItem.cs|Run|254|Finishing Category: Telescope, Item: FindHome
2026-04-19T19:45:15.7899|INFO|SequenceItem.cs|Run|208|Starting Category: Ground Station, Item: Send to Telegram
2026-04-19T19:45:16.4391|INFO|SequenceItem.cs|Run|254|Finishing Category: Ground Station, Item: Send to Telegram
2026-04-19T19:45:16.4398|INFO|SequenceItem.cs|Run|208|Starting Category: Ground Station, Item: Send to Pushover, Title: Cool
2026-04-19T19:45:16.5787|INFO|SequenceItem.cs|Run|254|Finishing Category: Ground Station, Item: Send to Pushover, Title: Cool
2026-04-19T19:45:16.5803|INFO|SequenceItem.cs|Run|208|Starting Category: Camera, Item: CoolCamera, Temperature: -5, Duration: 15
2026-04-19T19:45:16.5876|INFO|CameraVM.cs|CoolCamera|138|Cooling Camera. Target: -5 Duration: 00:15:00
2026-04-19T19:45:17.7830|INFO|SafetyMonitorVM.cs|UpdateMonitorValues|95|SafetyMonitorInfo state changed to Unsafe
2026-04-19T20:00:21.6299|INFO|SequenceItem.cs|Run|254|Finishing Category: Camera, Item: CoolCamera, Temperature: -5, Duration: 15
2026-04-19T20:00:21.6303|INFO|SequenceItem.cs|Run|208|Starting Category: Utility, Item: WaitForTime, Time: 20:49:15h, Offset: -15
2026-04-19T20:49:18.0715|INFO|SequenceItem.cs|Run|254|Finishing Category: Utility, Item: WaitForTime, Time: 20:49:15h, Offset: -15
2026-04-19T20:49:18.0797|INFO|SequenceItem.cs|Run|254|Finishing Category: * Instruction Set *, Container: NINA.Sequencer.Container.SequentialContainer, Strategy: SequentialStrategy, Items[FINISHED]: 10
2026-04-19T20:49:18.0803|INFO|SequenceItem.cs|Run|254|Finishing Category: * Instruction Set *, Container: NINA.Sequencer.Container.StartAreaContainer, Strategy: SequentialStrategy, Items[FINISHED]: 1
2026-04-19T20:49:18.0808|INFO|SequenceItem.cs|Run|208|Starting Category: * Instruction Set *, Container: NINA.Sequencer.Container.TargetAreaContainer, Strategy: SequentialStrategy, Items[CREATED]: 1
2026-04-19T20:49:18.1028|INFO|SequenceItem.cs|Run|208|Starting Category: * Instruction Set *, Container: NINA.Sequencer.Container.SequentialContainer, Strategy: SequentialStrategy, Items[CREATED]: 12, Conditions: Condition: TimeCondition, Time: 6:38:6h, Condition: TargetSchedulerCondition mode=While Targets Remain Tonight, , Triggers: Trigger: CenterAfterDriftTrigger, DistanceArcMinutes: 1Trigger: WhenUnsafeCategory: Ground Station, Item: Failures to TelegramCategory: Connect, Item: ReconnectOnDownloadFailureTrigger: AutofocusAfterHFRIncreaseTrigger, Amount: 5Trigger: MeridianFlipTriggerCategory: Powerups (Misc), Item: DIYTriggerCategory: Ground Station, Item: Failures to PushoverTrigger: AutofocusAfterTemperatureChangeTrigger, Amount: 1.5°
2026-04-19T20:49:18.1084|INFO|WhenCommon.cs|SequenceBlockInitialize|204|Initialize; starting watchdog
2026-04-19T20:49:18.1170|INFO|WhenUnsafe.cs|CheckSafe|77|IsSafe is now FALSE; connected = True, IsSafe = False
2026-04-19T20:49:18.1173|INFO|WhenCommon.cs|ShouldTrigger|378|ShouldTrigger TRUE from InterruptWhen, setting TriggerRunner
2026-04-19T20:49:18.1174|INFO|WhenCommon.cs|InterruptWhen|322|Interrupting current Instruction Set
2026-04-19T20:49:18.1211|INFO|WhenCommon.cs|InterruptWhen|332|Canceling sequence...
2026-04-19T20:49:19.1220|INFO|WhenCommon.cs|InterruptWhen|336|Delay 1000
2026-04-19T20:49:20.1214|INFO|WhenCommon.cs|InterruptWhen|336|Delay 1000
2026-04-19T20:49:21.1214|INFO|WhenCommon.cs|InterruptWhen|336|Delay 1000
2026-04-19T20:49:22.1213|INFO|WhenCommon.cs|InterruptWhen|336|Delay 1000
2026-04-19T20:49:23.1219|INFO|WhenCommon.cs|InterruptWhen|336|Delay 1000
2026-04-19T20:49:24.1218|INFO|WhenCommon.cs|InterruptWhen|336|Delay 1000
2026-04-19T20:49:25.1224|INFO|WhenCommon.cs|InterruptWhen|336|Delay 1000
2026-04-19T20:49:26.1230|INFO|WhenCommon.cs|InterruptWhen|336|Delay 1000
2026-04-19T20:49:27.1238|INFO|WhenCommon.cs|InterruptWhen|336|Delay 1000
2026-04-19T20:49:28.1244|INFO|WhenCommon.cs|InterruptWhen|336|Delay 1000
2026-04-19T20:49:29.1243|INFO|WhenCommon.cs|InterruptWhen|336|Delay 1000
2026-04-19T20:49:30.1262|INFO|WhenCommon.cs|InterruptWhen|336|Delay 1000
2026-04-19T20:49:31.1265|INFO|WhenCommon.cs|InterruptWhen|336|Delay 1000
2026-04-19T20:49:32.1277|INFO|WhenCommon.cs|InterruptWhen|336|Delay 1000
2026-04-19T20:49:33.1284|INFO|WhenCommon.cs|InterruptWhen|336|Delay 1000
2026-04-19T20:49:34.1288|INFO|WhenCommon.cs|InterruptWhen|336|Delay 1000
2026-04-19T20:49:35.1294|INFO|WhenCommon.cs|InterruptWhen|336|Delay 1000
2026-04-19T20:49:36.1285|INFO|WhenCommon.cs|InterruptWhen|336|Delay 1000
2026-04-19T20:49:37.1295|INFO|WhenCommon.cs|InterruptWhen|336|Delay 1000
2026-04-19T20:49:38.1307|INFO|WhenCommon.cs|InterruptWhen|336|Delay 1000
2026-04-19T20:49:39.1319|INFO|WhenCommon.cs|InterruptWhen|336|Delay 1000
2026-04-19T20:49:40.1327|INFO|WhenCommon.cs|InterruptWhen|336|Delay 1000
2026-04-19T20:49:41.1336|INFO|WhenCommon.cs|InterruptWhen|336|Delay 1000
2026-04-19T20:49:42.1332|INFO|WhenCommon.cs|InterruptWhen|336|Delay 1000
2026-04-19T20:49:43.1334|INFO|WhenCommon.cs|InterruptWhen|336|Delay 1000
2026-04-19T20:49:44.1344|INFO|WhenCommon.cs|InterruptWhen|336|Delay 1000
2026-04-19T20:49:45.1346|INFO|WhenCommon.cs|InterruptWhen|336|Delay 1000
2026-04-19T20:49:46.1362|INFO|WhenCommon.cs|InterruptWhen|336|Delay 1000
2026-04-19T20:49:46.3329|INFO|WhenCommon.cs|SequenceBlockTeardown|198|Teardown; shutting down watchdog
2026-04-19T20:49:46.3356|INFO|Sequencer.cs|Start|85|Sequence run was cancelled
2026-04-19T20:49:46.3532|INFO|Sequence2VM.cs|StartSequence|548|Advanced Sequence finished
2026-04-19T20:49:47.1482|INFO|WhenCommon.cs|InterruptWhen|339|Sequence no longer running
2026-04-19T20:49:47.1493|WARNING|WhenCommon.cs|CheckSlewing|263|CheckSlewing, WhenUnsafe = True, Connected = True, CanSlew = True, info.Slewing = False
2026-04-19T20:49:47.1506|INFO|Sequence2VM.cs|StartSequence|543|Advanced Sequence starting
2026-04-19T20:49:47.1900|INFO|SequenceItem.cs|Run|208|Starting Category: * Instruction Set *, Container: NINA.Sequencer.Container.SequenceRootContainer, Strategy: SequentialStrategy, Items[CREATED]: 3, Triggers: Category: Ground Station, Item: Failures to Telegram
2026-04-19T20:49:47.1903|INFO|SequenceItem.cs|Run|208|Starting Category: * Instruction Set *, Container: NINA.Sequencer.Container.StartAreaContainer, Strategy: SequentialStrategy, Items[FINISHED]: 1
2026-04-19T20:49:47.1904|INFO|SequenceItem.cs|Run|254|Finishing Category: * Instruction Set *, Container: NINA.Sequencer.Container.StartAreaContainer, Strategy: SequentialStrategy, Items[FINISHED]: 1
2026-04-19T20:49:47.1905|INFO|SequenceItem.cs|Run|208|Starting Category: * Instruction Set *, Container: NINA.Sequencer.Container.TargetAreaContainer, Strategy: SequentialStrategy, Items[CREATED]: 1
2026-04-19T20:49:47.1906|INFO|SequenceItem.cs|Run|208|Starting Category: * Instruction Set *, Container: NINA.Sequencer.Container.SequentialContainer, Strategy: SequentialStrategy, Items[CREATED]: 12, Conditions: Condition: TimeCondition, Time: 6:38:6h, Condition: TargetSchedulerCondition mode=While Targets Remain Tonight, , Triggers: Trigger: CenterAfterDriftTrigger, DistanceArcMinutes: 1Trigger: WhenUnsafeCategory: Ground Station, Item: Failures to TelegramCategory: Connect, Item: ReconnectOnDownloadFailureTrigger: AutofocusAfterHFRIncreaseTrigger, Amount: 5Trigger: MeridianFlipTriggerCategory: Powerups (Misc), Item: DIYTriggerCategory: Ground Station, Item: Failures to PushoverTrigger: AutofocusAfterTemperatureChangeTrigger, Amount: 1.5°
2026-04-19T20:49:47.1910|INFO|WhenCommon.cs|SequenceBlockInitialize|204|Initialize; starting watchdog
2026-04-19T20:49:47.2004|INFO|WhenCommon.cs|ShouldTrigger|382|ShouldTrigger TRUE, setting TriggerRunner
2026-04-19T20:49:47.2026|INFO|SequenceTrigger.cs|Run|114|Starting Trigger: WhenUnsafe
2026-04-19T20:49:47.2158|INFO|WhenCommon.cs|Execute|395|Execute 0
2026-04-19T20:49:47.2161|INFO|WhenCommon.cs|Execute|409|When: running TriggerRunner, InFlight -> true, Triggered -> false
2026-04-19T20:49:47.2161|WARNING|WhenCommon.cs|CheckSlewing|263|CheckSlewing, WhenUnsafe = True, Connected = True, CanSlew = True, info.Slewing = False
2026-04-19T20:49:47.2164|INFO|SequenceItem.cs|Run|208|Starting Category: , Container: WhenPlugin.When.IfContainer, Strategy: SequentialStrategy, Items[CREATED]: 9
2026-04-19T20:49:47.2293|INFO|MeridianFlipTrigger.cs|ShouldTrigger|197|Meridian Flip - Telescope is at home position. Skip flip evaluation
2026-04-19T20:49:47.2313|INFO|SequenceItem.cs|Run|208|Starting Category: Ground Station, Item: Send to Telegram
2026-04-19T20:49:47.9698|INFO|SequenceItem.cs|Run|254|Finishing Category: Ground Station, Item: Send to Telegram
2026-04-19T20:49:47.9730|INFO|MeridianFlipTrigger.cs|ShouldTrigger|197|Meridian Flip - Telescope is at home position. Skip flip evaluation
2026-04-19T20:49:47.9735|INFO|SequenceItem.cs|Run|208|Starting Category: Ground Station, Item: Send to Pushover, Title: Unsafe
2026-04-19T20:49:48.1594|INFO|SequenceItem.cs|Run|254|Finishing Category: Ground Station, Item: Send to Pushover, Title: Unsafe
2026-04-19T20:49:48.1607|INFO|MeridianFlipTrigger.cs|ShouldTrigger|197|Meridian Flip - Telescope is at home position. Skip flip evaluation
2026-04-19T20:49:48.1609|INFO|SequenceItem.cs|Run|208|Starting Category: Telescope, Item: FindHome
2026-04-19T20:49:48.1671|INFO|PHD2Guider.cs|StopGuiding|704|Phd2 - Stop Guiding skipped, as the app is already in state Stopped
2026-04-19T20:49:48.1674|INFO|TelescopeVM.cs|FindHome|292|Mount ordered to locate home position
2026-04-19T20:49:48.1684|INFO|TelescopeVM.cs|FindHome|336|Mount ordered to home but it is already at home
2026-04-19T20:49:48.1685|INFO|TelescopeVM.cs|FindHome|348|Mount has located its home position
2026-04-19T20:49:48.1689|INFO|SequenceItem.cs|Run|254|Finishing Category: Telescope, Item: FindHome
2026-04-19T20:49:48.1697|INFO|MeridianFlipTrigger.cs|ShouldTrigger|197|Meridian Flip - Telescope is at home position. Skip flip evaluation
2026-04-19T20:49:48.1708|INFO|SequenceItem.cs|Run|208|Starting Category: Guider, Item: StopGuiding
2026-04-19T20:49:48.1759|INFO|PHD2Guider.cs|StopGuiding|704|Phd2 - Stop Guiding skipped, as the app is already in state Stopped
2026-04-19T20:49:48.1761|INFO|SequenceItem.cs|Run|254|Finishing Category: Guider, Item: StopGuiding
2026-04-19T20:49:48.1766|INFO|MeridianFlipTrigger.cs|ShouldTrigger|197|Meridian Flip - Telescope is at home position. Skip flip evaluation
2026-04-19T20:49:48.1881|INFO|SequenceItem.cs|Run|208|Starting Category: Connect, Item: DisconnectEquipment, Selected device: Safety Monitor
2026-04-19T20:49:48.2664|INFO|AscomDevice.cs|Disconnect|378|Disconnecting from ASCOM.GenericFile.SafetyMonitor Generic File driver
2026-04-19T20:49:48.2947|INFO|SafetyMonitorVM.cs|Disconnect|221|Disconnected Safety Monitor
2026-04-19T20:49:48.2949|INFO|SequenceItem.cs|Run|254|Finishing Category: Connect, Item: DisconnectEquipment, Selected device: Safety Monitor
2026-04-19T20:49:48.2954|INFO|MeridianFlipTrigger.cs|ShouldTrigger|197|Meridian Flip - Telescope is at home position. Skip flip evaluation
2026-04-19T20:49:48.2961|INFO|SequenceItem.cs|Run|208|Starting Category: Utility, Item: WaitForTimeSpan, Time: 60s
2026-04-19T20:50:48.3377|INFO|SequenceItem.cs|Run|254|Finishing Category: Utility, Item: WaitForTimeSpan, Time: 60s
2026-04-19T20:50:48.3389|INFO|MeridianFlipTrigger.cs|ShouldTrigger|197|Meridian Flip - Telescope is at home position. Skip flip evaluation
2026-04-19T20:50:48.3427|INFO|SequenceItem.cs|Run|208|Starting Category: Connect, Item: ConnectEquipment, Selected device: Safety Monitor, Selected device id: ASCOM.GenericFile.SafetyMonitor
2026-04-19T20:50:50.3511|INFO|SafetyMonitorChooserVM.cs|GetEquipment|71|Found 0 Alpaca Safety Monitors
2026-04-19T20:50:50.3725|INFO|SafetyMonitorVM.cs|Disconnect|221|Disconnected Safety Monitor
2026-04-19T20:50:50.4361|INFO|SafetyMonitorVM.cs|Connect|175|Successfully connected Safety Monitor. Id: ASCOM.GenericFile.SafetyMonitor Name: Generic File driver DisplayName: Generic File driver (ASCOM) Driver Version: 6.4
2026-04-19T20:50:50.4367|INFO|SequenceItem.cs|Run|254|Finishing Category: Connect, Item: ConnectEquipment, Selected device: Safety Monitor, Selected device id: ASCOM.GenericFile.SafetyMonitor
2026-04-19T20:50:50.4371|INFO|MeridianFlipTrigger.cs|ShouldTrigger|197|Meridian Flip - Telescope is at home position. Skip flip evaluation
2026-04-19T20:50:50.4372|INFO|SequenceItem.cs|Run|208|Starting Category: Utility, Item: WaitForTimeSpan, Time: 60s
2026-04-19T20:50:52.4374|INFO|SafetyMonitorVM.cs|UpdateMonitorValues|95|SafetyMonitorInfo state changed to Unsafe
2026-04-19T20:51:50.4947|INFO|SequenceItem.cs|Run|254|Finishing Category: Utility, Item: WaitForTimeSpan, Time: 60s
2026-04-19T20:51:50.4954|INFO|MeridianFlipTrigger.cs|ShouldTrigger|197|Meridian Flip - Telescope is at home position. Skip flip evaluation
2026-04-19T20:51:50.4960|INFO|SequenceItem.cs|Run|208|Starting Category: Powerups (Safety), Item: OnceSafe
2026-04-20T06:38:06.8383|INFO|TimeCondition.cs|Check|254|TimeCondition finished.
2026-04-20T06:38:06.8387|INFO|TimeCondition.cs|InterruptWhenTimeIsUp|63|Time limit exceeded - Interrupting current Instruction Set
2026-04-20T06:38:06.8485|INFO|WhenCommon.cs|Execute|425|When: Execute done; InFlight -> false, Triggered false
2026-04-20T06:38:06.8497|INFO|MeridianFlipTrigger.cs|ShouldTrigger|197|Meridian Flip - Telescope is at home position. Skip flip evaluation
2026-04-20T06:38:06.8501|INFO|SequenceItem.cs|Run|208|Starting Category: Utility, Item: WaitForTime, Time: 20:49:15h, Offset: -15
2026-04-20T06:38:06.8534|INFO|WhenCommon.cs|SequenceBlockTeardown|198|Teardown; shutting down watchdog
2026-04-20T06:38:06.8541|INFO|SequenceItem.cs|Run|254|Finishing Category: * Instruction Set *, Container: NINA.Sequencer.Container.SequentialContainer, Strategy: SequentialStrategy, Items[CREATED]: 12, Conditions: Condition: TimeCondition, Time: 6:38:6h, Condition: TargetSchedulerCondition mode=While Targets Remain Tonight, , Triggers: Trigger: CenterAfterDriftTrigger, DistanceArcMinutes: 1Trigger: WhenUnsafeCategory: Ground Station, Item: Failures to TelegramCategory: Connect, Item: ReconnectOnDownloadFailureTrigger: AutofocusAfterHFRIncreaseTrigger, Amount: 5Trigger: MeridianFlipTriggerCategory: Powerups (Misc), Item: DIYTriggerCategory: Ground Station, Item: Failures to PushoverTrigger: AutofocusAfterTemperatureChangeTrigger, Amount: 1.5°
2026-04-20T06:38:06.8544|INFO|SequenceItem.cs|Run|254|Finishing Category: * Instruction Set *, Container: NINA.Sequencer.Container.TargetAreaContainer, Strategy: SequentialStrategy, Items[FINISHED]: 1
2026-04-20T06:38:06.8554|INFO|SequenceItem.cs|Run|208|Starting Category: * Instruction Set *, Container: NINA.Sequencer.Container.EndAreaContainer, Strategy: SequentialStrategy, Items[CREATED]: 9
2026-04-20T06:38:06.8566|INFO|SequenceItem.cs|Run|208|Starting Category: Telescope, Item: FindHome
2026-04-20T06:38:06.8778|INFO|PHD2Guider.cs|StopGuiding|704|Phd2 - Stop Guiding skipped, as the app is already in state Stopped
2026-04-20T06:38:06.8779|INFO|TelescopeVM.cs|FindHome|292|Mount ordered to locate home position
2026-04-20T06:38:06.8789|INFO|TelescopeVM.cs|FindHome|336|Mount ordered to home but it is already at home
2026-04-20T06:38:06.8790|INFO|TelescopeVM.cs|FindHome|348|Mount has located its home position
2026-04-20T06:38:06.8794|INFO|SequenceItem.cs|Run|254|Finishing Category: Telescope, Item: FindHome
2026-04-20T06:38:06.8801|INFO|SequenceItem.cs|Run|208|Starting Night Summary - End Session
2026-04-20T06:38:06.8827|INFO|NightSummaryEndInstruction.cs|Execute|28|NightSummary: End Session instruction executing
2026-04-20T06:38:21.8875|WARNING|SessionService.cs|EndSession|146|NightSummary: EndSession called but no active session — nothing to do
2026-04-20T06:38:21.8876|INFO|NightSummaryEndInstruction.cs|Execute|39|NightSummary: Session ended successfully
2026-04-20T06:38:21.8877|INFO|SequenceItem.cs|Run|254|Finishing Night Summary - End Session
2026-04-20T06:38:21.8885|INFO|SequenceItem.cs|Run|208|Starting [EndSubframesSession]
2026-04-20T06:38:21.8916|WARNING|EndSessionItem.cs|Execute|50|[Subframes] EndSessionItem: no active session to end.
2026-04-20T06:38:21.8917|INFO|SequenceItem.cs|Run|254|Finishing [EndSubframesSession]
2026-04-20T06:38:21.8929|INFO|SequenceItem.cs|Run|208|Starting Category: Camera, Item: WarmCamera, Duration: 30
2026-04-20T06:38:21.8973|INFO|CameraVM.cs|WarmCamera|161|Warming Camera. Duration: 00:30:00
2026-04-20T07:10:30.9092|INFO|CameraVM.cs|WarmCamera|179|Could not reach warming temperature. Most likley due to ambient temperature being lower. Continuing...
2026-04-20T07:10:51.0062|INFO|CameraVM.cs|WarmCamera|186|Turning cooler off
2026-04-20T07:10:51.0085|INFO|SequenceItem.cs|Run|254|Finishing Category: Camera, Item: WarmCamera, Duration: 30
2026-04-20T07:10:51.0088|INFO|SequenceItem.cs|Run|208|Starting Category: Guider, Item: StopGuiding
2026-04-20T07:10:51.0153|INFO|PHD2Guider.cs|StopGuiding|704|Phd2 - Stop Guiding skipped, as the app is already in state Stopped
2026-04-20T07:10:51.0155|INFO|SequenceItem.cs|Run|254|Finishing Category: Guider, Item: StopGuiding
2026-04-20T07:10:51.0328|INFO|SequenceItem.cs|Run|208|Starting Category: Phd2 Tools, Item: ShutdownPhd2Instruction
2026-04-20T07:10:51.0661|INFO|SequenceItem.cs|Run|254|Finishing Category: Phd2 Tools, Item: ShutdownPhd2Instruction
2026-04-20T07:10:51.0672|INFO|SequenceItem.cs|Run|208|Starting Category: Connect, Item: DisconnectAllEquipment
2026-04-20T07:10:51.0694|WARNING|PHD2Client.cs|ReadEventsAsync|189|PHD2Client: Connection closed by server
2026-04-20T07:10:51.0696|INFO|DitherStatisticsVM.cs|OnPHD2ConnectionStatusChanged|737|PHD2 Connection Status: Connection lost
2026-04-20T07:10:51.0696|INFO|PHD2Client.cs|ReadEventsAsync|205|PHD2Client: Stopped reading events
2026-04-20T07:10:51.1547|INFO|CameraVM.cs|Disconnect|650|Disconnected Camera
2026-04-20T07:10:51.1555|INFO|AscomDevice.cs|Disconnect|378|Disconnecting from ASCOM.EFW2.FilterWheel ZWO FilterWheel
2026-04-20T07:10:51.8220|INFO|FilterWheelVM.cs|Disconnect|333|Disconnected Filter Wheel
2026-04-20T07:10:51.8255|INFO|AscomDevice.cs|Disconnect|378|Disconnecting from ASCOM.EAF.Focuser ZWO Focuser
2026-04-20T07:10:51.8729|INFO|FocuserVM.cs|Disconnect|441|Disconnected Focuser
2026-04-20T07:10:51.8733|INFO|DisconnectAllEquipment.cs|Execute|139|Rotator is already disconnected
2026-04-20T07:10:51.8838|INFO|AscomDevice.cs|Disconnect|378|Disconnecting from ASCOM.iOptron2017.Telescope iOptron CEM120,70,40,26, GEM, HEM, HAE, HAZ series and SkyHunter Mount
2026-04-20T07:10:51.9059|INFO|TelescopeVM.cs|Disconnect|740|Disconnected mount
2026-04-20T07:10:51.9063|INFO|DisconnectAllEquipment.cs|Execute|139|Guider is already disconnected
2026-04-20T07:10:51.9064|INFO|DisconnectAllEquipment.cs|Execute|139|Switch is already disconnected
2026-04-20T07:10:51.9064|INFO|DisconnectAllEquipment.cs|Execute|139|Flat Panel is already disconnected
2026-04-20T07:10:51.9088|INFO|AscomDevice.cs|Disconnect|378|Disconnecting from ASCOM.SkyAlert.ObservingConditions SkyAlert Observing Conditions
2026-04-20T07:10:51.9191|INFO|WeatherDataVM.cs|Disconnect|305|Disconnected Weather Device
2026-04-20T07:10:51.9195|INFO|DisconnectAllEquipment.cs|Execute|139|Dome is already disconnected
2026-04-20T07:10:51.9213|INFO|AscomDevice.cs|Disconnect|378|Disconnecting from ASCOM.GenericFile.SafetyMonitor Generic File driver
2026-04-20T07:10:51.9263|INFO|SafetyMonitorVM.cs|Disconnect|221|Disconnected Safety Monitor
2026-04-20T07:10:51.9268|INFO|SequenceItem.cs|Run|254|Finishing Category: Connect, Item: DisconnectAllEquipment
2026-04-20T07:10:51.9270|INFO|SequenceItem.cs|Run|208|Starting Category: Ground Station, Item: Send to Pushover, Title: Disconnected
2026-04-20T07:10:52.1139|INFO|SequenceItem.cs|Run|254|Finishing Category: Ground Station, Item: Send to Pushover, Title: Disconnected
2026-04-20T07:10:52.1141|INFO|SequenceItem.cs|Run|208|Starting Category: Ground Station, Item: Send to Telegram
2026-04-20T07:10:52.7760|INFO|SequenceItem.cs|Run|254|Finishing Category: Ground Station, Item: Send to Telegram
2026-04-20T07:10:52.7789|INFO|SequenceItem.cs|Run|254|Finishing Category: * Instruction Set *, Container: NINA.Sequencer.Container.EndAreaContainer, Strategy: SequentialStrategy, Items[FINISHED]: 9
2026-04-20T07:10:52.7800|INFO|SequenceItem.cs|Run|254|Finishing Category: * Instruction Set *, Container: NINA.Sequencer.Container.SequenceRootContainer, Strategy: SequentialStrategy, Items[FINISHED]: 3, Triggers: Category: Ground Station, Item: Failures to Telegram
2026-04-20T07:10:52.7827|INFO|Sequence2VM.cs|StartSequence|548|Advanced Sequence finished
2026-04-20T07:10:52.7847|INFO|WhenCommon.cs|InterruptWhen|350|Restarting sequence, Triggered -> true
2026-04-20T07:10:56.0858|INFO|PHD2Client.cs|ConnectAsync|102|PHD2Client: Connecting to PHD2 at 127.0.0.1:4400...
2026-04-20T07:10:58.1204|ERROR|PHD2Client.cs|ConnectAsync|132|PHD2Client: Connection failed: No connection could be made because the target machine actively refused it.
2026-04-20T12:15:48.5860|INFO|ApplicationVM.cs|Exit|244|Shutting down application - requested by user
2026-04-20T12:15:48.6958|INFO|ApplicationVM.cs|Closing|289|Application shutting down
2026-04-20T12:15:48.7457|INFO|DomeVM.cs|Disconnect|355|Disconnected Dome Device
2026-04-20T12:15:48.7518|INFO|FlatDeviceVM.cs|Disconnect|289|Disconnected Flat Device
2026-04-20T12:15:48.7624|INFO|CameraVM.cs|Disconnect|650|Disconnected Camera
2026-04-20T12:15:48.7633|INFO|TelescopeVM.cs|Disconnect|740|Disconnected mount
2026-04-20T12:15:48.7656|INFO|FilterWheelVM.cs|Disconnect|333|Disconnected Filter Wheel
2026-04-20T12:15:48.7664|INFO|FocuserVM.cs|Disconnect|441|Disconnected Focuser
2026-04-20T12:15:48.7727|INFO|RotatorVM.cs|Disconnect|447|Disconnected Rotator
2026-04-20T12:15:48.7779|INFO|SwitchVM.cs|Disconnect|309|Disconnected Switch
2026-04-20T12:15:48.7825|INFO|WeatherDataVM.cs|Disconnect|305|Disconnected Weather Device
2026-04-20T12:15:48.7830|INFO|SafetyMonitorVM.cs|Disconnect|221|Disconnected Safety Monitor
2026-04-20T12:15:49.8272|INFO|API.cs|StopWatchers|86|Stopping all event watchers
2026-04-20T12:15:49.8715|INFO|NightSummaryPlugin.cs|Teardown|257|NightSummary: Plugin torn down
2026-04-20T12:15:49.9365|INFO|Plugin.cs|Teardown|347|[Subframes] Plugin unloaded (primary instance).
