----------------------------------------------------------------------
--------------N.I.N.A. - Nighttime Imaging 'N' Astronomy--------------
--------------------------Version 3.2.0.9001--------------------------
-------------------------2026-05-01T12:13:08--------------------------
----------------------------------------------------------------------
---------------------Microsoft Windows 10.0.19045---------------------
-------------------------OS Architecture X64--------------------------
-----------------------Process Architecture X64-----------------------
-----------------------------.NET 8.0.21------------------------------
----------------------------------------------------------------------
--------------------------Processor Count 4---------------------------
--------------------Total Physical Memory 7.84 GB---------------------
----------------------------------------------------------------------
DATE|LEVEL|SOURCE|MEMBER|LINE|MESSAGE
2026-05-01T12:13:08.4165|INFO|App.xaml.cs|OnStartup|170|Launched with command line arguments: --sequencefile C:\Users\nicka\Astro\NINA\NINA_Sequences\TargetScheduler.json --runsequence
2026-05-01T12:13:12.7021|INFO|CameraChooserVM.cs|GetEquipment|69|Found 2 ASI Cameras
2026-05-01T12:13:12.9810|INFO|CameraChooserVM.cs|GetEquipment|84|Found 0 Altair Cameras
2026-05-01T12:13:13.2120|INFO|CameraChooserVM.cs|GetEquipment|96|Found 0 Atik Cameras
2026-05-01T12:13:13.4728|INFO|CameraChooserVM.cs|GetEquipment|110|Found 0 FLI Cameras
2026-05-01T12:13:14.8202|INFO|CameraChooserVM.cs|GetEquipment|130|Found 0 QHYCCD Cameras
2026-05-01T12:13:15.2942|INFO|CameraChooserVM.cs|GetEquipment|158|Found 0 ToupTek Cameras
2026-05-01T12:13:15.4744|INFO|CameraChooserVM.cs|GetEquipment|173|Found 0 Ogma Cameras
2026-05-01T12:13:15.6374|INFO|CameraChooserVM.cs|GetEquipment|188|Found 0 Omegon Cameras
2026-05-01T12:13:16.0739|INFO|CameraChooserVM.cs|GetEquipment|203|Found 0 RisingCam Cameras
2026-05-01T12:13:16.2290|INFO|CameraChooserVM.cs|GetEquipment|218|Found 0 MallinCam Cameras
2026-05-01T12:13:16.3625|INFO|CameraChooserVM.cs|GetEquipment|243|Found 0 SVBony Cameras
2026-05-01T12:13:16.4508|INFO|CameraChooserVM.cs|GetEquipment|259|Found 0 SBIG Cameras
2026-05-01T12:13:24.4206|INFO|API.cs|Start|99|Starting Webserver
2026-05-01T12:13:24.4220|INFO|API.cs|APITask|134|starting web server, listening at 172.19.6.111:1888
2026-05-01T12:13:24.5808|INFO|NINALogWatcher.cs|Start|33|watching log file: C:\Users\nicka\AppData\Local\NINA\Logs\20260501-121306-3.2.0.9001.8712-202605.log
2026-05-01T12:13:24.5990|INFO|PluginLoader.cs|LoadPlugin|402|Successfully loaded plugin Advanced API version 2.2.15.0 by Christian Palm
2026-05-01T12:13:24.7756|INFO|PluginLoader.cs|LoadPlugin|402|Successfully loaded plugin Autofocus Report Analysis version 2.0.0.9 by Stefan Berg @isbeorn
2026-05-01T12:13:25.0791|INFO|PluginLoader.cs|LoadPlugin|402|Successfully loaded plugin Connector version 2.1.0.2 by Stefan Berg @isbeorn
2026-05-01T12:13:25.3128|INFO|PluginLoader.cs|LoadPlugin|402|Successfully loaded plugin Device Actions and Commands version 2.2.0.0 by Dale Ghent
2026-05-01T12:13:26.3066|INFO|PluginLoader.cs|LoadPlugin|402|Successfully loaded plugin Discord Alert version 2.2.0.0 by Drew McDermott
2026-05-01T12:13:28.2432|INFO|PluginLoader.cs|LoadPlugin|402|Successfully loaded plugin Discord Notification version 2.0.0.10 by Daniel Ludwig
2026-05-01T12:13:30.4767|INFO|DitherStatisticsVM.cs|CreatePluginIcon|1483|Plugin icon geometry created successfully
2026-05-01T12:13:30.5066|INFO|DitherStatisticsVM.cs|LoadDataTemplates|1452|DitherStatistics DataTemplates loaded successfully
2026-05-01T12:13:30.5109|INFO|DitherStatisticsVM.cs|SaveQualityAssessmentSetting|387|Quality Assessment setting saved to file: True
2026-05-01T12:13:30.5111|INFO|DitherStatisticsVM.cs|LoadQualityAssessmentSetting|364|Quality Assessment setting loaded from file: True
2026-05-01T12:13:30.5243|INFO|DitherStatisticsVM.cs|SaveDitherOptimizerSetting|490|Dither Optimizer setting saved to file: False
2026-05-01T12:13:30.5244|INFO|DitherStatisticsVM.cs|LoadDitherOptimizerSetting|471|Dither Optimizer setting loaded from file: False
2026-05-01T12:13:30.5252|INFO|DitherStatisticsVM.cs|SubscribeToGuiderEvents|834|Subscribed to NINA guider events
2026-05-01T12:13:30.5284|INFO|DitherStatisticsVM.cs|StartThemeColorMonitoring|1329|Initial PrimaryBrush color: R:176 G:179 B:185
2026-05-01T12:13:30.5286|INFO|DitherStatisticsVM.cs|.ctor|96|DitherStatisticsVM initialized successfully with ScottPlot 4.1 (Lazy Loading)!
2026-05-01T12:13:30.5293|INFO|PluginLoader.cs|LoadPlugin|402|Successfully loaded plugin Dither Statistics version 1.3.0.0 by Thierry Tschanz
2026-05-01T12:13:30.7580|INFO|PluginLoader.cs|LoadPlugin|402|Successfully loaded plugin Filter Offset Calculator version 2.0.0.0 by S. Dimant & Stefan Berg
2026-05-01T12:13:31.1046|INFO|PluginLoader.cs|LoadPlugin|402|Successfully loaded plugin Flexure Correction version 0.8.0.0 by Francesco Meschia
2026-05-01T12:13:32.5359|INFO|DitherStatisticsVM.cs|ConnectToPHD2|708|Attempting to connect to PHD2...
2026-05-01T12:13:32.5379|INFO|PHD2Client.cs|ConnectAsync|102|PHD2Client: Connecting to PHD2 at 127.0.0.1:4400...
2026-05-01T12:13:34.5701|ERROR|PHD2Client.cs|ConnectAsync|132|PHD2Client: Connection failed: No connection could be made because the target machine actively refused it.
2026-05-01T12:13:34.5705|INFO|DitherStatisticsVM.cs|OnPHD2ConnectionStatusChanged|737|PHD2 Connection Status: Connection failed: No connection could be made because the target machine actively refused it.
2026-05-01T12:13:34.6609|INFO|PluginLoader.cs|LoadPlugin|402|Successfully loaded plugin Ground Station version 3.0.0.117 by Dale Ghent
2026-05-01T12:13:54.8977|INFO|PluginLoader.cs|LoadPlugin|402|Successfully loaded plugin Hocus Focus version 3.0.0.25 by George Hilios (jokogeo)
2026-05-01T12:13:55.9705|INFO|PluginLoader.cs|LoadPlugin|402|Successfully loaded plugin Horizon Creator version 1.1.2.1 by Christian Palm
2026-05-01T12:13:56.2914|INFO|PluginLoader.cs|LoadPlugin|402|Successfully loaded plugin Lightbucket version 2.2.4.0 by Lightbucket
2026-05-01T12:13:57.6302|INFO|PluginLoader.cs|LoadPlugin|402|Successfully loaded plugin Livestack version 1.1.3.0 by Stefan Berg @isbeorn
2026-05-01T12:13:58.0091|INFO|PluginLoader.cs|LoadPlugin|402|Successfully loaded plugin Log Viewer version 1.0.0.2 by Alexander Wrede @astro_alex80
2026-05-01T12:13:58.3173|INFO|PluginLoader.cs|LoadPlugin|402|Successfully loaded plugin Moon Angle version 2.2.0.0 by Dale Ghent
2026-05-01T12:13:59.0787|INFO|SessionDatabase.cs|.ctor|34|NightSummary: Database path: C:\Users\nicka\AppData\Local\NINA\NightSummary\nightsummary.sqlite
2026-05-01T12:13:59.0789|INFO|SessionDatabase.cs|.ctor|35|NightSummary: Database exists: True
2026-05-01T12:13:59.0947|INFO|SessionDatabase.cs|SeedTestDatabaseIfMissing|465|NightSummary: Demo database updated to version 3.0.0.0
2026-05-01T12:13:59.1228|INFO|SessionService.cs|.ctor|123|NightSummary: SessionService created — messageBroker=True
2026-05-01T12:13:59.3393|INFO|NightSummaryPlugin.cs|.ctor|358|NightSummary: Plugin initialized successfully
2026-05-01T12:13:59.3477|INFO|SessionDatabase.cs|.ctor|34|NightSummary: Database path: C:\Users\nicka\AppData\Local\NINA\NightSummary\nightsummary.sqlite
2026-05-01T12:13:59.3479|INFO|SessionDatabase.cs|.ctor|35|NightSummary: Database exists: True
2026-05-01T12:13:59.3643|INFO|SessionService.cs|.ctor|123|NightSummary: SessionService created — messageBroker=True
2026-05-01T12:13:59.3668|INFO|PluginLoader.cs|LoadPlugin|402|Successfully loaded plugin Night Summary version 3.0.0.0 by Evan Pegors
2026-05-01T12:13:59.9117|INFO|PluginLoader.cs|LoadPlugin|402|Successfully loaded plugin Phd2 Tools version 1.0.6.0 by Stefan Berg @isbeorn
2026-05-01T12:14:01.3828|INFO|PluginLoader.cs|LoadPlugin|402|Successfully loaded plugin PixInsight Tools version 1.0.0.3 by Stefan Berg
2026-05-01T12:14:06.3529|INFO|PluginLoader.cs|LoadPlugin|402|Successfully loaded plugin Point3D version 0.2.3.0 by Drew McDermott
2026-05-01T12:14:07.5863|INFO|StarfrontClient.cs|StartFolderWatcher|167|[Rockwood] Watching: C:\ASTROIMAGES\NINA\
2026-05-01T12:14:07.5869|INFO|PluginLoader.cs|LoadPlugin|402|Successfully loaded plugin Rockwood Starfront version 1.0.0.0 by Rockwood Observatory
2026-05-01T12:14:07.5880|INFO|StarfrontClient.cs|RunLoop|68|[Rockwood] connecting to wss://api.starfront.space:443/ws/scope?key=***
2026-05-01T12:14:08.7571|INFO|StarfrontClient.cs|RunLoop|71|[Rockwood] connected
2026-05-01T12:14:09.2551|INFO|PluginLoader.cs|LoadPlugin|402|Successfully loaded plugin Scope Control version 2.0.2.1 by Stefan Berg @isbeorn
2026-05-01T12:14:15.2837|WARNING|When.cs|GetRunningItem|143|Can't get running items: SequencerNavigation not initialized yet!
2026-05-01T12:14:15.5846|INFO|PluginLoader.cs|LoadPlugin|402|Successfully loaded plugin Sequencer Powerups version 3.29.0.9 by Marc Blank
2026-05-01T12:14:16.7942|INFO|PluginLoader.cs|LoadPlugin|402|Successfully loaded plugin Session Metadata version 2.6.3.0 by Tom Palmer @tcpalmer
2026-05-01T12:14:16.9487|INFO|PluginLoader.cs|LoadPlugin|402|Successfully loaded plugin Shutdown PC version 2.2.0.0 by Dale Ghent
2026-05-01T12:14:17.3490|INFO|PluginLoader.cs|LoadPlugin|402|Successfully loaded plugin SkyFlats version 1.0.0.4 by Gerald Hitz (@photon)
2026-05-01T12:14:18.1583|INFO|PluginLoader.cs|LoadPlugin|402|Successfully loaded plugin Smart Filters version 1.0.0.3 by Benoit SAINTOT
2026-05-01T12:14:20.2960|WARNING|When.cs|GetRunningItem|143|Can't get running items: SequencerNavigation not initialized yet!
2026-05-01T12:14:21.6269|INFO|Plugin.cs|RunStationHeartbeatLoopAsync|800|[Subframes] TS not detected at startup - deferring first heartbeat to allow plugin load to complete.
2026-05-01T12:14:21.6778|INFO|SyncEngine.cs|Start|41|[Subframes] SyncEngine started.
2026-05-01T12:14:21.6833|INFO|Plugin.cs|.ctor|179|[Subframes] Plugin loaded (primary instance).
2026-05-01T12:14:22.0262|WARNING|Plugin.cs|OnImportsSatisfied|209|[Subframes] Sequence event subscription deferred - SequenceMediator internals not yet initialized.
2026-05-01T12:14:22.0404|WARNING|Plugin.cs|.ctor|125|[Subframes] Duplicate plugin instance created by MEF - proxying to primary to prevent duplicate sessions/sync.
2026-05-01T12:14:22.0653|INFO|PluginLoader.cs|LoadPlugin|402|Successfully loaded plugin Subframes version 0.3.6.0 by Subframes
2026-05-01T12:14:23.2191|INFO|PluginLoader.cs|LoadPlugin|402|Successfully loaded plugin Target Planning version 3.2.1.0 by Tom Palmer @tcpalmer
2026-05-01T12:14:25.3007|WARNING|When.cs|GetRunningItem|143|Can't get running items: SequencerNavigation not initialized yet!
2026-05-01T12:14:30.3071|WARNING|When.cs|GetRunningItem|143|Can't get running items: SequencerNavigation not initialized yet!
2026-05-01T12:14:30.9755|INFO|PluginLoader.cs|LoadPlugin|402|Successfully loaded plugin Target Scheduler version 5.9.0.0 by Tom Palmer @tcpalmer
2026-05-01T12:14:31.6921|INFO|PluginLoader.cs|LoadPlugin|402|Successfully loaded plugin Three Point Polar Alignment version 2.2.5.1 by Stefan Berg @isbeorn
2026-05-01T12:14:35.3236|WARNING|When.cs|GetRunningItem|143|Can't get running items: SequencerNavigation not initialized yet!
2026-05-01T12:14:35.5002|INFO|SessionHistoryManager.cs|PurgeHistoryOlderThan|102|purging web session history older than 10 days
2026-05-01T12:14:35.6653|INFO|PluginLoader.cs|LoadPlugin|402|Successfully loaded plugin Web Session History Viewer version 2.2.1.0 by Tom Palmer @tcpalmer
2026-05-01T12:14:36.6635|INFO|RotatorChooserVM.cs|GetEquipment|45|Found 1 Networked Rotator Rotators
2026-05-01T12:14:37.4553|INFO|FilterWheelChooserVM.cs|GetEquipment|167|Found 1 Networked Filter Wheel Filter Wheels
2026-05-01T12:14:38.5213|INFO|PluginFetcher.cs|RequestAll|43|Fetching plugin manifests from https://nighttime-imaging.eu/wp-json/nina/v1/plugins/manifests
2026-05-01T12:14:40.3427|WARNING|When.cs|GetRunningItem|143|Can't get running items: SequencerNavigation not initialized yet!
2026-05-01T12:14:41.1620|INFO|WeatherDataChooserVM.cs|GetEquipment|69|Found 0 Alpaca Observing Conditions
2026-05-01T12:14:41.1746|INFO|FlatDeviceChooserVM.cs|GetEquipment|67|Found 0 Alpaca Cover Calibrators
2026-05-01T12:14:41.2110|INFO|TelescopeChooserVM.cs|GetEquipment|69|Found 0 Alpaca Telescopes
2026-05-01T12:14:41.2150|INFO|FilterWheelChooserVM.cs|GetEquipment|193|Found 0 Alpaca Filter Wheels
2026-05-01T12:14:41.2427|INFO|RotatorChooserVM.cs|GetEquipment|68|Found 0 Alpaca Rotators
2026-05-01T12:14:41.3617|INFO|CameraChooserVM.cs|GetEquipment|279|Found 0 SVBony Cameras
2026-05-01T12:14:41.5838|INFO|SafetyMonitorChooserVM.cs|GetEquipment|71|Found 0 Alpaca Safety Monitors
2026-05-01T12:14:41.5999|INFO|DomeChooserVM.cs|GetEquipment|67|Found 0 Alpaca Domes
2026-05-01T12:14:41.6160|INFO|SwitchChooserVM.cs|GetEquipment|71|Found 0 Alpaca Switch Hubs
2026-05-01T12:14:42.0144|INFO|CameraChooserVM.cs|GetEquipment|279|Found 0 PlayerOne Cameras
2026-05-01T12:14:42.3944|INFO|PluginFetcher.cs|RequestAll|57|Found 78 valid plugins at https://nighttime-imaging.eu/wp-json/nina/v1/plugins/manifests
2026-05-01T12:14:42.8871|INFO|CameraChooserVM.cs|GetEquipment|279|Found 0 ASTPAN Cameras
2026-05-01T12:14:42.8892|INFO|CameraChooserVM.cs|GetEquipment|293|Found 4 ASCOM Cameras
2026-05-01T12:14:44.9065|INFO|CameraChooserVM.cs|GetEquipment|305|Found 0 Alpaca Cameras
2026-05-01T12:14:44.9160|INFO|CameraChooserVM.cs|GetEquipment|318|Found 0 Canon Cameras
2026-05-01T12:14:45.2406|INFO|FocuserChooserVM.cs|GetEquipment|84|Found 0 Alpaca Focusers
2026-05-01T12:14:45.3490|WARNING|When.cs|GetRunningItem|143|Can't get running items: SequencerNavigation not initialized yet!
2026-05-01T12:14:50.3523|WARNING|When.cs|GetRunningItem|143|Can't get running items: SequencerNavigation not initialized yet!
2026-05-01T12:14:50.4377|INFO|ApplicationVM.cs|CheckASCOMPlatformVersion|81|ASCOM Platform 6.6.2.4195 installed
2026-05-01T12:14:50.4512|INFO|ApplicationVM.cs|CheckDiskInfo|100|Available Space on Drive C:\: 142.39 GB
2026-05-01T12:14:50.4576|INFO|ApplicationVM.cs|CheckDiskInfo|102|Drive E:\ is not ready
2026-05-01T12:14:50.4589|INFO|ApplicationVM.cs|CheckDiskInfo|100|Available Space on Drive G:\: 62.15 GB
2026-05-01T12:14:50.5128|INFO|ApplicationVM.cs|CheckDiskInfo|100|Available Space on Drive Z:\: 38.52 GB
2026-05-01T12:14:51.9963|INFO|Plugin.cs|TrySubscribeSequenceEvents|235|[Subframes] ISequenceMediator.SequenceStarted not present in this NINA build - session will open on first captured image instead.
2026-05-01T12:14:51.9970|INFO|Plugin.cs|RetrySubscribeSequenceEventsAsync|271|[Subframes] Deferred sequence event subscription succeeded after 2s.
2026-05-01T12:14:52.2064|INFO|DitherStatisticsVM.cs|StartThemeColorMonitoring|1338|Theme color monitoring timer started on UI thread
2026-05-01T12:14:53.0766|INFO|Sequence2VM.cs|TryLoadSequenceFile|414|Loading sequence file: C:\Users\nicka\Astro\NINA\NINA_Sequences\TargetScheduler.json
2026-05-01T12:14:53.8520|INFO|Sequence2VM.cs|TryLoadSequenceFile|420|Starting sequence from command line options
2026-05-01T12:14:53.8555|INFO|Sequence2VM.cs|StartSequence|543|Advanced Sequence starting
2026-05-01T12:14:54.4706|INFO|SequenceItem.cs|Run|208|Starting Category: * Instruction Set *, Container: NINA.Sequencer.Container.SequenceRootContainer, Strategy: SequentialStrategy, Items[CREATED]: 3, Triggers: Category: Ground Station, Item: Failures to Telegram
2026-05-01T12:14:54.5169|INFO|SequenceItem.cs|Run|208|Starting Category: * Instruction Set *, Container: NINA.Sequencer.Container.StartAreaContainer, Strategy: SequentialStrategy, Items[CREATED]: 1
2026-05-01T12:14:54.5176|INFO|SequenceItem.cs|Run|208|Starting Category: * Instruction Set *, Container: NINA.Sequencer.Container.SequentialContainer, Strategy: SequentialStrategy, Items[CREATED]: 10
2026-05-01T12:14:54.5182|INFO|SequenceItem.cs|Run|208|Starting Category: Ground Station, Item: Send to Pushover, Title: Start
2026-05-01T12:14:54.8178|INFO|SequenceItem.cs|Run|254|Finishing Category: Ground Station, Item: Send to Pushover, Title: Start
2026-05-01T12:14:54.8214|INFO|SequenceItem.cs|Run|208|Starting Category: Utility, Item: WaitForTime, Time: 19:54:18h, Offset: -80
2026-05-01T12:14:55.5277|INFO|DockManagerVM.cs|InitializeAvalonDockLayout|366|Initializing imaging tab layout from C:\Users\nicka\AppData\Local\NINA\Profiles\0173997c-4bfa-48fd-9337-a48b6df99c38.dock.config
2026-05-01T19:54:46.7698|INFO|SequenceItem.cs|Run|254|Finishing Category: Utility, Item: WaitForTime, Time: 19:54:18h, Offset: -80
2026-05-01T19:54:46.7720|INFO|SequenceItem.cs|Run|208|Starting Category: Ground Station, Item: Send to Telegram
2026-05-01T19:54:47.5871|INFO|SequenceItem.cs|Run|254|Finishing Category: Ground Station, Item: Send to Telegram
2026-05-01T19:54:47.5875|INFO|SequenceItem.cs|Run|208|Starting Category: Ground Station, Item: Send to Pushover, Title: Configure Equipment
2026-05-01T19:54:47.7526|INFO|SequenceItem.cs|Run|254|Finishing Category: Ground Station, Item: Send to Pushover, Title: Configure Equipment
2026-05-01T19:54:47.7535|INFO|SequenceItem.cs|Run|208|Starting Category: Connect, Item: ConnectAllEquipment
2026-05-01T19:54:47.7712|INFO|CameraChooserVM.cs|GetEquipment|69|Found 2 ASI Cameras
2026-05-01T19:54:47.8365|INFO|CameraChooserVM.cs|GetEquipment|84|Found 0 Altair Cameras
2026-05-01T19:54:47.8367|INFO|CameraChooserVM.cs|GetEquipment|96|Found 0 Atik Cameras
2026-05-01T19:54:47.8373|INFO|CameraChooserVM.cs|GetEquipment|110|Found 0 FLI Cameras
2026-05-01T19:54:47.8375|INFO|CameraChooserVM.cs|GetEquipment|130|Found 0 QHYCCD Cameras
2026-05-01T19:54:47.9927|INFO|CameraChooserVM.cs|GetEquipment|158|Found 0 ToupTek Cameras
2026-05-01T19:54:47.9980|INFO|CameraChooserVM.cs|GetEquipment|173|Found 0 Ogma Cameras
2026-05-01T19:54:48.0119|INFO|CameraChooserVM.cs|GetEquipment|188|Found 0 Omegon Cameras
2026-05-01T19:54:48.1725|INFO|CameraChooserVM.cs|GetEquipment|203|Found 0 RisingCam Cameras
2026-05-01T19:54:48.1865|INFO|CameraChooserVM.cs|GetEquipment|218|Found 0 MallinCam Cameras
2026-05-01T19:54:48.1880|INFO|CameraChooserVM.cs|GetEquipment|243|Found 0 SVBony Cameras
2026-05-01T19:54:48.1902|INFO|CameraChooserVM.cs|GetEquipment|259|Found 0 SBIG Cameras
2026-05-01T19:54:48.1908|INFO|CameraChooserVM.cs|GetEquipment|279|Found 0 SVBony Cameras
2026-05-01T19:54:48.1911|INFO|CameraChooserVM.cs|GetEquipment|279|Found 0 PlayerOne Cameras
2026-05-01T19:54:48.1984|INFO|CameraChooserVM.cs|GetEquipment|279|Found 0 ASTPAN Cameras
2026-05-01T19:54:48.1992|INFO|CameraChooserVM.cs|GetEquipment|293|Found 4 ASCOM Cameras
2026-05-01T19:54:50.2000|INFO|CameraChooserVM.cs|GetEquipment|305|Found 0 Alpaca Cameras
2026-05-01T19:54:50.2056|INFO|CameraChooserVM.cs|GetEquipment|318|Found 0 Canon Cameras
2026-05-01T19:54:50.2738|INFO|CameraVM.cs|Disconnect|650|Disconnected Camera
2026-05-01T19:54:50.8522|WARNING|ASICamera.cs|SetControlValue|568|Failed to set ASI Control Value ASI_WB_B with value 50
2026-05-01T19:54:50.8523|WARNING|ASICamera.cs|SetControlValue|568|Failed to set ASI Control Value ASI_WB_R with value 50
2026-05-01T19:54:50.8524|WARNING|ASICamera.cs|SetControlValue|568|Failed to set ASI Control Value ASI_GAMMA with value 50
2026-05-01T19:54:50.8524|WARNING|ASICamera.cs|SetControlValue|568|Failed to set ASI Control Value ASI_HIGH_SPEED_MODE with value 0
2026-05-01T19:54:50.8525|WARNING|ASICamera.cs|SetControlValue|568|Failed to set ASI Control Value ASI_OVERCLOCK with value 0
2026-05-01T19:54:50.8525|WARNING|ASICamera.cs|SetControlValue|568|Failed to set ASI Control Value ASI_PATTERN_ADJUST with value 0
2026-05-01T19:54:50.8534|WARNING|ASICamera.cs|SetControlValue|568|Failed to set ASI Control Value ASI_MONO_BIN with value 0
2026-05-01T19:54:50.8544|INFO|ASICamera.cs|Initialize|664|Camera ID: ASI533MM
2026-05-01T19:54:50.8662|WARNING|ASICamera.cs|SetControlValue|568|Failed to set ASI Control Value ASI_ANTI_DEW_HEATER with value 0
2026-05-01T19:54:50.9390|INFO|CameraVM.cs|ChooseCamera|455|Successfully connected Camera. Id: ZWOptical_ZWO ASI533MM Pro_ASI533MM Name: ZWO ASI533MM Pro DisplayName: ZWO ASI533MM Pro (ASI533MM)Driver Version: 1, 39, 0, 0
2026-05-01T19:54:51.4881|INFO|FilterWheelChooserVM.cs|GetEquipment|167|Found 1 Networked Filter Wheel Filter Wheels
2026-05-01T19:54:53.4899|INFO|FilterWheelChooserVM.cs|GetEquipment|193|Found 0 Alpaca Filter Wheels
2026-05-01T19:54:53.5225|INFO|FilterWheelVM.cs|Disconnect|333|Disconnected Filter Wheel
2026-05-01T19:54:57.2006|INFO|FilterWheelVM.cs|ChooseFW|279|Successfully connected Filter Wheel. Id: ASCOM.EFW2.FilterWheel Name: ZWO FilterWheel DisplayName: ZWO FilterWheel (ASCOM) Driver Version: 6.0
2026-05-01T19:55:01.0468|INFO|FocuserChooserVM.cs|GetEquipment|84|Found 0 Alpaca Focusers
2026-05-01T19:55:01.0679|INFO|FocuserVM.cs|Disconnect|441|Disconnected Focuser
2026-05-01T19:55:02.8191|ERROR|AscomDevice.cs|GetProperty|546|An unexpected exception occurred during GET of Focuser.StepSize: 
ASCOM.DriverException: The method or operation is not implemented.
 ---> System.NotImplementedException: The method or operation is not implemented.
   --- End of inner exception stack trace ---
   at ASCOM.Com.DriverAccess.DynamicAccess.CheckDotNetExceptions(String memberName, Exception e) in J:\ASCOMLibrary\ASCOM.Com\ASCOM.Com.DriverAccess\BaseClass\DynamicAccess.cs:line 278
   at ASCOM.Com.DriverAccess.DynamicAccess.TryGetMember(GetMemberBinder binder, Object& result) in J:\ASCOMLibrary\ASCOM.Com\ASCOM.Com.DriverAccess\BaseClass\DynamicAccess.cs:line 150
   at CallSite.Target(Closure, CallSite, Object)
   at System.Dynamic.UpdateDelegates.UpdateAndExecute1[T0,TRet](CallSite site, T0 arg0)
   at ASCOM.Com.DriverAccess.Focuser.get_StepSize() in J:\ASCOMLibrary\ASCOM.Com\ASCOM.Com.DriverAccess\Focuser.cs:line 159
   at System.RuntimeMethodHandle.InvokeMethod(Object target, Void** arguments, Signature sig, Boolean isConstructor)
   at System.Reflection.MethodBaseInvoker.InvokeWithNoArgs(Object obj, BindingFlags invokeAttr)
2026-05-01T19:55:03.0328|INFO|AscomDevice.cs|GetProperty|485|Retrying to GET Focuser.StepSize - Attempt 2 / 3
2026-05-01T19:55:03.0361|ERROR|AscomDevice.cs|GetProperty|546|An unexpected exception occurred during GET of Focuser.StepSize: 
ASCOM.DriverException: The method or operation is not implemented.
 ---> System.NotImplementedException: The method or operation is not implemented.
   --- End of inner exception stack trace ---
   at ASCOM.Com.DriverAccess.DynamicAccess.CheckDotNetExceptions(String memberName, Exception e) in J:\ASCOMLibrary\ASCOM.Com\ASCOM.Com.DriverAccess\BaseClass\DynamicAccess.cs:line 278
   at ASCOM.Com.DriverAccess.DynamicAccess.TryGetMember(GetMemberBinder binder, Object& result) in J:\ASCOMLibrary\ASCOM.Com\ASCOM.Com.DriverAccess\BaseClass\DynamicAccess.cs:line 150
   at CallSite.Target(Closure, CallSite, Object)
   at ASCOM.Com.DriverAccess.Focuser.get_StepSize() in J:\ASCOMLibrary\ASCOM.Com\ASCOM.Com.DriverAccess\Focuser.cs:line 159
   at InvokeStub_Focuser.get_StepSize(Object, Object, IntPtr*)
   at System.Reflection.MethodBaseInvoker.InvokeWithNoArgs(Object obj, BindingFlags invokeAttr)
2026-05-01T19:55:03.2373|INFO|AscomDevice.cs|GetProperty|485|Retrying to GET Focuser.StepSize - Attempt 3 / 3
2026-05-01T19:55:03.2388|ERROR|AscomDevice.cs|GetProperty|546|An unexpected exception occurred during GET of Focuser.StepSize: 
ASCOM.DriverException: The method or operation is not implemented.
 ---> System.NotImplementedException: The method or operation is not implemented.
   --- End of inner exception stack trace ---
   at ASCOM.Com.DriverAccess.DynamicAccess.CheckDotNetExceptions(String memberName, Exception e) in J:\ASCOMLibrary\ASCOM.Com\ASCOM.Com.DriverAccess\BaseClass\DynamicAccess.cs:line 278
   at ASCOM.Com.DriverAccess.DynamicAccess.TryGetMember(GetMemberBinder binder, Object& result) in J:\ASCOMLibrary\ASCOM.Com\ASCOM.Com.DriverAccess\BaseClass\DynamicAccess.cs:line 150
   at CallSite.Target(Closure, CallSite, Object)
   at ASCOM.Com.DriverAccess.Focuser.get_StepSize() in J:\ASCOMLibrary\ASCOM.Com\ASCOM.Com.DriverAccess\Focuser.cs:line 159
   at InvokeStub_Focuser.get_StepSize(Object, Object, IntPtr*)
   at System.Reflection.MethodBaseInvoker.InvokeWithNoArgs(Object obj, BindingFlags invokeAttr)
2026-05-01T19:55:03.2395|INFO|AscomDevice.cs|GetProperty|556|GET Focuser.StepSize failed - Returning last known value 0
2026-05-01T19:55:03.4744|INFO|FocuserVM.cs|ChooseFocuser|333|Successfully connected Focuser. Id: ASCOM.EAF.Focuser Name: ZWO Focuser DisplayName: ZWO Focuser (ASCOM) Driver Version: 6.0
2026-05-01T19:55:05.4781|INFO|TelescopeChooserVM.cs|GetEquipment|69|Found 0 Alpaca Telescopes
2026-05-01T19:55:05.5243|INFO|TelescopeVM.cs|Disconnect|740|Disconnected mount
2026-05-01T19:55:08.4890|INFO|AscomTelescope.cs|CheckMountTime|845|Mount UTC Time: 2026-05-02 00:55:08Z / System UTC Time: 2026-05-02 00:55:08Z; Difference: 0.004 seconds
2026-05-01T19:55:08.5381|INFO|AscomTelescope.cs|CheckMountTime|852|System time has been synced to the mount
2026-05-01T19:55:08.7928|INFO|TelescopeVM.cs|ChooseTelescope|535|Successfully connected mount. Id: ASCOM.iOptron2017.Telescope Name: iOptron CEM120,70,40,26, GEM, HEM, HAE, HAZ series and SkyHunter Mount DisplayName: iOptron CEM120,70,40,26, GEM, HEM, HAE, HAZ series and SkyHunter Mount (ASCOM) Driver Version: 9.15
2026-05-01T19:55:08.8055|INFO|PHD2Guider.cs|Connect|205|Connecting to PHD2 server at 127.0.0.1:4400
2026-05-01T19:55:10.9726|INFO|PHD2Client.cs|ConnectAsync|118|PHD2Client: Connected successfully!
2026-05-01T19:55:10.9727|INFO|DitherStatisticsVM.cs|OnPHD2ConnectionStatusChanged|734|PHD2 Connection Status: Connected
2026-05-01T19:55:10.9727|INFO|DitherStatisticsVM.cs|ConnectToPHD2|713|Successfully connected to PHD2!
2026-05-01T19:55:10.9746|INFO|PHD2Client.cs|ReadEventsAsync|181|PHD2Client: Started reading events
2026-05-01T19:55:10.9939|INFO|PHD2Client.cs|HandleVersion|366|PHD2Client: Connected to PHD2 version 2.6.14. (Message Protocol v1)
2026-05-01T19:55:10.9950|INFO|PHD2Client.cs|HandleAppState|376|PHD2Client: PHD2 AppState: Stopped
2026-05-01T19:55:11.9056|INFO|PHD2Client.cs|ProcessEvent|268|PHD2: ConfigurationChange
2026-05-01T19:55:13.1227|INFO|PHD2Client.cs|QueryExposureTime|1216|PHD2Client: Exposure time from PHD2 API: 2.000 seconds (2000 ms)
2026-05-01T19:55:13.2852|INFO|PHD2Client.cs|ProcessEvent|268|PHD2: ConfigurationChange
2026-05-01T19:55:13.9756|INFO|PHD2Client.cs|QueryExposureTime|1216|PHD2Client: Exposure time from PHD2 API: 2.000 seconds (2000 ms)
2026-05-01T19:55:16.0100|INFO|WeatherDataChooserVM.cs|GetEquipment|69|Found 0 Alpaca Observing Conditions
2026-05-01T19:55:16.0627|INFO|WeatherDataVM.cs|Disconnect|305|Disconnected Weather Device
2026-05-01T19:55:18.3882|INFO|AscomDevice.cs|GetProperty|527|Property ObservingConditions.SkyQuality GET is not implemented in this driver (SkyAlert Observing Conditions)
2026-05-01T19:55:18.3959|INFO|AscomDevice.cs|GetProperty|527|Property ObservingConditions.StarFWHM GET is not implemented in this driver (SkyAlert Observing Conditions)
2026-05-01T19:55:18.4117|INFO|WeatherDataVM.cs|ChooseWeatherData|150|Successfully connected Weather Device. Id: ASCOM.SkyAlert.ObservingConditions Name: SkyAlert Observing Conditions DisplayName: SkyAlert Observing Conditions (ASCOM) Driver Version: 1.7
2026-05-01T19:55:20.4139|INFO|SafetyMonitorChooserVM.cs|GetEquipment|71|Found 0 Alpaca Safety Monitors
2026-05-01T19:55:20.4494|INFO|SafetyMonitorVM.cs|Disconnect|221|Disconnected Safety Monitor
2026-05-01T19:55:21.1640|INFO|SafetyMonitorVM.cs|Connect|175|Successfully connected Safety Monitor. Id: ASCOM.GenericFile.SafetyMonitor Name: Generic File driver DisplayName: Generic File driver (ASCOM) Driver Version: 6.4
2026-05-01T19:55:21.1644|INFO|SequenceItem.cs|Run|254|Finishing Category: Connect, Item: ConnectAllEquipment
2026-05-01T19:55:21.1651|INFO|SequenceItem.cs|Run|208|Starting Category: Telescope, Item: FindHome
2026-05-01T19:55:21.1710|INFO|PHD2Guider.cs|StopGuiding|704|Phd2 - Stop Guiding skipped, as the app is already in state Stopped
2026-05-01T19:55:21.1728|INFO|TelescopeVM.cs|FindHome|292|Mount ordered to locate home position
2026-05-01T19:55:21.1763|INFO|TelescopeVM.cs|FindHome|336|Mount ordered to home but it is already at home
2026-05-01T19:55:21.1767|INFO|TelescopeVM.cs|FindHome|348|Mount has located its home position
2026-05-01T19:55:21.1775|INFO|SequenceItem.cs|Run|254|Finishing Category: Telescope, Item: FindHome
2026-05-01T19:55:21.1777|INFO|SequenceItem.cs|Run|208|Starting Category: Ground Station, Item: Send to Telegram
2026-05-01T19:55:21.9242|INFO|SequenceItem.cs|Run|254|Finishing Category: Ground Station, Item: Send to Telegram
2026-05-01T19:55:21.9247|INFO|SequenceItem.cs|Run|208|Starting Category: Ground Station, Item: Send to Pushover, Title: Cool
2026-05-01T19:55:22.0834|INFO|SequenceItem.cs|Run|254|Finishing Category: Ground Station, Item: Send to Pushover, Title: Cool
2026-05-01T19:55:22.0852|INFO|SequenceItem.cs|Run|208|Starting Category: Camera, Item: CoolCamera, Temperature: -5, Duration: 15
2026-05-01T19:55:22.0957|INFO|CameraVM.cs|CoolCamera|138|Cooling Camera. Target: -5 Duration: 00:15:00
2026-05-01T19:55:23.1643|INFO|SafetyMonitorVM.cs|UpdateMonitorValues|95|SafetyMonitorInfo state changed to Unsafe
2026-05-01T20:10:27.3109|INFO|SequenceItem.cs|Run|254|Finishing Category: Camera, Item: CoolCamera, Temperature: -5, Duration: 15
2026-05-01T20:10:27.3114|INFO|SequenceItem.cs|Run|208|Starting Category: Utility, Item: WaitForTime, Time: 20:59:18h, Offset: -15
2026-05-01T20:34:34.7605|WARNING|SubframesClient.cs|SendStationHeartbeatAsync|454|[Subframes] Station heartbeat timed out
2026-05-01T20:59:21.2531|INFO|SequenceItem.cs|Run|254|Finishing Category: Utility, Item: WaitForTime, Time: 20:59:18h, Offset: -15
2026-05-01T20:59:21.2565|INFO|SequenceItem.cs|Run|254|Finishing Category: * Instruction Set *, Container: NINA.Sequencer.Container.SequentialContainer, Strategy: SequentialStrategy, Items[FINISHED]: 10
2026-05-01T20:59:21.2568|INFO|SequenceItem.cs|Run|254|Finishing Category: * Instruction Set *, Container: NINA.Sequencer.Container.StartAreaContainer, Strategy: SequentialStrategy, Items[FINISHED]: 1
2026-05-01T20:59:21.2572|INFO|SequenceItem.cs|Run|208|Starting Category: * Instruction Set *, Container: NINA.Sequencer.Container.TargetAreaContainer, Strategy: SequentialStrategy, Items[CREATED]: 1
2026-05-01T20:59:21.2591|INFO|SequenceItem.cs|Run|208|Starting Category: * Instruction Set *, Container: NINA.Sequencer.Container.SequentialContainer, Strategy: SequentialStrategy, Items[CREATED]: 12, Conditions: Condition: TimeCondition, Time: 6:25:17h, Condition: TargetSchedulerCondition mode=While Targets Remain Tonight, , Triggers: Trigger: CenterAfterDriftTrigger, DistanceArcMinutes: 1Trigger: WhenUnsafeCategory: Ground Station, Item: Failures to TelegramCategory: Connect, Item: ReconnectOnDownloadFailureTrigger: AutofocusAfterHFRIncreaseTrigger, Amount: 5Trigger: MeridianFlipTriggerCategory: Powerups (Misc), Item: DIYTriggerCategory: Ground Station, Item: Failures to PushoverTrigger: AutofocusAfterTemperatureChangeTrigger, Amount: 1.5°
2026-05-01T20:59:21.2614|INFO|WhenCommon.cs|SequenceBlockInitialize|204|Initialize; starting watchdog
2026-05-01T20:59:21.2646|INFO|WhenUnsafe.cs|CheckSafe|77|IsSafe is now FALSE; connected = True, IsSafe = False
2026-05-01T20:59:21.2649|INFO|WhenCommon.cs|ShouldTrigger|378|ShouldTrigger TRUE from InterruptWhen, setting TriggerRunner
2026-05-01T20:59:21.2650|INFO|WhenCommon.cs|InterruptWhen|322|Interrupting current Instruction Set
2026-05-01T20:59:21.2673|INFO|WhenCommon.cs|InterruptWhen|332|Canceling sequence...
2026-05-01T20:59:22.2703|INFO|WhenCommon.cs|InterruptWhen|336|Delay 1000
2026-05-01T20:59:23.2701|INFO|WhenCommon.cs|InterruptWhen|336|Delay 1000
2026-05-01T20:59:24.2708|INFO|WhenCommon.cs|InterruptWhen|336|Delay 1000
2026-05-01T20:59:25.2709|INFO|WhenCommon.cs|InterruptWhen|336|Delay 1000
2026-05-01T20:59:26.2714|INFO|WhenCommon.cs|InterruptWhen|336|Delay 1000
2026-05-01T20:59:27.2729|INFO|WhenCommon.cs|InterruptWhen|336|Delay 1000
2026-05-01T20:59:28.2731|INFO|WhenCommon.cs|InterruptWhen|336|Delay 1000
2026-05-01T20:59:29.2754|INFO|WhenCommon.cs|InterruptWhen|336|Delay 1000
2026-05-01T20:59:30.2774|INFO|WhenCommon.cs|InterruptWhen|336|Delay 1000
2026-05-01T20:59:31.2786|INFO|WhenCommon.cs|InterruptWhen|336|Delay 1000
2026-05-01T20:59:32.2788|INFO|WhenCommon.cs|InterruptWhen|336|Delay 1000
2026-05-01T20:59:33.2787|INFO|WhenCommon.cs|InterruptWhen|336|Delay 1000
2026-05-01T20:59:34.2793|INFO|WhenCommon.cs|InterruptWhen|336|Delay 1000
2026-05-01T20:59:35.2797|INFO|WhenCommon.cs|InterruptWhen|336|Delay 1000
2026-05-01T20:59:36.2799|INFO|WhenCommon.cs|InterruptWhen|336|Delay 1000
2026-05-01T20:59:37.2799|INFO|WhenCommon.cs|InterruptWhen|336|Delay 1000
2026-05-01T20:59:38.2797|INFO|WhenCommon.cs|InterruptWhen|336|Delay 1000
2026-05-01T20:59:39.2799|INFO|WhenCommon.cs|InterruptWhen|336|Delay 1000
2026-05-01T20:59:40.2797|INFO|WhenCommon.cs|InterruptWhen|336|Delay 1000
2026-05-01T20:59:41.2806|INFO|WhenCommon.cs|InterruptWhen|336|Delay 1000
2026-05-01T20:59:42.2812|INFO|WhenCommon.cs|InterruptWhen|336|Delay 1000
2026-05-01T20:59:43.2823|INFO|WhenCommon.cs|InterruptWhen|336|Delay 1000
2026-05-01T20:59:44.2826|INFO|WhenCommon.cs|InterruptWhen|336|Delay 1000
2026-05-01T20:59:45.2829|INFO|WhenCommon.cs|InterruptWhen|336|Delay 1000
2026-05-01T20:59:46.2836|INFO|WhenCommon.cs|InterruptWhen|336|Delay 1000
2026-05-01T20:59:47.2836|INFO|WhenCommon.cs|InterruptWhen|336|Delay 1000
2026-05-01T20:59:48.2838|INFO|WhenCommon.cs|InterruptWhen|336|Delay 1000
2026-05-01T20:59:49.2846|INFO|WhenCommon.cs|InterruptWhen|336|Delay 1000
2026-05-01T20:59:50.2848|INFO|WhenCommon.cs|InterruptWhen|336|Delay 1000
2026-05-01T20:59:51.2858|INFO|WhenCommon.cs|InterruptWhen|336|Delay 1000
2026-05-01T20:59:52.2861|INFO|WhenCommon.cs|InterruptWhen|336|Delay 1000
2026-05-01T20:59:53.2874|INFO|WhenCommon.cs|InterruptWhen|336|Delay 1000
2026-05-01T20:59:54.2890|INFO|WhenCommon.cs|InterruptWhen|336|Delay 1000
2026-05-01T20:59:55.2897|INFO|WhenCommon.cs|InterruptWhen|336|Delay 1000
2026-05-01T20:59:55.4604|INFO|WhenCommon.cs|SequenceBlockTeardown|198|Teardown; shutting down watchdog
2026-05-01T20:59:55.4633|INFO|Sequencer.cs|Start|85|Sequence run was cancelled
2026-05-01T20:59:55.4807|INFO|Sequence2VM.cs|StartSequence|548|Advanced Sequence finished
2026-05-01T20:59:56.2945|INFO|WhenCommon.cs|InterruptWhen|339|Sequence no longer running
2026-05-01T20:59:56.2968|WARNING|WhenCommon.cs|CheckSlewing|263|CheckSlewing, WhenUnsafe = True, Connected = True, CanSlew = True, info.Slewing = False
2026-05-01T20:59:56.2989|INFO|Sequence2VM.cs|StartSequence|543|Advanced Sequence starting
2026-05-01T20:59:56.3690|INFO|SequenceItem.cs|Run|208|Starting Category: * Instruction Set *, Container: NINA.Sequencer.Container.SequenceRootContainer, Strategy: SequentialStrategy, Items[CREATED]: 3, Triggers: Category: Ground Station, Item: Failures to Telegram
2026-05-01T20:59:56.3693|INFO|SequenceItem.cs|Run|208|Starting Category: * Instruction Set *, Container: NINA.Sequencer.Container.StartAreaContainer, Strategy: SequentialStrategy, Items[FINISHED]: 1
2026-05-01T20:59:56.3694|INFO|SequenceItem.cs|Run|254|Finishing Category: * Instruction Set *, Container: NINA.Sequencer.Container.StartAreaContainer, Strategy: SequentialStrategy, Items[FINISHED]: 1
2026-05-01T20:59:56.3695|INFO|SequenceItem.cs|Run|208|Starting Category: * Instruction Set *, Container: NINA.Sequencer.Container.TargetAreaContainer, Strategy: SequentialStrategy, Items[CREATED]: 1
2026-05-01T20:59:56.3696|INFO|SequenceItem.cs|Run|208|Starting Category: * Instruction Set *, Container: NINA.Sequencer.Container.SequentialContainer, Strategy: SequentialStrategy, Items[CREATED]: 12, Conditions: Condition: TimeCondition, Time: 6:25:17h, Condition: TargetSchedulerCondition mode=While Targets Remain Tonight, , Triggers: Trigger: CenterAfterDriftTrigger, DistanceArcMinutes: 1Trigger: WhenUnsafeCategory: Ground Station, Item: Failures to TelegramCategory: Connect, Item: ReconnectOnDownloadFailureTrigger: AutofocusAfterHFRIncreaseTrigger, Amount: 5Trigger: MeridianFlipTriggerCategory: Powerups (Misc), Item: DIYTriggerCategory: Ground Station, Item: Failures to PushoverTrigger: AutofocusAfterTemperatureChangeTrigger, Amount: 1.5°
2026-05-01T20:59:56.3699|INFO|WhenCommon.cs|SequenceBlockInitialize|204|Initialize; starting watchdog
2026-05-01T20:59:56.3716|INFO|WhenCommon.cs|ShouldTrigger|382|ShouldTrigger TRUE, setting TriggerRunner
2026-05-01T20:59:56.3739|INFO|SequenceTrigger.cs|Run|114|Starting Trigger: WhenUnsafe
2026-05-01T20:59:56.3849|INFO|WhenCommon.cs|Execute|395|Execute 0
2026-05-01T20:59:56.3852|INFO|WhenCommon.cs|Execute|409|When: running TriggerRunner, InFlight -> true, Triggered -> false
2026-05-01T20:59:56.3852|WARNING|WhenCommon.cs|CheckSlewing|263|CheckSlewing, WhenUnsafe = True, Connected = True, CanSlew = True, info.Slewing = False
2026-05-01T20:59:56.3854|INFO|SequenceItem.cs|Run|208|Starting Category: , Container: WhenPlugin.When.IfContainer, Strategy: SequentialStrategy, Items[CREATED]: 9
2026-05-01T20:59:56.3921|INFO|MeridianFlipTrigger.cs|ShouldTrigger|197|Meridian Flip - Telescope is at home position. Skip flip evaluation
2026-05-01T20:59:56.3945|INFO|SequenceItem.cs|Run|208|Starting Category: Ground Station, Item: Send to Telegram
2026-05-01T20:59:57.0687|INFO|SequenceItem.cs|Run|254|Finishing Category: Ground Station, Item: Send to Telegram
2026-05-01T20:59:57.0711|INFO|MeridianFlipTrigger.cs|ShouldTrigger|197|Meridian Flip - Telescope is at home position. Skip flip evaluation
2026-05-01T20:59:57.0716|INFO|SequenceItem.cs|Run|208|Starting Category: Ground Station, Item: Send to Pushover, Title: Unsafe
2026-05-01T20:59:57.2235|INFO|SequenceItem.cs|Run|254|Finishing Category: Ground Station, Item: Send to Pushover, Title: Unsafe
2026-05-01T20:59:57.2246|INFO|MeridianFlipTrigger.cs|ShouldTrigger|197|Meridian Flip - Telescope is at home position. Skip flip evaluation
2026-05-01T20:59:57.2248|INFO|SequenceItem.cs|Run|208|Starting Category: Telescope, Item: FindHome
2026-05-01T20:59:57.2307|INFO|PHD2Guider.cs|StopGuiding|704|Phd2 - Stop Guiding skipped, as the app is already in state Stopped
2026-05-01T20:59:57.2312|INFO|TelescopeVM.cs|FindHome|292|Mount ordered to locate home position
2026-05-01T20:59:57.2321|INFO|TelescopeVM.cs|FindHome|336|Mount ordered to home but it is already at home
2026-05-01T20:59:57.2322|INFO|TelescopeVM.cs|FindHome|348|Mount has located its home position
2026-05-01T20:59:57.2325|INFO|SequenceItem.cs|Run|254|Finishing Category: Telescope, Item: FindHome
2026-05-01T20:59:57.2332|INFO|MeridianFlipTrigger.cs|ShouldTrigger|197|Meridian Flip - Telescope is at home position. Skip flip evaluation
2026-05-01T20:59:57.2342|INFO|SequenceItem.cs|Run|208|Starting Category: Guider, Item: StopGuiding
2026-05-01T20:59:57.2398|INFO|PHD2Guider.cs|StopGuiding|704|Phd2 - Stop Guiding skipped, as the app is already in state Stopped
2026-05-01T20:59:57.2400|INFO|SequenceItem.cs|Run|254|Finishing Category: Guider, Item: StopGuiding
2026-05-01T20:59:57.2551|INFO|MeridianFlipTrigger.cs|ShouldTrigger|197|Meridian Flip - Telescope is at home position. Skip flip evaluation
2026-05-01T20:59:57.2567|INFO|SequenceItem.cs|Run|208|Starting Category: Connect, Item: DisconnectEquipment, Selected device: Safety Monitor
2026-05-01T20:59:57.3410|INFO|AscomDevice.cs|Disconnect|378|Disconnecting from ASCOM.GenericFile.SafetyMonitor Generic File driver
2026-05-01T20:59:57.3678|INFO|SafetyMonitorVM.cs|Disconnect|221|Disconnected Safety Monitor
2026-05-01T20:59:57.3681|INFO|SequenceItem.cs|Run|254|Finishing Category: Connect, Item: DisconnectEquipment, Selected device: Safety Monitor
2026-05-01T20:59:57.3688|INFO|MeridianFlipTrigger.cs|ShouldTrigger|197|Meridian Flip - Telescope is at home position. Skip flip evaluation
2026-05-01T20:59:57.3695|INFO|SequenceItem.cs|Run|208|Starting Category: Utility, Item: WaitForTimeSpan, Time: 60s
2026-05-01T21:00:57.4441|INFO|SequenceItem.cs|Run|254|Finishing Category: Utility, Item: WaitForTimeSpan, Time: 60s
2026-05-01T21:00:57.4450|INFO|MeridianFlipTrigger.cs|ShouldTrigger|197|Meridian Flip - Telescope is at home position. Skip flip evaluation
2026-05-01T21:00:57.4464|INFO|SequenceItem.cs|Run|208|Starting Category: Connect, Item: ConnectEquipment, Selected device: Safety Monitor, Selected device id: ASCOM.GenericFile.SafetyMonitor
2026-05-01T21:00:59.4537|INFO|SafetyMonitorChooserVM.cs|GetEquipment|71|Found 0 Alpaca Safety Monitors
2026-05-01T21:00:59.4715|INFO|SafetyMonitorVM.cs|Disconnect|221|Disconnected Safety Monitor
2026-05-01T21:00:59.5536|INFO|SafetyMonitorVM.cs|Connect|175|Successfully connected Safety Monitor. Id: ASCOM.GenericFile.SafetyMonitor Name: Generic File driver DisplayName: Generic File driver (ASCOM) Driver Version: 6.4
2026-05-01T21:00:59.5540|INFO|SequenceItem.cs|Run|254|Finishing Category: Connect, Item: ConnectEquipment, Selected device: Safety Monitor, Selected device id: ASCOM.GenericFile.SafetyMonitor
2026-05-01T21:00:59.5544|INFO|MeridianFlipTrigger.cs|ShouldTrigger|197|Meridian Flip - Telescope is at home position. Skip flip evaluation
2026-05-01T21:00:59.5544|INFO|SequenceItem.cs|Run|208|Starting Category: Utility, Item: WaitForTimeSpan, Time: 60s
2026-05-01T21:01:01.5546|INFO|SafetyMonitorVM.cs|UpdateMonitorValues|95|SafetyMonitorInfo state changed to Unsafe
2026-05-01T21:01:59.6224|INFO|SequenceItem.cs|Run|254|Finishing Category: Utility, Item: WaitForTimeSpan, Time: 60s
2026-05-01T21:01:59.6230|INFO|MeridianFlipTrigger.cs|ShouldTrigger|197|Meridian Flip - Telescope is at home position. Skip flip evaluation
2026-05-01T21:01:59.6234|INFO|SequenceItem.cs|Run|208|Starting Category: Powerups (Safety), Item: OnceSafe
2026-05-02T06:25:17.9348|INFO|TimeCondition.cs|Check|254|TimeCondition finished.
2026-05-02T06:25:17.9352|INFO|TimeCondition.cs|InterruptWhenTimeIsUp|63|Time limit exceeded - Interrupting current Instruction Set
2026-05-02T06:25:17.9442|INFO|WhenCommon.cs|Execute|425|When: Execute done; InFlight -> false, Triggered false
2026-05-02T06:25:17.9456|INFO|MeridianFlipTrigger.cs|ShouldTrigger|197|Meridian Flip - Telescope is at home position. Skip flip evaluation
2026-05-02T06:25:17.9461|INFO|SequenceItem.cs|Run|208|Starting Category: Utility, Item: WaitForTime, Time: 20:59:18h, Offset: -15
2026-05-02T06:25:17.9494|INFO|WhenCommon.cs|SequenceBlockTeardown|198|Teardown; shutting down watchdog
2026-05-02T06:25:17.9505|INFO|SequenceItem.cs|Run|254|Finishing Category: * Instruction Set *, Container: NINA.Sequencer.Container.SequentialContainer, Strategy: SequentialStrategy, Items[CREATED]: 12, Conditions: Condition: TimeCondition, Time: 6:25:17h, Condition: TargetSchedulerCondition mode=While Targets Remain Tonight, , Triggers: Trigger: CenterAfterDriftTrigger, DistanceArcMinutes: 1Trigger: WhenUnsafeCategory: Ground Station, Item: Failures to TelegramCategory: Connect, Item: ReconnectOnDownloadFailureTrigger: AutofocusAfterHFRIncreaseTrigger, Amount: 5Trigger: MeridianFlipTriggerCategory: Powerups (Misc), Item: DIYTriggerCategory: Ground Station, Item: Failures to PushoverTrigger: AutofocusAfterTemperatureChangeTrigger, Amount: 1.5°
2026-05-02T06:25:17.9508|INFO|SequenceItem.cs|Run|254|Finishing Category: * Instruction Set *, Container: NINA.Sequencer.Container.TargetAreaContainer, Strategy: SequentialStrategy, Items[FINISHED]: 1
2026-05-02T06:25:17.9514|INFO|SequenceItem.cs|Run|208|Starting Category: * Instruction Set *, Container: NINA.Sequencer.Container.EndAreaContainer, Strategy: SequentialStrategy, Items[CREATED]: 9
2026-05-02T06:25:17.9520|INFO|SequenceItem.cs|Run|208|Starting Category: Telescope, Item: FindHome
2026-05-02T06:25:17.9579|INFO|PHD2Guider.cs|StopGuiding|704|Phd2 - Stop Guiding skipped, as the app is already in state Stopped
2026-05-02T06:25:17.9581|INFO|TelescopeVM.cs|FindHome|292|Mount ordered to locate home position
2026-05-02T06:25:17.9586|INFO|TelescopeVM.cs|FindHome|336|Mount ordered to home but it is already at home
2026-05-02T06:25:17.9587|INFO|TelescopeVM.cs|FindHome|348|Mount has located its home position
2026-05-02T06:25:17.9713|INFO|SequenceItem.cs|Run|254|Finishing Category: Telescope, Item: FindHome
2026-05-02T06:25:17.9721|INFO|SequenceItem.cs|Run|208|Starting Night Summary - End Session
2026-05-02T06:25:17.9743|INFO|NightSummaryEndInstruction.cs|Execute|28|NightSummary: End Session instruction executing
2026-05-02T06:25:32.9835|WARNING|SessionService.cs|EndSession|172|NightSummary: EndSession called but no active session — nothing to do
2026-05-02T06:25:32.9836|INFO|NightSummaryEndInstruction.cs|Execute|39|NightSummary: Session ended successfully
2026-05-02T06:25:32.9837|INFO|SequenceItem.cs|Run|254|Finishing Night Summary - End Session
2026-05-02T06:25:32.9844|INFO|SequenceItem.cs|Run|208|Starting [EndSubframesSession]
2026-05-02T06:25:32.9870|WARNING|EndSessionItem.cs|Execute|50|[Subframes] EndSessionItem: no active session to end.
2026-05-02T06:25:32.9872|INFO|SequenceItem.cs|Run|254|Finishing [EndSubframesSession]
2026-05-02T06:25:32.9881|INFO|SequenceItem.cs|Run|208|Starting Category: Camera, Item: WarmCamera, Duration: 30
2026-05-02T06:25:32.9924|INFO|CameraVM.cs|WarmCamera|161|Warming Camera. Duration: 00:30:00
2026-05-02T06:57:41.4834|INFO|CameraVM.cs|WarmCamera|179|Could not reach warming temperature. Most likley due to ambient temperature being lower. Continuing...
2026-05-02T06:58:01.5639|INFO|CameraVM.cs|WarmCamera|186|Turning cooler off
2026-05-02T06:58:01.5666|INFO|SequenceItem.cs|Run|254|Finishing Category: Camera, Item: WarmCamera, Duration: 30
2026-05-02T06:58:01.5671|INFO|SequenceItem.cs|Run|208|Starting Category: Guider, Item: StopGuiding
2026-05-02T06:58:01.5728|INFO|PHD2Guider.cs|StopGuiding|704|Phd2 - Stop Guiding skipped, as the app is already in state Stopped
2026-05-02T06:58:01.5730|INFO|SequenceItem.cs|Run|254|Finishing Category: Guider, Item: StopGuiding
2026-05-02T06:58:01.5742|INFO|SequenceItem.cs|Run|208|Starting Category: Phd2 Tools, Item: ShutdownPhd2Instruction
2026-05-02T06:58:01.6114|INFO|SequenceItem.cs|Run|254|Finishing Category: Phd2 Tools, Item: ShutdownPhd2Instruction
2026-05-02T06:58:01.6124|INFO|SequenceItem.cs|Run|208|Starting Category: Connect, Item: DisconnectAllEquipment
2026-05-02T06:58:01.6159|WARNING|PHD2Client.cs|ReadEventsAsync|189|PHD2Client: Connection closed by server
2026-05-02T06:58:01.6160|INFO|DitherStatisticsVM.cs|OnPHD2ConnectionStatusChanged|737|PHD2 Connection Status: Connection lost
2026-05-02T06:58:01.6161|INFO|PHD2Client.cs|ReadEventsAsync|205|PHD2Client: Stopped reading events
2026-05-02T06:58:01.6684|INFO|CameraVM.cs|Disconnect|650|Disconnected Camera
2026-05-02T06:58:01.6690|INFO|AscomDevice.cs|Disconnect|378|Disconnecting from ASCOM.EFW2.FilterWheel ZWO FilterWheel
2026-05-02T06:58:01.6888|INFO|FilterWheelVM.cs|Disconnect|333|Disconnected Filter Wheel
2026-05-02T06:58:01.6942|INFO|AscomDevice.cs|Disconnect|378|Disconnecting from ASCOM.EAF.Focuser ZWO Focuser
2026-05-02T06:58:01.7495|INFO|FocuserVM.cs|Disconnect|441|Disconnected Focuser
2026-05-02T06:58:01.7500|INFO|DisconnectAllEquipment.cs|Execute|139|Rotator is already disconnected
2026-05-02T06:58:01.7536|INFO|AscomDevice.cs|Disconnect|378|Disconnecting from ASCOM.iOptron2017.Telescope iOptron CEM120,70,40,26, GEM, HEM, HAE, HAZ series and SkyHunter Mount
2026-05-02T06:58:01.7940|INFO|TelescopeVM.cs|Disconnect|740|Disconnected mount
2026-05-02T06:58:01.7946|INFO|DisconnectAllEquipment.cs|Execute|139|Guider is already disconnected
2026-05-02T06:58:01.7947|INFO|DisconnectAllEquipment.cs|Execute|139|Switch is already disconnected
2026-05-02T06:58:01.7947|INFO|DisconnectAllEquipment.cs|Execute|139|Flat Panel is already disconnected
2026-05-02T06:58:01.8040|INFO|AscomDevice.cs|Disconnect|378|Disconnecting from ASCOM.SkyAlert.ObservingConditions SkyAlert Observing Conditions
2026-05-02T06:58:01.8175|INFO|WeatherDataVM.cs|Disconnect|305|Disconnected Weather Device
2026-05-02T06:58:01.8179|INFO|DisconnectAllEquipment.cs|Execute|139|Dome is already disconnected
2026-05-02T06:58:01.8197|INFO|AscomDevice.cs|Disconnect|378|Disconnecting from ASCOM.GenericFile.SafetyMonitor Generic File driver
2026-05-02T06:58:01.8248|INFO|SafetyMonitorVM.cs|Disconnect|221|Disconnected Safety Monitor
2026-05-02T06:58:01.8253|INFO|SequenceItem.cs|Run|254|Finishing Category: Connect, Item: DisconnectAllEquipment
2026-05-02T06:58:01.8256|INFO|SequenceItem.cs|Run|208|Starting Category: Ground Station, Item: Send to Pushover, Title: Disconnected
2026-05-02T06:58:02.0160|INFO|SequenceItem.cs|Run|254|Finishing Category: Ground Station, Item: Send to Pushover, Title: Disconnected
2026-05-02T06:58:02.0163|INFO|SequenceItem.cs|Run|208|Starting Category: Ground Station, Item: Send to Telegram
2026-05-02T06:58:02.6776|INFO|SequenceItem.cs|Run|254|Finishing Category: Ground Station, Item: Send to Telegram
2026-05-02T06:58:02.6781|INFO|SequenceItem.cs|Run|254|Finishing Category: * Instruction Set *, Container: NINA.Sequencer.Container.EndAreaContainer, Strategy: SequentialStrategy, Items[FINISHED]: 9
2026-05-02T06:58:02.6784|INFO|SequenceItem.cs|Run|254|Finishing Category: * Instruction Set *, Container: NINA.Sequencer.Container.SequenceRootContainer, Strategy: SequentialStrategy, Items[FINISHED]: 3, Triggers: Category: Ground Station, Item: Failures to Telegram
2026-05-02T06:58:02.6796|INFO|Sequence2VM.cs|StartSequence|548|Advanced Sequence finished
2026-05-02T06:58:02.6807|INFO|WhenCommon.cs|InterruptWhen|350|Restarting sequence, Triggered -> true
2026-05-02T06:58:06.6341|INFO|PHD2Client.cs|ConnectAsync|102|PHD2Client: Connecting to PHD2 at 127.0.0.1:4400...
2026-05-02T06:58:08.6709|ERROR|PHD2Client.cs|ConnectAsync|132|PHD2Client: Connection failed: No connection could be made because the target machine actively refused it.
2026-05-02T08:49:54.0451|INFO|ApplicationVM.cs|Exit|244|Shutting down application - requested by user
2026-05-02T08:49:54.1446|INFO|ApplicationVM.cs|Closing|289|Application shutting down
2026-05-02T08:49:54.1858|INFO|DomeVM.cs|Disconnect|355|Disconnected Dome Device
2026-05-02T08:49:54.1904|INFO|FlatDeviceVM.cs|Disconnect|289|Disconnected Flat Device
2026-05-02T08:49:54.2084|INFO|CameraVM.cs|Disconnect|650|Disconnected Camera
2026-05-02T08:49:54.2090|INFO|TelescopeVM.cs|Disconnect|740|Disconnected mount
2026-05-02T08:49:54.2105|INFO|FilterWheelVM.cs|Disconnect|333|Disconnected Filter Wheel
2026-05-02T08:49:54.2109|INFO|FocuserVM.cs|Disconnect|441|Disconnected Focuser
2026-05-02T08:49:54.2163|INFO|RotatorVM.cs|Disconnect|447|Disconnected Rotator
2026-05-02T08:49:54.2201|INFO|SwitchVM.cs|Disconnect|309|Disconnected Switch
2026-05-02T08:49:54.2239|INFO|WeatherDataVM.cs|Disconnect|305|Disconnected Weather Device
2026-05-02T08:49:54.2241|INFO|SafetyMonitorVM.cs|Disconnect|221|Disconnected Safety Monitor
2026-05-02T08:49:54.9136|INFO|API.cs|StopWatchers|86|Stopping all event watchers
2026-05-02T08:49:54.9811|INFO|NightSummaryPlugin.cs|Teardown|377|NightSummary: Plugin torn down
2026-05-02T08:49:55.0363|INFO|Plugin.cs|Teardown|366|[Subframes] Plugin unloaded (primary instance).
