----------------------------------------------------------------------
--------------N.I.N.A. - Nighttime Imaging 'N' Astronomy--------------
--------------------------Version 3.2.0.9001--------------------------
-------------------------2026-05-05T10:53:26--------------------------
----------------------------------------------------------------------
---------------------Microsoft Windows 10.0.19045---------------------
-------------------------OS Architecture X64--------------------------
-----------------------Process Architecture X64-----------------------
-----------------------------.NET 8.0.21------------------------------
----------------------------------------------------------------------
--------------------------Processor Count 4---------------------------
--------------------Total Physical Memory 7.84 GB---------------------
----------------------------------------------------------------------
DATE|LEVEL|SOURCE|MEMBER|LINE|MESSAGE
2026-05-05T10:53:26.4286|INFO|App.xaml.cs|OnStartup|170|Launched with command line arguments: --sequencefile C:\Users\nicka\Astro\NINA\NINA_Sequences\TargetScheduler.json --runsequence
2026-05-05T10:53:30.5028|INFO|CameraChooserVM.cs|GetEquipment|69|Found 2 ASI Cameras
2026-05-05T10:53:30.7367|INFO|CameraChooserVM.cs|GetEquipment|84|Found 0 Altair Cameras
2026-05-05T10:53:30.9620|INFO|CameraChooserVM.cs|GetEquipment|96|Found 0 Atik Cameras
2026-05-05T10:53:31.0432|INFO|CameraChooserVM.cs|GetEquipment|110|Found 0 FLI Cameras
2026-05-05T10:53:32.3230|INFO|CameraChooserVM.cs|GetEquipment|130|Found 0 QHYCCD Cameras
2026-05-05T10:53:32.7829|INFO|CameraChooserVM.cs|GetEquipment|158|Found 0 ToupTek Cameras
2026-05-05T10:53:32.9074|INFO|CameraChooserVM.cs|GetEquipment|173|Found 0 Ogma Cameras
2026-05-05T10:53:33.0578|INFO|CameraChooserVM.cs|GetEquipment|188|Found 0 Omegon Cameras
2026-05-05T10:53:33.7216|INFO|CameraChooserVM.cs|GetEquipment|203|Found 0 RisingCam Cameras
2026-05-05T10:53:33.8679|INFO|CameraChooserVM.cs|GetEquipment|218|Found 0 MallinCam Cameras
2026-05-05T10:53:33.9783|INFO|CameraChooserVM.cs|GetEquipment|243|Found 0 SVBony Cameras
2026-05-05T10:53:33.9815|INFO|CameraChooserVM.cs|GetEquipment|259|Found 0 SBIG Cameras
2026-05-05T10:53:41.5240|INFO|API.cs|Start|99|Starting Webserver
2026-05-05T10:53:41.5254|INFO|API.cs|APITask|134|starting web server, listening at 172.19.6.111:1888
2026-05-05T10:53:41.7465|INFO|NINALogWatcher.cs|Start|33|watching log file: C:\Users\nicka\AppData\Local\NINA\Logs\20260505-105325-3.2.0.9001.12196-202605.log
2026-05-05T10:53:41.7630|INFO|PluginLoader.cs|LoadPlugin|402|Successfully loaded plugin Advanced API version 2.2.15.0 by Christian Palm
2026-05-05T10:53:41.7824|INFO|ApplicationVM.cs|CheckDiskInfo|100|Available Space on Drive C:\: 146.54 GB
2026-05-05T10:53:41.7889|INFO|ApplicationVM.cs|CheckDiskInfo|102|Drive E:\ is not ready
2026-05-05T10:53:41.7908|INFO|ApplicationVM.cs|CheckDiskInfo|100|Available Space on Drive G:\: 62.14 GB
2026-05-05T10:53:41.8006|INFO|ApplicationVM.cs|CheckDiskInfo|100|Available Space on Drive Z:\: 37.49 GB
2026-05-05T10:53:43.2501|INFO|ApplicationVM.cs|CheckASCOMPlatformVersion|81|ASCOM Platform 6.6.2.4195 installed
2026-05-05T10:53:43.2820|INFO|PluginLoader.cs|LoadPlugin|402|Successfully loaded plugin Autofocus Report Analysis version 2.0.0.9 by Stefan Berg @isbeorn
2026-05-05T10:53:43.5938|INFO|PluginLoader.cs|LoadPlugin|402|Successfully loaded plugin Connector version 2.1.0.2 by Stefan Berg @isbeorn
2026-05-05T10:53:43.8761|INFO|PluginLoader.cs|LoadPlugin|402|Successfully loaded plugin Device Actions and Commands version 2.2.0.0 by Dale Ghent
2026-05-05T10:53:45.1084|INFO|PluginLoader.cs|LoadPlugin|402|Successfully loaded plugin Discord Alert version 2.2.0.0 by Drew McDermott
2026-05-05T10:53:46.9929|INFO|PluginLoader.cs|LoadPlugin|402|Successfully loaded plugin Discord Notification version 2.0.0.10 by Daniel Ludwig
2026-05-05T10:53:49.2001|INFO|DitherStatisticsVM.cs|CreatePluginIcon|1483|Plugin icon geometry created successfully
2026-05-05T10:53:49.2274|INFO|DitherStatisticsVM.cs|LoadDataTemplates|1452|DitherStatistics DataTemplates loaded successfully
2026-05-05T10:53:49.2322|INFO|DitherStatisticsVM.cs|SaveQualityAssessmentSetting|387|Quality Assessment setting saved to file: True
2026-05-05T10:53:49.2324|INFO|DitherStatisticsVM.cs|LoadQualityAssessmentSetting|364|Quality Assessment setting loaded from file: True
2026-05-05T10:53:49.2463|INFO|DitherStatisticsVM.cs|SaveDitherOptimizerSetting|490|Dither Optimizer setting saved to file: False
2026-05-05T10:53:49.2464|INFO|DitherStatisticsVM.cs|LoadDitherOptimizerSetting|471|Dither Optimizer setting loaded from file: False
2026-05-05T10:53:49.2469|INFO|DitherStatisticsVM.cs|SubscribeToGuiderEvents|834|Subscribed to NINA guider events
2026-05-05T10:53:49.2511|ERROR|DitherStatisticsVM.cs|GetThemeColor|1437|Failed to get theme color 'PrimaryBrush': The calling thread cannot access this object because a different thread owns it.
2026-05-05T10:53:49.2513|INFO|DitherStatisticsVM.cs|StartThemeColorMonitoring|1329|Initial PrimaryBrush color: R:255 G:255 B:255
2026-05-05T10:53:49.2514|INFO|DitherStatisticsVM.cs|.ctor|96|DitherStatisticsVM initialized successfully with ScottPlot 4.1 (Lazy Loading)!
2026-05-05T10:53:49.2519|INFO|PluginLoader.cs|LoadPlugin|402|Successfully loaded plugin Dither Statistics version 1.3.0.0 by Thierry Tschanz
2026-05-05T10:53:49.2519|INFO|DitherStatisticsVM.cs|StartThemeColorMonitoring|1338|Theme color monitoring timer started on UI thread
2026-05-05T10:53:49.4688|INFO|PluginLoader.cs|LoadPlugin|402|Successfully loaded plugin Filter Offset Calculator version 2.0.0.0 by S. Dimant & Stefan Berg
2026-05-05T10:53:49.7409|INFO|DitherStatisticsVM.cs|OnThemeColorTimerTick|1357|Theme color CHANGED! Old: R:255 G:255 B:255 -> New: R:176 G:179 B:185
2026-05-05T10:53:49.7861|INFO|PluginLoader.cs|LoadPlugin|402|Successfully loaded plugin Flexure Correction version 0.8.0.0 by Francesco Meschia
2026-05-05T10:53:49.8489|INFO|DitherStatisticsVM.cs|PixelShiftPlot|136|PixelShiftPlot created (lazy loading)
2026-05-05T10:53:49.8792|INFO|DitherStatisticsVM.cs|SettleTimePlot|177|SettleTimePlot created (lazy loading)
2026-05-05T10:53:51.2516|INFO|DitherStatisticsVM.cs|ConnectToPHD2|708|Attempting to connect to PHD2...
2026-05-05T10:53:51.2533|INFO|PHD2Client.cs|ConnectAsync|102|PHD2Client: Connecting to PHD2 at 127.0.0.1:4400...
2026-05-05T10:53:53.2144|INFO|PluginLoader.cs|LoadPlugin|402|Successfully loaded plugin Ground Station version 3.0.0.117 by Dale Ghent
2026-05-05T10:53:53.2916|ERROR|PHD2Client.cs|ConnectAsync|132|PHD2Client: Connection failed: No connection could be made because the target machine actively refused it.
2026-05-05T10:53:53.2920|INFO|DitherStatisticsVM.cs|OnPHD2ConnectionStatusChanged|737|PHD2 Connection Status: Connection failed: No connection could be made because the target machine actively refused it.
2026-05-05T10:54:11.2746|INFO|PluginLoader.cs|LoadPlugin|402|Successfully loaded plugin Hocus Focus version 3.0.0.25 by George Hilios (jokogeo)
2026-05-05T10:54:12.2689|INFO|PluginLoader.cs|LoadPlugin|402|Successfully loaded plugin Horizon Creator version 1.1.2.1 by Christian Palm
2026-05-05T10:54:12.5436|INFO|PluginLoader.cs|LoadPlugin|402|Successfully loaded plugin Lightbucket version 2.2.4.0 by Lightbucket
2026-05-05T10:54:13.8429|INFO|PluginLoader.cs|LoadPlugin|402|Successfully loaded plugin Livestack version 1.1.3.0 by Stefan Berg @isbeorn
2026-05-05T10:54:14.1266|INFO|PluginLoader.cs|LoadPlugin|402|Successfully loaded plugin Log Viewer version 1.0.0.2 by Alexander Wrede @astro_alex80
2026-05-05T10:54:14.3913|INFO|PluginLoader.cs|LoadPlugin|402|Successfully loaded plugin Moon Angle version 2.2.0.0 by Dale Ghent
2026-05-05T10:54:15.0167|INFO|SessionDatabase.cs|.ctor|34|NightSummary: Database path: C:\Users\nicka\AppData\Local\NINA\NightSummary\nightsummary.sqlite
2026-05-05T10:54:15.0169|INFO|SessionDatabase.cs|.ctor|35|NightSummary: Database exists: True
2026-05-05T10:54:15.0615|INFO|SessionService.cs|.ctor|123|NightSummary: SessionService created — messageBroker=True
2026-05-05T10:54:15.2701|INFO|NightSummaryPlugin.cs|.ctor|358|NightSummary: Plugin initialized successfully
2026-05-05T10:54:15.2783|INFO|SessionDatabase.cs|.ctor|34|NightSummary: Database path: C:\Users\nicka\AppData\Local\NINA\NightSummary\nightsummary.sqlite
2026-05-05T10:54:15.2785|INFO|SessionDatabase.cs|.ctor|35|NightSummary: Database exists: True
2026-05-05T10:54:15.2943|INFO|SessionService.cs|.ctor|123|NightSummary: SessionService created — messageBroker=True
2026-05-05T10:54:15.2966|INFO|PluginLoader.cs|LoadPlugin|402|Successfully loaded plugin Night Summary version 3.0.0.0 by Evan Pegors
2026-05-05T10:54:15.7642|INFO|PluginLoader.cs|LoadPlugin|402|Successfully loaded plugin Phd2 Tools version 1.0.6.0 by Stefan Berg @isbeorn
2026-05-05T10:54:16.2064|INFO|PluginLoader.cs|LoadPlugin|402|Successfully loaded plugin PixInsight Tools version 1.0.0.3 by Stefan Berg
2026-05-05T10:54:17.3435|INFO|PluginLoader.cs|LoadPlugin|402|Successfully loaded plugin Point3D version 0.2.3.0 by Drew McDermott
2026-05-05T10:54:17.8202|INFO|StarfrontClient.cs|StartFolderWatcher|167|[Rockwood] Watching: C:\ASTROIMAGES\NINA\
2026-05-05T10:54:17.8237|INFO|PluginLoader.cs|LoadPlugin|402|Successfully loaded plugin Rockwood Starfront version 1.0.0.0 by Rockwood Observatory
2026-05-05T10:54:17.8237|INFO|StarfrontClient.cs|RunLoop|68|[Rockwood] connecting to wss://api.starfront.space:443/ws/scope?key=***
2026-05-05T10:54:18.0127|INFO|StarfrontClient.cs|RunLoop|71|[Rockwood] connected
2026-05-05T10:54:18.8909|INFO|PluginLoader.cs|LoadPlugin|402|Successfully loaded plugin Scope Control version 2.0.2.1 by Stefan Berg @isbeorn
2026-05-05T10:54:21.5530|WARNING|When.cs|GetRunningItem|143|Can't get running items: SequencerNavigation not initialized yet!
2026-05-05T10:54:21.8204|INFO|PluginLoader.cs|LoadPlugin|402|Successfully loaded plugin Sequencer Powerups version 3.29.0.9 by Marc Blank
2026-05-05T10:54:22.9225|INFO|PluginLoader.cs|LoadPlugin|402|Successfully loaded plugin Session Metadata version 2.6.3.0 by Tom Palmer @tcpalmer
2026-05-05T10:54:23.0707|INFO|PluginLoader.cs|LoadPlugin|402|Successfully loaded plugin Shutdown PC version 2.2.0.0 by Dale Ghent
2026-05-05T10:54:23.4653|INFO|PluginLoader.cs|LoadPlugin|402|Successfully loaded plugin SkyFlats version 1.0.0.4 by Gerald Hitz (@photon)
2026-05-05T10:54:24.1523|INFO|PluginLoader.cs|LoadPlugin|402|Successfully loaded plugin Smart Filters version 1.0.0.3 by Benoit SAINTOT
2026-05-05T10:54:26.0395|INFO|Plugin.cs|RunStationHeartbeatLoopAsync|861|[Subframes] TS not detected at startup - deferring first heartbeat to allow plugin load to complete.
2026-05-05T10:54:26.0459|INFO|SyncEngine.cs|Start|41|[Subframes] SyncEngine started.
2026-05-05T10:54:26.0480|INFO|CacheReplayEngine.cs|Start|101|[Subframes] CacheReplayEngine started.
2026-05-05T10:54:26.0515|INFO|Plugin.cs|.ctor|186|[Subframes] Plugin loaded (primary instance).
2026-05-05T10:54:26.0559|WARNING|Plugin.cs|OnImportsSatisfied|219|[Subframes] Sequence event subscription deferred - SequenceMediator internals not yet initialized.
2026-05-05T10:54:26.0623|WARNING|Plugin.cs|.ctor|127|[Subframes] Duplicate plugin instance created by MEF - proxying to primary to prevent duplicate sessions/sync.
2026-05-05T10:54:26.0645|INFO|PluginLoader.cs|LoadPlugin|402|Successfully loaded plugin Subframes version 0.4.0.0 by Subframes
2026-05-05T10:54:26.5626|WARNING|When.cs|GetRunningItem|143|Can't get running items: SequencerNavigation not initialized yet!
2026-05-05T10:54:26.9196|INFO|PluginLoader.cs|LoadPlugin|402|Successfully loaded plugin Target Planning version 3.2.1.0 by Tom Palmer @tcpalmer
2026-05-05T10:54:31.5644|WARNING|When.cs|GetRunningItem|143|Can't get running items: SequencerNavigation not initialized yet!
2026-05-05T10:54:34.1545|INFO|PluginLoader.cs|LoadPlugin|402|Successfully loaded plugin Target Scheduler version 5.9.0.0 by Tom Palmer @tcpalmer
2026-05-05T10:54:34.8960|INFO|PluginLoader.cs|LoadPlugin|402|Successfully loaded plugin Three Point Polar Alignment version 2.2.5.1 by Stefan Berg @isbeorn
2026-05-05T10:54:36.5667|WARNING|When.cs|GetRunningItem|143|Can't get running items: SequencerNavigation not initialized yet!
2026-05-05T10:54:37.9263|INFO|SessionHistoryManager.cs|PurgeHistoryOlderThan|102|purging web session history older than 10 days
2026-05-05T10:54:37.9870|INFO|PluginLoader.cs|LoadPlugin|402|Successfully loaded plugin Web Session History Viewer version 2.2.1.0 by Tom Palmer @tcpalmer
2026-05-05T10:54:38.6067|INFO|PluginFetcher.cs|RequestAll|43|Fetching plugin manifests from https://nighttime-imaging.eu/wp-json/nina/v1/plugins/manifests
2026-05-05T10:54:38.6394|INFO|RotatorChooserVM.cs|GetEquipment|45|Found 1 Networked Rotator Rotators
2026-05-05T10:54:39.2082|INFO|FilterWheelChooserVM.cs|GetEquipment|167|Found 1 Networked Filter Wheel Filter Wheels
2026-05-05T10:54:39.2364|INFO|Sequence2VM.cs|TryLoadSequenceFile|414|Loading sequence file: C:\Users\nicka\Astro\NINA\NINA_Sequences\TargetScheduler.json
2026-05-05T10:54:39.3992|INFO|CameraChooserVM.cs|GetEquipment|279|Found 0 SVBony Cameras
2026-05-05T10:54:39.5047|INFO|CameraChooserVM.cs|GetEquipment|279|Found 0 PlayerOne Cameras
2026-05-05T10:54:39.5744|INFO|CameraChooserVM.cs|GetEquipment|279|Found 0 ASTPAN Cameras
2026-05-05T10:54:39.5763|INFO|CameraChooserVM.cs|GetEquipment|293|Found 4 ASCOM Cameras
2026-05-05T10:54:39.9542|INFO|Sequence2VM.cs|TryLoadSequenceFile|420|Starting sequence from command line options
2026-05-05T10:54:39.9576|INFO|Sequence2VM.cs|StartSequence|543|Advanced Sequence starting
2026-05-05T10:54:41.1237|INFO|SwitchChooserVM.cs|GetEquipment|71|Found 0 Alpaca Switch Hubs
2026-05-05T10:54:41.6710|INFO|PluginFetcher.cs|RequestAll|57|Found 78 valid plugins at https://nighttime-imaging.eu/wp-json/nina/v1/plugins/manifests
2026-05-05T10:54:41.6800|INFO|Plugin.cs|TrySubscribeSequenceEvents|245|[Subframes] ISequenceMediator.SequenceStarted not present in this NINA build - session will open on first captured image instead.
2026-05-05T10:54:41.6803|INFO|Plugin.cs|RetrySubscribeSequenceEventsAsync|281|[Subframes] Deferred sequence event subscription succeeded after 14s.
2026-05-05T10:54:41.6836|INFO|WeatherDataChooserVM.cs|GetEquipment|69|Found 0 Alpaca Observing Conditions
2026-05-05T10:54:41.7462|INFO|SequenceItem.cs|Run|208|Starting Category: * Instruction Set *, Container: NINA.Sequencer.Container.SequenceRootContainer, Strategy: SequentialStrategy, Items[CREATED]: 3, Triggers: Category: Ground Station, Item: Failures to Telegram
2026-05-05T10:54:41.7557|INFO|SequenceItem.cs|Run|208|Starting Category: * Instruction Set *, Container: NINA.Sequencer.Container.StartAreaContainer, Strategy: SequentialStrategy, Items[CREATED]: 1
2026-05-05T10:54:41.7565|INFO|SequenceItem.cs|Run|208|Starting Category: * Instruction Set *, Container: NINA.Sequencer.Container.SequentialContainer, Strategy: SequentialStrategy, Items[CREATED]: 10
2026-05-05T10:54:41.7571|INFO|SequenceItem.cs|Run|208|Starting Category: Ground Station, Item: Send to Pushover, Title: Start
2026-05-05T10:54:41.7937|INFO|DomeChooserVM.cs|GetEquipment|67|Found 0 Alpaca Domes
2026-05-05T10:54:41.7954|INFO|FlatDeviceChooserVM.cs|GetEquipment|67|Found 0 Alpaca Cover Calibrators
2026-05-05T10:54:41.8039|INFO|SafetyMonitorChooserVM.cs|GetEquipment|71|Found 0 Alpaca Safety Monitors
2026-05-05T10:54:41.8056|INFO|FilterWheelChooserVM.cs|GetEquipment|193|Found 0 Alpaca Filter Wheels
2026-05-05T10:54:41.8073|INFO|TelescopeChooserVM.cs|GetEquipment|69|Found 0 Alpaca Telescopes
2026-05-05T10:54:41.8085|INFO|RotatorChooserVM.cs|GetEquipment|68|Found 0 Alpaca Rotators
2026-05-05T10:54:41.8109|INFO|CameraChooserVM.cs|GetEquipment|305|Found 0 Alpaca Cameras
2026-05-05T10:54:41.8164|INFO|CameraChooserVM.cs|GetEquipment|318|Found 0 Canon Cameras
2026-05-05T10:54:41.9659|INFO|DockManagerVM.cs|InitializeAvalonDockLayout|366|Initializing imaging tab layout from C:\Users\nicka\AppData\Local\NINA\Profiles\0173997c-4bfa-48fd-9337-a48b6df99c38.dock.config
2026-05-05T10:54:42.0329|INFO|SequenceItem.cs|Run|254|Finishing Category: Ground Station, Item: Send to Pushover, Title: Start
2026-05-05T10:54:42.3403|INFO|SequenceItem.cs|Run|208|Starting Category: Utility, Item: WaitForTime, Time: 19:56:52h, Offset: -80
2026-05-05T10:54:42.9857|INFO|FocuserChooserVM.cs|GetEquipment|84|Found 0 Alpaca Focusers
2026-05-05T10:55:33.1561|INFO|TargetSchedulerDetector.cs|DoProbeAsync|177|[Subframes] TargetSchedulerDetector: state no_api → active
2026-05-05T10:55:33.1565|INFO|Plugin.cs|OnTsStateChanged|843|[Subframes] TS state → active: firing immediate station heartbeat.
2026-05-05T19:57:25.2621|INFO|SequenceItem.cs|Run|254|Finishing Category: Utility, Item: WaitForTime, Time: 19:57:43h, Offset: -80
2026-05-05T19:57:25.2647|INFO|SequenceItem.cs|Run|208|Starting Category: Ground Station, Item: Send to Telegram
2026-05-05T19:57:26.1407|INFO|SequenceItem.cs|Run|254|Finishing Category: Ground Station, Item: Send to Telegram
2026-05-05T19:57:26.1411|INFO|SequenceItem.cs|Run|208|Starting Category: Ground Station, Item: Send to Pushover, Title: Configure Equipment
2026-05-05T19:57:26.3020|INFO|SequenceItem.cs|Run|254|Finishing Category: Ground Station, Item: Send to Pushover, Title: Configure Equipment
2026-05-05T19:57:26.3035|INFO|SequenceItem.cs|Run|208|Starting Category: Connect, Item: ConnectAllEquipment
2026-05-05T19:57:26.3332|INFO|CameraChooserVM.cs|GetEquipment|69|Found 2 ASI Cameras
2026-05-05T19:57:26.4132|INFO|CameraChooserVM.cs|GetEquipment|84|Found 0 Altair Cameras
2026-05-05T19:57:26.4486|INFO|CameraChooserVM.cs|GetEquipment|96|Found 0 Atik Cameras
2026-05-05T19:57:26.4494|INFO|CameraChooserVM.cs|GetEquipment|110|Found 0 FLI Cameras
2026-05-05T19:57:26.4497|INFO|CameraChooserVM.cs|GetEquipment|130|Found 0 QHYCCD Cameras
2026-05-05T19:57:26.6033|INFO|CameraChooserVM.cs|GetEquipment|158|Found 0 ToupTek Cameras
2026-05-05T19:57:26.6086|INFO|CameraChooserVM.cs|GetEquipment|173|Found 0 Ogma Cameras
2026-05-05T19:57:26.6224|INFO|CameraChooserVM.cs|GetEquipment|188|Found 0 Omegon Cameras
2026-05-05T19:57:26.7772|INFO|CameraChooserVM.cs|GetEquipment|203|Found 0 RisingCam Cameras
2026-05-05T19:57:26.7910|INFO|CameraChooserVM.cs|GetEquipment|218|Found 0 MallinCam Cameras
2026-05-05T19:57:26.7925|INFO|CameraChooserVM.cs|GetEquipment|243|Found 0 SVBony Cameras
2026-05-05T19:57:26.7949|INFO|CameraChooserVM.cs|GetEquipment|259|Found 0 SBIG Cameras
2026-05-05T19:57:26.7955|INFO|CameraChooserVM.cs|GetEquipment|279|Found 0 SVBony Cameras
2026-05-05T19:57:26.7958|INFO|CameraChooserVM.cs|GetEquipment|279|Found 0 PlayerOne Cameras
2026-05-05T19:57:26.8031|INFO|CameraChooserVM.cs|GetEquipment|279|Found 0 ASTPAN Cameras
2026-05-05T19:57:26.8039|INFO|CameraChooserVM.cs|GetEquipment|293|Found 4 ASCOM Cameras
2026-05-05T19:57:28.8053|INFO|CameraChooserVM.cs|GetEquipment|305|Found 0 Alpaca Cameras
2026-05-05T19:57:28.8189|INFO|CameraChooserVM.cs|GetEquipment|318|Found 0 Canon Cameras
2026-05-05T19:57:28.8721|INFO|CameraVM.cs|Disconnect|650|Disconnected Camera
2026-05-05T19:57:29.4656|WARNING|ASICamera.cs|SetControlValue|568|Failed to set ASI Control Value ASI_WB_B with value 50
2026-05-05T19:57:29.4658|WARNING|ASICamera.cs|SetControlValue|568|Failed to set ASI Control Value ASI_WB_R with value 50
2026-05-05T19:57:29.4658|WARNING|ASICamera.cs|SetControlValue|568|Failed to set ASI Control Value ASI_GAMMA with value 50
2026-05-05T19:57:29.4659|WARNING|ASICamera.cs|SetControlValue|568|Failed to set ASI Control Value ASI_HIGH_SPEED_MODE with value 0
2026-05-05T19:57:29.4660|WARNING|ASICamera.cs|SetControlValue|568|Failed to set ASI Control Value ASI_OVERCLOCK with value 0
2026-05-05T19:57:29.4660|WARNING|ASICamera.cs|SetControlValue|568|Failed to set ASI Control Value ASI_PATTERN_ADJUST with value 0
2026-05-05T19:57:29.4670|WARNING|ASICamera.cs|SetControlValue|568|Failed to set ASI Control Value ASI_MONO_BIN with value 0
2026-05-05T19:57:29.4682|INFO|ASICamera.cs|Initialize|664|Camera ID: ASI533MM
2026-05-05T19:57:29.4797|WARNING|ASICamera.cs|SetControlValue|568|Failed to set ASI Control Value ASI_ANTI_DEW_HEATER with value 0
2026-05-05T19:57:29.5391|INFO|CameraVM.cs|ChooseCamera|455|Successfully connected Camera. Id: ZWOptical_ZWO ASI533MM Pro_ASI533MM Name: ZWO ASI533MM Pro DisplayName: ZWO ASI533MM Pro (ASI533MM)Driver Version: 1, 39, 0, 0
2026-05-05T19:57:30.1357|INFO|FilterWheelChooserVM.cs|GetEquipment|167|Found 1 Networked Filter Wheel Filter Wheels
2026-05-05T19:57:32.1384|INFO|FilterWheelChooserVM.cs|GetEquipment|193|Found 0 Alpaca Filter Wheels
2026-05-05T19:57:32.1659|INFO|FilterWheelVM.cs|Disconnect|333|Disconnected Filter Wheel
2026-05-05T19:57:35.4607|INFO|FilterWheelVM.cs|ChooseFW|279|Successfully connected Filter Wheel. Id: ASCOM.EFW2.FilterWheel Name: ZWO FilterWheel DisplayName: ZWO FilterWheel (ASCOM) Driver Version: 6.0
2026-05-05T19:57:39.3572|INFO|FocuserChooserVM.cs|GetEquipment|84|Found 0 Alpaca Focusers
2026-05-05T19:57:39.3887|INFO|FocuserVM.cs|Disconnect|441|Disconnected Focuser
2026-05-05T19:57:41.1478|ERROR|AscomDevice.cs|GetProperty|546|An unexpected exception occurred during GET of Focuser.StepSize: 
ASCOM.DriverException: The method or operation is not implemented.
 ---> System.NotImplementedException: The method or operation is not implemented.
   --- End of inner exception stack trace ---
   at ASCOM.Com.DriverAccess.DynamicAccess.CheckDotNetExceptions(String memberName, Exception e) in J:\ASCOMLibrary\ASCOM.Com\ASCOM.Com.DriverAccess\BaseClass\DynamicAccess.cs:line 278
   at ASCOM.Com.DriverAccess.DynamicAccess.TryGetMember(GetMemberBinder binder, Object& result) in J:\ASCOMLibrary\ASCOM.Com\ASCOM.Com.DriverAccess\BaseClass\DynamicAccess.cs:line 150
   at CallSite.Target(Closure, CallSite, Object)
   at System.Dynamic.UpdateDelegates.UpdateAndExecute1[T0,TRet](CallSite site, T0 arg0)
   at ASCOM.Com.DriverAccess.Focuser.get_StepSize() in J:\ASCOMLibrary\ASCOM.Com\ASCOM.Com.DriverAccess\Focuser.cs:line 159
   at System.RuntimeMethodHandle.InvokeMethod(Object target, Void** arguments, Signature sig, Boolean isConstructor)
   at System.Reflection.MethodBaseInvoker.InvokeWithNoArgs(Object obj, BindingFlags invokeAttr)
2026-05-05T19:57:41.3580|INFO|AscomDevice.cs|GetProperty|485|Retrying to GET Focuser.StepSize - Attempt 2 / 3
2026-05-05T19:57:41.3611|ERROR|AscomDevice.cs|GetProperty|546|An unexpected exception occurred during GET of Focuser.StepSize: 
ASCOM.DriverException: The method or operation is not implemented.
 ---> System.NotImplementedException: The method or operation is not implemented.
   --- End of inner exception stack trace ---
   at ASCOM.Com.DriverAccess.DynamicAccess.CheckDotNetExceptions(String memberName, Exception e) in J:\ASCOMLibrary\ASCOM.Com\ASCOM.Com.DriverAccess\BaseClass\DynamicAccess.cs:line 278
   at ASCOM.Com.DriverAccess.DynamicAccess.TryGetMember(GetMemberBinder binder, Object& result) in J:\ASCOMLibrary\ASCOM.Com\ASCOM.Com.DriverAccess\BaseClass\DynamicAccess.cs:line 150
   at CallSite.Target(Closure, CallSite, Object)
   at ASCOM.Com.DriverAccess.Focuser.get_StepSize() in J:\ASCOMLibrary\ASCOM.Com\ASCOM.Com.DriverAccess\Focuser.cs:line 159
   at InvokeStub_Focuser.get_StepSize(Object, Object, IntPtr*)
   at System.Reflection.MethodBaseInvoker.InvokeWithNoArgs(Object obj, BindingFlags invokeAttr)
2026-05-05T19:57:41.5620|INFO|AscomDevice.cs|GetProperty|485|Retrying to GET Focuser.StepSize - Attempt 3 / 3
2026-05-05T19:57:41.5639|ERROR|AscomDevice.cs|GetProperty|546|An unexpected exception occurred during GET of Focuser.StepSize: 
ASCOM.DriverException: The method or operation is not implemented.
 ---> System.NotImplementedException: The method or operation is not implemented.
   --- End of inner exception stack trace ---
   at ASCOM.Com.DriverAccess.DynamicAccess.CheckDotNetExceptions(String memberName, Exception e) in J:\ASCOMLibrary\ASCOM.Com\ASCOM.Com.DriverAccess\BaseClass\DynamicAccess.cs:line 278
   at ASCOM.Com.DriverAccess.DynamicAccess.TryGetMember(GetMemberBinder binder, Object& result) in J:\ASCOMLibrary\ASCOM.Com\ASCOM.Com.DriverAccess\BaseClass\DynamicAccess.cs:line 150
   at CallSite.Target(Closure, CallSite, Object)
   at ASCOM.Com.DriverAccess.Focuser.get_StepSize() in J:\ASCOMLibrary\ASCOM.Com\ASCOM.Com.DriverAccess\Focuser.cs:line 159
   at InvokeStub_Focuser.get_StepSize(Object, Object, IntPtr*)
   at System.Reflection.MethodBaseInvoker.InvokeWithNoArgs(Object obj, BindingFlags invokeAttr)
2026-05-05T19:57:41.5648|INFO|AscomDevice.cs|GetProperty|556|GET Focuser.StepSize failed - Returning last known value 0
2026-05-05T19:57:41.8054|INFO|FocuserVM.cs|ChooseFocuser|333|Successfully connected Focuser. Id: ASCOM.EAF.Focuser Name: ZWO Focuser DisplayName: ZWO Focuser (ASCOM) Driver Version: 6.0
2026-05-05T19:57:43.8118|INFO|TelescopeChooserVM.cs|GetEquipment|69|Found 0 Alpaca Telescopes
2026-05-05T19:57:43.8607|INFO|TelescopeVM.cs|Disconnect|740|Disconnected mount
2026-05-05T19:57:46.6230|INFO|AscomTelescope.cs|CheckMountTime|845|Mount UTC Time: 2026-05-06 00:57:44Z / System UTC Time: 2026-05-06 00:57:46Z; Difference: 1.732 seconds
2026-05-05T19:57:46.6757|INFO|AscomTelescope.cs|CheckMountTime|852|System time has been synced to the mount
2026-05-05T19:57:46.8914|INFO|TelescopeVM.cs|ChooseTelescope|535|Successfully connected mount. Id: ASCOM.iOptron2017.Telescope Name: iOptron CEM120,70,40,26, GEM, HEM, HAE, HAZ series and SkyHunter Mount DisplayName: iOptron CEM120,70,40,26, GEM, HEM, HAE, HAZ series and SkyHunter Mount (ASCOM) Driver Version: 9.15
2026-05-05T19:57:46.9053|INFO|PHD2Guider.cs|Connect|205|Connecting to PHD2 server at 127.0.0.1:4400
2026-05-05T19:57:52.5993|INFO|PHD2Client.cs|ConnectAsync|118|PHD2Client: Connected successfully!
2026-05-05T19:57:52.5994|INFO|DitherStatisticsVM.cs|OnPHD2ConnectionStatusChanged|734|PHD2 Connection Status: Connected
2026-05-05T19:57:52.5994|INFO|DitherStatisticsVM.cs|ConnectToPHD2|713|Successfully connected to PHD2!
2026-05-05T19:57:52.6009|INFO|PHD2Client.cs|ReadEventsAsync|181|PHD2Client: Started reading events
2026-05-05T19:57:52.6184|INFO|PHD2Client.cs|HandleVersion|366|PHD2Client: Connected to PHD2 version 2.6.14. (Message Protocol v1)
2026-05-05T19:57:52.6191|INFO|PHD2Client.cs|ProcessEvent|257|PHD2: CalibrationComplete
2026-05-05T19:57:52.6199|INFO|PHD2Client.cs|HandleAppState|376|PHD2Client: PHD2 AppState: Stopped
2026-05-05T19:57:54.2346|INFO|WeatherDataChooserVM.cs|GetEquipment|69|Found 0 Alpaca Observing Conditions
2026-05-05T19:57:54.2598|INFO|WeatherDataVM.cs|Disconnect|305|Disconnected Weather Device
2026-05-05T19:57:55.0560|INFO|AscomDevice.cs|GetProperty|527|Property ObservingConditions.SkyQuality GET is not implemented in this driver (SkyAlert Observing Conditions)
2026-05-05T19:57:55.0640|INFO|AscomDevice.cs|GetProperty|527|Property ObservingConditions.StarFWHM GET is not implemented in this driver (SkyAlert Observing Conditions)
2026-05-05T19:57:55.0779|INFO|WeatherDataVM.cs|ChooseWeatherData|150|Successfully connected Weather Device. Id: ASCOM.SkyAlert.ObservingConditions Name: SkyAlert Observing Conditions DisplayName: SkyAlert Observing Conditions (ASCOM) Driver Version: 1.7
2026-05-05T19:57:57.0808|INFO|SafetyMonitorChooserVM.cs|GetEquipment|71|Found 0 Alpaca Safety Monitors
2026-05-05T19:57:57.0989|INFO|SafetyMonitorVM.cs|Disconnect|221|Disconnected Safety Monitor
2026-05-05T19:57:57.7985|INFO|SafetyMonitorVM.cs|Connect|175|Successfully connected Safety Monitor. Id: ASCOM.GenericFile.SafetyMonitor Name: Generic File driver DisplayName: Generic File driver (ASCOM) Driver Version: 6.4
2026-05-05T19:57:57.7989|INFO|SequenceItem.cs|Run|254|Finishing Category: Connect, Item: ConnectAllEquipment
2026-05-05T19:57:57.7995|INFO|SequenceItem.cs|Run|208|Starting Category: Telescope, Item: FindHome
2026-05-05T19:57:57.8061|INFO|PHD2Guider.cs|StopGuiding|704|Phd2 - Stop Guiding skipped, as the app is already in state Stopped
2026-05-05T19:57:57.8080|INFO|TelescopeVM.cs|FindHome|292|Mount ordered to locate home position
2026-05-05T19:57:57.8106|INFO|TelescopeVM.cs|FindHome|336|Mount ordered to home but it is already at home
2026-05-05T19:57:57.8111|INFO|TelescopeVM.cs|FindHome|348|Mount has located its home position
2026-05-05T19:57:57.8122|INFO|SequenceItem.cs|Run|254|Finishing Category: Telescope, Item: FindHome
2026-05-05T19:57:57.8125|INFO|SequenceItem.cs|Run|208|Starting Category: Ground Station, Item: Send to Telegram
2026-05-05T19:57:58.5988|INFO|SequenceItem.cs|Run|254|Finishing Category: Ground Station, Item: Send to Telegram
2026-05-05T19:57:58.5994|INFO|SequenceItem.cs|Run|208|Starting Category: Ground Station, Item: Send to Pushover, Title: Cool
2026-05-05T19:57:58.7653|INFO|SequenceItem.cs|Run|254|Finishing Category: Ground Station, Item: Send to Pushover, Title: Cool
2026-05-05T19:57:58.7664|INFO|SequenceItem.cs|Run|208|Starting Category: Camera, Item: CoolCamera, Temperature: -5, Duration: 15
2026-05-05T19:57:58.7697|INFO|CameraVM.cs|CoolCamera|138|Cooling Camera. Target: -5 Duration: 00:15:00
2026-05-05T19:57:59.8032|INFO|SafetyMonitorVM.cs|UpdateMonitorValues|95|SafetyMonitorInfo state changed to Unsafe
2026-05-05T20:13:23.8930|INFO|SequenceItem.cs|Run|254|Finishing Category: Camera, Item: CoolCamera, Temperature: -5, Duration: 15
2026-05-05T20:13:23.8933|INFO|SequenceItem.cs|Run|208|Starting Category: Utility, Item: WaitForTime, Time: 21:2:43h, Offset: -15
2026-05-05T21:02:46.2062|INFO|SequenceItem.cs|Run|254|Finishing Category: Utility, Item: WaitForTime, Time: 21:2:43h, Offset: -15
2026-05-05T21:02:46.2171|INFO|SequenceItem.cs|Run|254|Finishing Category: * Instruction Set *, Container: NINA.Sequencer.Container.SequentialContainer, Strategy: SequentialStrategy, Items[FINISHED]: 10
2026-05-05T21:02:46.2177|INFO|SequenceItem.cs|Run|254|Finishing Category: * Instruction Set *, Container: NINA.Sequencer.Container.StartAreaContainer, Strategy: SequentialStrategy, Items[FINISHED]: 1
2026-05-05T21:02:46.2182|INFO|SequenceItem.cs|Run|208|Starting Category: * Instruction Set *, Container: NINA.Sequencer.Container.TargetAreaContainer, Strategy: SequentialStrategy, Items[CREATED]: 1
2026-05-05T21:02:46.2235|INFO|SequenceItem.cs|Run|208|Starting Category: * Instruction Set *, Container: NINA.Sequencer.Container.SequentialContainer, Strategy: SequentialStrategy, Items[CREATED]: 12, Conditions: Condition: TimeCondition, Time: 6:21:31h, Condition: TargetSchedulerCondition mode=While Targets Remain Tonight, , Triggers: Trigger: CenterAfterDriftTrigger, DistanceArcMinutes: 1Trigger: WhenUnsafeCategory: Ground Station, Item: Failures to TelegramCategory: Connect, Item: ReconnectOnDownloadFailureTrigger: AutofocusAfterHFRIncreaseTrigger, Amount: 5Trigger: MeridianFlipTriggerCategory: Powerups (Misc), Item: DIYTriggerCategory: Ground Station, Item: Failures to PushoverTrigger: AutofocusAfterTemperatureChangeTrigger, Amount: 1.5°
2026-05-05T21:02:46.2313|INFO|WhenCommon.cs|SequenceBlockInitialize|204|Initialize; starting watchdog
2026-05-05T21:02:46.2368|INFO|WhenUnsafe.cs|CheckSafe|77|IsSafe is now FALSE; connected = True, IsSafe = False
2026-05-05T21:02:46.2371|INFO|WhenCommon.cs|ShouldTrigger|378|ShouldTrigger TRUE from InterruptWhen, setting TriggerRunner
2026-05-05T21:02:46.2373|INFO|WhenCommon.cs|InterruptWhen|322|Interrupting current Instruction Set
2026-05-05T21:02:46.2403|INFO|WhenCommon.cs|InterruptWhen|332|Canceling sequence...
2026-05-05T21:02:47.2408|INFO|WhenCommon.cs|InterruptWhen|336|Delay 1000
2026-05-05T21:02:48.2416|INFO|WhenCommon.cs|InterruptWhen|336|Delay 1000
2026-05-05T21:02:49.2427|INFO|WhenCommon.cs|InterruptWhen|336|Delay 1000
2026-05-05T21:02:50.2441|INFO|WhenCommon.cs|InterruptWhen|336|Delay 1000
2026-05-05T21:02:51.2441|INFO|WhenCommon.cs|InterruptWhen|336|Delay 1000
2026-05-05T21:02:52.2442|INFO|WhenCommon.cs|InterruptWhen|336|Delay 1000
2026-05-05T21:02:53.2448|INFO|WhenCommon.cs|InterruptWhen|336|Delay 1000
2026-05-05T21:02:54.2448|INFO|WhenCommon.cs|InterruptWhen|336|Delay 1000
2026-05-05T21:02:55.2457|INFO|WhenCommon.cs|InterruptWhen|336|Delay 1000
2026-05-05T21:02:56.2463|INFO|WhenCommon.cs|InterruptWhen|336|Delay 1000
2026-05-05T21:02:57.2467|INFO|WhenCommon.cs|InterruptWhen|336|Delay 1000
2026-05-05T21:02:58.2472|INFO|WhenCommon.cs|InterruptWhen|336|Delay 1000
2026-05-05T21:02:59.2479|INFO|WhenCommon.cs|InterruptWhen|336|Delay 1000
2026-05-05T21:03:00.2487|INFO|WhenCommon.cs|InterruptWhen|336|Delay 1000
2026-05-05T21:03:01.2493|INFO|WhenCommon.cs|InterruptWhen|336|Delay 1000
2026-05-05T21:03:02.2493|INFO|WhenCommon.cs|InterruptWhen|336|Delay 1000
2026-05-05T21:03:03.2500|INFO|WhenCommon.cs|InterruptWhen|336|Delay 1000
2026-05-05T21:03:04.2504|INFO|WhenCommon.cs|InterruptWhen|336|Delay 1000
2026-05-05T21:03:05.2507|INFO|WhenCommon.cs|InterruptWhen|336|Delay 1000
2026-05-05T21:03:06.2510|INFO|WhenCommon.cs|InterruptWhen|336|Delay 1000
2026-05-05T21:03:07.2512|INFO|WhenCommon.cs|InterruptWhen|336|Delay 1000
2026-05-05T21:03:08.2512|INFO|WhenCommon.cs|InterruptWhen|336|Delay 1000
2026-05-05T21:03:09.2524|INFO|WhenCommon.cs|InterruptWhen|336|Delay 1000
2026-05-05T21:03:10.2522|INFO|WhenCommon.cs|InterruptWhen|336|Delay 1000
2026-05-05T21:03:11.2521|INFO|WhenCommon.cs|InterruptWhen|336|Delay 1000
2026-05-05T21:03:12.2526|INFO|WhenCommon.cs|InterruptWhen|336|Delay 1000
2026-05-05T21:03:13.2527|INFO|WhenCommon.cs|InterruptWhen|336|Delay 1000
2026-05-05T21:03:14.2528|INFO|WhenCommon.cs|InterruptWhen|336|Delay 1000
2026-05-05T21:03:14.5032|INFO|WhenCommon.cs|SequenceBlockTeardown|198|Teardown; shutting down watchdog
2026-05-05T21:03:14.5056|INFO|Sequencer.cs|Start|85|Sequence run was cancelled
2026-05-05T21:03:14.5235|INFO|Sequence2VM.cs|StartSequence|548|Advanced Sequence finished
2026-05-05T21:03:15.2664|INFO|WhenCommon.cs|InterruptWhen|339|Sequence no longer running
2026-05-05T21:03:15.2687|WARNING|WhenCommon.cs|CheckSlewing|263|CheckSlewing, WhenUnsafe = True, Connected = True, CanSlew = True, info.Slewing = False
2026-05-05T21:03:15.2708|INFO|Sequence2VM.cs|StartSequence|543|Advanced Sequence starting
2026-05-05T21:03:15.3226|INFO|SequenceItem.cs|Run|208|Starting Category: * Instruction Set *, Container: NINA.Sequencer.Container.SequenceRootContainer, Strategy: SequentialStrategy, Items[CREATED]: 3, Triggers: Category: Ground Station, Item: Failures to Telegram
2026-05-05T21:03:15.3229|INFO|SequenceItem.cs|Run|208|Starting Category: * Instruction Set *, Container: NINA.Sequencer.Container.StartAreaContainer, Strategy: SequentialStrategy, Items[FINISHED]: 1
2026-05-05T21:03:15.3230|INFO|SequenceItem.cs|Run|254|Finishing Category: * Instruction Set *, Container: NINA.Sequencer.Container.StartAreaContainer, Strategy: SequentialStrategy, Items[FINISHED]: 1
2026-05-05T21:03:15.3230|INFO|SequenceItem.cs|Run|208|Starting Category: * Instruction Set *, Container: NINA.Sequencer.Container.TargetAreaContainer, Strategy: SequentialStrategy, Items[CREATED]: 1
2026-05-05T21:03:15.3232|INFO|SequenceItem.cs|Run|208|Starting Category: * Instruction Set *, Container: NINA.Sequencer.Container.SequentialContainer, Strategy: SequentialStrategy, Items[CREATED]: 12, Conditions: Condition: TimeCondition, Time: 6:21:31h, Condition: TargetSchedulerCondition mode=While Targets Remain Tonight, , Triggers: Trigger: CenterAfterDriftTrigger, DistanceArcMinutes: 1Trigger: WhenUnsafeCategory: Ground Station, Item: Failures to TelegramCategory: Connect, Item: ReconnectOnDownloadFailureTrigger: AutofocusAfterHFRIncreaseTrigger, Amount: 5Trigger: MeridianFlipTriggerCategory: Powerups (Misc), Item: DIYTriggerCategory: Ground Station, Item: Failures to PushoverTrigger: AutofocusAfterTemperatureChangeTrigger, Amount: 1.5°
2026-05-05T21:03:15.3236|INFO|WhenCommon.cs|SequenceBlockInitialize|204|Initialize; starting watchdog
2026-05-05T21:03:15.3251|INFO|WhenCommon.cs|ShouldTrigger|382|ShouldTrigger TRUE, setting TriggerRunner
2026-05-05T21:03:15.3276|INFO|SequenceTrigger.cs|Run|114|Starting Trigger: WhenUnsafe
2026-05-05T21:03:15.3393|INFO|WhenCommon.cs|Execute|395|Execute 0
2026-05-05T21:03:15.3395|INFO|WhenCommon.cs|Execute|409|When: running TriggerRunner, InFlight -> true, Triggered -> false
2026-05-05T21:03:15.3396|WARNING|WhenCommon.cs|CheckSlewing|263|CheckSlewing, WhenUnsafe = True, Connected = True, CanSlew = True, info.Slewing = False
2026-05-05T21:03:15.3398|INFO|SequenceItem.cs|Run|208|Starting Category: , Container: WhenPlugin.When.IfContainer, Strategy: SequentialStrategy, Items[CREATED]: 9
2026-05-05T21:03:15.3709|INFO|MeridianFlipTrigger.cs|ShouldTrigger|197|Meridian Flip - Telescope is at home position. Skip flip evaluation
2026-05-05T21:03:15.3736|INFO|SequenceItem.cs|Run|208|Starting Category: Ground Station, Item: Send to Telegram
2026-05-05T21:03:16.2172|INFO|SequenceItem.cs|Run|254|Finishing Category: Ground Station, Item: Send to Telegram
2026-05-05T21:03:16.2203|INFO|MeridianFlipTrigger.cs|ShouldTrigger|197|Meridian Flip - Telescope is at home position. Skip flip evaluation
2026-05-05T21:03:16.2208|INFO|SequenceItem.cs|Run|208|Starting Category: Ground Station, Item: Send to Pushover, Title: Unsafe
2026-05-05T21:03:16.4676|INFO|SequenceItem.cs|Run|254|Finishing Category: Ground Station, Item: Send to Pushover, Title: Unsafe
2026-05-05T21:03:16.4683|INFO|MeridianFlipTrigger.cs|ShouldTrigger|197|Meridian Flip - Telescope is at home position. Skip flip evaluation
2026-05-05T21:03:16.4684|INFO|SequenceItem.cs|Run|208|Starting Category: Telescope, Item: FindHome
2026-05-05T21:03:16.4725|INFO|PHD2Guider.cs|StopGuiding|704|Phd2 - Stop Guiding skipped, as the app is already in state Stopped
2026-05-05T21:03:16.4727|INFO|TelescopeVM.cs|FindHome|292|Mount ordered to locate home position
2026-05-05T21:03:16.4731|INFO|TelescopeVM.cs|FindHome|336|Mount ordered to home but it is already at home
2026-05-05T21:03:16.4731|INFO|TelescopeVM.cs|FindHome|348|Mount has located its home position
2026-05-05T21:03:16.4733|INFO|SequenceItem.cs|Run|254|Finishing Category: Telescope, Item: FindHome
2026-05-05T21:03:16.4736|INFO|MeridianFlipTrigger.cs|ShouldTrigger|197|Meridian Flip - Telescope is at home position. Skip flip evaluation
2026-05-05T21:03:16.4741|INFO|SequenceItem.cs|Run|208|Starting Category: Guider, Item: StopGuiding
2026-05-05T21:03:16.4851|INFO|PHD2Guider.cs|StopGuiding|704|Phd2 - Stop Guiding skipped, as the app is already in state Stopped
2026-05-05T21:03:16.4852|INFO|SequenceItem.cs|Run|254|Finishing Category: Guider, Item: StopGuiding
2026-05-05T21:03:16.4856|INFO|MeridianFlipTrigger.cs|ShouldTrigger|197|Meridian Flip - Telescope is at home position. Skip flip evaluation
2026-05-05T21:03:16.4863|INFO|SequenceItem.cs|Run|208|Starting Category: Connect, Item: DisconnectEquipment, Selected device: Safety Monitor
2026-05-05T21:03:16.5714|INFO|AscomDevice.cs|Disconnect|378|Disconnecting from ASCOM.GenericFile.SafetyMonitor Generic File driver
2026-05-05T21:03:16.6000|INFO|SafetyMonitorVM.cs|Disconnect|221|Disconnected Safety Monitor
2026-05-05T21:03:16.6004|INFO|SequenceItem.cs|Run|254|Finishing Category: Connect, Item: DisconnectEquipment, Selected device: Safety Monitor
2026-05-05T21:03:16.6010|INFO|MeridianFlipTrigger.cs|ShouldTrigger|197|Meridian Flip - Telescope is at home position. Skip flip evaluation
2026-05-05T21:03:16.6017|INFO|SequenceItem.cs|Run|208|Starting Category: Utility, Item: WaitForTimeSpan, Time: 60s
2026-05-05T21:04:16.6601|INFO|SequenceItem.cs|Run|254|Finishing Category: Utility, Item: WaitForTimeSpan, Time: 60s
2026-05-05T21:04:16.6609|INFO|MeridianFlipTrigger.cs|ShouldTrigger|197|Meridian Flip - Telescope is at home position. Skip flip evaluation
2026-05-05T21:04:16.6623|INFO|SequenceItem.cs|Run|208|Starting Category: Connect, Item: ConnectEquipment, Selected device: Safety Monitor, Selected device id: ASCOM.GenericFile.SafetyMonitor
2026-05-05T21:04:18.6710|INFO|SafetyMonitorChooserVM.cs|GetEquipment|71|Found 0 Alpaca Safety Monitors
2026-05-05T21:04:18.7020|INFO|SafetyMonitorVM.cs|Disconnect|221|Disconnected Safety Monitor
2026-05-05T21:04:18.7794|INFO|SafetyMonitorVM.cs|Connect|175|Successfully connected Safety Monitor. Id: ASCOM.GenericFile.SafetyMonitor Name: Generic File driver DisplayName: Generic File driver (ASCOM) Driver Version: 6.4
2026-05-05T21:04:18.7798|INFO|SequenceItem.cs|Run|254|Finishing Category: Connect, Item: ConnectEquipment, Selected device: Safety Monitor, Selected device id: ASCOM.GenericFile.SafetyMonitor
2026-05-05T21:04:18.7802|INFO|MeridianFlipTrigger.cs|ShouldTrigger|197|Meridian Flip - Telescope is at home position. Skip flip evaluation
2026-05-05T21:04:18.7802|INFO|SequenceItem.cs|Run|208|Starting Category: Utility, Item: WaitForTimeSpan, Time: 60s
2026-05-05T21:04:20.7817|INFO|SafetyMonitorVM.cs|UpdateMonitorValues|95|SafetyMonitorInfo state changed to Unsafe
2026-05-05T21:05:18.8270|INFO|SequenceItem.cs|Run|254|Finishing Category: Utility, Item: WaitForTimeSpan, Time: 60s
2026-05-05T21:05:18.8282|INFO|MeridianFlipTrigger.cs|ShouldTrigger|197|Meridian Flip - Telescope is at home position. Skip flip evaluation
2026-05-05T21:05:18.8291|INFO|SequenceItem.cs|Run|208|Starting Category: Powerups (Safety), Item: OnceSafe
2026-05-05T21:27:31.0503|INFO|FrameCache.cs|PruneSynced|249|[Subframes] Pruned 1 synced frames older than 72h
2026-05-05T21:42:31.0480|INFO|FrameCache.cs|PruneSynced|249|[Subframes] Pruned 1 synced frames older than 72h
2026-05-05T21:52:31.0487|INFO|FrameCache.cs|PruneSynced|249|[Subframes] Pruned 1 synced frames older than 72h
2026-05-05T21:59:31.0490|INFO|FrameCache.cs|PruneSynced|249|[Subframes] Pruned 1 synced frames older than 72h
2026-05-05T22:04:31.0477|INFO|FrameCache.cs|PruneSynced|249|[Subframes] Pruned 1 synced frames older than 72h
2026-05-05T22:10:01.0488|INFO|FrameCache.cs|PruneSynced|249|[Subframes] Pruned 1 synced frames older than 72h
2026-05-05T22:15:01.0475|INFO|FrameCache.cs|PruneSynced|249|[Subframes] Pruned 1 synced frames older than 72h
2026-05-05T22:27:01.0476|INFO|FrameCache.cs|PruneSynced|249|[Subframes] Pruned 1 synced frames older than 72h
2026-05-05T22:37:01.0488|INFO|FrameCache.cs|PruneSynced|249|[Subframes] Pruned 1 synced frames older than 72h
2026-05-05T22:47:01.0481|INFO|FrameCache.cs|PruneSynced|249|[Subframes] Pruned 1 synced frames older than 72h
2026-05-05T22:57:01.0503|INFO|FrameCache.cs|PruneSynced|249|[Subframes] Pruned 1 synced frames older than 72h
2026-05-05T23:10:31.0487|INFO|FrameCache.cs|PruneSynced|249|[Subframes] Pruned 1 synced frames older than 72h
2026-05-05T23:20:31.0487|INFO|FrameCache.cs|PruneSynced|249|[Subframes] Pruned 1 synced frames older than 72h
2026-05-05T23:30:31.0484|INFO|FrameCache.cs|PruneSynced|249|[Subframes] Pruned 1 synced frames older than 72h
2026-05-05T23:40:31.0480|INFO|FrameCache.cs|PruneSynced|249|[Subframes] Pruned 1 synced frames older than 72h
2026-05-05T23:50:31.0482|INFO|FrameCache.cs|PruneSynced|249|[Subframes] Pruned 1 synced frames older than 72h
2026-05-06T00:01:01.0483|INFO|FrameCache.cs|PruneSynced|249|[Subframes] Pruned 1 synced frames older than 72h
2026-05-06T00:11:01.0474|INFO|FrameCache.cs|PruneSynced|249|[Subframes] Pruned 1 synced frames older than 72h
2026-05-06T00:45:01.0491|INFO|FrameCache.cs|PruneSynced|249|[Subframes] Pruned 1 synced frames older than 72h
2026-05-06T00:55:01.0480|INFO|FrameCache.cs|PruneSynced|249|[Subframes] Pruned 1 synced frames older than 72h
2026-05-06T01:05:01.0478|INFO|FrameCache.cs|PruneSynced|249|[Subframes] Pruned 1 synced frames older than 72h
2026-05-06T01:15:01.0484|INFO|FrameCache.cs|PruneSynced|249|[Subframes] Pruned 1 synced frames older than 72h
2026-05-06T01:25:01.0483|INFO|FrameCache.cs|PruneSynced|249|[Subframes] Pruned 1 synced frames older than 72h
2026-05-06T01:35:31.0482|INFO|FrameCache.cs|PruneSynced|249|[Subframes] Pruned 1 synced frames older than 72h
2026-05-06T01:45:31.0484|INFO|FrameCache.cs|PruneSynced|249|[Subframes] Pruned 1 synced frames older than 72h
2026-05-06T01:55:31.0489|INFO|FrameCache.cs|PruneSynced|249|[Subframes] Pruned 1 synced frames older than 72h
2026-05-06T02:05:31.0487|INFO|FrameCache.cs|PruneSynced|249|[Subframes] Pruned 1 synced frames older than 72h
2026-05-06T02:16:01.0482|INFO|FrameCache.cs|PruneSynced|249|[Subframes] Pruned 1 synced frames older than 72h
2026-05-06T02:26:01.0472|INFO|FrameCache.cs|PruneSynced|249|[Subframes] Pruned 1 synced frames older than 72h
2026-05-06T02:36:01.0476|INFO|FrameCache.cs|PruneSynced|249|[Subframes] Pruned 1 synced frames older than 72h
2026-05-06T02:46:01.0476|INFO|FrameCache.cs|PruneSynced|249|[Subframes] Pruned 1 synced frames older than 72h
2026-05-06T02:56:01.0483|INFO|FrameCache.cs|PruneSynced|249|[Subframes] Pruned 1 synced frames older than 72h
2026-05-06T03:07:01.0490|INFO|FrameCache.cs|PruneSynced|249|[Subframes] Pruned 1 synced frames older than 72h
2026-05-06T03:17:01.0484|INFO|FrameCache.cs|PruneSynced|249|[Subframes] Pruned 1 synced frames older than 72h
2026-05-06T03:30:01.0478|INFO|FrameCache.cs|PruneSynced|249|[Subframes] Pruned 1 synced frames older than 72h
2026-05-06T03:40:01.0494|INFO|FrameCache.cs|PruneSynced|249|[Subframes] Pruned 1 synced frames older than 72h
2026-05-06T03:50:01.0493|INFO|FrameCache.cs|PruneSynced|249|[Subframes] Pruned 1 synced frames older than 72h
2026-05-06T04:00:31.0494|INFO|FrameCache.cs|PruneSynced|249|[Subframes] Pruned 1 synced frames older than 72h
2026-05-06T04:05:31.0488|INFO|FrameCache.cs|PruneSynced|249|[Subframes] Pruned 1 synced frames older than 72h
2026-05-06T04:08:31.0482|INFO|FrameCache.cs|PruneSynced|249|[Subframes] Pruned 1 synced frames older than 72h
2026-05-06T04:11:31.0497|INFO|FrameCache.cs|PruneSynced|249|[Subframes] Pruned 1 synced frames older than 72h
2026-05-06T04:14:31.0482|INFO|FrameCache.cs|PruneSynced|249|[Subframes] Pruned 1 synced frames older than 72h
2026-05-06T04:18:01.0488|INFO|FrameCache.cs|PruneSynced|249|[Subframes] Pruned 1 synced frames older than 72h
2026-05-06T04:29:01.0486|INFO|FrameCache.cs|PruneSynced|249|[Subframes] Pruned 1 synced frames older than 72h
2026-05-06T04:34:31.0480|INFO|FrameCache.cs|PruneSynced|249|[Subframes] Pruned 1 synced frames older than 72h
2026-05-06T04:39:31.0478|INFO|FrameCache.cs|PruneSynced|249|[Subframes] Pruned 1 synced frames older than 72h
2026-05-06T04:44:31.0488|INFO|FrameCache.cs|PruneSynced|249|[Subframes] Pruned 1 synced frames older than 72h
2026-05-06T04:49:31.0486|INFO|FrameCache.cs|PruneSynced|249|[Subframes] Pruned 1 synced frames older than 72h
2026-05-06T04:54:31.0478|INFO|FrameCache.cs|PruneSynced|249|[Subframes] Pruned 1 synced frames older than 72h
2026-05-06T04:58:01.0487|INFO|FrameCache.cs|PruneSynced|249|[Subframes] Pruned 1 synced frames older than 72h
2026-05-06T06:21:31.4819|INFO|TimeCondition.cs|Check|254|TimeCondition finished.
2026-05-06T06:21:31.4823|INFO|TimeCondition.cs|InterruptWhenTimeIsUp|63|Time limit exceeded - Interrupting current Instruction Set
2026-05-06T06:21:31.4925|INFO|WhenCommon.cs|Execute|425|When: Execute done; InFlight -> false, Triggered false
2026-05-06T06:21:31.4953|INFO|MeridianFlipTrigger.cs|ShouldTrigger|197|Meridian Flip - Telescope is at home position. Skip flip evaluation
2026-05-06T06:21:31.4960|INFO|SequenceItem.cs|Run|208|Starting Category: Utility, Item: WaitForTime, Time: 21:2:43h, Offset: -15
2026-05-06T06:21:31.4995|INFO|WhenCommon.cs|SequenceBlockTeardown|198|Teardown; shutting down watchdog
2026-05-06T06:21:31.5001|INFO|SequenceItem.cs|Run|254|Finishing Category: * Instruction Set *, Container: NINA.Sequencer.Container.SequentialContainer, Strategy: SequentialStrategy, Items[CREATED]: 12, Conditions: Condition: TimeCondition, Time: 6:21:31h, Condition: TargetSchedulerCondition mode=While Targets Remain Tonight, , Triggers: Trigger: CenterAfterDriftTrigger, DistanceArcMinutes: 1Trigger: WhenUnsafeCategory: Ground Station, Item: Failures to TelegramCategory: Connect, Item: ReconnectOnDownloadFailureTrigger: AutofocusAfterHFRIncreaseTrigger, Amount: 5Trigger: MeridianFlipTriggerCategory: Powerups (Misc), Item: DIYTriggerCategory: Ground Station, Item: Failures to PushoverTrigger: AutofocusAfterTemperatureChangeTrigger, Amount: 1.5°
2026-05-06T06:21:31.5004|INFO|SequenceItem.cs|Run|254|Finishing Category: * Instruction Set *, Container: NINA.Sequencer.Container.TargetAreaContainer, Strategy: SequentialStrategy, Items[FINISHED]: 1
2026-05-06T06:21:31.5017|INFO|SequenceItem.cs|Run|208|Starting Category: * Instruction Set *, Container: NINA.Sequencer.Container.EndAreaContainer, Strategy: SequentialStrategy, Items[CREATED]: 9
2026-05-06T06:21:31.5026|INFO|SequenceItem.cs|Run|208|Starting Category: Telescope, Item: FindHome
2026-05-06T06:21:31.5063|INFO|PHD2Guider.cs|StopGuiding|704|Phd2 - Stop Guiding skipped, as the app is already in state Stopped
2026-05-06T06:21:31.5065|INFO|TelescopeVM.cs|FindHome|292|Mount ordered to locate home position
2026-05-06T06:21:31.5070|INFO|TelescopeVM.cs|FindHome|336|Mount ordered to home but it is already at home
2026-05-06T06:21:31.5070|INFO|TelescopeVM.cs|FindHome|348|Mount has located its home position
2026-05-06T06:21:31.5072|INFO|SequenceItem.cs|Run|254|Finishing Category: Telescope, Item: FindHome
2026-05-06T06:21:31.5081|INFO|SequenceItem.cs|Run|208|Starting Night Summary - End Session
2026-05-06T06:21:31.5101|INFO|NightSummaryEndInstruction.cs|Execute|28|NightSummary: End Session instruction executing
2026-05-06T06:21:46.5163|WARNING|SessionService.cs|EndSession|172|NightSummary: EndSession called but no active session — nothing to do
2026-05-06T06:21:46.5164|INFO|NightSummaryEndInstruction.cs|Execute|39|NightSummary: Session ended successfully
2026-05-06T06:21:46.5165|INFO|SequenceItem.cs|Run|254|Finishing Night Summary - End Session
2026-05-06T06:21:46.5170|INFO|SequenceItem.cs|Run|208|Starting [EndSubframesSession]
2026-05-06T06:21:46.5196|WARNING|EndSessionItem.cs|Execute|50|[Subframes] EndSessionItem: no active session to end.
2026-05-06T06:21:46.5197|INFO|SequenceItem.cs|Run|254|Finishing [EndSubframesSession]
2026-05-06T06:21:46.5205|INFO|SequenceItem.cs|Run|208|Starting Category: Camera, Item: WarmCamera, Duration: 30
2026-05-06T06:21:46.5236|INFO|CameraVM.cs|WarmCamera|161|Warming Camera. Duration: 00:30:00
2026-05-06T06:53:55.4132|INFO|CameraVM.cs|WarmCamera|179|Could not reach warming temperature. Most likley due to ambient temperature being lower. Continuing...
2026-05-06T06:54:15.4864|INFO|CameraVM.cs|WarmCamera|186|Turning cooler off
2026-05-06T06:54:15.4880|INFO|SequenceItem.cs|Run|254|Finishing Category: Camera, Item: WarmCamera, Duration: 30
2026-05-06T06:54:15.4882|INFO|SequenceItem.cs|Run|208|Starting Category: Guider, Item: StopGuiding
2026-05-06T06:54:15.4907|INFO|PHD2Guider.cs|StopGuiding|704|Phd2 - Stop Guiding skipped, as the app is already in state Stopped
2026-05-06T06:54:15.4908|INFO|SequenceItem.cs|Run|254|Finishing Category: Guider, Item: StopGuiding
2026-05-06T06:54:15.4915|INFO|SequenceItem.cs|Run|208|Starting Category: Phd2 Tools, Item: ShutdownPhd2Instruction
2026-05-06T06:54:15.5048|INFO|SequenceItem.cs|Run|254|Finishing Category: Phd2 Tools, Item: ShutdownPhd2Instruction
2026-05-06T06:54:15.5056|INFO|SequenceItem.cs|Run|208|Starting Category: Connect, Item: DisconnectAllEquipment
2026-05-06T06:54:15.5095|WARNING|PHD2Client.cs|ReadEventsAsync|189|PHD2Client: Connection closed by server
2026-05-06T06:54:15.5096|INFO|DitherStatisticsVM.cs|OnPHD2ConnectionStatusChanged|737|PHD2 Connection Status: Connection lost
2026-05-06T06:54:15.5096|INFO|PHD2Client.cs|ReadEventsAsync|205|PHD2Client: Stopped reading events
2026-05-06T06:54:15.5792|INFO|CameraVM.cs|Disconnect|650|Disconnected Camera
2026-05-06T06:54:15.5799|INFO|AscomDevice.cs|Disconnect|378|Disconnecting from ASCOM.EFW2.FilterWheel ZWO FilterWheel
2026-05-06T06:54:15.5955|INFO|FilterWheelVM.cs|Disconnect|333|Disconnected Filter Wheel
2026-05-06T06:54:15.5992|INFO|AscomDevice.cs|Disconnect|378|Disconnecting from ASCOM.EAF.Focuser ZWO Focuser
2026-05-06T06:54:15.6838|INFO|FocuserVM.cs|Disconnect|441|Disconnected Focuser
2026-05-06T06:54:15.6844|INFO|DisconnectAllEquipment.cs|Execute|139|Rotator is already disconnected
2026-05-06T06:54:15.6893|INFO|AscomDevice.cs|Disconnect|378|Disconnecting from ASCOM.iOptron2017.Telescope iOptron CEM120,70,40,26, GEM, HEM, HAE, HAZ series and SkyHunter Mount
2026-05-06T06:54:15.7231|INFO|TelescopeVM.cs|Disconnect|740|Disconnected mount
2026-05-06T06:54:15.7235|INFO|DisconnectAllEquipment.cs|Execute|139|Guider is already disconnected
2026-05-06T06:54:15.7236|INFO|DisconnectAllEquipment.cs|Execute|139|Switch is already disconnected
2026-05-06T06:54:15.7236|INFO|DisconnectAllEquipment.cs|Execute|139|Flat Panel is already disconnected
2026-05-06T06:54:15.7481|INFO|AscomDevice.cs|Disconnect|378|Disconnecting from ASCOM.SkyAlert.ObservingConditions SkyAlert Observing Conditions
2026-05-06T06:54:15.7680|INFO|WeatherDataVM.cs|Disconnect|305|Disconnected Weather Device
2026-05-06T06:54:15.7684|INFO|DisconnectAllEquipment.cs|Execute|139|Dome is already disconnected
2026-05-06T06:54:15.7706|INFO|AscomDevice.cs|Disconnect|378|Disconnecting from ASCOM.GenericFile.SafetyMonitor Generic File driver
2026-05-06T06:54:15.7789|INFO|SafetyMonitorVM.cs|Disconnect|221|Disconnected Safety Monitor
2026-05-06T06:54:15.7795|INFO|SequenceItem.cs|Run|254|Finishing Category: Connect, Item: DisconnectAllEquipment
2026-05-06T06:54:15.7798|INFO|SequenceItem.cs|Run|208|Starting Category: Ground Station, Item: Send to Pushover, Title: Disconnected
2026-05-06T06:54:15.9877|INFO|SequenceItem.cs|Run|254|Finishing Category: Ground Station, Item: Send to Pushover, Title: Disconnected
2026-05-06T06:54:15.9880|INFO|SequenceItem.cs|Run|208|Starting Category: Ground Station, Item: Send to Telegram
2026-05-06T06:54:16.6467|INFO|SequenceItem.cs|Run|254|Finishing Category: Ground Station, Item: Send to Telegram
2026-05-06T06:54:16.6472|INFO|SequenceItem.cs|Run|254|Finishing Category: * Instruction Set *, Container: NINA.Sequencer.Container.EndAreaContainer, Strategy: SequentialStrategy, Items[FINISHED]: 9
2026-05-06T06:54:16.6476|INFO|SequenceItem.cs|Run|254|Finishing Category: * Instruction Set *, Container: NINA.Sequencer.Container.SequenceRootContainer, Strategy: SequentialStrategy, Items[FINISHED]: 3, Triggers: Category: Ground Station, Item: Failures to Telegram
2026-05-06T06:54:16.6493|INFO|Sequence2VM.cs|StartSequence|548|Advanced Sequence finished
2026-05-06T06:54:16.6504|INFO|WhenCommon.cs|InterruptWhen|350|Restarting sequence, Triggered -> true
2026-05-06T06:54:20.5162|INFO|PHD2Client.cs|ConnectAsync|102|PHD2Client: Connecting to PHD2 at 127.0.0.1:4400...
2026-05-06T06:54:22.5529|ERROR|PHD2Client.cs|ConnectAsync|132|PHD2Client: Connection failed: No connection could be made because the target machine actively refused it.
2026-05-06T12:13:10.6459|INFO|ApplicationVM.cs|Exit|244|Shutting down application - requested by user
2026-05-06T12:13:10.7533|INFO|ApplicationVM.cs|Closing|289|Application shutting down
2026-05-06T12:13:10.7944|INFO|DomeVM.cs|Disconnect|355|Disconnected Dome Device
2026-05-06T12:13:10.7997|INFO|FlatDeviceVM.cs|Disconnect|289|Disconnected Flat Device
2026-05-06T12:13:10.8093|INFO|CameraVM.cs|Disconnect|650|Disconnected Camera
2026-05-06T12:13:10.8099|INFO|TelescopeVM.cs|Disconnect|740|Disconnected mount
2026-05-06T12:13:10.8114|INFO|FilterWheelVM.cs|Disconnect|333|Disconnected Filter Wheel
2026-05-06T12:13:10.8118|INFO|FocuserVM.cs|Disconnect|441|Disconnected Focuser
2026-05-06T12:13:10.8170|INFO|RotatorVM.cs|Disconnect|447|Disconnected Rotator
2026-05-06T12:13:10.8211|INFO|SwitchVM.cs|Disconnect|309|Disconnected Switch
2026-05-06T12:13:10.8251|INFO|WeatherDataVM.cs|Disconnect|305|Disconnected Weather Device
2026-05-06T12:13:10.8256|INFO|SafetyMonitorVM.cs|Disconnect|221|Disconnected Safety Monitor
2026-05-06T12:13:11.1077|INFO|API.cs|StopWatchers|86|Stopping all event watchers
2026-05-06T12:13:11.1477|INFO|NightSummaryPlugin.cs|Teardown|377|NightSummary: Plugin torn down
2026-05-06T12:13:11.2032|INFO|Plugin.cs|Teardown|379|[Subframes] Plugin unloaded (primary instance).
