----------------------------------------------------------------------
--------------N.I.N.A. - Nighttime Imaging 'N' Astronomy--------------
--------------------------Version 3.2.0.9001--------------------------
-------------------------2026-04-23T19:16:43--------------------------
----------------------------------------------------------------------
---------------------Microsoft Windows 10.0.19045---------------------
-------------------------OS Architecture X64--------------------------
-----------------------Process Architecture X64-----------------------
-----------------------------.NET 8.0.21------------------------------
----------------------------------------------------------------------
--------------------------Processor Count 4---------------------------
--------------------Total Physical Memory 7.84 GB---------------------
----------------------------------------------------------------------
DATE|LEVEL|SOURCE|MEMBER|LINE|MESSAGE
2026-04-23T19:16:43.5596|INFO|App.xaml.cs|OnStartup|170|Launched with command line arguments: --sequencefile C:\Users\nicka\Astro\NINA\NINA_Sequences\TargetScheduler.json --runsequence
2026-04-23T19:16:47.8643|INFO|CameraChooserVM.cs|GetEquipment|69|Found 2 ASI Cameras
2026-04-23T19:16:48.1022|INFO|CameraChooserVM.cs|GetEquipment|84|Found 0 Altair Cameras
2026-04-23T19:16:48.3228|INFO|CameraChooserVM.cs|GetEquipment|96|Found 0 Atik Cameras
2026-04-23T19:16:48.4121|INFO|CameraChooserVM.cs|GetEquipment|110|Found 0 FLI Cameras
2026-04-23T19:16:49.7173|INFO|CameraChooserVM.cs|GetEquipment|130|Found 0 QHYCCD Cameras
2026-04-23T19:16:50.1683|INFO|CameraChooserVM.cs|GetEquipment|158|Found 0 ToupTek Cameras
2026-04-23T19:16:50.2984|INFO|CameraChooserVM.cs|GetEquipment|173|Found 0 Ogma Cameras
2026-04-23T19:16:50.4428|INFO|CameraChooserVM.cs|GetEquipment|188|Found 0 Omegon Cameras
2026-04-23T19:16:51.0125|INFO|CameraChooserVM.cs|GetEquipment|203|Found 0 RisingCam Cameras
2026-04-23T19:16:51.2416|INFO|CameraChooserVM.cs|GetEquipment|218|Found 0 MallinCam Cameras
2026-04-23T19:16:51.3628|INFO|CameraChooserVM.cs|GetEquipment|243|Found 0 SVBony Cameras
2026-04-23T19:16:51.3659|INFO|CameraChooserVM.cs|GetEquipment|259|Found 0 SBIG Cameras
2026-04-23T19:16:59.0290|INFO|ApplicationVM.cs|CheckDiskInfo|100|Available Space on Drive C:\: 141.56 GB
2026-04-23T19:16:59.0355|INFO|ApplicationVM.cs|CheckDiskInfo|102|Drive E:\ is not ready
2026-04-23T19:16:59.0371|INFO|ApplicationVM.cs|CheckDiskInfo|100|Available Space on Drive G:\: 62.14 GB
2026-04-23T19:16:59.0468|INFO|ApplicationVM.cs|CheckDiskInfo|100|Available Space on Drive Z:\: 0 GB
2026-04-23T19:17:00.3703|INFO|ApplicationVM.cs|CheckASCOMPlatformVersion|81|ASCOM Platform 6.6.2.4195 installed
2026-04-23T19:17:00.8947|INFO|API.cs|Start|99|Starting Webserver
2026-04-23T19:17:00.8991|INFO|API.cs|APITask|134|starting web server, listening at 172.19.6.111:1888
2026-04-23T19:17:01.0760|INFO|NINALogWatcher.cs|Start|33|watching log file: C:\Users\nicka\AppData\Local\NINA\Logs\20260423-191642-3.2.0.9001.9936-202604.log
2026-04-23T19:17:01.1318|INFO|PluginLoader.cs|LoadPlugin|402|Successfully loaded plugin Advanced API version 2.2.15.0 by Christian Palm
2026-04-23T19:17:02.0710|INFO|PluginLoader.cs|LoadPlugin|402|Successfully loaded plugin Autofocus Report Analysis version 2.0.0.9 by Stefan Berg @isbeorn
2026-04-23T19:17:02.3841|INFO|PluginLoader.cs|LoadPlugin|402|Successfully loaded plugin Connector version 2.1.0.2 by Stefan Berg @isbeorn
2026-04-23T19:17:02.6244|INFO|PluginLoader.cs|LoadPlugin|402|Successfully loaded plugin Device Actions and Commands version 2.2.0.0 by Dale Ghent
2026-04-23T19:17:03.5654|INFO|PluginLoader.cs|LoadPlugin|402|Successfully loaded plugin Discord Alert version 2.2.0.0 by Drew McDermott
2026-04-23T19:17:05.4398|INFO|PluginLoader.cs|LoadPlugin|402|Successfully loaded plugin Discord Notification version 2.0.0.10 by Daniel Ludwig
2026-04-23T19:17:07.6512|INFO|DitherStatisticsVM.cs|CreatePluginIcon|1483|Plugin icon geometry created successfully
2026-04-23T19:17:07.6776|INFO|DitherStatisticsVM.cs|LoadDataTemplates|1452|DitherStatistics DataTemplates loaded successfully
2026-04-23T19:17:07.6830|INFO|DitherStatisticsVM.cs|SaveQualityAssessmentSetting|387|Quality Assessment setting saved to file: True
2026-04-23T19:17:07.6832|INFO|DitherStatisticsVM.cs|LoadQualityAssessmentSetting|364|Quality Assessment setting loaded from file: True
2026-04-23T19:17:07.6970|INFO|DitherStatisticsVM.cs|SaveDitherOptimizerSetting|490|Dither Optimizer setting saved to file: False
2026-04-23T19:17:07.6971|INFO|DitherStatisticsVM.cs|LoadDitherOptimizerSetting|471|Dither Optimizer setting loaded from file: False
2026-04-23T19:17:07.6975|INFO|DitherStatisticsVM.cs|SubscribeToGuiderEvents|834|Subscribed to NINA guider events
2026-04-23T19:17:07.7018|ERROR|DitherStatisticsVM.cs|GetThemeColor|1437|Failed to get theme color 'PrimaryBrush': The calling thread cannot access this object because a different thread owns it.
2026-04-23T19:17:07.7020|INFO|DitherStatisticsVM.cs|StartThemeColorMonitoring|1329|Initial PrimaryBrush color: R:255 G:255 B:255
2026-04-23T19:17:07.7021|INFO|DitherStatisticsVM.cs|.ctor|96|DitherStatisticsVM initialized successfully with ScottPlot 4.1 (Lazy Loading)!
2026-04-23T19:17:07.7026|INFO|DitherStatisticsVM.cs|StartThemeColorMonitoring|1338|Theme color monitoring timer started on UI thread
2026-04-23T19:17:07.7028|INFO|PluginLoader.cs|LoadPlugin|402|Successfully loaded plugin Dither Statistics version 1.3.0.0 by Thierry Tschanz
2026-04-23T19:17:07.9169|INFO|PluginLoader.cs|LoadPlugin|402|Successfully loaded plugin Filter Offset Calculator version 2.0.0.0 by S. Dimant & Stefan Berg
2026-04-23T19:17:08.1989|INFO|DitherStatisticsVM.cs|OnThemeColorTimerTick|1357|Theme color CHANGED! Old: R:255 G:255 B:255 -> New: R:176 G:179 B:185
2026-04-23T19:17:08.2355|INFO|PluginLoader.cs|LoadPlugin|402|Successfully loaded plugin Flexure Correction version 0.8.0.0 by Francesco Meschia
2026-04-23T19:17:08.3079|INFO|DitherStatisticsVM.cs|PixelShiftPlot|136|PixelShiftPlot created (lazy loading)
2026-04-23T19:17:08.3388|INFO|DitherStatisticsVM.cs|SettleTimePlot|177|SettleTimePlot created (lazy loading)
2026-04-23T19:17:09.7009|INFO|DitherStatisticsVM.cs|ConnectToPHD2|708|Attempting to connect to PHD2...
2026-04-23T19:17:09.7028|INFO|PHD2Client.cs|ConnectAsync|102|PHD2Client: Connecting to PHD2 at 127.0.0.1:4400...
2026-04-23T19:17:11.6415|INFO|PluginLoader.cs|LoadPlugin|402|Successfully loaded plugin Ground Station version 3.0.0.117 by Dale Ghent
2026-04-23T19:17:11.7402|ERROR|PHD2Client.cs|ConnectAsync|132|PHD2Client: Connection failed: No connection could be made because the target machine actively refused it.
2026-04-23T19:17:11.7407|INFO|DitherStatisticsVM.cs|OnPHD2ConnectionStatusChanged|737|PHD2 Connection Status: Connection failed: No connection could be made because the target machine actively refused it.
2026-04-23T19:17:29.6228|INFO|PluginLoader.cs|LoadPlugin|402|Successfully loaded plugin Hocus Focus version 3.0.0.25 by George Hilios (jokogeo)
2026-04-23T19:17:30.6384|INFO|PluginLoader.cs|LoadPlugin|402|Successfully loaded plugin Horizon Creator version 1.1.2.1 by Christian Palm
2026-04-23T19:17:30.9030|INFO|PluginLoader.cs|LoadPlugin|402|Successfully loaded plugin Lightbucket version 2.2.4.0 by Lightbucket
2026-04-23T19:17:32.2158|INFO|PluginLoader.cs|LoadPlugin|402|Successfully loaded plugin Livestack version 1.1.3.0 by Stefan Berg @isbeorn
2026-04-23T19:17:32.4998|INFO|PluginLoader.cs|LoadPlugin|402|Successfully loaded plugin Log Viewer version 1.0.0.2 by Alexander Wrede @astro_alex80
2026-04-23T19:17:32.7635|INFO|PluginLoader.cs|LoadPlugin|402|Successfully loaded plugin Moon Angle version 2.2.0.0 by Dale Ghent
2026-04-23T19:17:33.4075|INFO|SessionDatabase.cs|.ctor|32|NightSummary: Database path: C:\Users\nicka\AppData\Local\NINA\NightSummary\nightsummary.sqlite
2026-04-23T19:17:33.4078|INFO|SessionDatabase.cs|.ctor|33|NightSummary: Database exists: True
2026-04-23T19:17:33.4500|INFO|SessionService.cs|.ctor|116|NightSummary: SessionService created — messageBroker=True
2026-04-23T19:17:33.6513|INFO|NightSummaryPlugin.cs|.ctor|252|NightSummary: Plugin initialized successfully
2026-04-23T19:17:33.6578|INFO|SessionDatabase.cs|.ctor|32|NightSummary: Database path: C:\Users\nicka\AppData\Local\NINA\NightSummary\nightsummary.sqlite
2026-04-23T19:17:33.6580|INFO|SessionDatabase.cs|.ctor|33|NightSummary: Database exists: True
2026-04-23T19:17:33.6717|INFO|SessionService.cs|.ctor|116|NightSummary: SessionService created — messageBroker=True
2026-04-23T19:17:33.6742|INFO|PluginLoader.cs|LoadPlugin|402|Successfully loaded plugin Night Summary version 2.11.0.0 by Evan Pegors
2026-04-23T19:17:34.1525|INFO|PluginLoader.cs|LoadPlugin|402|Successfully loaded plugin Phd2 Tools version 1.0.6.0 by Stefan Berg @isbeorn
2026-04-23T19:17:34.5948|INFO|PluginLoader.cs|LoadPlugin|402|Successfully loaded plugin PixInsight Tools version 1.0.0.3 by Stefan Berg
2026-04-23T19:17:35.7410|INFO|PluginLoader.cs|LoadPlugin|402|Successfully loaded plugin Point3D version 0.2.3.0 by Drew McDermott
2026-04-23T19:17:36.2546|INFO|StarfrontClient.cs|StartFolderWatcher|167|[Rockwood] Watching: C:\ASTROIMAGES\NINA\
2026-04-23T19:17:36.2583|INFO|PluginLoader.cs|LoadPlugin|402|Successfully loaded plugin Rockwood Starfront version 1.0.0.0 by Rockwood Observatory
2026-04-23T19:17:36.2583|INFO|StarfrontClient.cs|RunLoop|68|[Rockwood] connecting to wss://api.starfront.space:443/ws/scope?key=***
2026-04-23T19:17:36.4127|INFO|StarfrontClient.cs|RunLoop|71|[Rockwood] connected
2026-04-23T19:17:37.4045|INFO|PluginLoader.cs|LoadPlugin|402|Successfully loaded plugin Scope Control version 2.0.2.1 by Stefan Berg @isbeorn
2026-04-23T19:17:40.0705|WARNING|When.cs|GetRunningItem|143|Can't get running items: SequencerNavigation not initialized yet!
2026-04-23T19:17:40.3409|INFO|PluginLoader.cs|LoadPlugin|402|Successfully loaded plugin Sequencer Powerups version 3.29.0.9 by Marc Blank
2026-04-23T19:17:41.4482|INFO|PluginLoader.cs|LoadPlugin|402|Successfully loaded plugin Session Metadata version 2.6.3.0 by Tom Palmer @tcpalmer
2026-04-23T19:17:41.5855|INFO|PluginLoader.cs|LoadPlugin|402|Successfully loaded plugin Shutdown PC version 2.2.0.0 by Dale Ghent
2026-04-23T19:17:41.9638|INFO|PluginLoader.cs|LoadPlugin|402|Successfully loaded plugin SkyFlats version 1.0.0.4 by Gerald Hitz (@photon)
2026-04-23T19:17:42.7216|INFO|PluginLoader.cs|LoadPlugin|402|Successfully loaded plugin Smart Filters version 1.0.0.3 by Benoit SAINTOT
2026-04-23T19:17:44.5694|INFO|Plugin.cs|RunStationHeartbeatLoopAsync|691|[Subframes] TS not detected at startup — deferring first heartbeat to allow plugin load to complete.
2026-04-23T19:17:44.5776|INFO|SyncEngine.cs|Start|41|[Subframes] SyncEngine started.
2026-04-23T19:17:44.5812|INFO|Plugin.cs|.ctor|166|[Subframes] Plugin loaded (primary instance).
2026-04-23T19:17:44.5852|WARNING|Plugin.cs|OnImportsSatisfied|196|[Subframes] Sequence event subscription deferred — SequenceMediator internals not yet initialized.
2026-04-23T19:17:44.5921|WARNING|Plugin.cs|.ctor|113|[Subframes] Duplicate plugin instance created by MEF — proxying to primary to prevent duplicate sessions/sync.
2026-04-23T19:17:44.5948|INFO|PluginLoader.cs|LoadPlugin|402|Successfully loaded plugin Subframes version 0.2.9.0 by Subframes
2026-04-23T19:17:45.0814|WARNING|When.cs|GetRunningItem|143|Can't get running items: SequencerNavigation not initialized yet!
2026-04-23T19:17:45.4318|INFO|PluginLoader.cs|LoadPlugin|402|Successfully loaded plugin Target Planning version 3.2.1.0 by Tom Palmer @tcpalmer
2026-04-23T19:17:50.0826|WARNING|When.cs|GetRunningItem|143|Can't get running items: SequencerNavigation not initialized yet!
2026-04-23T19:17:52.5222|INFO|PluginLoader.cs|LoadPlugin|402|Successfully loaded plugin Target Scheduler version 5.9.0.0 by Tom Palmer @tcpalmer
2026-04-23T19:17:53.1858|INFO|PluginLoader.cs|LoadPlugin|402|Successfully loaded plugin Three Point Polar Alignment version 2.2.5.1 by Stefan Berg @isbeorn
2026-04-23T19:17:55.0839|WARNING|When.cs|GetRunningItem|143|Can't get running items: SequencerNavigation not initialized yet!
2026-04-23T19:17:55.6462|INFO|SessionHistoryManager.cs|PurgeHistoryOlderThan|102|purging web session history older than 10 days
2026-04-23T19:17:55.7163|INFO|PluginLoader.cs|LoadPlugin|402|Successfully loaded plugin Web Session History Viewer version 2.2.1.0 by Tom Palmer @tcpalmer
2026-04-23T19:17:56.3477|INFO|PluginFetcher.cs|RequestAll|43|Fetching plugin manifests from https://nighttime-imaging.eu/wp-json/nina/v1/plugins/manifests
2026-04-23T19:17:56.4279|INFO|RotatorChooserVM.cs|GetEquipment|45|Found 1 Networked Rotator Rotators
2026-04-23T19:17:56.7637|INFO|Plugin.cs|TrySubscribeSequenceEvents|222|[Subframes] ISequenceMediator.SequenceStarted not present in this NINA build — session will open on first captured image instead.
2026-04-23T19:17:56.7639|INFO|Plugin.cs|RetrySubscribeSequenceEventsAsync|253|[Subframes] Deferred sequence event subscription succeeded after 12s.
2026-04-23T19:17:56.9120|INFO|CameraChooserVM.cs|GetEquipment|279|Found 0 SVBony Cameras
2026-04-23T19:17:56.9751|INFO|FilterWheelChooserVM.cs|GetEquipment|167|Found 1 Networked Filter Wheel Filter Wheels
2026-04-23T19:17:57.0030|INFO|Sequence2VM.cs|TryLoadSequenceFile|414|Loading sequence file: C:\Users\nicka\Astro\NINA\NINA_Sequences\TargetScheduler.json
2026-04-23T19:17:57.0250|INFO|CameraChooserVM.cs|GetEquipment|279|Found 0 PlayerOne Cameras
2026-04-23T19:17:57.0994|INFO|CameraChooserVM.cs|GetEquipment|279|Found 0 ASTPAN Cameras
2026-04-23T19:17:57.1015|INFO|CameraChooserVM.cs|GetEquipment|293|Found 4 ASCOM Cameras
2026-04-23T19:17:57.7692|INFO|Sequence2VM.cs|TryLoadSequenceFile|420|Starting sequence from command line options
2026-04-23T19:17:57.7729|INFO|Sequence2VM.cs|StartSequence|543|Advanced Sequence starting
2026-04-23T19:17:59.3159|INFO|PluginFetcher.cs|RequestAll|57|Found 77 valid plugins at https://nighttime-imaging.eu/wp-json/nina/v1/plugins/manifests
2026-04-23T19:17:59.3319|INFO|TelescopeChooserVM.cs|GetEquipment|69|Found 0 Alpaca Telescopes
2026-04-23T19:17:59.3335|INFO|CameraChooserVM.cs|GetEquipment|305|Found 0 Alpaca Cameras
2026-04-23T19:17:59.3400|INFO|CameraChooserVM.cs|GetEquipment|318|Found 0 Canon Cameras
2026-04-23T19:17:59.6154|INFO|FlatDeviceChooserVM.cs|GetEquipment|67|Found 0 Alpaca Cover Calibrators
2026-04-23T19:17:59.6229|INFO|SafetyMonitorChooserVM.cs|GetEquipment|71|Found 0 Alpaca Safety Monitors
2026-04-23T19:17:59.6350|INFO|FilterWheelChooserVM.cs|GetEquipment|193|Found 0 Alpaca Filter Wheels
2026-04-23T19:17:59.6425|INFO|WeatherDataChooserVM.cs|GetEquipment|69|Found 0 Alpaca Observing Conditions
2026-04-23T19:17:59.6450|INFO|DomeChooserVM.cs|GetEquipment|67|Found 0 Alpaca Domes
2026-04-23T19:17:59.6470|INFO|SwitchChooserVM.cs|GetEquipment|71|Found 0 Alpaca Switch Hubs
2026-04-23T19:17:59.6488|INFO|RotatorChooserVM.cs|GetEquipment|68|Found 0 Alpaca Rotators
2026-04-23T19:17:59.7950|INFO|DockManagerVM.cs|InitializeAvalonDockLayout|366|Initializing imaging tab layout from C:\Users\nicka\AppData\Local\NINA\Profiles\0173997c-4bfa-48fd-9337-a48b6df99c38.dock.config
2026-04-23T19:17:59.9222|INFO|SequenceItem.cs|Run|208|Starting Category: * Instruction Set *, Container: NINA.Sequencer.Container.SequenceRootContainer, Strategy: SequentialStrategy, Items[CREATED]: 3, Triggers: Category: Ground Station, Item: Failures to Telegram
2026-04-23T19:17:59.9328|INFO|SequenceItem.cs|Run|208|Starting Category: * Instruction Set *, Container: NINA.Sequencer.Container.StartAreaContainer, Strategy: SequentialStrategy, Items[CREATED]: 1
2026-04-23T19:17:59.9335|INFO|SequenceItem.cs|Run|208|Starting Category: * Instruction Set *, Container: NINA.Sequencer.Container.SequentialContainer, Strategy: SequentialStrategy, Items[CREATED]: 10
2026-04-23T19:17:59.9340|INFO|SequenceItem.cs|Run|208|Starting Category: Ground Station, Item: Send to Pushover, Title: Start
2026-04-23T19:18:00.1705|INFO|SequenceItem.cs|Run|254|Finishing Category: Ground Station, Item: Send to Pushover, Title: Start
2026-04-23T19:18:00.1746|INFO|SequenceItem.cs|Run|208|Starting Category: Utility, Item: WaitForTime, Time: 19:47:33h, Offset: -80
2026-04-23T19:18:00.4074|INFO|FocuserChooserVM.cs|GetEquipment|84|Found 0 Alpaca Focusers
2026-04-23T19:18:51.6681|INFO|TargetSchedulerDetector.cs|DoProbeAsync|170|[Subframes] TargetSchedulerDetector: state no_api → active
2026-04-23T19:47:34.7112|INFO|SequenceItem.cs|Run|254|Finishing Category: Utility, Item: WaitForTime, Time: 19:47:33h, Offset: -80
2026-04-23T19:47:34.7131|INFO|SequenceItem.cs|Run|208|Starting Category: Ground Station, Item: Send to Telegram
2026-04-23T19:47:35.5664|INFO|SequenceItem.cs|Run|254|Finishing Category: Ground Station, Item: Send to Telegram
2026-04-23T19:47:35.5668|INFO|SequenceItem.cs|Run|208|Starting Category: Ground Station, Item: Send to Pushover, Title: Configure Equipment
2026-04-23T19:47:35.6987|INFO|SequenceItem.cs|Run|254|Finishing Category: Ground Station, Item: Send to Pushover, Title: Configure Equipment
2026-04-23T19:47:35.7001|INFO|SequenceItem.cs|Run|208|Starting Category: Connect, Item: ConnectAllEquipment
2026-04-23T19:47:35.7238|INFO|CameraChooserVM.cs|GetEquipment|69|Found 2 ASI Cameras
2026-04-23T19:47:35.7976|INFO|CameraChooserVM.cs|GetEquipment|84|Found 0 Altair Cameras
2026-04-23T19:47:35.7977|INFO|CameraChooserVM.cs|GetEquipment|96|Found 0 Atik Cameras
2026-04-23T19:47:35.7984|INFO|CameraChooserVM.cs|GetEquipment|110|Found 0 FLI Cameras
2026-04-23T19:47:35.7985|INFO|CameraChooserVM.cs|GetEquipment|130|Found 0 QHYCCD Cameras
2026-04-23T19:47:35.9543|INFO|CameraChooserVM.cs|GetEquipment|158|Found 0 ToupTek Cameras
2026-04-23T19:47:35.9595|INFO|CameraChooserVM.cs|GetEquipment|173|Found 0 Ogma Cameras
2026-04-23T19:47:35.9738|INFO|CameraChooserVM.cs|GetEquipment|188|Found 0 Omegon Cameras
2026-04-23T19:47:36.1271|INFO|CameraChooserVM.cs|GetEquipment|203|Found 0 RisingCam Cameras
2026-04-23T19:47:36.1409|INFO|CameraChooserVM.cs|GetEquipment|218|Found 0 MallinCam Cameras
2026-04-23T19:47:36.1423|INFO|CameraChooserVM.cs|GetEquipment|243|Found 0 SVBony Cameras
2026-04-23T19:47:36.1447|INFO|CameraChooserVM.cs|GetEquipment|259|Found 0 SBIG Cameras
2026-04-23T19:47:36.1453|INFO|CameraChooserVM.cs|GetEquipment|279|Found 0 SVBony Cameras
2026-04-23T19:47:36.1456|INFO|CameraChooserVM.cs|GetEquipment|279|Found 0 PlayerOne Cameras
2026-04-23T19:47:36.1533|INFO|CameraChooserVM.cs|GetEquipment|279|Found 0 ASTPAN Cameras
2026-04-23T19:47:36.1541|INFO|CameraChooserVM.cs|GetEquipment|293|Found 4 ASCOM Cameras
2026-04-23T19:47:38.1546|INFO|CameraChooserVM.cs|GetEquipment|305|Found 0 Alpaca Cameras
2026-04-23T19:47:38.1596|INFO|CameraChooserVM.cs|GetEquipment|318|Found 0 Canon Cameras
2026-04-23T19:47:38.2206|INFO|CameraVM.cs|Disconnect|650|Disconnected Camera
2026-04-23T19:47:38.8002|WARNING|ASICamera.cs|SetControlValue|568|Failed to set ASI Control Value ASI_WB_B with value 50
2026-04-23T19:47:38.8004|WARNING|ASICamera.cs|SetControlValue|568|Failed to set ASI Control Value ASI_WB_R with value 50
2026-04-23T19:47:38.8005|WARNING|ASICamera.cs|SetControlValue|568|Failed to set ASI Control Value ASI_GAMMA with value 50
2026-04-23T19:47:38.8006|WARNING|ASICamera.cs|SetControlValue|568|Failed to set ASI Control Value ASI_HIGH_SPEED_MODE with value 0
2026-04-23T19:47:38.8008|WARNING|ASICamera.cs|SetControlValue|568|Failed to set ASI Control Value ASI_OVERCLOCK with value 0
2026-04-23T19:47:38.8009|WARNING|ASICamera.cs|SetControlValue|568|Failed to set ASI Control Value ASI_PATTERN_ADJUST with value 0
2026-04-23T19:47:38.8028|WARNING|ASICamera.cs|SetControlValue|568|Failed to set ASI Control Value ASI_MONO_BIN with value 0
2026-04-23T19:47:38.8044|INFO|ASICamera.cs|Initialize|664|Camera ID: ASI533MM
2026-04-23T19:47:38.8221|WARNING|ASICamera.cs|SetControlValue|568|Failed to set ASI Control Value ASI_ANTI_DEW_HEATER with value 0
2026-04-23T19:47:38.8923|INFO|CameraVM.cs|ChooseCamera|455|Successfully connected Camera. Id: ZWOptical_ZWO ASI533MM Pro_ASI533MM Name: ZWO ASI533MM Pro DisplayName: ZWO ASI533MM Pro (ASI533MM)Driver Version: 1, 39, 0, 0
2026-04-23T19:47:39.4441|INFO|FilterWheelChooserVM.cs|GetEquipment|167|Found 1 Networked Filter Wheel Filter Wheels
2026-04-23T19:47:41.4467|INFO|FilterWheelChooserVM.cs|GetEquipment|193|Found 0 Alpaca Filter Wheels
2026-04-23T19:47:41.4811|INFO|FilterWheelVM.cs|Disconnect|333|Disconnected Filter Wheel
2026-04-23T19:47:44.9899|INFO|FilterWheelVM.cs|ChooseFW|279|Successfully connected Filter Wheel. Id: ASCOM.EFW2.FilterWheel Name: ZWO FilterWheel DisplayName: ZWO FilterWheel (ASCOM) Driver Version: 6.0
2026-04-23T19:47:48.8390|INFO|FocuserChooserVM.cs|GetEquipment|84|Found 0 Alpaca Focusers
2026-04-23T19:47:48.8581|INFO|FocuserVM.cs|Disconnect|441|Disconnected Focuser
2026-04-23T19:47:50.6575|ERROR|AscomDevice.cs|GetProperty|546|An unexpected exception occurred during GET of Focuser.StepSize: 
ASCOM.DriverException: The method or operation is not implemented.
 ---> System.NotImplementedException: The method or operation is not implemented.
   --- End of inner exception stack trace ---
   at ASCOM.Com.DriverAccess.DynamicAccess.CheckDotNetExceptions(String memberName, Exception e) in J:\ASCOMLibrary\ASCOM.Com\ASCOM.Com.DriverAccess\BaseClass\DynamicAccess.cs:line 278
   at ASCOM.Com.DriverAccess.DynamicAccess.TryGetMember(GetMemberBinder binder, Object& result) in J:\ASCOMLibrary\ASCOM.Com\ASCOM.Com.DriverAccess\BaseClass\DynamicAccess.cs:line 150
   at CallSite.Target(Closure, CallSite, Object)
   at System.Dynamic.UpdateDelegates.UpdateAndExecute1[T0,TRet](CallSite site, T0 arg0)
   at ASCOM.Com.DriverAccess.Focuser.get_StepSize() in J:\ASCOMLibrary\ASCOM.Com\ASCOM.Com.DriverAccess\Focuser.cs:line 159
   at System.RuntimeMethodHandle.InvokeMethod(Object target, Void** arguments, Signature sig, Boolean isConstructor)
   at System.Reflection.MethodBaseInvoker.InvokeWithNoArgs(Object obj, BindingFlags invokeAttr)
2026-04-23T19:47:50.8671|INFO|AscomDevice.cs|GetProperty|485|Retrying to GET Focuser.StepSize - Attempt 2 / 3
2026-04-23T19:47:50.8703|ERROR|AscomDevice.cs|GetProperty|546|An unexpected exception occurred during GET of Focuser.StepSize: 
ASCOM.DriverException: The method or operation is not implemented.
 ---> System.NotImplementedException: The method or operation is not implemented.
   --- End of inner exception stack trace ---
   at ASCOM.Com.DriverAccess.DynamicAccess.CheckDotNetExceptions(String memberName, Exception e) in J:\ASCOMLibrary\ASCOM.Com\ASCOM.Com.DriverAccess\BaseClass\DynamicAccess.cs:line 278
   at ASCOM.Com.DriverAccess.DynamicAccess.TryGetMember(GetMemberBinder binder, Object& result) in J:\ASCOMLibrary\ASCOM.Com\ASCOM.Com.DriverAccess\BaseClass\DynamicAccess.cs:line 150
   at CallSite.Target(Closure, CallSite, Object)
   at ASCOM.Com.DriverAccess.Focuser.get_StepSize() in J:\ASCOMLibrary\ASCOM.Com\ASCOM.Com.DriverAccess\Focuser.cs:line 159
   at InvokeStub_Focuser.get_StepSize(Object, Object, IntPtr*)
   at System.Reflection.MethodBaseInvoker.InvokeWithNoArgs(Object obj, BindingFlags invokeAttr)
2026-04-23T19:47:51.0863|INFO|AscomDevice.cs|GetProperty|485|Retrying to GET Focuser.StepSize - Attempt 3 / 3
2026-04-23T19:47:51.0885|ERROR|AscomDevice.cs|GetProperty|546|An unexpected exception occurred during GET of Focuser.StepSize: 
ASCOM.DriverException: The method or operation is not implemented.
 ---> System.NotImplementedException: The method or operation is not implemented.
   --- End of inner exception stack trace ---
   at ASCOM.Com.DriverAccess.DynamicAccess.CheckDotNetExceptions(String memberName, Exception e) in J:\ASCOMLibrary\ASCOM.Com\ASCOM.Com.DriverAccess\BaseClass\DynamicAccess.cs:line 278
   at ASCOM.Com.DriverAccess.DynamicAccess.TryGetMember(GetMemberBinder binder, Object& result) in J:\ASCOMLibrary\ASCOM.Com\ASCOM.Com.DriverAccess\BaseClass\DynamicAccess.cs:line 150
   at CallSite.Target(Closure, CallSite, Object)
   at ASCOM.Com.DriverAccess.Focuser.get_StepSize() in J:\ASCOMLibrary\ASCOM.Com\ASCOM.Com.DriverAccess\Focuser.cs:line 159
   at InvokeStub_Focuser.get_StepSize(Object, Object, IntPtr*)
   at System.Reflection.MethodBaseInvoker.InvokeWithNoArgs(Object obj, BindingFlags invokeAttr)
2026-04-23T19:47:51.0898|INFO|AscomDevice.cs|GetProperty|556|GET Focuser.StepSize failed - Returning last known value 0
2026-04-23T19:47:51.3280|INFO|FocuserVM.cs|ChooseFocuser|333|Successfully connected Focuser. Id: ASCOM.EAF.Focuser Name: ZWO Focuser DisplayName: ZWO Focuser (ASCOM) Driver Version: 6.0
2026-04-23T19:47:53.3316|INFO|TelescopeChooserVM.cs|GetEquipment|69|Found 0 Alpaca Telescopes
2026-04-23T19:47:53.3878|INFO|TelescopeVM.cs|Disconnect|740|Disconnected mount
2026-04-23T19:47:56.1921|INFO|AscomTelescope.cs|CheckMountTime|845|Mount UTC Time: 2026-04-24 00:47:54Z / System UTC Time: 2026-04-24 00:47:56Z; Difference: 1.971 seconds
2026-04-23T19:47:56.2408|INFO|AscomTelescope.cs|CheckMountTime|852|System time has been synced to the mount
2026-04-23T19:47:56.5466|INFO|TelescopeVM.cs|ChooseTelescope|535|Successfully connected mount. Id: ASCOM.iOptron2017.Telescope Name: iOptron CEM120,70,40,26, GEM, HEM, HAE, HAZ series and SkyHunter Mount DisplayName: iOptron CEM120,70,40,26, GEM, HEM, HAE, HAZ series and SkyHunter Mount (ASCOM) Driver Version: 9.15
2026-04-23T19:47:56.5595|INFO|PHD2Guider.cs|Connect|205|Connecting to PHD2 server at 127.0.0.1:4400
2026-04-23T19:48:03.5427|INFO|PHD2Client.cs|ConnectAsync|118|PHD2Client: Connected successfully!
2026-04-23T19:48:03.5429|INFO|DitherStatisticsVM.cs|OnPHD2ConnectionStatusChanged|734|PHD2 Connection Status: Connected
2026-04-23T19:48:03.5430|INFO|DitherStatisticsVM.cs|ConnectToPHD2|713|Successfully connected to PHD2!
2026-04-23T19:48:03.5465|INFO|PHD2Client.cs|ReadEventsAsync|181|PHD2Client: Started reading events
2026-04-23T19:48:03.5927|INFO|PHD2Client.cs|HandleVersion|366|PHD2Client: Connected to PHD2 version 2.6.14. (Message Protocol v1)
2026-04-23T19:48:03.5935|INFO|PHD2Client.cs|ProcessEvent|257|PHD2: CalibrationComplete
2026-04-23T19:48:03.5943|INFO|PHD2Client.cs|HandleAppState|376|PHD2Client: PHD2 AppState: Stopped
2026-04-23T19:48:04.2309|INFO|WeatherDataChooserVM.cs|GetEquipment|69|Found 0 Alpaca Observing Conditions
2026-04-23T19:48:04.2596|INFO|WeatherDataVM.cs|Disconnect|305|Disconnected Weather Device
2026-04-23T19:48:06.6786|INFO|AscomDevice.cs|GetProperty|527|Property ObservingConditions.SkyQuality GET is not implemented in this driver (SkyAlert Observing Conditions)
2026-04-23T19:48:06.6874|INFO|AscomDevice.cs|GetProperty|527|Property ObservingConditions.StarFWHM GET is not implemented in this driver (SkyAlert Observing Conditions)
2026-04-23T19:48:06.7016|INFO|WeatherDataVM.cs|ChooseWeatherData|150|Successfully connected Weather Device. Id: ASCOM.SkyAlert.ObservingConditions Name: SkyAlert Observing Conditions DisplayName: SkyAlert Observing Conditions (ASCOM) Driver Version: 1.7
2026-04-23T19:48:08.7026|INFO|SafetyMonitorChooserVM.cs|GetEquipment|71|Found 0 Alpaca Safety Monitors
2026-04-23T19:48:08.7401|INFO|SafetyMonitorVM.cs|Disconnect|221|Disconnected Safety Monitor
2026-04-23T19:48:09.4270|INFO|SafetyMonitorVM.cs|Connect|175|Successfully connected Safety Monitor. Id: ASCOM.GenericFile.SafetyMonitor Name: Generic File driver DisplayName: Generic File driver (ASCOM) Driver Version: 6.4
2026-04-23T19:48:09.4276|INFO|SequenceItem.cs|Run|254|Finishing Category: Connect, Item: ConnectAllEquipment
2026-04-23T19:48:09.4285|INFO|SequenceItem.cs|Run|208|Starting Category: Telescope, Item: FindHome
2026-04-23T19:48:09.4355|INFO|PHD2Guider.cs|StopGuiding|704|Phd2 - Stop Guiding skipped, as the app is already in state Stopped
2026-04-23T19:48:09.4374|INFO|TelescopeVM.cs|FindHome|292|Mount ordered to locate home position
2026-04-23T19:48:09.4405|INFO|TelescopeVM.cs|FindHome|336|Mount ordered to home but it is already at home
2026-04-23T19:48:09.4408|INFO|TelescopeVM.cs|FindHome|348|Mount has located its home position
2026-04-23T19:48:09.4419|INFO|SequenceItem.cs|Run|254|Finishing Category: Telescope, Item: FindHome
2026-04-23T19:48:09.4422|INFO|SequenceItem.cs|Run|208|Starting Category: Ground Station, Item: Send to Telegram
2026-04-23T19:48:10.0646|INFO|SequenceItem.cs|Run|254|Finishing Category: Ground Station, Item: Send to Telegram
2026-04-23T19:48:10.0649|INFO|SequenceItem.cs|Run|208|Starting Category: Ground Station, Item: Send to Pushover, Title: Cool
2026-04-23T19:48:10.2335|INFO|SequenceItem.cs|Run|254|Finishing Category: Ground Station, Item: Send to Pushover, Title: Cool
2026-04-23T19:48:10.2349|INFO|SequenceItem.cs|Run|208|Starting Category: Camera, Item: CoolCamera, Temperature: -5, Duration: 15
2026-04-23T19:48:10.2433|INFO|CameraVM.cs|CoolCamera|138|Cooling Camera. Target: -5 Duration: 00:15:00
2026-04-23T19:48:11.4351|INFO|SafetyMonitorVM.cs|UpdateMonitorValues|95|SafetyMonitorInfo state changed to Unsafe
2026-04-23T20:03:15.5080|INFO|SequenceItem.cs|Run|254|Finishing Category: Camera, Item: CoolCamera, Temperature: -5, Duration: 15
2026-04-23T20:03:15.5085|INFO|SequenceItem.cs|Run|208|Starting Category: Utility, Item: WaitForTime, Time: 20:52:33h, Offset: -15
2026-04-23T20:52:36.0780|INFO|SequenceItem.cs|Run|254|Finishing Category: Utility, Item: WaitForTime, Time: 20:52:33h, Offset: -15
2026-04-23T20:52:36.0895|INFO|SequenceItem.cs|Run|254|Finishing Category: * Instruction Set *, Container: NINA.Sequencer.Container.SequentialContainer, Strategy: SequentialStrategy, Items[FINISHED]: 10
2026-04-23T20:52:36.0901|INFO|SequenceItem.cs|Run|254|Finishing Category: * Instruction Set *, Container: NINA.Sequencer.Container.StartAreaContainer, Strategy: SequentialStrategy, Items[FINISHED]: 1
2026-04-23T20:52:36.0910|INFO|SequenceItem.cs|Run|208|Starting Category: * Instruction Set *, Container: NINA.Sequencer.Container.TargetAreaContainer, Strategy: SequentialStrategy, Items[CREATED]: 1
2026-04-23T20:52:36.0963|INFO|SequenceItem.cs|Run|208|Starting Category: * Instruction Set *, Container: NINA.Sequencer.Container.SequentialContainer, Strategy: SequentialStrategy, Items[CREATED]: 12, Conditions: Condition: TimeCondition, Time: 6:33:36h, Condition: TargetSchedulerCondition mode=While Targets Remain Tonight, , Triggers: Trigger: CenterAfterDriftTrigger, DistanceArcMinutes: 1Trigger: WhenUnsafeCategory: Ground Station, Item: Failures to TelegramCategory: Connect, Item: ReconnectOnDownloadFailureTrigger: AutofocusAfterHFRIncreaseTrigger, Amount: 5Trigger: MeridianFlipTriggerCategory: Powerups (Misc), Item: DIYTriggerCategory: Ground Station, Item: Failures to PushoverTrigger: AutofocusAfterTemperatureChangeTrigger, Amount: 1.5°
2026-04-23T20:52:36.1018|INFO|WhenCommon.cs|SequenceBlockInitialize|204|Initialize; starting watchdog
2026-04-23T20:52:36.1088|INFO|WhenUnsafe.cs|CheckSafe|77|IsSafe is now FALSE; connected = True, IsSafe = False
2026-04-23T20:52:36.1090|INFO|WhenCommon.cs|ShouldTrigger|378|ShouldTrigger TRUE from InterruptWhen, setting TriggerRunner
2026-04-23T20:52:36.1092|INFO|WhenCommon.cs|InterruptWhen|322|Interrupting current Instruction Set
2026-04-23T20:52:36.1124|INFO|WhenCommon.cs|InterruptWhen|332|Canceling sequence...
2026-04-23T20:52:37.1144|INFO|WhenCommon.cs|InterruptWhen|336|Delay 1000
2026-04-23T20:52:38.1134|INFO|WhenCommon.cs|InterruptWhen|336|Delay 1000
2026-04-23T20:52:39.1134|INFO|WhenCommon.cs|InterruptWhen|336|Delay 1000
2026-04-23T20:52:40.1142|INFO|WhenCommon.cs|InterruptWhen|336|Delay 1000
2026-04-23T20:52:41.1151|INFO|WhenCommon.cs|InterruptWhen|336|Delay 1000
2026-04-23T20:52:42.1152|INFO|WhenCommon.cs|InterruptWhen|336|Delay 1000
2026-04-23T20:52:43.1157|INFO|WhenCommon.cs|InterruptWhen|336|Delay 1000
2026-04-23T20:52:44.1166|INFO|WhenCommon.cs|InterruptWhen|336|Delay 1000
2026-04-23T20:52:45.1170|INFO|WhenCommon.cs|InterruptWhen|336|Delay 1000
2026-04-23T20:52:46.1173|INFO|WhenCommon.cs|InterruptWhen|336|Delay 1000
2026-04-23T20:52:47.1192|INFO|WhenCommon.cs|InterruptWhen|336|Delay 1000
2026-04-23T20:52:48.1183|INFO|WhenCommon.cs|InterruptWhen|336|Delay 1000
2026-04-23T20:52:49.1191|INFO|WhenCommon.cs|InterruptWhen|336|Delay 1000
2026-04-23T20:52:50.1188|INFO|WhenCommon.cs|InterruptWhen|336|Delay 1000
2026-04-23T20:52:51.1190|INFO|WhenCommon.cs|InterruptWhen|336|Delay 1000
2026-04-23T20:52:52.1184|INFO|WhenCommon.cs|InterruptWhen|336|Delay 1000
2026-04-23T20:52:53.1202|INFO|WhenCommon.cs|InterruptWhen|336|Delay 1000
2026-04-23T20:52:54.1209|INFO|WhenCommon.cs|InterruptWhen|336|Delay 1000
2026-04-23T20:52:55.1222|INFO|WhenCommon.cs|InterruptWhen|336|Delay 1000
2026-04-23T20:52:56.1214|INFO|WhenCommon.cs|InterruptWhen|336|Delay 1000
2026-04-23T20:52:57.1221|INFO|WhenCommon.cs|InterruptWhen|336|Delay 1000
2026-04-23T20:52:58.1220|INFO|WhenCommon.cs|InterruptWhen|336|Delay 1000
2026-04-23T20:52:59.1216|INFO|WhenCommon.cs|InterruptWhen|336|Delay 1000
2026-04-23T20:53:00.1219|INFO|WhenCommon.cs|InterruptWhen|336|Delay 1000
2026-04-23T20:53:01.1216|INFO|WhenCommon.cs|InterruptWhen|336|Delay 1000
2026-04-23T20:53:02.1229|INFO|WhenCommon.cs|InterruptWhen|336|Delay 1000
2026-04-23T20:53:03.1240|INFO|WhenCommon.cs|InterruptWhen|336|Delay 1000
2026-04-23T20:53:04.1233|INFO|WhenCommon.cs|InterruptWhen|336|Delay 1000
2026-04-23T20:53:05.1247|INFO|WhenCommon.cs|InterruptWhen|336|Delay 1000
2026-04-23T20:53:06.1255|INFO|WhenCommon.cs|InterruptWhen|336|Delay 1000
2026-04-23T20:53:07.1254|INFO|WhenCommon.cs|InterruptWhen|336|Delay 1000
2026-04-23T20:53:08.1265|INFO|WhenCommon.cs|InterruptWhen|336|Delay 1000
2026-04-23T20:53:08.2221|INFO|WhenCommon.cs|SequenceBlockTeardown|198|Teardown; shutting down watchdog
2026-04-23T20:53:08.2247|INFO|Sequencer.cs|Start|85|Sequence run was cancelled
2026-04-23T20:53:08.2413|INFO|Sequence2VM.cs|StartSequence|548|Advanced Sequence finished
2026-04-23T20:53:09.1391|INFO|WhenCommon.cs|InterruptWhen|339|Sequence no longer running
2026-04-23T20:53:09.1418|WARNING|WhenCommon.cs|CheckSlewing|263|CheckSlewing, WhenUnsafe = True, Connected = True, CanSlew = True, info.Slewing = False
2026-04-23T20:53:09.1440|INFO|Sequence2VM.cs|StartSequence|543|Advanced Sequence starting
2026-04-23T20:53:09.2295|INFO|SequenceItem.cs|Run|208|Starting Category: * Instruction Set *, Container: NINA.Sequencer.Container.SequenceRootContainer, Strategy: SequentialStrategy, Items[CREATED]: 3, Triggers: Category: Ground Station, Item: Failures to Telegram
2026-04-23T20:53:09.2377|INFO|SequenceItem.cs|Run|208|Starting Category: * Instruction Set *, Container: NINA.Sequencer.Container.StartAreaContainer, Strategy: SequentialStrategy, Items[FINISHED]: 1
2026-04-23T20:53:09.2379|INFO|SequenceItem.cs|Run|254|Finishing Category: * Instruction Set *, Container: NINA.Sequencer.Container.StartAreaContainer, Strategy: SequentialStrategy, Items[FINISHED]: 1
2026-04-23T20:53:09.2382|INFO|SequenceItem.cs|Run|208|Starting Category: * Instruction Set *, Container: NINA.Sequencer.Container.TargetAreaContainer, Strategy: SequentialStrategy, Items[CREATED]: 1
2026-04-23T20:53:09.2383|INFO|SequenceItem.cs|Run|208|Starting Category: * Instruction Set *, Container: NINA.Sequencer.Container.SequentialContainer, Strategy: SequentialStrategy, Items[CREATED]: 12, Conditions: Condition: TimeCondition, Time: 6:33:36h, Condition: TargetSchedulerCondition mode=While Targets Remain Tonight, , Triggers: Trigger: CenterAfterDriftTrigger, DistanceArcMinutes: 1Trigger: WhenUnsafeCategory: Ground Station, Item: Failures to TelegramCategory: Connect, Item: ReconnectOnDownloadFailureTrigger: AutofocusAfterHFRIncreaseTrigger, Amount: 5Trigger: MeridianFlipTriggerCategory: Powerups (Misc), Item: DIYTriggerCategory: Ground Station, Item: Failures to PushoverTrigger: AutofocusAfterTemperatureChangeTrigger, Amount: 1.5°
2026-04-23T20:53:09.2387|INFO|WhenCommon.cs|SequenceBlockInitialize|204|Initialize; starting watchdog
2026-04-23T20:53:09.2400|INFO|WhenCommon.cs|ShouldTrigger|382|ShouldTrigger TRUE, setting TriggerRunner
2026-04-23T20:53:09.2427|INFO|SequenceTrigger.cs|Run|114|Starting Trigger: WhenUnsafe
2026-04-23T20:53:09.2563|INFO|WhenCommon.cs|Execute|395|Execute 0
2026-04-23T20:53:09.2565|INFO|WhenCommon.cs|Execute|409|When: running TriggerRunner, InFlight -> true, Triggered -> false
2026-04-23T20:53:09.2565|WARNING|WhenCommon.cs|CheckSlewing|263|CheckSlewing, WhenUnsafe = True, Connected = True, CanSlew = True, info.Slewing = False
2026-04-23T20:53:09.2567|INFO|SequenceItem.cs|Run|208|Starting Category: , Container: WhenPlugin.When.IfContainer, Strategy: SequentialStrategy, Items[CREATED]: 9
2026-04-23T20:53:09.2624|INFO|MeridianFlipTrigger.cs|ShouldTrigger|197|Meridian Flip - Telescope is at home position. Skip flip evaluation
2026-04-23T20:53:09.2641|INFO|SequenceItem.cs|Run|208|Starting Category: Ground Station, Item: Send to Telegram
2026-04-23T20:53:09.9310|INFO|SequenceItem.cs|Run|254|Finishing Category: Ground Station, Item: Send to Telegram
2026-04-23T20:53:09.9333|INFO|MeridianFlipTrigger.cs|ShouldTrigger|197|Meridian Flip - Telescope is at home position. Skip flip evaluation
2026-04-23T20:53:09.9338|INFO|SequenceItem.cs|Run|208|Starting Category: Ground Station, Item: Send to Pushover, Title: Unsafe
2026-04-23T20:53:10.1011|INFO|SequenceItem.cs|Run|254|Finishing Category: Ground Station, Item: Send to Pushover, Title: Unsafe
2026-04-23T20:53:10.1169|INFO|MeridianFlipTrigger.cs|ShouldTrigger|197|Meridian Flip - Telescope is at home position. Skip flip evaluation
2026-04-23T20:53:10.1171|INFO|SequenceItem.cs|Run|208|Starting Category: Telescope, Item: FindHome
2026-04-23T20:53:10.1222|INFO|PHD2Guider.cs|StopGuiding|704|Phd2 - Stop Guiding skipped, as the app is already in state Stopped
2026-04-23T20:53:10.1225|INFO|TelescopeVM.cs|FindHome|292|Mount ordered to locate home position
2026-04-23T20:53:10.1232|INFO|TelescopeVM.cs|FindHome|336|Mount ordered to home but it is already at home
2026-04-23T20:53:10.1233|INFO|TelescopeVM.cs|FindHome|348|Mount has located its home position
2026-04-23T20:53:10.1235|INFO|SequenceItem.cs|Run|254|Finishing Category: Telescope, Item: FindHome
2026-04-23T20:53:10.1241|INFO|MeridianFlipTrigger.cs|ShouldTrigger|197|Meridian Flip - Telescope is at home position. Skip flip evaluation
2026-04-23T20:53:10.1249|INFO|SequenceItem.cs|Run|208|Starting Category: Guider, Item: StopGuiding
2026-04-23T20:53:10.1284|INFO|PHD2Guider.cs|StopGuiding|704|Phd2 - Stop Guiding skipped, as the app is already in state Stopped
2026-04-23T20:53:10.1285|INFO|SequenceItem.cs|Run|254|Finishing Category: Guider, Item: StopGuiding
2026-04-23T20:53:10.1289|INFO|MeridianFlipTrigger.cs|ShouldTrigger|197|Meridian Flip - Telescope is at home position. Skip flip evaluation
2026-04-23T20:53:10.1296|INFO|SequenceItem.cs|Run|208|Starting Category: Connect, Item: DisconnectEquipment, Selected device: Safety Monitor
2026-04-23T20:53:10.2067|INFO|AscomDevice.cs|Disconnect|378|Disconnecting from ASCOM.GenericFile.SafetyMonitor Generic File driver
2026-04-23T20:53:10.2371|INFO|SafetyMonitorVM.cs|Disconnect|221|Disconnected Safety Monitor
2026-04-23T20:53:10.2375|INFO|SequenceItem.cs|Run|254|Finishing Category: Connect, Item: DisconnectEquipment, Selected device: Safety Monitor
2026-04-23T20:53:10.2380|INFO|MeridianFlipTrigger.cs|ShouldTrigger|197|Meridian Flip - Telescope is at home position. Skip flip evaluation
2026-04-23T20:53:10.2386|INFO|SequenceItem.cs|Run|208|Starting Category: Utility, Item: WaitForTimeSpan, Time: 60s
2026-04-23T20:54:10.3280|INFO|SequenceItem.cs|Run|254|Finishing Category: Utility, Item: WaitForTimeSpan, Time: 60s
2026-04-23T20:54:10.3288|INFO|MeridianFlipTrigger.cs|ShouldTrigger|197|Meridian Flip - Telescope is at home position. Skip flip evaluation
2026-04-23T20:54:10.3301|INFO|SequenceItem.cs|Run|208|Starting Category: Connect, Item: ConnectEquipment, Selected device: Safety Monitor, Selected device id: ASCOM.GenericFile.SafetyMonitor
2026-04-23T20:54:12.3413|INFO|SafetyMonitorChooserVM.cs|GetEquipment|71|Found 0 Alpaca Safety Monitors
2026-04-23T20:54:12.3753|INFO|SafetyMonitorVM.cs|Disconnect|221|Disconnected Safety Monitor
2026-04-23T20:54:12.4458|INFO|SafetyMonitorVM.cs|Connect|175|Successfully connected Safety Monitor. Id: ASCOM.GenericFile.SafetyMonitor Name: Generic File driver DisplayName: Generic File driver (ASCOM) Driver Version: 6.4
2026-04-23T20:54:12.4462|INFO|SequenceItem.cs|Run|254|Finishing Category: Connect, Item: ConnectEquipment, Selected device: Safety Monitor, Selected device id: ASCOM.GenericFile.SafetyMonitor
2026-04-23T20:54:12.4469|INFO|MeridianFlipTrigger.cs|ShouldTrigger|197|Meridian Flip - Telescope is at home position. Skip flip evaluation
2026-04-23T20:54:12.4470|INFO|SequenceItem.cs|Run|208|Starting Category: Utility, Item: WaitForTimeSpan, Time: 60s
2026-04-23T20:54:14.4452|INFO|SafetyMonitorVM.cs|UpdateMonitorValues|95|SafetyMonitorInfo state changed to Unsafe
2026-04-23T20:55:12.5388|INFO|SequenceItem.cs|Run|254|Finishing Category: Utility, Item: WaitForTimeSpan, Time: 60s
2026-04-23T20:55:12.5409|INFO|MeridianFlipTrigger.cs|ShouldTrigger|197|Meridian Flip - Telescope is at home position. Skip flip evaluation
2026-04-23T20:55:12.5421|INFO|SequenceItem.cs|Run|208|Starting Category: Powerups (Safety), Item: OnceSafe
2026-04-24T05:16:02.3903|WARNING|DeviceUpdateTimer.cs|Run|115|Mount value update cycle took longer than the device poll interval (Total: 3.70s > 2s; Poll: 00:00:03.6975010; Update: 00:00:00.0002388)
2026-04-24T06:33:36.5382|INFO|TimeCondition.cs|Check|254|TimeCondition finished.
2026-04-24T06:33:36.5387|INFO|TimeCondition.cs|InterruptWhenTimeIsUp|63|Time limit exceeded - Interrupting current Instruction Set
2026-04-24T06:33:36.5483|INFO|WhenCommon.cs|Execute|425|When: Execute done; InFlight -> false, Triggered false
2026-04-24T06:33:36.5494|INFO|MeridianFlipTrigger.cs|ShouldTrigger|197|Meridian Flip - Telescope is at home position. Skip flip evaluation
2026-04-24T06:33:36.5498|INFO|SequenceItem.cs|Run|208|Starting Category: Utility, Item: WaitForTime, Time: 20:52:33h, Offset: -15
2026-04-24T06:33:36.5529|INFO|WhenCommon.cs|SequenceBlockTeardown|198|Teardown; shutting down watchdog
2026-04-24T06:33:36.5535|INFO|SequenceItem.cs|Run|254|Finishing Category: * Instruction Set *, Container: NINA.Sequencer.Container.SequentialContainer, Strategy: SequentialStrategy, Items[CREATED]: 12, Conditions: Condition: TimeCondition, Time: 6:33:36h, Condition: TargetSchedulerCondition mode=While Targets Remain Tonight, , Triggers: Trigger: CenterAfterDriftTrigger, DistanceArcMinutes: 1Trigger: WhenUnsafeCategory: Ground Station, Item: Failures to TelegramCategory: Connect, Item: ReconnectOnDownloadFailureTrigger: AutofocusAfterHFRIncreaseTrigger, Amount: 5Trigger: MeridianFlipTriggerCategory: Powerups (Misc), Item: DIYTriggerCategory: Ground Station, Item: Failures to PushoverTrigger: AutofocusAfterTemperatureChangeTrigger, Amount: 1.5°
2026-04-24T06:33:36.5539|INFO|SequenceItem.cs|Run|254|Finishing Category: * Instruction Set *, Container: NINA.Sequencer.Container.TargetAreaContainer, Strategy: SequentialStrategy, Items[FINISHED]: 1
2026-04-24T06:33:36.5547|INFO|SequenceItem.cs|Run|208|Starting Category: * Instruction Set *, Container: NINA.Sequencer.Container.EndAreaContainer, Strategy: SequentialStrategy, Items[CREATED]: 9
2026-04-24T06:33:36.5553|INFO|SequenceItem.cs|Run|208|Starting Category: Telescope, Item: FindHome
2026-04-24T06:33:36.5592|INFO|PHD2Guider.cs|StopGuiding|704|Phd2 - Stop Guiding skipped, as the app is already in state Stopped
2026-04-24T06:33:36.5593|INFO|TelescopeVM.cs|FindHome|292|Mount ordered to locate home position
2026-04-24T06:33:36.5594|INFO|TelescopeVM.cs|FindHome|336|Mount ordered to home but it is already at home
2026-04-24T06:33:36.5594|INFO|TelescopeVM.cs|FindHome|348|Mount has located its home position
2026-04-24T06:33:36.5597|INFO|SequenceItem.cs|Run|254|Finishing Category: Telescope, Item: FindHome
2026-04-24T06:33:36.5605|INFO|SequenceItem.cs|Run|208|Starting Night Summary - End Session
2026-04-24T06:33:36.5631|INFO|NightSummaryEndInstruction.cs|Execute|28|NightSummary: End Session instruction executing
2026-04-24T06:33:51.5713|WARNING|SessionService.cs|EndSession|165|NightSummary: EndSession called but no active session — nothing to do
2026-04-24T06:33:51.5715|INFO|NightSummaryEndInstruction.cs|Execute|39|NightSummary: Session ended successfully
2026-04-24T06:33:51.5718|INFO|SequenceItem.cs|Run|254|Finishing Night Summary - End Session
2026-04-24T06:33:51.5734|INFO|SequenceItem.cs|Run|208|Starting [EndSubframesSession]
2026-04-24T06:33:51.5784|WARNING|EndSessionItem.cs|Execute|50|[Subframes] EndSessionItem: no active session to end.
2026-04-24T06:33:51.5786|INFO|SequenceItem.cs|Run|254|Finishing [EndSubframesSession]
2026-04-24T06:33:51.5802|INFO|SequenceItem.cs|Run|208|Starting Category: Camera, Item: WarmCamera, Duration: 30
2026-04-24T06:33:51.5871|INFO|CameraVM.cs|WarmCamera|161|Warming Camera. Duration: 00:30:00
2026-04-24T07:06:00.4039|INFO|CameraVM.cs|WarmCamera|179|Could not reach warming temperature. Most likley due to ambient temperature being lower. Continuing...
2026-04-24T07:06:20.5083|INFO|CameraVM.cs|WarmCamera|186|Turning cooler off
2026-04-24T07:06:20.5105|INFO|SequenceItem.cs|Run|254|Finishing Category: Camera, Item: WarmCamera, Duration: 30
2026-04-24T07:06:20.5109|INFO|SequenceItem.cs|Run|208|Starting Category: Guider, Item: StopGuiding
2026-04-24T07:06:20.5169|INFO|PHD2Guider.cs|StopGuiding|704|Phd2 - Stop Guiding skipped, as the app is already in state Stopped
2026-04-24T07:06:20.5171|INFO|SequenceItem.cs|Run|254|Finishing Category: Guider, Item: StopGuiding
2026-04-24T07:06:20.5183|INFO|SequenceItem.cs|Run|208|Starting Category: Phd2 Tools, Item: ShutdownPhd2Instruction
2026-04-24T07:06:20.5442|INFO|SequenceItem.cs|Run|254|Finishing Category: Phd2 Tools, Item: ShutdownPhd2Instruction
2026-04-24T07:06:20.5451|INFO|SequenceItem.cs|Run|208|Starting Category: Connect, Item: DisconnectAllEquipment
2026-04-24T07:06:20.5592|WARNING|PHD2Client.cs|ReadEventsAsync|189|PHD2Client: Connection closed by server
2026-04-24T07:06:20.5594|INFO|DitherStatisticsVM.cs|OnPHD2ConnectionStatusChanged|737|PHD2 Connection Status: Connection lost
2026-04-24T07:06:20.5594|INFO|PHD2Client.cs|ReadEventsAsync|205|PHD2Client: Stopped reading events
2026-04-24T07:06:20.6191|INFO|CameraVM.cs|Disconnect|650|Disconnected Camera
2026-04-24T07:06:20.6199|INFO|AscomDevice.cs|Disconnect|378|Disconnecting from ASCOM.EFW2.FilterWheel ZWO FilterWheel
2026-04-24T07:06:20.6311|INFO|FilterWheelVM.cs|Disconnect|333|Disconnected Filter Wheel
2026-04-24T07:06:20.6352|INFO|AscomDevice.cs|Disconnect|378|Disconnecting from ASCOM.EAF.Focuser ZWO Focuser
2026-04-24T07:06:20.6810|INFO|FocuserVM.cs|Disconnect|441|Disconnected Focuser
2026-04-24T07:06:20.6815|INFO|DisconnectAllEquipment.cs|Execute|139|Rotator is already disconnected
2026-04-24T07:06:20.6934|INFO|AscomDevice.cs|Disconnect|378|Disconnecting from ASCOM.iOptron2017.Telescope iOptron CEM120,70,40,26, GEM, HEM, HAE, HAZ series and SkyHunter Mount
2026-04-24T07:06:20.7165|INFO|TelescopeVM.cs|Disconnect|740|Disconnected mount
2026-04-24T07:06:20.7169|INFO|DisconnectAllEquipment.cs|Execute|139|Guider is already disconnected
2026-04-24T07:06:20.7170|INFO|DisconnectAllEquipment.cs|Execute|139|Switch is already disconnected
2026-04-24T07:06:20.7170|INFO|DisconnectAllEquipment.cs|Execute|139|Flat Panel is already disconnected
2026-04-24T07:06:20.7198|INFO|AscomDevice.cs|Disconnect|378|Disconnecting from ASCOM.SkyAlert.ObservingConditions SkyAlert Observing Conditions
2026-04-24T07:06:20.7301|INFO|WeatherDataVM.cs|Disconnect|305|Disconnected Weather Device
2026-04-24T07:06:20.7480|INFO|DisconnectAllEquipment.cs|Execute|139|Dome is already disconnected
2026-04-24T07:06:20.7502|INFO|AscomDevice.cs|Disconnect|378|Disconnecting from ASCOM.GenericFile.SafetyMonitor Generic File driver
2026-04-24T07:06:20.7547|INFO|SafetyMonitorVM.cs|Disconnect|221|Disconnected Safety Monitor
2026-04-24T07:06:20.7551|INFO|SequenceItem.cs|Run|254|Finishing Category: Connect, Item: DisconnectAllEquipment
2026-04-24T07:06:20.7553|INFO|SequenceItem.cs|Run|208|Starting Category: Ground Station, Item: Send to Pushover, Title: Disconnected
2026-04-24T07:06:20.9814|INFO|SequenceItem.cs|Run|254|Finishing Category: Ground Station, Item: Send to Pushover, Title: Disconnected
2026-04-24T07:06:20.9882|INFO|SequenceItem.cs|Run|208|Starting Category: Ground Station, Item: Send to Telegram
2026-04-24T07:06:21.7191|INFO|SequenceItem.cs|Run|254|Finishing Category: Ground Station, Item: Send to Telegram
2026-04-24T07:06:21.7197|INFO|SequenceItem.cs|Run|254|Finishing Category: * Instruction Set *, Container: NINA.Sequencer.Container.EndAreaContainer, Strategy: SequentialStrategy, Items[FINISHED]: 9
2026-04-24T07:06:21.7201|INFO|SequenceItem.cs|Run|254|Finishing Category: * Instruction Set *, Container: NINA.Sequencer.Container.SequenceRootContainer, Strategy: SequentialStrategy, Items[FINISHED]: 3, Triggers: Category: Ground Station, Item: Failures to Telegram
2026-04-24T07:06:21.7213|INFO|Sequence2VM.cs|StartSequence|548|Advanced Sequence finished
2026-04-24T07:06:21.7223|INFO|WhenCommon.cs|InterruptWhen|350|Restarting sequence, Triggered -> true
2026-04-24T07:06:25.5639|INFO|PHD2Client.cs|ConnectAsync|102|PHD2Client: Connecting to PHD2 at 127.0.0.1:4400...
2026-04-24T07:06:27.5902|ERROR|PHD2Client.cs|ConnectAsync|132|PHD2Client: Connection failed: No connection could be made because the target machine actively refused it.
2026-04-24T14:55:14.0489|INFO|ApplicationVM.cs|Exit|244|Shutting down application - requested by user
2026-04-24T14:55:14.1577|INFO|ApplicationVM.cs|Closing|289|Application shutting down
2026-04-24T14:55:14.2000|INFO|DomeVM.cs|Disconnect|355|Disconnected Dome Device
2026-04-24T14:55:14.2056|INFO|FlatDeviceVM.cs|Disconnect|289|Disconnected Flat Device
2026-04-24T14:55:14.2163|INFO|CameraVM.cs|Disconnect|650|Disconnected Camera
2026-04-24T14:55:14.2170|INFO|TelescopeVM.cs|Disconnect|740|Disconnected mount
2026-04-24T14:55:14.2189|INFO|FilterWheelVM.cs|Disconnect|333|Disconnected Filter Wheel
2026-04-24T14:55:14.2195|INFO|FocuserVM.cs|Disconnect|441|Disconnected Focuser
2026-04-24T14:55:14.2321|INFO|RotatorVM.cs|Disconnect|447|Disconnected Rotator
2026-04-24T14:55:14.2793|INFO|SwitchVM.cs|Disconnect|309|Disconnected Switch
2026-04-24T14:55:14.2837|INFO|WeatherDataVM.cs|Disconnect|305|Disconnected Weather Device
2026-04-24T14:55:14.2840|INFO|SafetyMonitorVM.cs|Disconnect|221|Disconnected Safety Monitor
2026-04-24T14:55:15.2064|INFO|API.cs|StopWatchers|86|Stopping all event watchers
2026-04-24T14:55:15.2525|INFO|NightSummaryPlugin.cs|Teardown|257|NightSummary: Plugin torn down
2026-04-24T14:55:15.3104|INFO|Plugin.cs|Teardown|347|[Subframes] Plugin unloaded (primary instance).
