----------------------------------------------------------------------
--------------N.I.N.A. - Nighttime Imaging 'N' Astronomy--------------
--------------------------Version 3.2.0.9001--------------------------
-------------------------2026-04-06T16:50:20--------------------------
----------------------------------------------------------------------
---------------------Microsoft Windows 10.0.19045---------------------
-------------------------OS Architecture X64--------------------------
-----------------------Process Architecture X64-----------------------
-----------------------------.NET 8.0.21------------------------------
----------------------------------------------------------------------
--------------------------Processor Count 4---------------------------
--------------------Total Physical Memory 7.84 GB---------------------
----------------------------------------------------------------------
DATE|LEVEL|SOURCE|MEMBER|LINE|MESSAGE
2026-04-06T16:50:20.1349|INFO|App.xaml.cs|OnStartup|170|Launched with command line arguments: --sequencefile C:\Users\nicka\Astro\NINA\NINA_Sequences\TargetScheduler.json --runsequence
2026-04-06T16:50:23.0682|INFO|CameraChooserVM.cs|GetEquipment|69|Found 2 ASI Cameras
2026-04-06T16:50:23.3007|INFO|CameraChooserVM.cs|GetEquipment|84|Found 0 Altair Cameras
2026-04-06T16:50:23.7104|INFO|CameraChooserVM.cs|GetEquipment|96|Found 0 Atik Cameras
2026-04-06T16:50:23.8028|INFO|CameraChooserVM.cs|GetEquipment|110|Found 0 FLI Cameras
2026-04-06T16:50:25.0516|INFO|CameraChooserVM.cs|GetEquipment|130|Found 0 QHYCCD Cameras
2026-04-06T16:50:25.5891|INFO|CameraChooserVM.cs|GetEquipment|158|Found 0 ToupTek Cameras
2026-04-06T16:50:25.7279|INFO|CameraChooserVM.cs|GetEquipment|173|Found 0 Ogma Cameras
2026-04-06T16:50:25.8844|INFO|CameraChooserVM.cs|GetEquipment|188|Found 0 Omegon Cameras
2026-04-06T16:50:26.5201|INFO|CameraChooserVM.cs|GetEquipment|203|Found 0 RisingCam Cameras
2026-04-06T16:50:26.7981|INFO|CameraChooserVM.cs|GetEquipment|218|Found 0 MallinCam Cameras
2026-04-06T16:50:26.9433|INFO|CameraChooserVM.cs|GetEquipment|243|Found 0 SVBony Cameras
2026-04-06T16:50:26.9467|INFO|CameraChooserVM.cs|GetEquipment|259|Found 0 SBIG Cameras
2026-04-06T16:50:32.1656|INFO|API.cs|Start|99|Starting Webserver
2026-04-06T16:50:32.1673|INFO|API.cs|APITask|134|starting web server, listening at 172.19.6.111:1888
2026-04-06T16:50:32.3648|INFO|NINALogWatcher.cs|Start|33|watching log file: C:\Users\nicka\AppData\Local\NINA\Logs\20260406-165019-3.2.0.9001.12476-202604.log
2026-04-06T16:50:32.3821|INFO|PluginLoader.cs|LoadPlugin|402|Successfully loaded plugin Advanced API version 2.2.15.0 by Christian Palm
2026-04-06T16:50:32.6088|INFO|PluginLoader.cs|LoadPlugin|402|Successfully loaded plugin Autofocus Report Analysis version 2.0.0.9 by Stefan Berg @isbeorn
2026-04-06T16:50:32.8520|INFO|PluginLoader.cs|LoadPlugin|402|Successfully loaded plugin Connector version 2.1.0.2 by Stefan Berg @isbeorn
2026-04-06T16:50:33.0632|INFO|PluginLoader.cs|LoadPlugin|402|Successfully loaded plugin Device Actions and Commands version 2.2.0.0 by Dale Ghent
2026-04-06T16:50:33.3230|INFO|ApplicationVM.cs|CheckDiskInfo|100|Available Space on Drive C:\: 143.06 GB
2026-04-06T16:50:33.3295|INFO|ApplicationVM.cs|CheckDiskInfo|102|Drive E:\ is not ready
2026-04-06T16:50:33.3312|INFO|ApplicationVM.cs|CheckDiskInfo|100|Available Space on Drive G:\: 62.16 GB
2026-04-06T16:50:33.3347|INFO|ApplicationVM.cs|CheckDiskInfo|100|Available Space on Drive Z:\: 6.23 GB
2026-04-06T16:50:34.4592|INFO|ApplicationVM.cs|CheckASCOMPlatformVersion|81|ASCOM Platform 6.6.2.4195 installed
2026-04-06T16:50:34.4906|INFO|PluginLoader.cs|LoadPlugin|402|Successfully loaded plugin Discord Alert version 2.2.0.0 by Drew McDermott
2026-04-06T16:50:36.1880|INFO|PluginLoader.cs|LoadPlugin|402|Successfully loaded plugin Discord Notification version 2.0.0.10 by Daniel Ludwig
2026-04-06T16:50:37.5868|INFO|DitherStatisticsVM.cs|CreatePluginIcon|1483|Plugin icon geometry created successfully
2026-04-06T16:50:37.6134|INFO|DitherStatisticsVM.cs|LoadDataTemplates|1452|DitherStatistics DataTemplates loaded successfully
2026-04-06T16:50:37.6187|INFO|DitherStatisticsVM.cs|SaveQualityAssessmentSetting|387|Quality Assessment setting saved to file: True
2026-04-06T16:50:37.6189|INFO|DitherStatisticsVM.cs|LoadQualityAssessmentSetting|364|Quality Assessment setting loaded from file: True
2026-04-06T16:50:37.6361|INFO|DitherStatisticsVM.cs|SaveDitherOptimizerSetting|490|Dither Optimizer setting saved to file: False
2026-04-06T16:50:37.6362|INFO|DitherStatisticsVM.cs|LoadDitherOptimizerSetting|471|Dither Optimizer setting loaded from file: False
2026-04-06T16:50:37.6368|INFO|DitherStatisticsVM.cs|SubscribeToGuiderEvents|834|Subscribed to NINA guider events
2026-04-06T16:50:37.6411|ERROR|DitherStatisticsVM.cs|GetThemeColor|1437|Failed to get theme color 'PrimaryBrush': The calling thread cannot access this object because a different thread owns it.
2026-04-06T16:50:37.6413|INFO|DitherStatisticsVM.cs|StartThemeColorMonitoring|1329|Initial PrimaryBrush color: R:255 G:255 B:255
2026-04-06T16:50:37.6415|INFO|DitherStatisticsVM.cs|.ctor|96|DitherStatisticsVM initialized successfully with ScottPlot 4.1 (Lazy Loading)!
2026-04-06T16:50:37.6419|INFO|DitherStatisticsVM.cs|StartThemeColorMonitoring|1338|Theme color monitoring timer started on UI thread
2026-04-06T16:50:37.6424|INFO|PluginLoader.cs|LoadPlugin|402|Successfully loaded plugin Dither Statistics version 1.3.0.0 by Thierry Tschanz
2026-04-06T16:50:37.8294|INFO|PluginLoader.cs|LoadPlugin|402|Successfully loaded plugin Filter Offset Calculator version 2.0.0.0 by S. Dimant & Stefan Berg
2026-04-06T16:50:38.0620|INFO|PluginLoader.cs|LoadPlugin|402|Successfully loaded plugin Flexure Correction version 0.8.0.0 by Francesco Meschia
2026-04-06T16:50:38.1354|INFO|DitherStatisticsVM.cs|OnThemeColorTimerTick|1357|Theme color CHANGED! Old: R:255 G:255 B:255 -> New: R:176 G:179 B:185
2026-04-06T16:50:38.2497|INFO|DitherStatisticsVM.cs|PixelShiftPlot|136|PixelShiftPlot created (lazy loading)
2026-04-06T16:50:38.2791|INFO|DitherStatisticsVM.cs|SettleTimePlot|177|SettleTimePlot created (lazy loading)
2026-04-06T16:50:39.6431|INFO|DitherStatisticsVM.cs|ConnectToPHD2|708|Attempting to connect to PHD2...
2026-04-06T16:50:39.6448|INFO|PHD2Client.cs|ConnectAsync|102|PHD2Client: Connecting to PHD2 at 127.0.0.1:4400...
2026-04-06T16:50:40.9018|INFO|PluginLoader.cs|LoadPlugin|402|Successfully loaded plugin Ground Station version 3.0.0.117 by Dale Ghent
2026-04-06T16:50:41.6897|ERROR|PHD2Client.cs|ConnectAsync|132|PHD2Client: Connection failed: No connection could be made because the target machine actively refused it.
2026-04-06T16:50:41.6904|INFO|DitherStatisticsVM.cs|OnPHD2ConnectionStatusChanged|737|PHD2 Connection Status: Connection failed: No connection could be made because the target machine actively refused it.
2026-04-06T16:50:53.1381|INFO|PluginLoader.cs|LoadPlugin|402|Successfully loaded plugin Hocus Focus version 3.0.0.25 by George Hilios (jokogeo)
2026-04-06T16:50:54.0266|INFO|PluginLoader.cs|LoadPlugin|402|Successfully loaded plugin Horizon Creator version 1.1.2.1 by Christian Palm
2026-04-06T16:50:54.2343|INFO|PluginLoader.cs|LoadPlugin|402|Successfully loaded plugin Lightbucket version 2.2.4.0 by Lightbucket
2026-04-06T16:50:55.1117|INFO|PluginLoader.cs|LoadPlugin|402|Successfully loaded plugin Livestack version 1.0.1.7 by Stefan Berg @isbeorn
2026-04-06T16:50:55.3310|INFO|PluginLoader.cs|LoadPlugin|402|Successfully loaded plugin Log Viewer version 1.0.0.2 by Alexander Wrede @astro_alex80
2026-04-06T16:50:55.5321|INFO|PluginLoader.cs|LoadPlugin|402|Successfully loaded plugin Moon Angle version 2.2.0.0 by Dale Ghent
2026-04-06T16:50:56.1199|INFO|SessionDatabase.cs|.ctor|32|NightSummary: Database path: C:\Users\nicka\AppData\Local\NINA\NightSummary\nightsummary.sqlite
2026-04-06T16:50:56.1201|INFO|SessionDatabase.cs|.ctor|33|NightSummary: Database exists: True
2026-04-06T16:50:56.1790|INFO|NightSummaryPlugin.cs|.ctor|225|NightSummary: Plugin initialized successfully
2026-04-06T16:50:56.1854|INFO|SessionDatabase.cs|.ctor|32|NightSummary: Database path: C:\Users\nicka\AppData\Local\NINA\NightSummary\nightsummary.sqlite
2026-04-06T16:50:56.1856|INFO|SessionDatabase.cs|.ctor|33|NightSummary: Database exists: True
2026-04-06T16:50:56.1985|INFO|PluginLoader.cs|LoadPlugin|402|Successfully loaded plugin Night Summary version 2.9.0.0 by Evan Pegors
2026-04-06T16:50:56.5660|INFO|PluginLoader.cs|LoadPlugin|402|Successfully loaded plugin Phd2 Tools version 1.0.6.0 by Stefan Berg @isbeorn
2026-04-06T16:50:56.9161|INFO|PluginLoader.cs|LoadPlugin|402|Successfully loaded plugin PixInsight Tools version 1.0.0.3 by Stefan Berg
2026-04-06T16:50:57.7141|INFO|PluginLoader.cs|LoadPlugin|402|Successfully loaded plugin Point3D version 0.2.3.0 by Drew McDermott
2026-04-06T16:50:58.0764|INFO|StarfrontClient.cs|StartFolderWatcher|167|[Rockwood] Watching: C:\ASTROIMAGES\NINA\
2026-04-06T16:50:58.0802|INFO|PluginLoader.cs|LoadPlugin|402|Successfully loaded plugin Rockwood Starfront version 1.0.0.0 by Rockwood Observatory
2026-04-06T16:50:58.0804|INFO|StarfrontClient.cs|RunLoop|68|[Rockwood] connecting to wss://api.starfront.space:443/ws/scope?key=***
2026-04-06T16:50:58.8796|INFO|PluginLoader.cs|LoadPlugin|402|Successfully loaded plugin Scope Control version 2.0.2.1 by Stefan Berg @isbeorn
2026-04-06T16:50:59.2476|INFO|StarfrontClient.cs|RunLoop|71|[Rockwood] connected
2026-04-06T16:51:00.7137|WARNING|When.cs|GetRunningItem|143|Can't get running items: SequencerNavigation not initialized yet!
2026-04-06T16:51:00.9952|INFO|PluginLoader.cs|LoadPlugin|402|Successfully loaded plugin Sequencer Powerups version 3.29.0.9 by Marc Blank
2026-04-06T16:51:02.4086|INFO|PluginLoader.cs|LoadPlugin|402|Successfully loaded plugin Session Metadata version 2.6.3.0 by Tom Palmer @tcpalmer
2026-04-06T16:51:02.6338|INFO|PluginLoader.cs|LoadPlugin|402|Successfully loaded plugin Shutdown PC version 2.2.0.0 by Dale Ghent
2026-04-06T16:51:03.0151|INFO|PluginLoader.cs|LoadPlugin|402|Successfully loaded plugin SkyFlats version 1.0.0.4 by Gerald Hitz (@photon)
2026-04-06T16:51:03.7050|INFO|PluginLoader.cs|LoadPlugin|402|Successfully loaded plugin Smart Filters version 1.0.0.3 by Benoit SAINTOT
2026-04-06T16:51:04.3534|INFO|PluginLoader.cs|LoadPlugin|402|Successfully loaded plugin Target Planning version 3.2.1.0 by Tom Palmer @tcpalmer
2026-04-06T16:51:05.7237|WARNING|When.cs|GetRunningItem|143|Can't get running items: SequencerNavigation not initialized yet!
2026-04-06T16:51:10.0057|INFO|PluginLoader.cs|LoadPlugin|402|Successfully loaded plugin Target Scheduler version 5.9.0.0 by Tom Palmer @tcpalmer
2026-04-06T16:51:10.4384|INFO|PluginLoader.cs|LoadPlugin|402|Successfully loaded plugin Three Point Polar Alignment version 2.2.5.0 by Stefan Berg @isbeorn
2026-04-06T16:51:10.7255|WARNING|When.cs|GetRunningItem|143|Can't get running items: SequencerNavigation not initialized yet!
2026-04-06T16:51:12.0426|INFO|SessionHistoryManager.cs|PurgeHistoryOlderThan|102|purging web session history older than 10 days
2026-04-06T16:51:12.0988|INFO|PluginLoader.cs|LoadPlugin|402|Successfully loaded plugin Web Session History Viewer version 2.2.1.0 by Tom Palmer @tcpalmer
2026-04-06T16:51:12.5202|INFO|PluginFetcher.cs|RequestAll|43|Fetching plugin manifests from https://nighttime-imaging.eu/wp-json/nina/v1/plugins/manifests
2026-04-06T16:51:12.5617|INFO|FilterWheelChooserVM.cs|GetEquipment|167|Found 1 Networked Filter Wheel Filter Wheels
2026-04-06T16:51:12.8115|INFO|CameraChooserVM.cs|GetEquipment|279|Found 0 SVBony Cameras
2026-04-06T16:51:12.9418|INFO|CameraChooserVM.cs|GetEquipment|279|Found 0 PlayerOne Cameras
2026-04-06T16:51:13.0359|INFO|CameraChooserVM.cs|GetEquipment|279|Found 0 ASTPAN Cameras
2026-04-06T16:51:13.0382|INFO|CameraChooserVM.cs|GetEquipment|293|Found 4 ASCOM Cameras
2026-04-06T16:51:13.1513|INFO|RotatorChooserVM.cs|GetEquipment|45|Found 1 Networked Rotator Rotators
2026-04-06T16:51:13.2582|INFO|Sequence2VM.cs|TryLoadSequenceFile|414|Loading sequence file: C:\Users\nicka\Astro\NINA\NINA_Sequences\TargetScheduler.json
2026-04-06T16:51:13.9203|INFO|Sequence2VM.cs|TryLoadSequenceFile|420|Starting sequence from command line options
2026-04-06T16:51:13.9238|INFO|Sequence2VM.cs|StartSequence|543|Advanced Sequence starting
2026-04-06T16:51:14.0206|INFO|SequenceItem.cs|Run|208|Starting Category: * Instruction Set *, Container: NINA.Sequencer.Container.SequenceRootContainer, Strategy: SequentialStrategy, Items[CREATED]: 3, Triggers: Category: Ground Station, Item: Failures to Telegram
2026-04-06T16:51:14.0328|INFO|SequenceItem.cs|Run|208|Starting Category: * Instruction Set *, Container: NINA.Sequencer.Container.StartAreaContainer, Strategy: SequentialStrategy, Items[CREATED]: 1
2026-04-06T16:51:14.0338|INFO|SequenceItem.cs|Run|208|Starting Category: * Instruction Set *, Container: NINA.Sequencer.Container.SequentialContainer, Strategy: SequentialStrategy, Items[CREATED]: 10
2026-04-06T16:51:14.0345|INFO|SequenceItem.cs|Run|208|Starting Category: Ground Station, Item: Send to Pushover, Title: Start
2026-04-06T16:51:14.9650|INFO|PluginFetcher.cs|RequestAll|57|Found 77 valid plugins at https://nighttime-imaging.eu/wp-json/nina/v1/plugins/manifests
2026-04-06T16:51:14.9822|INFO|DomeChooserVM.cs|GetEquipment|67|Found 0 Alpaca Domes
2026-04-06T16:51:14.9916|INFO|SwitchChooserVM.cs|GetEquipment|71|Found 0 Alpaca Switch Hubs
2026-04-06T16:51:14.9948|INFO|FilterWheelChooserVM.cs|GetEquipment|193|Found 0 Alpaca Filter Wheels
2026-04-06T16:51:15.0419|INFO|WeatherDataChooserVM.cs|GetEquipment|69|Found 0 Alpaca Observing Conditions
2026-04-06T16:51:15.0449|INFO|TelescopeChooserVM.cs|GetEquipment|69|Found 0 Alpaca Telescopes
2026-04-06T16:51:15.0470|INFO|CameraChooserVM.cs|GetEquipment|305|Found 0 Alpaca Cameras
2026-04-06T16:51:15.0653|INFO|CameraChooserVM.cs|GetEquipment|318|Found 0 Canon Cameras
2026-04-06T16:51:15.1567|INFO|RotatorChooserVM.cs|GetEquipment|68|Found 0 Alpaca Rotators
2026-04-06T16:51:15.1587|INFO|SequenceItem.cs|Run|254|Finishing Category: Ground Station, Item: Send to Pushover, Title: Start
2026-04-06T16:51:15.1632|INFO|SequenceItem.cs|Run|208|Starting Category: Utility, Item: WaitForTime, Time: 19:34:1h, Offset: -80
2026-04-06T16:51:15.1811|INFO|DockManagerVM.cs|InitializeAvalonDockLayout|366|Initializing imaging tab layout from C:\Users\nicka\AppData\Local\NINA\Profiles\0173997c-4bfa-48fd-9337-a48b6df99c38.dock.config
2026-04-06T16:51:15.3857|INFO|SafetyMonitorChooserVM.cs|GetEquipment|71|Found 0 Alpaca Safety Monitors
2026-04-06T16:51:15.4264|INFO|FlatDeviceChooserVM.cs|GetEquipment|67|Found 0 Alpaca Cover Calibrators
2026-04-06T16:51:17.0065|INFO|FocuserChooserVM.cs|GetEquipment|84|Found 0 Alpaca Focusers
2026-04-06T19:34:09.4107|INFO|SequenceItem.cs|Run|254|Finishing Category: Utility, Item: WaitForTime, Time: 19:34:1h, Offset: -80
2026-04-06T19:34:09.4131|INFO|SequenceItem.cs|Run|208|Starting Category: Ground Station, Item: Send to Telegram
2026-04-06T19:34:10.3494|INFO|SequenceItem.cs|Run|254|Finishing Category: Ground Station, Item: Send to Telegram
2026-04-06T19:34:10.3497|INFO|SequenceItem.cs|Run|208|Starting Category: Ground Station, Item: Send to Pushover, Title: Configure Equipment
2026-04-06T19:34:10.5083|INFO|SequenceItem.cs|Run|254|Finishing Category: Ground Station, Item: Send to Pushover, Title: Configure Equipment
2026-04-06T19:34:10.5096|INFO|SequenceItem.cs|Run|208|Starting Category: Connect, Item: ConnectAllEquipment
2026-04-06T19:34:10.5367|INFO|CameraChooserVM.cs|GetEquipment|69|Found 2 ASI Cameras
2026-04-06T19:34:10.6064|INFO|CameraChooserVM.cs|GetEquipment|84|Found 0 Altair Cameras
2026-04-06T19:34:10.6065|INFO|CameraChooserVM.cs|GetEquipment|96|Found 0 Atik Cameras
2026-04-06T19:34:10.6072|INFO|CameraChooserVM.cs|GetEquipment|110|Found 0 FLI Cameras
2026-04-06T19:34:10.6073|INFO|CameraChooserVM.cs|GetEquipment|130|Found 0 QHYCCD Cameras
2026-04-06T19:34:10.7569|INFO|CameraChooserVM.cs|GetEquipment|158|Found 0 ToupTek Cameras
2026-04-06T19:34:10.7619|INFO|CameraChooserVM.cs|GetEquipment|173|Found 0 Ogma Cameras
2026-04-06T19:34:10.7755|INFO|CameraChooserVM.cs|GetEquipment|188|Found 0 Omegon Cameras
2026-04-06T19:34:10.9315|INFO|CameraChooserVM.cs|GetEquipment|203|Found 0 RisingCam Cameras
2026-04-06T19:34:10.9450|INFO|CameraChooserVM.cs|GetEquipment|218|Found 0 MallinCam Cameras
2026-04-06T19:34:10.9465|INFO|CameraChooserVM.cs|GetEquipment|243|Found 0 SVBony Cameras
2026-04-06T19:34:10.9490|INFO|CameraChooserVM.cs|GetEquipment|259|Found 0 SBIG Cameras
2026-04-06T19:34:10.9496|INFO|CameraChooserVM.cs|GetEquipment|279|Found 0 SVBony Cameras
2026-04-06T19:34:10.9499|INFO|CameraChooserVM.cs|GetEquipment|279|Found 0 PlayerOne Cameras
2026-04-06T19:34:10.9576|INFO|CameraChooserVM.cs|GetEquipment|279|Found 0 ASTPAN Cameras
2026-04-06T19:34:10.9584|INFO|CameraChooserVM.cs|GetEquipment|293|Found 4 ASCOM Cameras
2026-04-06T19:34:12.9601|INFO|CameraChooserVM.cs|GetEquipment|305|Found 0 Alpaca Cameras
2026-04-06T19:34:12.9658|INFO|CameraChooserVM.cs|GetEquipment|318|Found 0 Canon Cameras
2026-04-06T19:34:13.0325|INFO|CameraVM.cs|Disconnect|650|Disconnected Camera
2026-04-06T19:34:13.5856|WARNING|ASICamera.cs|SetControlValue|568|Failed to set ASI Control Value ASI_WB_B with value 50
2026-04-06T19:34:13.5857|WARNING|ASICamera.cs|SetControlValue|568|Failed to set ASI Control Value ASI_WB_R with value 50
2026-04-06T19:34:13.5857|WARNING|ASICamera.cs|SetControlValue|568|Failed to set ASI Control Value ASI_GAMMA with value 50
2026-04-06T19:34:13.5857|WARNING|ASICamera.cs|SetControlValue|568|Failed to set ASI Control Value ASI_HIGH_SPEED_MODE with value 0
2026-04-06T19:34:13.5858|WARNING|ASICamera.cs|SetControlValue|568|Failed to set ASI Control Value ASI_OVERCLOCK with value 0
2026-04-06T19:34:13.5858|WARNING|ASICamera.cs|SetControlValue|568|Failed to set ASI Control Value ASI_PATTERN_ADJUST with value 0
2026-04-06T19:34:13.5863|WARNING|ASICamera.cs|SetControlValue|568|Failed to set ASI Control Value ASI_MONO_BIN with value 0
2026-04-06T19:34:13.5873|INFO|ASICamera.cs|Initialize|664|Camera ID: ASI533MM
2026-04-06T19:34:13.5952|WARNING|ASICamera.cs|SetControlValue|568|Failed to set ASI Control Value ASI_ANTI_DEW_HEATER with value 0
2026-04-06T19:34:13.6157|INFO|CameraVM.cs|ChooseCamera|455|Successfully connected Camera. Id: ZWOptical_ZWO ASI533MM Pro_ASI533MM Name: ZWO ASI533MM Pro DisplayName: ZWO ASI533MM Pro (ASI533MM)Driver Version: 1, 39, 0, 0
2026-04-06T19:34:14.1707|INFO|FilterWheelChooserVM.cs|GetEquipment|167|Found 1 Networked Filter Wheel Filter Wheels
2026-04-06T19:34:16.1726|INFO|FilterWheelChooserVM.cs|GetEquipment|193|Found 0 Alpaca Filter Wheels
2026-04-06T19:34:16.1951|INFO|FilterWheelVM.cs|Disconnect|333|Disconnected Filter Wheel
2026-04-06T19:34:19.7888|INFO|FilterWheelVM.cs|ChooseFW|279|Successfully connected Filter Wheel. Id: ASCOM.EFW2.FilterWheel Name: ZWO FilterWheel DisplayName: ZWO FilterWheel (ASCOM) Driver Version: 6.0
2026-04-06T19:34:23.6652|INFO|FocuserChooserVM.cs|GetEquipment|84|Found 0 Alpaca Focusers
2026-04-06T19:34:23.6718|INFO|FocuserVM.cs|Disconnect|441|Disconnected Focuser
2026-04-06T19:34:24.9573|ERROR|AscomDevice.cs|GetProperty|546|An unexpected exception occurred during GET of Focuser.StepSize: 
ASCOM.DriverException: The method or operation is not implemented.
 ---> System.NotImplementedException: The method or operation is not implemented.
   --- End of inner exception stack trace ---
   at ASCOM.Com.DriverAccess.DynamicAccess.CheckDotNetExceptions(String memberName, Exception e) in J:\ASCOMLibrary\ASCOM.Com\ASCOM.Com.DriverAccess\BaseClass\DynamicAccess.cs:line 278
   at ASCOM.Com.DriverAccess.DynamicAccess.TryGetMember(GetMemberBinder binder, Object& result) in J:\ASCOMLibrary\ASCOM.Com\ASCOM.Com.DriverAccess\BaseClass\DynamicAccess.cs:line 150
   at CallSite.Target(Closure, CallSite, Object)
   at System.Dynamic.UpdateDelegates.UpdateAndExecute1[T0,TRet](CallSite site, T0 arg0)
   at ASCOM.Com.DriverAccess.Focuser.get_StepSize() in J:\ASCOMLibrary\ASCOM.Com\ASCOM.Com.DriverAccess\Focuser.cs:line 159
   at System.RuntimeMethodHandle.InvokeMethod(Object target, Void** arguments, Signature sig, Boolean isConstructor)
   at System.Reflection.MethodBaseInvoker.InvokeWithNoArgs(Object obj, BindingFlags invokeAttr)
2026-04-06T19:34:25.1699|INFO|AscomDevice.cs|GetProperty|485|Retrying to GET Focuser.StepSize - Attempt 2 / 3
2026-04-06T19:34:25.1720|ERROR|AscomDevice.cs|GetProperty|546|An unexpected exception occurred during GET of Focuser.StepSize: 
ASCOM.DriverException: The method or operation is not implemented.
 ---> System.NotImplementedException: The method or operation is not implemented.
   --- End of inner exception stack trace ---
   at ASCOM.Com.DriverAccess.DynamicAccess.CheckDotNetExceptions(String memberName, Exception e) in J:\ASCOMLibrary\ASCOM.Com\ASCOM.Com.DriverAccess\BaseClass\DynamicAccess.cs:line 278
   at ASCOM.Com.DriverAccess.DynamicAccess.TryGetMember(GetMemberBinder binder, Object& result) in J:\ASCOMLibrary\ASCOM.Com\ASCOM.Com.DriverAccess\BaseClass\DynamicAccess.cs:line 150
   at CallSite.Target(Closure, CallSite, Object)
   at ASCOM.Com.DriverAccess.Focuser.get_StepSize() in J:\ASCOMLibrary\ASCOM.Com\ASCOM.Com.DriverAccess\Focuser.cs:line 159
   at InvokeStub_Focuser.get_StepSize(Object, Object, IntPtr*)
   at System.Reflection.MethodBaseInvoker.InvokeWithNoArgs(Object obj, BindingFlags invokeAttr)
2026-04-06T19:34:25.3736|INFO|AscomDevice.cs|GetProperty|485|Retrying to GET Focuser.StepSize - Attempt 3 / 3
2026-04-06T19:34:25.3758|ERROR|AscomDevice.cs|GetProperty|546|An unexpected exception occurred during GET of Focuser.StepSize: 
ASCOM.DriverException: The method or operation is not implemented.
 ---> System.NotImplementedException: The method or operation is not implemented.
   --- End of inner exception stack trace ---
   at ASCOM.Com.DriverAccess.DynamicAccess.CheckDotNetExceptions(String memberName, Exception e) in J:\ASCOMLibrary\ASCOM.Com\ASCOM.Com.DriverAccess\BaseClass\DynamicAccess.cs:line 278
   at ASCOM.Com.DriverAccess.DynamicAccess.TryGetMember(GetMemberBinder binder, Object& result) in J:\ASCOMLibrary\ASCOM.Com\ASCOM.Com.DriverAccess\BaseClass\DynamicAccess.cs:line 150
   at CallSite.Target(Closure, CallSite, Object)
   at ASCOM.Com.DriverAccess.Focuser.get_StepSize() in J:\ASCOMLibrary\ASCOM.Com\ASCOM.Com.DriverAccess\Focuser.cs:line 159
   at InvokeStub_Focuser.get_StepSize(Object, Object, IntPtr*)
   at System.Reflection.MethodBaseInvoker.InvokeWithNoArgs(Object obj, BindingFlags invokeAttr)
2026-04-06T19:34:25.3766|INFO|AscomDevice.cs|GetProperty|556|GET Focuser.StepSize failed - Returning last known value 0
2026-04-06T19:34:25.6250|INFO|FocuserVM.cs|ChooseFocuser|333|Successfully connected Focuser. Id: ASCOM.EAF.Focuser Name: ZWO Focuser DisplayName: ZWO Focuser (ASCOM) Driver Version: 6.0
2026-04-06T19:34:27.6317|INFO|TelescopeChooserVM.cs|GetEquipment|69|Found 0 Alpaca Telescopes
2026-04-06T19:34:27.6748|INFO|TelescopeVM.cs|Disconnect|740|Disconnected mount
2026-04-06T19:34:30.7106|INFO|AscomTelescope.cs|CheckMountTime|845|Mount UTC Time: 2026-04-07 00:34:28Z / System UTC Time: 2026-04-07 00:34:30Z; Difference: 2.539 seconds
2026-04-06T19:34:30.7595|INFO|AscomTelescope.cs|CheckMountTime|852|System time has been synced to the mount
2026-04-06T19:34:30.9969|INFO|TelescopeVM.cs|ChooseTelescope|535|Successfully connected mount. Id: ASCOM.iOptron2017.Telescope Name: iOptron CEM120,70,40,26, GEM, HEM, HAE, HAZ series and SkyHunter Mount DisplayName: iOptron CEM120,70,40,26, GEM, HEM, HAE, HAZ series and SkyHunter Mount (ASCOM) Driver Version: 9.15
2026-04-06T19:34:31.0088|INFO|PHD2Guider.cs|Connect|205|Connecting to PHD2 server at 127.0.0.1:4400
2026-04-06T19:34:38.2097|INFO|WeatherDataChooserVM.cs|GetEquipment|69|Found 0 Alpaca Observing Conditions
2026-04-06T19:34:38.2610|INFO|WeatherDataVM.cs|Disconnect|305|Disconnected Weather Device
2026-04-06T19:34:39.5492|INFO|PHD2Client.cs|ConnectAsync|118|PHD2Client: Connected successfully!
2026-04-06T19:34:39.5493|INFO|DitherStatisticsVM.cs|OnPHD2ConnectionStatusChanged|734|PHD2 Connection Status: Connected
2026-04-06T19:34:39.5494|INFO|DitherStatisticsVM.cs|ConnectToPHD2|713|Successfully connected to PHD2!
2026-04-06T19:34:39.5510|INFO|PHD2Client.cs|ReadEventsAsync|181|PHD2Client: Started reading events
2026-04-06T19:34:39.5901|INFO|PHD2Client.cs|HandleVersion|366|PHD2Client: Connected to PHD2 version 2.6.14. (Message Protocol v1)
2026-04-06T19:34:39.5908|INFO|PHD2Client.cs|ProcessEvent|257|PHD2: CalibrationComplete
2026-04-06T19:34:39.5913|INFO|PHD2Client.cs|HandleAppState|376|PHD2Client: PHD2 AppState: Stopped
2026-04-06T19:34:40.4779|INFO|AscomDevice.cs|GetProperty|527|Property ObservingConditions.SkyQuality GET is not implemented in this driver (SkyAlert Observing Conditions)
2026-04-06T19:34:40.4851|INFO|AscomDevice.cs|GetProperty|527|Property ObservingConditions.StarFWHM GET is not implemented in this driver (SkyAlert Observing Conditions)
2026-04-06T19:34:40.4998|INFO|WeatherDataVM.cs|ChooseWeatherData|150|Successfully connected Weather Device. Id: ASCOM.SkyAlert.ObservingConditions Name: SkyAlert Observing Conditions DisplayName: SkyAlert Observing Conditions (ASCOM) Driver Version: 1.7
2026-04-06T19:34:42.5018|INFO|SafetyMonitorChooserVM.cs|GetEquipment|71|Found 0 Alpaca Safety Monitors
2026-04-06T19:34:42.5342|INFO|SafetyMonitorVM.cs|Disconnect|221|Disconnected Safety Monitor
2026-04-06T19:34:43.0215|INFO|SafetyMonitorVM.cs|Connect|175|Successfully connected Safety Monitor. Id: ASCOM.GenericFile.SafetyMonitor Name: Generic File driver DisplayName: Generic File driver (ASCOM) Driver Version: 6.4
2026-04-06T19:34:43.0219|INFO|SequenceItem.cs|Run|254|Finishing Category: Connect, Item: ConnectAllEquipment
2026-04-06T19:34:43.0227|INFO|SequenceItem.cs|Run|208|Starting Category: Telescope, Item: FindHome
2026-04-06T19:34:43.0476|INFO|PHD2Guider.cs|StopGuiding|704|Phd2 - Stop Guiding skipped, as the app is already in state Stopped
2026-04-06T19:34:43.0498|INFO|TelescopeVM.cs|FindHome|292|Mount ordered to locate home position
2026-04-06T19:34:43.0524|INFO|TelescopeVM.cs|FindHome|336|Mount ordered to home but it is already at home
2026-04-06T19:34:43.0528|INFO|TelescopeVM.cs|FindHome|348|Mount has located its home position
2026-04-06T19:34:43.0538|INFO|SequenceItem.cs|Run|254|Finishing Category: Telescope, Item: FindHome
2026-04-06T19:34:43.0542|INFO|SequenceItem.cs|Run|208|Starting Category: Ground Station, Item: Send to Telegram
2026-04-06T19:34:43.6645|INFO|SequenceItem.cs|Run|254|Finishing Category: Ground Station, Item: Send to Telegram
2026-04-06T19:34:43.6648|INFO|SequenceItem.cs|Run|208|Starting Category: Ground Station, Item: Send to Pushover, Title: Cool
2026-04-06T19:34:43.8397|INFO|SequenceItem.cs|Run|254|Finishing Category: Ground Station, Item: Send to Pushover, Title: Cool
2026-04-06T19:34:43.8409|INFO|SequenceItem.cs|Run|208|Starting Category: Camera, Item: CoolCamera, Temperature: -5, Duration: 15
2026-04-06T19:34:43.8467|INFO|CameraVM.cs|CoolCamera|138|Cooling Camera. Target: -5 Duration: 00:15:00
2026-04-06T19:34:45.0273|INFO|SafetyMonitorVM.cs|UpdateMonitorValues|95|SafetyMonitorInfo state changed to Unsafe
2026-04-06T19:49:46.6454|INFO|SequenceItem.cs|Run|254|Finishing Category: Camera, Item: CoolCamera, Temperature: -5, Duration: 15
2026-04-06T19:49:46.6459|INFO|SequenceItem.cs|Run|208|Starting Category: Utility, Item: WaitForTime, Time: 20:39:1h, Offset: -15
2026-04-06T20:39:03.7536|INFO|SequenceItem.cs|Run|254|Finishing Category: Utility, Item: WaitForTime, Time: 20:39:1h, Offset: -15
2026-04-06T20:39:03.7616|INFO|SequenceItem.cs|Run|254|Finishing Category: * Instruction Set *, Container: NINA.Sequencer.Container.SequentialContainer, Strategy: SequentialStrategy, Items[FINISHED]: 10
2026-04-06T20:39:03.7621|INFO|SequenceItem.cs|Run|254|Finishing Category: * Instruction Set *, Container: NINA.Sequencer.Container.StartAreaContainer, Strategy: SequentialStrategy, Items[FINISHED]: 1
2026-04-06T20:39:03.7628|INFO|SequenceItem.cs|Run|208|Starting Category: * Instruction Set *, Container: NINA.Sequencer.Container.TargetAreaContainer, Strategy: SequentialStrategy, Items[CREATED]: 1
2026-04-06T20:39:03.7673|INFO|SequenceItem.cs|Run|208|Starting Category: * Instruction Set *, Container: NINA.Sequencer.Container.SequentialContainer, Strategy: SequentialStrategy, Items[CREATED]: 11, Conditions: Condition: TimeCondition, Time: 6:53:52h, Condition: TargetSchedulerCondition mode=While Targets Remain Tonight, , Triggers: Trigger: CenterAfterDriftTrigger, DistanceArcMinutes: 1Trigger: WhenUnsafeCategory: Ground Station, Item: Failures to TelegramCategory: Connect, Item: ReconnectOnDownloadFailureTrigger: AutofocusAfterHFRIncreaseTrigger, Amount: 5Trigger: MeridianFlipTriggerCategory: Powerups (Misc), Item: DIYTriggerCategory: Ground Station, Item: Failures to PushoverTrigger: AutofocusAfterTemperatureChangeTrigger, Amount: 1.5°
2026-04-06T20:39:03.7724|INFO|WhenCommon.cs|SequenceBlockInitialize|204|Initialize; starting watchdog
2026-04-06T20:39:03.7816|INFO|WhenUnsafe.cs|CheckSafe|77|IsSafe is now FALSE; connected = True, IsSafe = False
2026-04-06T20:39:03.7820|INFO|WhenCommon.cs|ShouldTrigger|378|ShouldTrigger TRUE from InterruptWhen, setting TriggerRunner
2026-04-06T20:39:03.7823|INFO|WhenCommon.cs|InterruptWhen|322|Interrupting current Instruction Set
2026-04-06T20:39:03.7873|INFO|WhenCommon.cs|InterruptWhen|332|Canceling sequence...
2026-04-06T20:39:04.7890|INFO|WhenCommon.cs|InterruptWhen|336|Delay 1000
2026-04-06T20:39:05.7901|INFO|WhenCommon.cs|InterruptWhen|336|Delay 1000
2026-04-06T20:39:06.7908|INFO|WhenCommon.cs|InterruptWhen|336|Delay 1000
2026-04-06T20:39:07.7917|INFO|WhenCommon.cs|InterruptWhen|336|Delay 1000
2026-04-06T20:39:08.7922|INFO|WhenCommon.cs|InterruptWhen|336|Delay 1000
2026-04-06T20:39:09.7936|INFO|WhenCommon.cs|InterruptWhen|336|Delay 1000
2026-04-06T20:39:10.7939|INFO|WhenCommon.cs|InterruptWhen|336|Delay 1000
2026-04-06T20:39:11.7948|INFO|WhenCommon.cs|InterruptWhen|336|Delay 1000
2026-04-06T20:39:12.7947|INFO|WhenCommon.cs|InterruptWhen|336|Delay 1000
2026-04-06T20:39:13.7951|INFO|WhenCommon.cs|InterruptWhen|336|Delay 1000
2026-04-06T20:39:14.7955|INFO|WhenCommon.cs|InterruptWhen|336|Delay 1000
2026-04-06T20:39:15.7964|INFO|WhenCommon.cs|InterruptWhen|336|Delay 1000
2026-04-06T20:39:16.7980|INFO|WhenCommon.cs|InterruptWhen|336|Delay 1000
2026-04-06T20:39:17.7981|INFO|WhenCommon.cs|InterruptWhen|336|Delay 1000
2026-04-06T20:39:18.7985|INFO|WhenCommon.cs|InterruptWhen|336|Delay 1000
2026-04-06T20:39:19.7994|INFO|WhenCommon.cs|InterruptWhen|336|Delay 1000
2026-04-06T20:39:20.8008|INFO|WhenCommon.cs|InterruptWhen|336|Delay 1000
2026-04-06T20:39:21.8012|INFO|WhenCommon.cs|InterruptWhen|336|Delay 1000
2026-04-06T20:39:22.8027|INFO|WhenCommon.cs|InterruptWhen|336|Delay 1000
2026-04-06T20:39:23.8040|INFO|WhenCommon.cs|InterruptWhen|336|Delay 1000
2026-04-06T20:39:24.8049|INFO|WhenCommon.cs|InterruptWhen|336|Delay 1000
2026-04-06T20:39:25.8054|INFO|WhenCommon.cs|InterruptWhen|336|Delay 1000
2026-04-06T20:39:26.8066|INFO|WhenCommon.cs|InterruptWhen|336|Delay 1000
2026-04-06T20:39:27.8078|INFO|WhenCommon.cs|InterruptWhen|336|Delay 1000
2026-04-06T20:39:28.8083|INFO|WhenCommon.cs|InterruptWhen|336|Delay 1000
2026-04-06T20:39:29.8089|INFO|WhenCommon.cs|InterruptWhen|336|Delay 1000
2026-04-06T20:39:30.7153|INFO|WhenCommon.cs|SequenceBlockTeardown|198|Teardown; shutting down watchdog
2026-04-06T20:39:30.7183|INFO|Sequencer.cs|Start|85|Sequence run was cancelled
2026-04-06T20:39:30.7369|INFO|Sequence2VM.cs|StartSequence|548|Advanced Sequence finished
2026-04-06T20:39:30.8113|INFO|WhenCommon.cs|InterruptWhen|339|Sequence no longer running
2026-04-06T20:39:30.8123|WARNING|WhenCommon.cs|CheckSlewing|263|CheckSlewing, WhenUnsafe = True, Connected = True, CanSlew = True, info.Slewing = False
2026-04-06T20:39:30.8134|INFO|Sequence2VM.cs|StartSequence|543|Advanced Sequence starting
2026-04-06T20:39:30.8515|INFO|SequenceItem.cs|Run|208|Starting Category: * Instruction Set *, Container: NINA.Sequencer.Container.SequenceRootContainer, Strategy: SequentialStrategy, Items[CREATED]: 3, Triggers: Category: Ground Station, Item: Failures to Telegram
2026-04-06T20:39:30.8518|INFO|SequenceItem.cs|Run|208|Starting Category: * Instruction Set *, Container: NINA.Sequencer.Container.StartAreaContainer, Strategy: SequentialStrategy, Items[FINISHED]: 1
2026-04-06T20:39:30.8520|INFO|SequenceItem.cs|Run|254|Finishing Category: * Instruction Set *, Container: NINA.Sequencer.Container.StartAreaContainer, Strategy: SequentialStrategy, Items[FINISHED]: 1
2026-04-06T20:39:30.8521|INFO|SequenceItem.cs|Run|208|Starting Category: * Instruction Set *, Container: NINA.Sequencer.Container.TargetAreaContainer, Strategy: SequentialStrategy, Items[CREATED]: 1
2026-04-06T20:39:30.8522|INFO|SequenceItem.cs|Run|208|Starting Category: * Instruction Set *, Container: NINA.Sequencer.Container.SequentialContainer, Strategy: SequentialStrategy, Items[CREATED]: 11, Conditions: Condition: TimeCondition, Time: 6:53:52h, Condition: TargetSchedulerCondition mode=While Targets Remain Tonight, , Triggers: Trigger: CenterAfterDriftTrigger, DistanceArcMinutes: 1Trigger: WhenUnsafeCategory: Ground Station, Item: Failures to TelegramCategory: Connect, Item: ReconnectOnDownloadFailureTrigger: AutofocusAfterHFRIncreaseTrigger, Amount: 5Trigger: MeridianFlipTriggerCategory: Powerups (Misc), Item: DIYTriggerCategory: Ground Station, Item: Failures to PushoverTrigger: AutofocusAfterTemperatureChangeTrigger, Amount: 1.5°
2026-04-06T20:39:30.8525|INFO|WhenCommon.cs|SequenceBlockInitialize|204|Initialize; starting watchdog
2026-04-06T20:39:30.8829|INFO|WhenCommon.cs|ShouldTrigger|382|ShouldTrigger TRUE, setting TriggerRunner
2026-04-06T20:39:30.8852|INFO|SequenceTrigger.cs|Run|114|Starting Trigger: WhenUnsafe
2026-04-06T20:39:30.8956|INFO|WhenCommon.cs|Execute|395|Execute 0
2026-04-06T20:39:30.8958|INFO|WhenCommon.cs|Execute|409|When: running TriggerRunner, InFlight -> true, Triggered -> false
2026-04-06T20:39:30.8958|WARNING|WhenCommon.cs|CheckSlewing|263|CheckSlewing, WhenUnsafe = True, Connected = True, CanSlew = True, info.Slewing = False
2026-04-06T20:39:30.8961|INFO|SequenceItem.cs|Run|208|Starting Category: , Container: WhenPlugin.When.IfContainer, Strategy: SequentialStrategy, Items[CREATED]: 9
2026-04-06T20:39:30.9018|INFO|MeridianFlipTrigger.cs|ShouldTrigger|197|Meridian Flip - Telescope is at home position. Skip flip evaluation
2026-04-06T20:39:30.9035|INFO|SequenceItem.cs|Run|208|Starting Category: Ground Station, Item: Send to Telegram
2026-04-06T20:39:31.5267|INFO|SequenceItem.cs|Run|254|Finishing Category: Ground Station, Item: Send to Telegram
2026-04-06T20:39:31.5298|INFO|MeridianFlipTrigger.cs|ShouldTrigger|197|Meridian Flip - Telescope is at home position. Skip flip evaluation
2026-04-06T20:39:31.5303|INFO|SequenceItem.cs|Run|208|Starting Category: Ground Station, Item: Send to Pushover, Title: Unsafe
2026-04-06T20:39:31.7099|INFO|SequenceItem.cs|Run|254|Finishing Category: Ground Station, Item: Send to Pushover, Title: Unsafe
2026-04-06T20:39:31.7108|INFO|MeridianFlipTrigger.cs|ShouldTrigger|197|Meridian Flip - Telescope is at home position. Skip flip evaluation
2026-04-06T20:39:31.7109|INFO|SequenceItem.cs|Run|208|Starting Category: Telescope, Item: FindHome
2026-04-06T20:39:31.7151|INFO|PHD2Guider.cs|StopGuiding|704|Phd2 - Stop Guiding skipped, as the app is already in state Stopped
2026-04-06T20:39:31.7153|INFO|TelescopeVM.cs|FindHome|292|Mount ordered to locate home position
2026-04-06T20:39:31.7160|INFO|TelescopeVM.cs|FindHome|336|Mount ordered to home but it is already at home
2026-04-06T20:39:31.7160|INFO|TelescopeVM.cs|FindHome|348|Mount has located its home position
2026-04-06T20:39:31.7163|INFO|SequenceItem.cs|Run|254|Finishing Category: Telescope, Item: FindHome
2026-04-06T20:39:31.7168|INFO|MeridianFlipTrigger.cs|ShouldTrigger|197|Meridian Flip - Telescope is at home position. Skip flip evaluation
2026-04-06T20:39:31.7260|INFO|SequenceItem.cs|Run|208|Starting Category: Guider, Item: StopGuiding
2026-04-06T20:39:31.7286|INFO|PHD2Guider.cs|StopGuiding|704|Phd2 - Stop Guiding skipped, as the app is already in state Stopped
2026-04-06T20:39:31.7287|INFO|SequenceItem.cs|Run|254|Finishing Category: Guider, Item: StopGuiding
2026-04-06T20:39:31.7291|INFO|MeridianFlipTrigger.cs|ShouldTrigger|197|Meridian Flip - Telescope is at home position. Skip flip evaluation
2026-04-06T20:39:31.7297|INFO|SequenceItem.cs|Run|208|Starting Category: Connect, Item: DisconnectEquipment, Selected device: Safety Monitor
2026-04-06T20:39:31.8141|INFO|AscomDevice.cs|Disconnect|378|Disconnecting from ASCOM.GenericFile.SafetyMonitor Generic File driver
2026-04-06T20:39:31.8514|INFO|SafetyMonitorVM.cs|Disconnect|221|Disconnected Safety Monitor
2026-04-06T20:39:31.8518|INFO|SequenceItem.cs|Run|254|Finishing Category: Connect, Item: DisconnectEquipment, Selected device: Safety Monitor
2026-04-06T20:39:31.8525|INFO|MeridianFlipTrigger.cs|ShouldTrigger|197|Meridian Flip - Telescope is at home position. Skip flip evaluation
2026-04-06T20:39:31.8532|INFO|SequenceItem.cs|Run|208|Starting Category: Utility, Item: WaitForTimeSpan, Time: 60s
2026-04-06T20:40:31.8825|INFO|SequenceItem.cs|Run|254|Finishing Category: Utility, Item: WaitForTimeSpan, Time: 60s
2026-04-06T20:40:31.8977|INFO|MeridianFlipTrigger.cs|ShouldTrigger|197|Meridian Flip - Telescope is at home position. Skip flip evaluation
2026-04-06T20:40:31.8986|INFO|SequenceItem.cs|Run|208|Starting Category: Connect, Item: ConnectEquipment, Selected device: Safety Monitor, Selected device id: ASCOM.GenericFile.SafetyMonitor
2026-04-06T20:40:33.9132|INFO|SafetyMonitorChooserVM.cs|GetEquipment|71|Found 0 Alpaca Safety Monitors
2026-04-06T20:40:33.9430|INFO|SafetyMonitorVM.cs|Disconnect|221|Disconnected Safety Monitor
2026-04-06T20:40:34.0140|INFO|SafetyMonitorVM.cs|Connect|175|Successfully connected Safety Monitor. Id: ASCOM.GenericFile.SafetyMonitor Name: Generic File driver DisplayName: Generic File driver (ASCOM) Driver Version: 6.4
2026-04-06T20:40:34.0145|INFO|SequenceItem.cs|Run|254|Finishing Category: Connect, Item: ConnectEquipment, Selected device: Safety Monitor, Selected device id: ASCOM.GenericFile.SafetyMonitor
2026-04-06T20:40:34.0148|INFO|MeridianFlipTrigger.cs|ShouldTrigger|197|Meridian Flip - Telescope is at home position. Skip flip evaluation
2026-04-06T20:40:34.0149|INFO|SequenceItem.cs|Run|208|Starting Category: Utility, Item: WaitForTimeSpan, Time: 60s
2026-04-06T20:40:36.0247|INFO|SafetyMonitorVM.cs|UpdateMonitorValues|95|SafetyMonitorInfo state changed to Unsafe
2026-04-06T20:41:34.0968|INFO|SequenceItem.cs|Run|254|Finishing Category: Utility, Item: WaitForTimeSpan, Time: 60s
2026-04-06T20:41:34.0978|INFO|MeridianFlipTrigger.cs|ShouldTrigger|197|Meridian Flip - Telescope is at home position. Skip flip evaluation
2026-04-06T20:41:34.0984|INFO|SequenceItem.cs|Run|208|Starting Category: Powerups (Safety), Item: OnceSafe
2026-04-06T21:51:05.3605|WARNING|DeviceUpdateTimer.cs|Run|115|Mount value update cycle took longer than the device poll interval (Total: 2.34s > 2s; Poll: 00:00:02.3438980; Update: 00:00:00.0002323)
2026-04-07T06:53:52.6990|INFO|TimeCondition.cs|Check|254|TimeCondition finished.
2026-04-07T06:53:52.6994|INFO|TimeCondition.cs|InterruptWhenTimeIsUp|63|Time limit exceeded - Interrupting current Instruction Set
2026-04-07T06:53:52.7082|INFO|WhenCommon.cs|Execute|425|When: Execute done; InFlight -> false, Triggered false
2026-04-07T06:53:52.7094|INFO|MeridianFlipTrigger.cs|ShouldTrigger|197|Meridian Flip - Telescope is at home position. Skip flip evaluation
2026-04-07T06:53:52.7099|INFO|SequenceItem.cs|Run|208|Starting Category: Utility, Item: WaitForTime, Time: 20:39:1h, Offset: -15
2026-04-07T06:53:52.7133|INFO|WhenCommon.cs|SequenceBlockTeardown|198|Teardown; shutting down watchdog
2026-04-07T06:53:52.7138|INFO|SequenceItem.cs|Run|254|Finishing Category: * Instruction Set *, Container: NINA.Sequencer.Container.SequentialContainer, Strategy: SequentialStrategy, Items[CREATED]: 11, Conditions: Condition: TimeCondition, Time: 6:53:52h, Condition: TargetSchedulerCondition mode=While Targets Remain Tonight, , Triggers: Trigger: CenterAfterDriftTrigger, DistanceArcMinutes: 1Trigger: WhenUnsafeCategory: Ground Station, Item: Failures to TelegramCategory: Connect, Item: ReconnectOnDownloadFailureTrigger: AutofocusAfterHFRIncreaseTrigger, Amount: 5Trigger: MeridianFlipTriggerCategory: Powerups (Misc), Item: DIYTriggerCategory: Ground Station, Item: Failures to PushoverTrigger: AutofocusAfterTemperatureChangeTrigger, Amount: 1.5°
2026-04-07T06:53:52.7142|INFO|SequenceItem.cs|Run|254|Finishing Category: * Instruction Set *, Container: NINA.Sequencer.Container.TargetAreaContainer, Strategy: SequentialStrategy, Items[FINISHED]: 1
2026-04-07T06:53:52.7150|INFO|SequenceItem.cs|Run|208|Starting Category: * Instruction Set *, Container: NINA.Sequencer.Container.EndAreaContainer, Strategy: SequentialStrategy, Items[CREATED]: 8
2026-04-07T06:53:52.7158|INFO|SequenceItem.cs|Run|208|Starting Category: Telescope, Item: FindHome
2026-04-07T06:53:52.7412|INFO|PHD2Guider.cs|StopGuiding|704|Phd2 - Stop Guiding skipped, as the app is already in state Stopped
2026-04-07T06:53:52.7414|INFO|TelescopeVM.cs|FindHome|292|Mount ordered to locate home position
2026-04-07T06:53:52.7421|INFO|TelescopeVM.cs|FindHome|336|Mount ordered to home but it is already at home
2026-04-07T06:53:52.7422|INFO|TelescopeVM.cs|FindHome|348|Mount has located its home position
2026-04-07T06:53:52.7426|INFO|SequenceItem.cs|Run|254|Finishing Category: Telescope, Item: FindHome
2026-04-07T06:53:52.7438|INFO|SequenceItem.cs|Run|208|Starting Night Summary - End Session
2026-04-07T06:53:52.7480|INFO|NightSummaryEndInstruction.cs|Execute|28|NightSummary: End Session instruction executing
2026-04-07T06:54:07.7654|WARNING|SessionService.cs|EndSession|73|NightSummary: EndSession called but no active session — nothing to do
2026-04-07T06:54:07.7656|INFO|NightSummaryEndInstruction.cs|Execute|39|NightSummary: Session ended successfully
2026-04-07T06:54:07.7658|INFO|SequenceItem.cs|Run|254|Finishing Night Summary - End Session
2026-04-07T06:54:07.7674|INFO|SequenceItem.cs|Run|208|Starting Category: Camera, Item: WarmCamera, Duration: 30
2026-04-07T06:54:07.7744|INFO|CameraVM.cs|WarmCamera|161|Warming Camera. Duration: 00:30:00
2026-04-07T07:26:14.8430|INFO|CameraVM.cs|WarmCamera|179|Could not reach warming temperature. Most likley due to ambient temperature being lower. Continuing...
2026-04-07T07:26:34.9197|INFO|CameraVM.cs|WarmCamera|186|Turning cooler off
2026-04-07T07:26:34.9217|INFO|SequenceItem.cs|Run|254|Finishing Category: Camera, Item: WarmCamera, Duration: 30
2026-04-07T07:26:34.9221|INFO|SequenceItem.cs|Run|208|Starting Category: Guider, Item: StopGuiding
2026-04-07T07:26:34.9281|INFO|PHD2Guider.cs|StopGuiding|704|Phd2 - Stop Guiding skipped, as the app is already in state Stopped
2026-04-07T07:26:34.9284|INFO|SequenceItem.cs|Run|254|Finishing Category: Guider, Item: StopGuiding
2026-04-07T07:26:34.9297|INFO|SequenceItem.cs|Run|208|Starting Category: Phd2 Tools, Item: ShutdownPhd2Instruction
2026-04-07T07:26:34.9589|INFO|SequenceItem.cs|Run|254|Finishing Category: Phd2 Tools, Item: ShutdownPhd2Instruction
2026-04-07T07:26:34.9596|INFO|SequenceItem.cs|Run|208|Starting Category: Connect, Item: DisconnectAllEquipment
2026-04-07T07:26:34.9676|WARNING|PHD2Client.cs|ReadEventsAsync|189|PHD2Client: Connection closed by server
2026-04-07T07:26:34.9677|INFO|DitherStatisticsVM.cs|OnPHD2ConnectionStatusChanged|737|PHD2 Connection Status: Connection lost
2026-04-07T07:26:34.9678|INFO|PHD2Client.cs|ReadEventsAsync|205|PHD2Client: Stopped reading events
2026-04-07T07:26:35.0481|INFO|CameraVM.cs|Disconnect|650|Disconnected Camera
2026-04-07T07:26:35.0491|INFO|AscomDevice.cs|Disconnect|378|Disconnecting from ASCOM.EFW2.FilterWheel ZWO FilterWheel
2026-04-07T07:26:35.0607|INFO|FilterWheelVM.cs|Disconnect|333|Disconnected Filter Wheel
2026-04-07T07:26:35.0675|INFO|AscomDevice.cs|Disconnect|378|Disconnecting from ASCOM.EAF.Focuser ZWO Focuser
2026-04-07T07:26:35.1339|INFO|FocuserVM.cs|Disconnect|441|Disconnected Focuser
2026-04-07T07:26:35.1346|INFO|DisconnectAllEquipment.cs|Execute|139|Rotator is already disconnected
2026-04-07T07:26:35.2357|INFO|AscomDevice.cs|Disconnect|378|Disconnecting from ASCOM.iOptron2017.Telescope iOptron CEM120,70,40,26, GEM, HEM, HAE, HAZ series and SkyHunter Mount
2026-04-07T07:26:35.2585|INFO|TelescopeVM.cs|Disconnect|740|Disconnected mount
2026-04-07T07:26:35.2591|INFO|DisconnectAllEquipment.cs|Execute|139|Guider is already disconnected
2026-04-07T07:26:35.2592|INFO|DisconnectAllEquipment.cs|Execute|139|Switch is already disconnected
2026-04-07T07:26:35.2593|INFO|DisconnectAllEquipment.cs|Execute|139|Flat Panel is already disconnected
2026-04-07T07:26:35.2616|INFO|AscomDevice.cs|Disconnect|378|Disconnecting from ASCOM.SkyAlert.ObservingConditions SkyAlert Observing Conditions
2026-04-07T07:26:35.2793|INFO|WeatherDataVM.cs|Disconnect|305|Disconnected Weather Device
2026-04-07T07:26:35.2797|INFO|DisconnectAllEquipment.cs|Execute|139|Dome is already disconnected
2026-04-07T07:26:35.2811|INFO|AscomDevice.cs|Disconnect|378|Disconnecting from ASCOM.GenericFile.SafetyMonitor Generic File driver
2026-04-07T07:26:35.2859|INFO|SafetyMonitorVM.cs|Disconnect|221|Disconnected Safety Monitor
2026-04-07T07:26:35.2863|INFO|SequenceItem.cs|Run|254|Finishing Category: Connect, Item: DisconnectAllEquipment
2026-04-07T07:26:35.2866|INFO|SequenceItem.cs|Run|208|Starting Category: Ground Station, Item: Send to Pushover, Title: Disconnected
2026-04-07T07:26:35.5104|INFO|SequenceItem.cs|Run|254|Finishing Category: Ground Station, Item: Send to Pushover, Title: Disconnected
2026-04-07T07:26:35.5109|INFO|SequenceItem.cs|Run|208|Starting Category: Ground Station, Item: Send to Telegram
2026-04-07T07:26:36.1350|INFO|SequenceItem.cs|Run|254|Finishing Category: Ground Station, Item: Send to Telegram
2026-04-07T07:26:36.1355|INFO|SequenceItem.cs|Run|254|Finishing Category: * Instruction Set *, Container: NINA.Sequencer.Container.EndAreaContainer, Strategy: SequentialStrategy, Items[FINISHED]: 8
2026-04-07T07:26:36.1358|INFO|SequenceItem.cs|Run|254|Finishing Category: * Instruction Set *, Container: NINA.Sequencer.Container.SequenceRootContainer, Strategy: SequentialStrategy, Items[FINISHED]: 3, Triggers: Category: Ground Station, Item: Failures to Telegram
2026-04-07T07:26:36.1371|INFO|Sequence2VM.cs|StartSequence|548|Advanced Sequence finished
2026-04-07T07:26:36.1381|INFO|WhenCommon.cs|InterruptWhen|350|Restarting sequence, Triggered -> true
2026-04-07T07:26:39.9768|INFO|PHD2Client.cs|ConnectAsync|102|PHD2Client: Connecting to PHD2 at 127.0.0.1:4400...
2026-04-07T07:26:41.9964|ERROR|PHD2Client.cs|ConnectAsync|132|PHD2Client: Connection failed: No connection could be made because the target machine actively refused it.
2026-04-07T11:05:24.9406|INFO|ApplicationVM.cs|Exit|244|Shutting down application - requested by user
2026-04-07T11:05:25.0511|INFO|ApplicationVM.cs|Closing|289|Application shutting down
2026-04-07T11:05:25.0884|INFO|DomeVM.cs|Disconnect|355|Disconnected Dome Device
2026-04-07T11:05:25.0934|INFO|FlatDeviceVM.cs|Disconnect|289|Disconnected Flat Device
2026-04-07T11:05:25.1028|INFO|CameraVM.cs|Disconnect|650|Disconnected Camera
2026-04-07T11:05:25.1034|INFO|TelescopeVM.cs|Disconnect|740|Disconnected mount
2026-04-07T11:05:25.1048|INFO|FilterWheelVM.cs|Disconnect|333|Disconnected Filter Wheel
2026-04-07T11:05:25.1053|INFO|FocuserVM.cs|Disconnect|441|Disconnected Focuser
2026-04-07T11:05:25.1102|INFO|RotatorVM.cs|Disconnect|447|Disconnected Rotator
2026-04-07T11:05:25.1139|INFO|SwitchVM.cs|Disconnect|309|Disconnected Switch
2026-04-07T11:05:25.1179|INFO|WeatherDataVM.cs|Disconnect|305|Disconnected Weather Device
2026-04-07T11:05:25.1183|INFO|SafetyMonitorVM.cs|Disconnect|221|Disconnected Safety Monitor
2026-04-07T11:05:26.0179|INFO|API.cs|StopWatchers|86|Stopping all event watchers
2026-04-07T11:05:26.0496|INFO|NightSummaryPlugin.cs|Teardown|230|NightSummary: Plugin torn down
