----------------------------------------------------------------------
--------------N.I.N.A. - Nighttime Imaging 'N' Astronomy--------------
--------------------------Version 3.2.0.9001--------------------------
-------------------------2026-04-04T09:01:26--------------------------
----------------------------------------------------------------------
---------------------Microsoft Windows 10.0.19045---------------------
-------------------------OS Architecture X64--------------------------
-----------------------Process Architecture X64-----------------------
-----------------------------.NET 8.0.21------------------------------
----------------------------------------------------------------------
--------------------------Processor Count 4---------------------------
--------------------Total Physical Memory 7.84 GB---------------------
----------------------------------------------------------------------
DATE|LEVEL|SOURCE|MEMBER|LINE|MESSAGE
2026-04-04T09:01:26.8660|INFO|App.xaml.cs|OnStartup|170|Launched with command line arguments: --sequencefile C:\Users\nicka\Astro\NINA\NINA_Sequences\TargetScheduler.json --runsequence
2026-04-04T09:01:29.7523|INFO|CameraChooserVM.cs|GetEquipment|69|Found 2 ASI Cameras
2026-04-04T09:01:29.9826|INFO|CameraChooserVM.cs|GetEquipment|84|Found 0 Altair Cameras
2026-04-04T09:01:30.3933|INFO|CameraChooserVM.cs|GetEquipment|96|Found 0 Atik Cameras
2026-04-04T09:01:30.4877|INFO|CameraChooserVM.cs|GetEquipment|110|Found 0 FLI Cameras
2026-04-04T09:01:31.7393|INFO|CameraChooserVM.cs|GetEquipment|130|Found 0 QHYCCD Cameras
2026-04-04T09:01:32.4245|INFO|CameraChooserVM.cs|GetEquipment|158|Found 0 ToupTek Cameras
2026-04-04T09:01:32.5603|INFO|CameraChooserVM.cs|GetEquipment|173|Found 0 Ogma Cameras
2026-04-04T09:01:32.8281|INFO|CameraChooserVM.cs|GetEquipment|188|Found 0 Omegon Cameras
2026-04-04T09:01:33.3819|INFO|CameraChooserVM.cs|GetEquipment|203|Found 0 RisingCam Cameras
2026-04-04T09:01:33.5483|INFO|CameraChooserVM.cs|GetEquipment|218|Found 0 MallinCam Cameras
2026-04-04T09:01:33.6914|INFO|CameraChooserVM.cs|GetEquipment|243|Found 0 SVBony Cameras
2026-04-04T09:01:33.6946|INFO|CameraChooserVM.cs|GetEquipment|259|Found 0 SBIG Cameras
2026-04-04T09:01:38.7111|INFO|API.cs|Start|99|Starting Webserver
2026-04-04T09:01:38.7128|INFO|API.cs|APITask|134|starting web server, listening at 172.19.6.111:1888
2026-04-04T09:01:38.8742|INFO|NINALogWatcher.cs|Start|33|watching log file: C:\Users\nicka\AppData\Local\NINA\Logs\20260404-090125-3.2.0.9001.10168-202604.log
2026-04-04T09:01:38.8903|INFO|PluginLoader.cs|LoadPlugin|402|Successfully loaded plugin Advanced API version 2.2.15.0 by Christian Palm
2026-04-04T09:01:39.0517|INFO|PluginLoader.cs|LoadPlugin|402|Successfully loaded plugin Autofocus Report Analysis version 2.0.0.9 by Stefan Berg @isbeorn
2026-04-04T09:01:39.2803|INFO|PluginLoader.cs|LoadPlugin|402|Successfully loaded plugin Connector version 2.1.0.2 by Stefan Berg @isbeorn
2026-04-04T09:01:39.4733|INFO|PluginLoader.cs|LoadPlugin|402|Successfully loaded plugin Device Actions and Commands version 2.2.0.0 by Dale Ghent
2026-04-04T09:01:39.6753|INFO|ApplicationVM.cs|CheckDiskInfo|100|Available Space on Drive C:\: 141.33 GB
2026-04-04T09:01:39.6817|INFO|ApplicationVM.cs|CheckDiskInfo|102|Drive E:\ is not ready
2026-04-04T09:01:39.6844|INFO|ApplicationVM.cs|CheckDiskInfo|100|Available Space on Drive G:\: 62.17 GB
2026-04-04T09:01:39.7000|INFO|ApplicationVM.cs|CheckDiskInfo|100|Available Space on Drive Z:\: 7.91 GB
2026-04-04T09:01:40.5388|INFO|ApplicationVM.cs|CheckASCOMPlatformVersion|81|ASCOM Platform 6.6.2.4195 installed
2026-04-04T09:01:40.8644|INFO|PluginLoader.cs|LoadPlugin|402|Successfully loaded plugin Discord Alert version 2.2.0.0 by Drew McDermott
2026-04-04T09:01:42.4973|INFO|PluginLoader.cs|LoadPlugin|402|Successfully loaded plugin Discord Notification version 2.0.0.10 by Daniel Ludwig
2026-04-04T09:01:43.8531|INFO|DitherStatisticsVM.cs|CreatePluginIcon|1483|Plugin icon geometry created successfully
2026-04-04T09:01:43.8808|INFO|DitherStatisticsVM.cs|LoadDataTemplates|1452|DitherStatistics DataTemplates loaded successfully
2026-04-04T09:01:43.8859|INFO|DitherStatisticsVM.cs|SaveQualityAssessmentSetting|387|Quality Assessment setting saved to file: True
2026-04-04T09:01:43.8860|INFO|DitherStatisticsVM.cs|LoadQualityAssessmentSetting|364|Quality Assessment setting loaded from file: True
2026-04-04T09:01:43.9003|INFO|DitherStatisticsVM.cs|SaveDitherOptimizerSetting|490|Dither Optimizer setting saved to file: False
2026-04-04T09:01:43.9005|INFO|DitherStatisticsVM.cs|LoadDitherOptimizerSetting|471|Dither Optimizer setting loaded from file: False
2026-04-04T09:01:43.9012|INFO|DitherStatisticsVM.cs|SubscribeToGuiderEvents|834|Subscribed to NINA guider events
2026-04-04T09:01:43.9060|ERROR|DitherStatisticsVM.cs|GetThemeColor|1437|Failed to get theme color 'PrimaryBrush': The calling thread cannot access this object because a different thread owns it.
2026-04-04T09:01:43.9063|INFO|DitherStatisticsVM.cs|StartThemeColorMonitoring|1329|Initial PrimaryBrush color: R:255 G:255 B:255
2026-04-04T09:01:43.9064|INFO|DitherStatisticsVM.cs|.ctor|96|DitherStatisticsVM initialized successfully with ScottPlot 4.1 (Lazy Loading)!
2026-04-04T09:01:43.9069|INFO|DitherStatisticsVM.cs|StartThemeColorMonitoring|1338|Theme color monitoring timer started on UI thread
2026-04-04T09:01:43.9072|INFO|PluginLoader.cs|LoadPlugin|402|Successfully loaded plugin Dither Statistics version 1.3.0.0 by Thierry Tschanz
2026-04-04T09:01:44.0818|INFO|PluginLoader.cs|LoadPlugin|402|Successfully loaded plugin Filter Offset Calculator version 2.0.0.0 by S. Dimant & Stefan Berg
2026-04-04T09:01:44.3070|INFO|PluginLoader.cs|LoadPlugin|402|Successfully loaded plugin Flexure Correction version 0.8.0.0 by Francesco Meschia
2026-04-04T09:01:44.4028|INFO|DitherStatisticsVM.cs|OnThemeColorTimerTick|1357|Theme color CHANGED! Old: R:255 G:255 B:255 -> New: R:176 G:179 B:185
2026-04-04T09:01:44.5063|INFO|DitherStatisticsVM.cs|PixelShiftPlot|136|PixelShiftPlot created (lazy loading)
2026-04-04T09:01:44.5362|INFO|DitherStatisticsVM.cs|SettleTimePlot|177|SettleTimePlot created (lazy loading)
2026-04-04T09:01:45.9056|INFO|DitherStatisticsVM.cs|ConnectToPHD2|708|Attempting to connect to PHD2...
2026-04-04T09:01:45.9074|INFO|PHD2Client.cs|ConnectAsync|102|PHD2Client: Connecting to PHD2 at 127.0.0.1:4400...
2026-04-04T09:01:47.0773|INFO|PluginLoader.cs|LoadPlugin|402|Successfully loaded plugin Ground Station version 3.0.0.117 by Dale Ghent
2026-04-04T09:01:47.9381|ERROR|PHD2Client.cs|ConnectAsync|132|PHD2Client: Connection failed: No connection could be made because the target machine actively refused it.
2026-04-04T09:01:47.9386|INFO|DitherStatisticsVM.cs|OnPHD2ConnectionStatusChanged|737|PHD2 Connection Status: Connection failed: No connection could be made because the target machine actively refused it.
2026-04-04T09:01:59.3075|INFO|PluginLoader.cs|LoadPlugin|402|Successfully loaded plugin Hocus Focus version 3.0.0.25 by George Hilios (jokogeo)
2026-04-04T09:02:00.1920|INFO|PluginLoader.cs|LoadPlugin|402|Successfully loaded plugin Horizon Creator version 1.1.2.1 by Christian Palm
2026-04-04T09:02:00.3933|INFO|PluginLoader.cs|LoadPlugin|402|Successfully loaded plugin Lightbucket version 2.2.4.0 by Lightbucket
2026-04-04T09:02:01.2833|INFO|PluginLoader.cs|LoadPlugin|402|Successfully loaded plugin Livestack version 1.0.1.7 by Stefan Berg @isbeorn
2026-04-04T09:02:01.5261|INFO|PluginLoader.cs|LoadPlugin|402|Successfully loaded plugin Log Viewer version 1.0.0.2 by Alexander Wrede @astro_alex80
2026-04-04T09:02:01.7477|INFO|PluginLoader.cs|LoadPlugin|402|Successfully loaded plugin Moon Angle version 2.2.0.0 by Dale Ghent
2026-04-04T09:02:02.3261|INFO|SessionDatabase.cs|.ctor|32|NightSummary: Database path: C:\Users\nicka\AppData\Local\NINA\NightSummary\nightsummary.sqlite
2026-04-04T09:02:02.3263|INFO|SessionDatabase.cs|.ctor|33|NightSummary: Database exists: True
2026-04-04T09:02:02.3786|INFO|NightSummaryPlugin.cs|.ctor|225|NightSummary: Plugin initialized successfully
2026-04-04T09:02:02.3841|INFO|SessionDatabase.cs|.ctor|32|NightSummary: Database path: C:\Users\nicka\AppData\Local\NINA\NightSummary\nightsummary.sqlite
2026-04-04T09:02:02.3843|INFO|SessionDatabase.cs|.ctor|33|NightSummary: Database exists: True
2026-04-04T09:02:02.3959|INFO|PluginLoader.cs|LoadPlugin|402|Successfully loaded plugin Night Summary version 2.9.0.0 by Evan Pegors
2026-04-04T09:02:02.7237|INFO|PluginLoader.cs|LoadPlugin|402|Successfully loaded plugin Phd2 Tools version 1.0.6.0 by Stefan Berg @isbeorn
2026-04-04T09:02:03.0653|INFO|PluginLoader.cs|LoadPlugin|402|Successfully loaded plugin PixInsight Tools version 1.0.0.3 by Stefan Berg
2026-04-04T09:02:03.8706|INFO|PluginLoader.cs|LoadPlugin|402|Successfully loaded plugin Point3D version 0.2.3.0 by Drew McDermott
2026-04-04T09:02:04.2652|INFO|StarfrontClient.cs|StartFolderWatcher|167|[Rockwood] Watching: C:\ASTROIMAGES\NINA\
2026-04-04T09:02:04.2666|INFO|PluginLoader.cs|LoadPlugin|402|Successfully loaded plugin Rockwood Starfront version 1.0.0.0 by Rockwood Observatory
2026-04-04T09:02:04.2691|INFO|StarfrontClient.cs|RunLoop|68|[Rockwood] connecting to wss://api.starfront.space:443/ws/scope?key=***
2026-04-04T09:02:04.4274|INFO|StarfrontClient.cs|RunLoop|71|[Rockwood] connected
2026-04-04T09:02:05.0649|INFO|PluginLoader.cs|LoadPlugin|402|Successfully loaded plugin Scope Control version 2.0.2.1 by Stefan Berg @isbeorn
2026-04-04T09:02:06.8346|WARNING|When.cs|GetRunningItem|143|Can't get running items: SequencerNavigation not initialized yet!
2026-04-04T09:02:07.1114|INFO|PluginLoader.cs|LoadPlugin|402|Successfully loaded plugin Sequencer Powerups version 3.29.0.9 by Marc Blank
2026-04-04T09:02:07.8998|INFO|PluginLoader.cs|LoadPlugin|402|Successfully loaded plugin Session Metadata version 2.6.3.0 by Tom Palmer @tcpalmer
2026-04-04T09:02:08.0321|INFO|PluginLoader.cs|LoadPlugin|402|Successfully loaded plugin Shutdown PC version 2.2.0.0 by Dale Ghent
2026-04-04T09:02:08.3296|INFO|PluginLoader.cs|LoadPlugin|402|Successfully loaded plugin SkyFlats version 1.0.0.4 by Gerald Hitz (@photon)
2026-04-04T09:02:08.7684|INFO|PluginLoader.cs|LoadPlugin|402|Successfully loaded plugin Smart Filters version 1.0.0.3 by Benoit SAINTOT
2026-04-04T09:02:09.2964|INFO|PluginLoader.cs|LoadPlugin|402|Successfully loaded plugin Target Planning version 3.2.1.0 by Tom Palmer @tcpalmer
2026-04-04T09:02:11.8457|WARNING|When.cs|GetRunningItem|143|Can't get running items: SequencerNavigation not initialized yet!
2026-04-04T09:02:14.8885|INFO|PluginLoader.cs|LoadPlugin|402|Successfully loaded plugin Target Scheduler version 5.9.0.0 by Tom Palmer @tcpalmer
2026-04-04T09:02:15.3490|INFO|PluginLoader.cs|LoadPlugin|402|Successfully loaded plugin Three Point Polar Alignment version 2.2.5.0 by Stefan Berg @isbeorn
2026-04-04T09:02:16.8472|WARNING|When.cs|GetRunningItem|143|Can't get running items: SequencerNavigation not initialized yet!
2026-04-04T09:02:16.9460|INFO|SessionHistoryManager.cs|PurgeHistoryOlderThan|102|purging web session history older than 10 days
2026-04-04T09:02:17.0026|INFO|PluginLoader.cs|LoadPlugin|402|Successfully loaded plugin Web Session History Viewer version 2.2.1.0 by Tom Palmer @tcpalmer
2026-04-04T09:02:17.4146|INFO|PluginFetcher.cs|RequestAll|43|Fetching plugin manifests from https://nighttime-imaging.eu/wp-json/nina/v1/plugins/manifests
2026-04-04T09:02:17.7517|INFO|RotatorChooserVM.cs|GetEquipment|45|Found 1 Networked Rotator Rotators
2026-04-04T09:02:17.7581|INFO|FilterWheelChooserVM.cs|GetEquipment|167|Found 1 Networked Filter Wheel Filter Wheels
2026-04-04T09:02:18.1936|INFO|CameraChooserVM.cs|GetEquipment|279|Found 0 SVBony Cameras
2026-04-04T09:02:18.3141|INFO|CameraChooserVM.cs|GetEquipment|279|Found 0 PlayerOne Cameras
2026-04-04T09:02:18.4037|INFO|CameraChooserVM.cs|GetEquipment|279|Found 0 ASTPAN Cameras
2026-04-04T09:02:18.4058|INFO|CameraChooserVM.cs|GetEquipment|293|Found 4 ASCOM Cameras
2026-04-04T09:02:18.6217|INFO|Sequence2VM.cs|TryLoadSequenceFile|414|Loading sequence file: C:\Users\nicka\Astro\NINA\NINA_Sequences\TargetScheduler.json
2026-04-04T09:02:19.3186|INFO|Sequence2VM.cs|TryLoadSequenceFile|420|Starting sequence from command line options
2026-04-04T09:02:19.3220|INFO|Sequence2VM.cs|StartSequence|543|Advanced Sequence starting
2026-04-04T09:02:19.3466|INFO|PluginFetcher.cs|RequestAll|57|Found 77 valid plugins at https://nighttime-imaging.eu/wp-json/nina/v1/plugins/manifests
2026-04-04T09:02:19.5047|INFO|SequenceItem.cs|Run|208|Starting Category: * Instruction Set *, Container: NINA.Sequencer.Container.SequenceRootContainer, Strategy: SequentialStrategy, Items[CREATED]: 3, Triggers: Category: Ground Station, Item: Failures to Telegram
2026-04-04T09:02:19.5196|INFO|SequenceItem.cs|Run|208|Starting Category: * Instruction Set *, Container: NINA.Sequencer.Container.StartAreaContainer, Strategy: SequentialStrategy, Items[CREATED]: 1
2026-04-04T09:02:19.5204|INFO|SequenceItem.cs|Run|208|Starting Category: * Instruction Set *, Container: NINA.Sequencer.Container.SequentialContainer, Strategy: SequentialStrategy, Items[CREATED]: 10
2026-04-04T09:02:19.5212|INFO|SequenceItem.cs|Run|208|Starting Category: Ground Station, Item: Send to Pushover, Title: Start
2026-04-04T09:02:19.5919|INFO|SwitchChooserVM.cs|GetEquipment|71|Found 0 Alpaca Switch Hubs
2026-04-04T09:02:19.6088|INFO|DomeChooserVM.cs|GetEquipment|67|Found 0 Alpaca Domes
2026-04-04T09:02:19.7553|INFO|RotatorChooserVM.cs|GetEquipment|68|Found 0 Alpaca Rotators
2026-04-04T09:02:19.7612|INFO|FilterWheelChooserVM.cs|GetEquipment|193|Found 0 Alpaca Filter Wheels
2026-04-04T09:02:19.7851|INFO|SequenceItem.cs|Run|254|Finishing Category: Ground Station, Item: Send to Pushover, Title: Start
2026-04-04T09:02:19.8529|INFO|SequenceItem.cs|Run|208|Starting Category: Utility, Item: WaitForTime, Time: 19:31:46h, Offset: -80
2026-04-04T09:02:19.9843|INFO|FlatDeviceChooserVM.cs|GetEquipment|67|Found 0 Alpaca Cover Calibrators
2026-04-04T09:02:20.0033|INFO|SafetyMonitorChooserVM.cs|GetEquipment|71|Found 0 Alpaca Safety Monitors
2026-04-04T09:02:20.2174|INFO|WeatherDataChooserVM.cs|GetEquipment|69|Found 0 Alpaca Observing Conditions
2026-04-04T09:02:20.2254|INFO|TelescopeChooserVM.cs|GetEquipment|69|Found 0 Alpaca Telescopes
2026-04-04T09:02:20.3992|INFO|DockManagerVM.cs|InitializeAvalonDockLayout|366|Initializing imaging tab layout from C:\Users\nicka\AppData\Local\NINA\Profiles\0173997c-4bfa-48fd-9337-a48b6df99c38.dock.config
2026-04-04T09:02:20.4073|INFO|CameraChooserVM.cs|GetEquipment|305|Found 0 Alpaca Cameras
2026-04-04T09:02:20.4134|INFO|CameraChooserVM.cs|GetEquipment|318|Found 0 Canon Cameras
2026-04-04T09:02:21.4525|INFO|FocuserChooserVM.cs|GetEquipment|84|Found 0 Alpaca Focusers
2026-04-04T19:32:18.5403|INFO|SequenceItem.cs|Run|254|Finishing Category: Utility, Item: WaitForTime, Time: 19:32:31h, Offset: -80
2026-04-04T19:32:18.5429|INFO|SequenceItem.cs|Run|208|Starting Category: Ground Station, Item: Send to Telegram
2026-04-04T19:32:19.3264|INFO|SequenceItem.cs|Run|254|Finishing Category: Ground Station, Item: Send to Telegram
2026-04-04T19:32:19.3267|INFO|SequenceItem.cs|Run|208|Starting Category: Ground Station, Item: Send to Pushover, Title: Configure Equipment
2026-04-04T19:32:19.4877|INFO|SequenceItem.cs|Run|254|Finishing Category: Ground Station, Item: Send to Pushover, Title: Configure Equipment
2026-04-04T19:32:19.4891|INFO|SequenceItem.cs|Run|208|Starting Category: Connect, Item: ConnectAllEquipment
2026-04-04T19:32:19.5151|INFO|CameraChooserVM.cs|GetEquipment|69|Found 2 ASI Cameras
2026-04-04T19:32:19.5837|INFO|CameraChooserVM.cs|GetEquipment|84|Found 0 Altair Cameras
2026-04-04T19:32:19.5838|INFO|CameraChooserVM.cs|GetEquipment|96|Found 0 Atik Cameras
2026-04-04T19:32:19.5844|INFO|CameraChooserVM.cs|GetEquipment|110|Found 0 FLI Cameras
2026-04-04T19:32:19.5847|INFO|CameraChooserVM.cs|GetEquipment|130|Found 0 QHYCCD Cameras
2026-04-04T19:32:19.7365|INFO|CameraChooserVM.cs|GetEquipment|158|Found 0 ToupTek Cameras
2026-04-04T19:32:19.7414|INFO|CameraChooserVM.cs|GetEquipment|173|Found 0 Ogma Cameras
2026-04-04T19:32:19.7551|INFO|CameraChooserVM.cs|GetEquipment|188|Found 0 Omegon Cameras
2026-04-04T19:32:19.9078|INFO|CameraChooserVM.cs|GetEquipment|203|Found 0 RisingCam Cameras
2026-04-04T19:32:19.9218|INFO|CameraChooserVM.cs|GetEquipment|218|Found 0 MallinCam Cameras
2026-04-04T19:32:19.9233|INFO|CameraChooserVM.cs|GetEquipment|243|Found 0 SVBony Cameras
2026-04-04T19:32:19.9258|INFO|CameraChooserVM.cs|GetEquipment|259|Found 0 SBIG Cameras
2026-04-04T19:32:19.9264|INFO|CameraChooserVM.cs|GetEquipment|279|Found 0 SVBony Cameras
2026-04-04T19:32:19.9267|INFO|CameraChooserVM.cs|GetEquipment|279|Found 0 PlayerOne Cameras
2026-04-04T19:32:19.9344|INFO|CameraChooserVM.cs|GetEquipment|279|Found 0 ASTPAN Cameras
2026-04-04T19:32:19.9352|INFO|CameraChooserVM.cs|GetEquipment|293|Found 4 ASCOM Cameras
2026-04-04T19:32:21.9358|INFO|CameraChooserVM.cs|GetEquipment|305|Found 0 Alpaca Cameras
2026-04-04T19:32:21.9419|INFO|CameraChooserVM.cs|GetEquipment|318|Found 0 Canon Cameras
2026-04-04T19:32:22.0034|INFO|CameraVM.cs|Disconnect|650|Disconnected Camera
2026-04-04T19:32:22.5733|WARNING|ASICamera.cs|SetControlValue|568|Failed to set ASI Control Value ASI_WB_B with value 50
2026-04-04T19:32:22.5735|WARNING|ASICamera.cs|SetControlValue|568|Failed to set ASI Control Value ASI_WB_R with value 50
2026-04-04T19:32:22.5736|WARNING|ASICamera.cs|SetControlValue|568|Failed to set ASI Control Value ASI_GAMMA with value 50
2026-04-04T19:32:22.5737|WARNING|ASICamera.cs|SetControlValue|568|Failed to set ASI Control Value ASI_HIGH_SPEED_MODE with value 0
2026-04-04T19:32:22.5739|WARNING|ASICamera.cs|SetControlValue|568|Failed to set ASI Control Value ASI_OVERCLOCK with value 0
2026-04-04T19:32:22.5741|WARNING|ASICamera.cs|SetControlValue|568|Failed to set ASI Control Value ASI_PATTERN_ADJUST with value 0
2026-04-04T19:32:22.5756|WARNING|ASICamera.cs|SetControlValue|568|Failed to set ASI Control Value ASI_MONO_BIN with value 0
2026-04-04T19:32:22.5770|INFO|ASICamera.cs|Initialize|664|Camera ID: ASI533MM
2026-04-04T19:32:22.5924|WARNING|ASICamera.cs|SetControlValue|568|Failed to set ASI Control Value ASI_ANTI_DEW_HEATER with value 0
2026-04-04T19:32:22.6535|INFO|CameraVM.cs|ChooseCamera|455|Successfully connected Camera. Id: ZWOptical_ZWO ASI533MM Pro_ASI533MM Name: ZWO ASI533MM Pro DisplayName: ZWO ASI533MM Pro (ASI533MM)Driver Version: 1, 39, 0, 0
2026-04-04T19:32:23.2020|INFO|FilterWheelChooserVM.cs|GetEquipment|167|Found 1 Networked Filter Wheel Filter Wheels
2026-04-04T19:32:25.2028|INFO|FilterWheelChooserVM.cs|GetEquipment|193|Found 0 Alpaca Filter Wheels
2026-04-04T19:32:25.2565|INFO|FilterWheelVM.cs|Disconnect|333|Disconnected Filter Wheel
2026-04-04T19:32:28.7517|INFO|FilterWheelVM.cs|ChooseFW|279|Successfully connected Filter Wheel. Id: ASCOM.EFW2.FilterWheel Name: ZWO FilterWheel DisplayName: ZWO FilterWheel (ASCOM) Driver Version: 6.0
2026-04-04T19:32:32.5994|INFO|FocuserChooserVM.cs|GetEquipment|84|Found 0 Alpaca Focusers
2026-04-04T19:32:32.6492|INFO|FocuserVM.cs|Disconnect|441|Disconnected Focuser
2026-04-04T19:32:33.9330|ERROR|AscomDevice.cs|GetProperty|546|An unexpected exception occurred during GET of Focuser.StepSize: 
ASCOM.DriverException: The method or operation is not implemented.
 ---> System.NotImplementedException: The method or operation is not implemented.
   --- End of inner exception stack trace ---
   at ASCOM.Com.DriverAccess.DynamicAccess.CheckDotNetExceptions(String memberName, Exception e) in J:\ASCOMLibrary\ASCOM.Com\ASCOM.Com.DriverAccess\BaseClass\DynamicAccess.cs:line 278
   at ASCOM.Com.DriverAccess.DynamicAccess.TryGetMember(GetMemberBinder binder, Object& result) in J:\ASCOMLibrary\ASCOM.Com\ASCOM.Com.DriverAccess\BaseClass\DynamicAccess.cs:line 150
   at CallSite.Target(Closure, CallSite, Object)
   at System.Dynamic.UpdateDelegates.UpdateAndExecute1[T0,TRet](CallSite site, T0 arg0)
   at ASCOM.Com.DriverAccess.Focuser.get_StepSize() in J:\ASCOMLibrary\ASCOM.Com\ASCOM.Com.DriverAccess\Focuser.cs:line 159
   at System.RuntimeMethodHandle.InvokeMethod(Object target, Void** arguments, Signature sig, Boolean isConstructor)
   at System.Reflection.MethodBaseInvoker.InvokeWithNoArgs(Object obj, BindingFlags invokeAttr)
2026-04-04T19:32:34.1441|INFO|AscomDevice.cs|GetProperty|485|Retrying to GET Focuser.StepSize - Attempt 2 / 3
2026-04-04T19:32:34.1474|ERROR|AscomDevice.cs|GetProperty|546|An unexpected exception occurred during GET of Focuser.StepSize: 
ASCOM.DriverException: The method or operation is not implemented.
 ---> System.NotImplementedException: The method or operation is not implemented.
   --- End of inner exception stack trace ---
   at ASCOM.Com.DriverAccess.DynamicAccess.CheckDotNetExceptions(String memberName, Exception e) in J:\ASCOMLibrary\ASCOM.Com\ASCOM.Com.DriverAccess\BaseClass\DynamicAccess.cs:line 278
   at ASCOM.Com.DriverAccess.DynamicAccess.TryGetMember(GetMemberBinder binder, Object& result) in J:\ASCOMLibrary\ASCOM.Com\ASCOM.Com.DriverAccess\BaseClass\DynamicAccess.cs:line 150
   at CallSite.Target(Closure, CallSite, Object)
   at ASCOM.Com.DriverAccess.Focuser.get_StepSize() in J:\ASCOMLibrary\ASCOM.Com\ASCOM.Com.DriverAccess\Focuser.cs:line 159
   at InvokeStub_Focuser.get_StepSize(Object, Object, IntPtr*)
   at System.Reflection.MethodBaseInvoker.InvokeWithNoArgs(Object obj, BindingFlags invokeAttr)
2026-04-04T19:32:34.3491|INFO|AscomDevice.cs|GetProperty|485|Retrying to GET Focuser.StepSize - Attempt 3 / 3
2026-04-04T19:32:34.3518|ERROR|AscomDevice.cs|GetProperty|546|An unexpected exception occurred during GET of Focuser.StepSize: 
ASCOM.DriverException: The method or operation is not implemented.
 ---> System.NotImplementedException: The method or operation is not implemented.
   --- End of inner exception stack trace ---
   at ASCOM.Com.DriverAccess.DynamicAccess.CheckDotNetExceptions(String memberName, Exception e) in J:\ASCOMLibrary\ASCOM.Com\ASCOM.Com.DriverAccess\BaseClass\DynamicAccess.cs:line 278
   at ASCOM.Com.DriverAccess.DynamicAccess.TryGetMember(GetMemberBinder binder, Object& result) in J:\ASCOMLibrary\ASCOM.Com\ASCOM.Com.DriverAccess\BaseClass\DynamicAccess.cs:line 150
   at CallSite.Target(Closure, CallSite, Object)
   at ASCOM.Com.DriverAccess.Focuser.get_StepSize() in J:\ASCOMLibrary\ASCOM.Com\ASCOM.Com.DriverAccess\Focuser.cs:line 159
   at InvokeStub_Focuser.get_StepSize(Object, Object, IntPtr*)
   at System.Reflection.MethodBaseInvoker.InvokeWithNoArgs(Object obj, BindingFlags invokeAttr)
2026-04-04T19:32:34.3527|INFO|AscomDevice.cs|GetProperty|556|GET Focuser.StepSize failed - Returning last known value 0
2026-04-04T19:32:34.5992|INFO|FocuserVM.cs|ChooseFocuser|333|Successfully connected Focuser. Id: ASCOM.EAF.Focuser Name: ZWO Focuser DisplayName: ZWO Focuser (ASCOM) Driver Version: 6.0
2026-04-04T19:32:36.6035|INFO|TelescopeChooserVM.cs|GetEquipment|69|Found 0 Alpaca Telescopes
2026-04-04T19:32:36.6583|INFO|TelescopeVM.cs|Disconnect|740|Disconnected mount
2026-04-04T19:32:39.5471|INFO|AscomTelescope.cs|CheckMountTime|845|Mount UTC Time: 2026-04-05 00:32:39Z / System UTC Time: 2026-04-05 00:32:39Z; Difference: 0.005 seconds
2026-04-04T19:32:39.5983|INFO|AscomTelescope.cs|CheckMountTime|852|System time has been synced to the mount
2026-04-04T19:32:39.8692|INFO|TelescopeVM.cs|ChooseTelescope|535|Successfully connected mount. Id: ASCOM.iOptron2017.Telescope Name: iOptron CEM120,70,40,26, GEM, HEM, HAE, HAZ series and SkyHunter Mount DisplayName: iOptron CEM120,70,40,26, GEM, HEM, HAE, HAZ series and SkyHunter Mount (ASCOM) Driver Version: 9.15
2026-04-04T19:32:39.8824|INFO|PHD2Guider.cs|Connect|205|Connecting to PHD2 server at 127.0.0.1:4400
2026-04-04T19:32:45.7851|INFO|PHD2Client.cs|ConnectAsync|118|PHD2Client: Connected successfully!
2026-04-04T19:32:45.7853|INFO|DitherStatisticsVM.cs|OnPHD2ConnectionStatusChanged|734|PHD2 Connection Status: Connected
2026-04-04T19:32:45.7854|INFO|DitherStatisticsVM.cs|ConnectToPHD2|713|Successfully connected to PHD2!
2026-04-04T19:32:45.7896|INFO|PHD2Client.cs|ReadEventsAsync|181|PHD2Client: Started reading events
2026-04-04T19:32:45.8438|INFO|PHD2Client.cs|HandleVersion|366|PHD2Client: Connected to PHD2 version 2.6.14. (Message Protocol v1)
2026-04-04T19:32:45.8447|INFO|PHD2Client.cs|ProcessEvent|257|PHD2: CalibrationComplete
2026-04-04T19:32:45.8454|INFO|PHD2Client.cs|HandleAppState|376|PHD2Client: PHD2 AppState: Stopped
2026-04-04T19:32:47.1060|INFO|WeatherDataChooserVM.cs|GetEquipment|69|Found 0 Alpaca Observing Conditions
2026-04-04T19:32:47.1436|INFO|WeatherDataVM.cs|Disconnect|305|Disconnected Weather Device
2026-04-04T19:32:49.4047|INFO|AscomDevice.cs|GetProperty|527|Property ObservingConditions.SkyQuality GET is not implemented in this driver (SkyAlert Observing Conditions)
2026-04-04T19:32:49.4129|INFO|AscomDevice.cs|GetProperty|527|Property ObservingConditions.StarFWHM GET is not implemented in this driver (SkyAlert Observing Conditions)
2026-04-04T19:32:49.4284|INFO|WeatherDataVM.cs|ChooseWeatherData|150|Successfully connected Weather Device. Id: ASCOM.SkyAlert.ObservingConditions Name: SkyAlert Observing Conditions DisplayName: SkyAlert Observing Conditions (ASCOM) Driver Version: 1.7
2026-04-04T19:32:51.4310|INFO|SafetyMonitorChooserVM.cs|GetEquipment|71|Found 0 Alpaca Safety Monitors
2026-04-04T19:32:51.4709|INFO|SafetyMonitorVM.cs|Disconnect|221|Disconnected Safety Monitor
2026-04-04T19:32:51.9637|INFO|SafetyMonitorVM.cs|Connect|175|Successfully connected Safety Monitor. Id: ASCOM.GenericFile.SafetyMonitor Name: Generic File driver DisplayName: Generic File driver (ASCOM) Driver Version: 6.4
2026-04-04T19:32:51.9642|INFO|SequenceItem.cs|Run|254|Finishing Category: Connect, Item: ConnectAllEquipment
2026-04-04T19:32:51.9649|INFO|SequenceItem.cs|Run|208|Starting Category: Telescope, Item: FindHome
2026-04-04T19:32:51.9796|INFO|PHD2Guider.cs|StopGuiding|704|Phd2 - Stop Guiding skipped, as the app is already in state Stopped
2026-04-04T19:32:51.9813|INFO|TelescopeVM.cs|FindHome|292|Mount ordered to locate home position
2026-04-04T19:32:51.9843|INFO|TelescopeVM.cs|FindHome|336|Mount ordered to home but it is already at home
2026-04-04T19:32:51.9847|INFO|TelescopeVM.cs|FindHome|348|Mount has located its home position
2026-04-04T19:32:51.9856|INFO|SequenceItem.cs|Run|254|Finishing Category: Telescope, Item: FindHome
2026-04-04T19:32:51.9858|INFO|SequenceItem.cs|Run|208|Starting Category: Ground Station, Item: Send to Telegram
2026-04-04T19:32:52.5962|INFO|SequenceItem.cs|Run|254|Finishing Category: Ground Station, Item: Send to Telegram
2026-04-04T19:32:52.5967|INFO|SequenceItem.cs|Run|208|Starting Category: Ground Station, Item: Send to Pushover, Title: Cool
2026-04-04T19:32:52.7712|INFO|SequenceItem.cs|Run|254|Finishing Category: Ground Station, Item: Send to Pushover, Title: Cool
2026-04-04T19:32:52.7722|INFO|SequenceItem.cs|Run|208|Starting Category: Camera, Item: CoolCamera, Temperature: -5, Duration: 15
2026-04-04T19:32:52.7764|INFO|CameraVM.cs|CoolCamera|138|Cooling Camera. Target: -5 Duration: 00:15:00
2026-04-04T19:32:53.9675|INFO|SafetyMonitorVM.cs|UpdateMonitorValues|95|SafetyMonitorInfo state changed to Unsafe
2026-04-04T19:47:58.0146|INFO|SequenceItem.cs|Run|254|Finishing Category: Camera, Item: CoolCamera, Temperature: -5, Duration: 15
2026-04-04T19:47:58.0149|INFO|SequenceItem.cs|Run|208|Starting Category: Utility, Item: WaitForTime, Time: 20:37:31h, Offset: -15
2026-04-04T20:37:33.7250|INFO|SequenceItem.cs|Run|254|Finishing Category: Utility, Item: WaitForTime, Time: 20:37:31h, Offset: -15
2026-04-04T20:37:33.7302|INFO|SequenceItem.cs|Run|254|Finishing Category: * Instruction Set *, Container: NINA.Sequencer.Container.SequentialContainer, Strategy: SequentialStrategy, Items[FINISHED]: 10
2026-04-04T20:37:33.7306|INFO|SequenceItem.cs|Run|254|Finishing Category: * Instruction Set *, Container: NINA.Sequencer.Container.StartAreaContainer, Strategy: SequentialStrategy, Items[FINISHED]: 1
2026-04-04T20:37:33.7311|INFO|SequenceItem.cs|Run|208|Starting Category: * Instruction Set *, Container: NINA.Sequencer.Container.TargetAreaContainer, Strategy: SequentialStrategy, Items[CREATED]: 1
2026-04-04T20:37:33.7339|INFO|SequenceItem.cs|Run|208|Starting Category: * Instruction Set *, Container: NINA.Sequencer.Container.SequentialContainer, Strategy: SequentialStrategy, Items[CREATED]: 11, Conditions: Condition: TimeCondition, Time: 6:56:24h, Condition: TargetSchedulerCondition mode=While Targets Remain Tonight, , Triggers: Trigger: CenterAfterDriftTrigger, DistanceArcMinutes: 1Trigger: WhenUnsafeCategory: Ground Station, Item: Failures to TelegramCategory: Connect, Item: ReconnectOnDownloadFailureTrigger: AutofocusAfterHFRIncreaseTrigger, Amount: 5Trigger: MeridianFlipTriggerCategory: Powerups (Misc), Item: DIYTriggerCategory: Ground Station, Item: Failures to PushoverTrigger: AutofocusAfterTemperatureChangeTrigger, Amount: 1.5°
2026-04-04T20:37:33.7372|INFO|WhenCommon.cs|SequenceBlockInitialize|204|Initialize; starting watchdog
2026-04-04T20:37:33.7423|INFO|WhenUnsafe.cs|CheckSafe|77|IsSafe is now FALSE; connected = True, IsSafe = False
2026-04-04T20:37:33.7426|INFO|WhenCommon.cs|ShouldTrigger|378|ShouldTrigger TRUE from InterruptWhen, setting TriggerRunner
2026-04-04T20:37:33.7428|INFO|WhenCommon.cs|InterruptWhen|322|Interrupting current Instruction Set
2026-04-04T20:37:33.7463|INFO|WhenCommon.cs|InterruptWhen|332|Canceling sequence...
2026-04-04T20:37:34.7473|INFO|WhenCommon.cs|InterruptWhen|336|Delay 1000
2026-04-04T20:37:35.7484|INFO|WhenCommon.cs|InterruptWhen|336|Delay 1000
2026-04-04T20:37:36.7479|INFO|WhenCommon.cs|InterruptWhen|336|Delay 1000
2026-04-04T20:37:37.7477|INFO|WhenCommon.cs|InterruptWhen|336|Delay 1000
2026-04-04T20:37:38.7488|INFO|WhenCommon.cs|InterruptWhen|336|Delay 1000
2026-04-04T20:37:39.7489|INFO|WhenCommon.cs|InterruptWhen|336|Delay 1000
2026-04-04T20:37:40.7496|INFO|WhenCommon.cs|InterruptWhen|336|Delay 1000
2026-04-04T20:37:41.7494|INFO|WhenCommon.cs|InterruptWhen|336|Delay 1000
2026-04-04T20:37:42.7498|INFO|WhenCommon.cs|InterruptWhen|336|Delay 1000
2026-04-04T20:37:43.7508|INFO|WhenCommon.cs|InterruptWhen|336|Delay 1000
2026-04-04T20:37:44.7509|INFO|WhenCommon.cs|InterruptWhen|336|Delay 1000
2026-04-04T20:37:45.7514|INFO|WhenCommon.cs|InterruptWhen|336|Delay 1000
2026-04-04T20:37:46.7515|INFO|WhenCommon.cs|InterruptWhen|336|Delay 1000
2026-04-04T20:37:47.7516|INFO|WhenCommon.cs|InterruptWhen|336|Delay 1000
2026-04-04T20:37:48.7525|INFO|WhenCommon.cs|InterruptWhen|336|Delay 1000
2026-04-04T20:37:49.7528|INFO|WhenCommon.cs|InterruptWhen|336|Delay 1000
2026-04-04T20:37:50.7534|INFO|WhenCommon.cs|InterruptWhen|336|Delay 1000
2026-04-04T20:37:51.7537|INFO|WhenCommon.cs|InterruptWhen|336|Delay 1000
2026-04-04T20:37:52.7532|INFO|WhenCommon.cs|InterruptWhen|336|Delay 1000
2026-04-04T20:37:53.7547|INFO|WhenCommon.cs|InterruptWhen|336|Delay 1000
2026-04-04T20:37:54.7549|INFO|WhenCommon.cs|InterruptWhen|336|Delay 1000
2026-04-04T20:37:55.7561|INFO|WhenCommon.cs|InterruptWhen|336|Delay 1000
2026-04-04T20:37:56.7561|INFO|WhenCommon.cs|InterruptWhen|336|Delay 1000
2026-04-04T20:37:57.7577|INFO|WhenCommon.cs|InterruptWhen|336|Delay 1000
2026-04-04T20:37:58.7580|INFO|WhenCommon.cs|InterruptWhen|336|Delay 1000
2026-04-04T20:37:59.7591|INFO|WhenCommon.cs|InterruptWhen|336|Delay 1000
2026-04-04T20:38:00.7602|INFO|WhenCommon.cs|InterruptWhen|336|Delay 1000
2026-04-04T20:38:01.7602|INFO|WhenCommon.cs|InterruptWhen|336|Delay 1000
2026-04-04T20:38:01.9442|INFO|WhenCommon.cs|SequenceBlockTeardown|198|Teardown; shutting down watchdog
2026-04-04T20:38:01.9468|INFO|Sequencer.cs|Start|85|Sequence run was cancelled
2026-04-04T20:38:01.9636|INFO|Sequence2VM.cs|StartSequence|548|Advanced Sequence finished
2026-04-04T20:38:02.7644|INFO|WhenCommon.cs|InterruptWhen|339|Sequence no longer running
2026-04-04T20:38:02.7655|WARNING|WhenCommon.cs|CheckSlewing|263|CheckSlewing, WhenUnsafe = True, Connected = True, CanSlew = True, info.Slewing = False
2026-04-04T20:38:02.7667|INFO|Sequence2VM.cs|StartSequence|543|Advanced Sequence starting
2026-04-04T20:38:02.8057|INFO|SequenceItem.cs|Run|208|Starting Category: * Instruction Set *, Container: NINA.Sequencer.Container.SequenceRootContainer, Strategy: SequentialStrategy, Items[CREATED]: 3, Triggers: Category: Ground Station, Item: Failures to Telegram
2026-04-04T20:38:02.8061|INFO|SequenceItem.cs|Run|208|Starting Category: * Instruction Set *, Container: NINA.Sequencer.Container.StartAreaContainer, Strategy: SequentialStrategy, Items[FINISHED]: 1
2026-04-04T20:38:02.8061|INFO|SequenceItem.cs|Run|254|Finishing Category: * Instruction Set *, Container: NINA.Sequencer.Container.StartAreaContainer, Strategy: SequentialStrategy, Items[FINISHED]: 1
2026-04-04T20:38:02.8062|INFO|SequenceItem.cs|Run|208|Starting Category: * Instruction Set *, Container: NINA.Sequencer.Container.TargetAreaContainer, Strategy: SequentialStrategy, Items[CREATED]: 1
2026-04-04T20:38:02.8064|INFO|SequenceItem.cs|Run|208|Starting Category: * Instruction Set *, Container: NINA.Sequencer.Container.SequentialContainer, Strategy: SequentialStrategy, Items[CREATED]: 11, Conditions: Condition: TimeCondition, Time: 6:56:24h, Condition: TargetSchedulerCondition mode=While Targets Remain Tonight, , Triggers: Trigger: CenterAfterDriftTrigger, DistanceArcMinutes: 1Trigger: WhenUnsafeCategory: Ground Station, Item: Failures to TelegramCategory: Connect, Item: ReconnectOnDownloadFailureTrigger: AutofocusAfterHFRIncreaseTrigger, Amount: 5Trigger: MeridianFlipTriggerCategory: Powerups (Misc), Item: DIYTriggerCategory: Ground Station, Item: Failures to PushoverTrigger: AutofocusAfterTemperatureChangeTrigger, Amount: 1.5°
2026-04-04T20:38:02.8067|INFO|WhenCommon.cs|SequenceBlockInitialize|204|Initialize; starting watchdog
2026-04-04T20:38:02.8231|INFO|WhenCommon.cs|ShouldTrigger|382|ShouldTrigger TRUE, setting TriggerRunner
2026-04-04T20:38:02.8254|INFO|SequenceTrigger.cs|Run|114|Starting Trigger: WhenUnsafe
2026-04-04T20:38:02.8365|INFO|WhenCommon.cs|Execute|395|Execute 0
2026-04-04T20:38:02.8367|INFO|WhenCommon.cs|Execute|409|When: running TriggerRunner, InFlight -> true, Triggered -> false
2026-04-04T20:38:02.8367|WARNING|WhenCommon.cs|CheckSlewing|263|CheckSlewing, WhenUnsafe = True, Connected = True, CanSlew = True, info.Slewing = False
2026-04-04T20:38:02.8369|INFO|SequenceItem.cs|Run|208|Starting Category: , Container: WhenPlugin.When.IfContainer, Strategy: SequentialStrategy, Items[CREATED]: 9
2026-04-04T20:38:02.8437|INFO|MeridianFlipTrigger.cs|ShouldTrigger|197|Meridian Flip - Telescope is at home position. Skip flip evaluation
2026-04-04T20:38:02.8457|INFO|SequenceItem.cs|Run|208|Starting Category: Ground Station, Item: Send to Telegram
2026-04-04T20:38:03.4972|INFO|SequenceItem.cs|Run|254|Finishing Category: Ground Station, Item: Send to Telegram
2026-04-04T20:38:03.5000|INFO|MeridianFlipTrigger.cs|ShouldTrigger|197|Meridian Flip - Telescope is at home position. Skip flip evaluation
2026-04-04T20:38:03.5005|INFO|SequenceItem.cs|Run|208|Starting Category: Ground Station, Item: Send to Pushover, Title: Unsafe
2026-04-04T20:38:03.6657|INFO|SequenceItem.cs|Run|254|Finishing Category: Ground Station, Item: Send to Pushover, Title: Unsafe
2026-04-04T20:38:03.6663|INFO|MeridianFlipTrigger.cs|ShouldTrigger|197|Meridian Flip - Telescope is at home position. Skip flip evaluation
2026-04-04T20:38:03.6664|INFO|SequenceItem.cs|Run|208|Starting Category: Telescope, Item: FindHome
2026-04-04T20:38:03.6694|INFO|PHD2Guider.cs|StopGuiding|704|Phd2 - Stop Guiding skipped, as the app is already in state Stopped
2026-04-04T20:38:03.6701|INFO|TelescopeVM.cs|FindHome|292|Mount ordered to locate home position
2026-04-04T20:38:03.6705|INFO|TelescopeVM.cs|FindHome|336|Mount ordered to home but it is already at home
2026-04-04T20:38:03.6706|INFO|TelescopeVM.cs|FindHome|348|Mount has located its home position
2026-04-04T20:38:03.6708|INFO|SequenceItem.cs|Run|254|Finishing Category: Telescope, Item: FindHome
2026-04-04T20:38:03.6713|INFO|MeridianFlipTrigger.cs|ShouldTrigger|197|Meridian Flip - Telescope is at home position. Skip flip evaluation
2026-04-04T20:38:03.6718|INFO|SequenceItem.cs|Run|208|Starting Category: Guider, Item: StopGuiding
2026-04-04T20:38:03.6743|INFO|PHD2Guider.cs|StopGuiding|704|Phd2 - Stop Guiding skipped, as the app is already in state Stopped
2026-04-04T20:38:03.6745|INFO|SequenceItem.cs|Run|254|Finishing Category: Guider, Item: StopGuiding
2026-04-04T20:38:03.6751|INFO|MeridianFlipTrigger.cs|ShouldTrigger|197|Meridian Flip - Telescope is at home position. Skip flip evaluation
2026-04-04T20:38:03.6853|INFO|SequenceItem.cs|Run|208|Starting Category: Connect, Item: DisconnectEquipment, Selected device: Safety Monitor
2026-04-04T20:38:03.7638|INFO|AscomDevice.cs|Disconnect|378|Disconnecting from ASCOM.GenericFile.SafetyMonitor Generic File driver
2026-04-04T20:38:03.7892|INFO|SafetyMonitorVM.cs|Disconnect|221|Disconnected Safety Monitor
2026-04-04T20:38:03.7896|INFO|SequenceItem.cs|Run|254|Finishing Category: Connect, Item: DisconnectEquipment, Selected device: Safety Monitor
2026-04-04T20:38:03.7901|INFO|MeridianFlipTrigger.cs|ShouldTrigger|197|Meridian Flip - Telescope is at home position. Skip flip evaluation
2026-04-04T20:38:03.7908|INFO|SequenceItem.cs|Run|208|Starting Category: Utility, Item: WaitForTimeSpan, Time: 60s
2026-04-04T20:39:03.8362|INFO|SequenceItem.cs|Run|254|Finishing Category: Utility, Item: WaitForTimeSpan, Time: 60s
2026-04-04T20:39:03.8372|INFO|MeridianFlipTrigger.cs|ShouldTrigger|197|Meridian Flip - Telescope is at home position. Skip flip evaluation
2026-04-04T20:39:03.8386|INFO|SequenceItem.cs|Run|208|Starting Category: Connect, Item: ConnectEquipment, Selected device: Safety Monitor, Selected device id: ASCOM.GenericFile.SafetyMonitor
2026-04-04T20:39:05.8473|INFO|SafetyMonitorChooserVM.cs|GetEquipment|71|Found 0 Alpaca Safety Monitors
2026-04-04T20:39:05.8522|INFO|SafetyMonitorVM.cs|Disconnect|221|Disconnected Safety Monitor
2026-04-04T20:39:05.9432|INFO|SafetyMonitorVM.cs|Connect|175|Successfully connected Safety Monitor. Id: ASCOM.GenericFile.SafetyMonitor Name: Generic File driver DisplayName: Generic File driver (ASCOM) Driver Version: 6.4
2026-04-04T20:39:05.9436|INFO|SequenceItem.cs|Run|254|Finishing Category: Connect, Item: ConnectEquipment, Selected device: Safety Monitor, Selected device id: ASCOM.GenericFile.SafetyMonitor
2026-04-04T20:39:05.9440|INFO|MeridianFlipTrigger.cs|ShouldTrigger|197|Meridian Flip - Telescope is at home position. Skip flip evaluation
2026-04-04T20:39:05.9441|INFO|SequenceItem.cs|Run|208|Starting Category: Utility, Item: WaitForTimeSpan, Time: 60s
2026-04-04T20:39:07.9429|INFO|SafetyMonitorVM.cs|UpdateMonitorValues|95|SafetyMonitorInfo state changed to Unsafe
2026-04-04T20:40:06.0583|INFO|SequenceItem.cs|Run|254|Finishing Category: Utility, Item: WaitForTimeSpan, Time: 60s
2026-04-04T20:40:06.0594|INFO|MeridianFlipTrigger.cs|ShouldTrigger|197|Meridian Flip - Telescope is at home position. Skip flip evaluation
2026-04-04T20:40:06.0600|INFO|SequenceItem.cs|Run|208|Starting Category: Powerups (Safety), Item: OnceSafe
2026-04-05T06:56:24.7048|INFO|TimeCondition.cs|Check|254|TimeCondition finished.
2026-04-05T06:56:24.7050|INFO|TimeCondition.cs|InterruptWhenTimeIsUp|63|Time limit exceeded - Interrupting current Instruction Set
2026-04-05T06:56:24.7091|INFO|WhenCommon.cs|Execute|425|When: Execute done; InFlight -> false, Triggered false
2026-04-05T06:56:24.7097|INFO|MeridianFlipTrigger.cs|ShouldTrigger|197|Meridian Flip - Telescope is at home position. Skip flip evaluation
2026-04-05T06:56:24.7099|INFO|SequenceItem.cs|Run|208|Starting Category: Utility, Item: WaitForTime, Time: 20:37:31h, Offset: -15
2026-04-05T06:56:24.7118|INFO|WhenCommon.cs|SequenceBlockTeardown|198|Teardown; shutting down watchdog
2026-04-05T06:56:24.7121|INFO|SequenceItem.cs|Run|254|Finishing Category: * Instruction Set *, Container: NINA.Sequencer.Container.SequentialContainer, Strategy: SequentialStrategy, Items[CREATED]: 11, Conditions: Condition: TimeCondition, Time: 6:56:24h, Condition: TargetSchedulerCondition mode=While Targets Remain Tonight, , Triggers: Trigger: CenterAfterDriftTrigger, DistanceArcMinutes: 1Trigger: WhenUnsafeCategory: Ground Station, Item: Failures to TelegramCategory: Connect, Item: ReconnectOnDownloadFailureTrigger: AutofocusAfterHFRIncreaseTrigger, Amount: 5Trigger: MeridianFlipTriggerCategory: Powerups (Misc), Item: DIYTriggerCategory: Ground Station, Item: Failures to PushoverTrigger: AutofocusAfterTemperatureChangeTrigger, Amount: 1.5°
2026-04-05T06:56:24.7123|INFO|SequenceItem.cs|Run|254|Finishing Category: * Instruction Set *, Container: NINA.Sequencer.Container.TargetAreaContainer, Strategy: SequentialStrategy, Items[FINISHED]: 1
2026-04-05T06:56:24.7127|INFO|SequenceItem.cs|Run|208|Starting Category: * Instruction Set *, Container: NINA.Sequencer.Container.EndAreaContainer, Strategy: SequentialStrategy, Items[CREATED]: 8
2026-04-05T06:56:24.7130|INFO|SequenceItem.cs|Run|208|Starting Category: Telescope, Item: FindHome
2026-04-05T06:56:24.7165|INFO|PHD2Guider.cs|StopGuiding|704|Phd2 - Stop Guiding skipped, as the app is already in state Stopped
2026-04-05T06:56:24.7166|INFO|TelescopeVM.cs|FindHome|292|Mount ordered to locate home position
2026-04-05T06:56:24.7171|INFO|TelescopeVM.cs|FindHome|336|Mount ordered to home but it is already at home
2026-04-05T06:56:24.7172|INFO|TelescopeVM.cs|FindHome|348|Mount has located its home position
2026-04-05T06:56:24.7174|INFO|SequenceItem.cs|Run|254|Finishing Category: Telescope, Item: FindHome
2026-04-05T06:56:24.7182|INFO|SequenceItem.cs|Run|208|Starting Night Summary - End Session
2026-04-05T06:56:24.7203|INFO|NightSummaryEndInstruction.cs|Execute|28|NightSummary: End Session instruction executing
2026-04-05T06:56:39.7228|WARNING|SessionService.cs|EndSession|73|NightSummary: EndSession called but no active session — nothing to do
2026-04-05T06:56:39.7229|INFO|NightSummaryEndInstruction.cs|Execute|39|NightSummary: Session ended successfully
2026-04-05T06:56:39.7230|INFO|SequenceItem.cs|Run|254|Finishing Night Summary - End Session
2026-04-05T06:56:39.7236|INFO|SequenceItem.cs|Run|208|Starting Category: Camera, Item: WarmCamera, Duration: 30
2026-04-05T06:56:39.7261|INFO|CameraVM.cs|WarmCamera|161|Warming Camera. Duration: 00:30:00
2026-04-05T07:28:50.1687|INFO|CameraVM.cs|WarmCamera|179|Could not reach warming temperature. Most likley due to ambient temperature being lower. Continuing...
2026-04-05T07:29:10.2726|INFO|CameraVM.cs|WarmCamera|186|Turning cooler off
2026-04-05T07:29:10.2746|INFO|SequenceItem.cs|Run|254|Finishing Category: Camera, Item: WarmCamera, Duration: 30
2026-04-05T07:29:10.2751|INFO|SequenceItem.cs|Run|208|Starting Category: Guider, Item: StopGuiding
2026-04-05T07:29:10.2812|INFO|PHD2Guider.cs|StopGuiding|704|Phd2 - Stop Guiding skipped, as the app is already in state Stopped
2026-04-05T07:29:10.2815|INFO|SequenceItem.cs|Run|254|Finishing Category: Guider, Item: StopGuiding
2026-04-05T07:29:10.2828|INFO|SequenceItem.cs|Run|208|Starting Category: Phd2 Tools, Item: ShutdownPhd2Instruction
2026-04-05T07:29:10.3069|INFO|SequenceItem.cs|Run|254|Finishing Category: Phd2 Tools, Item: ShutdownPhd2Instruction
2026-04-05T07:29:10.3079|INFO|SequenceItem.cs|Run|208|Starting Category: Connect, Item: DisconnectAllEquipment
2026-04-05T07:29:10.3179|WARNING|PHD2Client.cs|ReadEventsAsync|189|PHD2Client: Connection closed by server
2026-04-05T07:29:10.3181|INFO|DitherStatisticsVM.cs|OnPHD2ConnectionStatusChanged|737|PHD2 Connection Status: Connection lost
2026-04-05T07:29:10.3182|INFO|PHD2Client.cs|ReadEventsAsync|205|PHD2Client: Stopped reading events
2026-04-05T07:29:10.3767|INFO|CameraVM.cs|Disconnect|650|Disconnected Camera
2026-04-05T07:29:10.3774|INFO|AscomDevice.cs|Disconnect|378|Disconnecting from ASCOM.EFW2.FilterWheel ZWO FilterWheel
2026-04-05T07:29:10.3895|INFO|FilterWheelVM.cs|Disconnect|333|Disconnected Filter Wheel
2026-04-05T07:29:10.6918|INFO|AscomDevice.cs|Disconnect|378|Disconnecting from ASCOM.EAF.Focuser ZWO Focuser
2026-04-05T07:29:10.7378|INFO|FocuserVM.cs|Disconnect|441|Disconnected Focuser
2026-04-05T07:29:10.7383|INFO|DisconnectAllEquipment.cs|Execute|139|Rotator is already disconnected
2026-04-05T07:29:10.7478|INFO|AscomDevice.cs|Disconnect|378|Disconnecting from ASCOM.iOptron2017.Telescope iOptron CEM120,70,40,26, GEM, HEM, HAE, HAZ series and SkyHunter Mount
2026-04-05T07:29:10.7684|INFO|TelescopeVM.cs|Disconnect|740|Disconnected mount
2026-04-05T07:29:10.7687|INFO|DisconnectAllEquipment.cs|Execute|139|Guider is already disconnected
2026-04-05T07:29:10.7688|INFO|DisconnectAllEquipment.cs|Execute|139|Switch is already disconnected
2026-04-05T07:29:10.7688|INFO|DisconnectAllEquipment.cs|Execute|139|Flat Panel is already disconnected
2026-04-05T07:29:10.7705|INFO|AscomDevice.cs|Disconnect|378|Disconnecting from ASCOM.SkyAlert.ObservingConditions SkyAlert Observing Conditions
2026-04-05T07:29:10.7779|INFO|WeatherDataVM.cs|Disconnect|305|Disconnected Weather Device
2026-04-05T07:29:10.7781|INFO|DisconnectAllEquipment.cs|Execute|139|Dome is already disconnected
2026-04-05T07:29:10.7791|INFO|AscomDevice.cs|Disconnect|378|Disconnecting from ASCOM.GenericFile.SafetyMonitor Generic File driver
2026-04-05T07:29:10.7834|INFO|SafetyMonitorVM.cs|Disconnect|221|Disconnected Safety Monitor
2026-04-05T07:29:10.7838|INFO|SequenceItem.cs|Run|254|Finishing Category: Connect, Item: DisconnectAllEquipment
2026-04-05T07:29:10.7840|INFO|SequenceItem.cs|Run|208|Starting Category: Ground Station, Item: Send to Pushover, Title: Disconnected
2026-04-05T07:29:10.9887|INFO|SequenceItem.cs|Run|254|Finishing Category: Ground Station, Item: Send to Pushover, Title: Disconnected
2026-04-05T07:29:10.9894|INFO|SequenceItem.cs|Run|208|Starting Category: Ground Station, Item: Send to Telegram
2026-04-05T07:29:11.6077|INFO|SequenceItem.cs|Run|254|Finishing Category: Ground Station, Item: Send to Telegram
2026-04-05T07:29:11.6082|INFO|SequenceItem.cs|Run|254|Finishing Category: * Instruction Set *, Container: NINA.Sequencer.Container.EndAreaContainer, Strategy: SequentialStrategy, Items[FINISHED]: 8
2026-04-05T07:29:11.6087|INFO|SequenceItem.cs|Run|254|Finishing Category: * Instruction Set *, Container: NINA.Sequencer.Container.SequenceRootContainer, Strategy: SequentialStrategy, Items[FINISHED]: 3, Triggers: Category: Ground Station, Item: Failures to Telegram
2026-04-05T07:29:11.6101|INFO|Sequence2VM.cs|StartSequence|548|Advanced Sequence finished
2026-04-05T07:29:11.6111|INFO|WhenCommon.cs|InterruptWhen|350|Restarting sequence, Triggered -> true
2026-04-05T07:29:15.3357|INFO|PHD2Client.cs|ConnectAsync|102|PHD2Client: Connecting to PHD2 at 127.0.0.1:4400...
2026-04-05T07:29:17.3657|ERROR|PHD2Client.cs|ConnectAsync|132|PHD2Client: Connection failed: No connection could be made because the target machine actively refused it.
2026-04-05T10:51:04.2041|INFO|ApplicationVM.cs|Exit|244|Shutting down application - requested by user
2026-04-05T10:51:04.3198|INFO|ApplicationVM.cs|Closing|289|Application shutting down
2026-04-05T10:51:04.3681|INFO|DomeVM.cs|Disconnect|355|Disconnected Dome Device
2026-04-05T10:51:04.3751|INFO|FlatDeviceVM.cs|Disconnect|289|Disconnected Flat Device
2026-04-05T10:51:04.3863|INFO|CameraVM.cs|Disconnect|650|Disconnected Camera
2026-04-05T10:51:04.3873|INFO|TelescopeVM.cs|Disconnect|740|Disconnected mount
2026-04-05T10:51:04.3896|INFO|FilterWheelVM.cs|Disconnect|333|Disconnected Filter Wheel
2026-04-05T10:51:04.3903|INFO|FocuserVM.cs|Disconnect|441|Disconnected Focuser
2026-04-05T10:51:04.3963|INFO|RotatorVM.cs|Disconnect|447|Disconnected Rotator
2026-04-05T10:51:04.4013|INFO|SwitchVM.cs|Disconnect|309|Disconnected Switch
2026-04-05T10:51:04.4061|INFO|WeatherDataVM.cs|Disconnect|305|Disconnected Weather Device
2026-04-05T10:51:04.4066|INFO|SafetyMonitorVM.cs|Disconnect|221|Disconnected Safety Monitor
2026-04-05T10:51:04.8767|INFO|API.cs|StopWatchers|86|Stopping all event watchers
2026-04-05T10:51:04.9082|INFO|NightSummaryPlugin.cs|Teardown|230|NightSummary: Plugin torn down
