----------------------------------------------------------------------
--------------N.I.N.A. - Nighttime Imaging 'N' Astronomy--------------
--------------------------Version 3.2.0.9001--------------------------
-------------------------2026-04-17T11:52:54--------------------------
----------------------------------------------------------------------
---------------------Microsoft Windows 10.0.19045---------------------
-------------------------OS Architecture X64--------------------------
-----------------------Process Architecture X64-----------------------
-----------------------------.NET 8.0.21------------------------------
----------------------------------------------------------------------
--------------------------Processor Count 4---------------------------
--------------------Total Physical Memory 7.84 GB---------------------
----------------------------------------------------------------------
DATE|LEVEL|SOURCE|MEMBER|LINE|MESSAGE
2026-04-17T11:52:54.1764|INFO|CameraChooserVM.cs|GetEquipment|69|Found 2 ASI Cameras
2026-04-17T11:52:54.4993|INFO|CameraChooserVM.cs|GetEquipment|84|Found 0 Altair Cameras
2026-04-17T11:52:54.5329|INFO|CameraChooserVM.cs|GetEquipment|96|Found 0 Atik Cameras
2026-04-17T11:52:54.5401|INFO|CameraChooserVM.cs|GetEquipment|110|Found 0 FLI Cameras
2026-04-17T11:52:55.5665|INFO|CameraChooserVM.cs|GetEquipment|130|Found 0 QHYCCD Cameras
2026-04-17T11:52:55.7464|INFO|CameraChooserVM.cs|GetEquipment|158|Found 0 ToupTek Cameras
2026-04-17T11:52:55.7561|INFO|CameraChooserVM.cs|GetEquipment|173|Found 0 Ogma Cameras
2026-04-17T11:52:55.7738|INFO|CameraChooserVM.cs|GetEquipment|188|Found 0 Omegon Cameras
2026-04-17T11:52:56.0022|INFO|CameraChooserVM.cs|GetEquipment|203|Found 0 RisingCam Cameras
2026-04-17T11:52:56.0209|INFO|CameraChooserVM.cs|GetEquipment|218|Found 0 MallinCam Cameras
2026-04-17T11:52:56.0292|INFO|CameraChooserVM.cs|GetEquipment|243|Found 0 SVBony Cameras
2026-04-17T11:52:56.0429|INFO|CameraChooserVM.cs|GetEquipment|259|Found 0 SBIG Cameras
2026-04-17T11:52:56.5570|INFO|API.cs|Start|99|Starting Webserver
2026-04-17T11:52:56.5583|INFO|API.cs|APITask|134|starting web server, listening at 172.19.6.111:1888
2026-04-17T11:52:56.6968|INFO|NINALogWatcher.cs|Start|33|watching log file: C:\Users\nicka\AppData\Local\NINA\Logs\20260417-115252-3.2.0.9001.3252-202604.log
2026-04-17T11:52:56.7361|INFO|PluginLoader.cs|LoadPlugin|402|Successfully loaded plugin Advanced API version 2.2.15.0 by Christian Palm
2026-04-17T11:52:56.7578|INFO|PluginLoader.cs|LoadPlugin|402|Successfully loaded plugin Autofocus Report Analysis version 2.0.0.9 by Stefan Berg @isbeorn
2026-04-17T11:52:56.7746|INFO|PluginLoader.cs|LoadPlugin|402|Successfully loaded plugin Connector version 2.1.0.2 by Stefan Berg @isbeorn
2026-04-17T11:52:56.7954|INFO|PluginLoader.cs|LoadPlugin|402|Successfully loaded plugin Device Actions and Commands version 2.2.0.0 by Dale Ghent
2026-04-17T11:52:56.8185|INFO|PluginLoader.cs|LoadPlugin|402|Successfully loaded plugin Discord Alert version 2.2.0.0 by Drew McDermott
2026-04-17T11:52:56.8510|INFO|PluginLoader.cs|LoadPlugin|402|Successfully loaded plugin Discord Notification version 2.0.0.10 by Daniel Ludwig
2026-04-17T11:52:56.8789|INFO|DitherStatisticsVM.cs|CreatePluginIcon|1483|Plugin icon geometry created successfully
2026-04-17T11:52:56.9043|INFO|DitherStatisticsVM.cs|LoadDataTemplates|1452|DitherStatistics DataTemplates loaded successfully
2026-04-17T11:52:56.9076|INFO|DitherStatisticsVM.cs|SaveQualityAssessmentSetting|387|Quality Assessment setting saved to file: True
2026-04-17T11:52:56.9078|INFO|DitherStatisticsVM.cs|LoadQualityAssessmentSetting|364|Quality Assessment setting loaded from file: True
2026-04-17T11:52:56.9098|INFO|DitherStatisticsVM.cs|SaveDitherOptimizerSetting|490|Dither Optimizer setting saved to file: False
2026-04-17T11:52:56.9100|INFO|DitherStatisticsVM.cs|LoadDitherOptimizerSetting|471|Dither Optimizer setting loaded from file: False
2026-04-17T11:52:56.9107|INFO|DitherStatisticsVM.cs|SubscribeToGuiderEvents|834|Subscribed to NINA guider events
2026-04-17T11:52:56.9140|INFO|DitherStatisticsVM.cs|StartThemeColorMonitoring|1329|Initial PrimaryBrush color: R:176 G:179 B:185
2026-04-17T11:52:56.9142|INFO|DitherStatisticsVM.cs|.ctor|96|DitherStatisticsVM initialized successfully with ScottPlot 4.1 (Lazy Loading)!
2026-04-17T11:52:56.9147|INFO|PluginLoader.cs|LoadPlugin|402|Successfully loaded plugin Dither Statistics version 1.3.0.0 by Thierry Tschanz
2026-04-17T11:52:56.9384|INFO|PluginLoader.cs|LoadPlugin|402|Successfully loaded plugin Filter Offset Calculator version 2.0.0.0 by S. Dimant & Stefan Berg
2026-04-17T11:52:56.9574|INFO|PluginLoader.cs|LoadPlugin|402|Successfully loaded plugin Flexure Correction version 0.8.0.0 by Francesco Meschia
2026-04-17T11:52:57.1901|INFO|PluginLoader.cs|LoadPlugin|402|Successfully loaded plugin Ground Station version 3.0.0.117 by Dale Ghent
2026-04-17T11:52:57.4015|INFO|PluginLoader.cs|LoadPlugin|402|Successfully loaded plugin Hocus Focus version 3.0.0.25 by George Hilios (jokogeo)
2026-04-17T11:52:57.4223|INFO|PluginLoader.cs|LoadPlugin|402|Successfully loaded plugin Horizon Creator version 1.1.2.1 by Christian Palm
2026-04-17T11:52:57.4498|INFO|PluginLoader.cs|LoadPlugin|402|Successfully loaded plugin Lightbucket version 2.2.4.0 by Lightbucket
2026-04-17T11:52:57.4972|INFO|PluginLoader.cs|LoadPlugin|402|Successfully loaded plugin Livestack version 1.1.0.0 by Stefan Berg @isbeorn
2026-04-17T11:52:57.5136|INFO|PluginLoader.cs|LoadPlugin|402|Successfully loaded plugin Log Viewer version 1.0.0.2 by Alexander Wrede @astro_alex80
2026-04-17T11:52:57.5306|INFO|PluginLoader.cs|LoadPlugin|402|Successfully loaded plugin Moon Angle version 2.2.0.0 by Dale Ghent
2026-04-17T11:52:57.5599|INFO|SessionDatabase.cs|.ctor|32|NightSummary: Database path: C:\Users\nicka\AppData\Local\NINA\NightSummary\nightsummary.sqlite
2026-04-17T11:52:57.5602|INFO|SessionDatabase.cs|.ctor|33|NightSummary: Database exists: True
2026-04-17T11:52:57.5870|INFO|SessionService.cs|.ctor|108|NightSummary: SessionService created — messageBroker=True
2026-04-17T11:52:57.7512|INFO|NightSummaryPlugin.cs|.ctor|252|NightSummary: Plugin initialized successfully
2026-04-17T11:52:57.7588|INFO|SessionDatabase.cs|.ctor|32|NightSummary: Database path: C:\Users\nicka\AppData\Local\NINA\NightSummary\nightsummary.sqlite
2026-04-17T11:52:57.7590|INFO|SessionDatabase.cs|.ctor|33|NightSummary: Database exists: True
2026-04-17T11:52:57.7721|INFO|SessionService.cs|.ctor|108|NightSummary: SessionService created — messageBroker=True
2026-04-17T11:52:57.7755|INFO|PluginLoader.cs|LoadPlugin|402|Successfully loaded plugin Night Summary version 2.10.0.3 by Evan Pegors
2026-04-17T11:52:57.8150|INFO|PluginLoader.cs|LoadPlugin|402|Successfully loaded plugin Phd2 Tools version 1.0.6.0 by Stefan Berg @isbeorn
2026-04-17T11:52:57.8955|INFO|PluginLoader.cs|LoadPlugin|402|Successfully loaded plugin PixInsight Tools version 1.0.0.3 by Stefan Berg
2026-04-17T11:52:57.9644|INFO|PluginLoader.cs|LoadPlugin|402|Successfully loaded plugin Point3D version 0.2.3.0 by Drew McDermott
2026-04-17T11:52:58.0674|INFO|StarfrontClient.cs|StartFolderWatcher|167|[Rockwood] Watching: C:\ASTROIMAGES\NINA\
2026-04-17T11:52:58.0695|INFO|StarfrontClient.cs|RunLoop|68|[Rockwood] connecting to wss://api.starfront.space:443/ws/scope?key=***
2026-04-17T11:52:58.0711|INFO|PluginLoader.cs|LoadPlugin|402|Successfully loaded plugin Rockwood Starfront version 1.0.0.0 by Rockwood Observatory
2026-04-17T11:52:58.1967|INFO|PluginLoader.cs|LoadPlugin|402|Successfully loaded plugin Scope Control version 2.0.2.1 by Stefan Berg @isbeorn
2026-04-17T11:52:58.2977|INFO|StarfrontClient.cs|RunLoop|71|[Rockwood] connected
2026-04-17T11:52:58.3046|WARNING|When.cs|GetRunningItem|143|Can't get running items: SequencerNavigation not initialized yet!
2026-04-17T11:52:58.5645|INFO|PluginLoader.cs|LoadPlugin|402|Successfully loaded plugin Sequencer Powerups version 3.29.0.9 by Marc Blank
2026-04-17T11:52:58.5872|INFO|PluginLoader.cs|LoadPlugin|402|Successfully loaded plugin Session Metadata version 2.6.3.0 by Tom Palmer @tcpalmer
2026-04-17T11:52:58.6042|INFO|PluginLoader.cs|LoadPlugin|402|Successfully loaded plugin Shutdown PC version 2.2.0.0 by Dale Ghent
2026-04-17T11:52:58.6391|INFO|PluginLoader.cs|LoadPlugin|402|Successfully loaded plugin SkyFlats version 1.0.0.4 by Gerald Hitz (@photon)
2026-04-17T11:52:58.6770|INFO|PluginLoader.cs|LoadPlugin|402|Successfully loaded plugin Smart Filters version 1.0.0.3 by Benoit SAINTOT
2026-04-17T11:52:58.7675|INFO|Plugin.cs|RunStationHeartbeatLoopAsync|691|[Subframes] TS not detected at startup — deferring first heartbeat to allow plugin load to complete.
2026-04-17T11:52:58.7753|INFO|SyncEngine.cs|Start|41|[Subframes] SyncEngine started.
2026-04-17T11:52:58.7792|INFO|Plugin.cs|.ctor|166|[Subframes] Plugin loaded (primary instance).
2026-04-17T11:52:58.7809|WARNING|Plugin.cs|OnImportsSatisfied|196|[Subframes] Sequence event subscription deferred — SequenceMediator internals not yet initialized.
2026-04-17T11:52:58.7932|WARNING|Plugin.cs|.ctor|113|[Subframes] Duplicate plugin instance created by MEF — proxying to primary to prevent duplicate sessions/sync.
2026-04-17T11:52:58.7955|INFO|PluginLoader.cs|LoadPlugin|402|Successfully loaded plugin Subframes version 0.2.9.0 by Subframes
2026-04-17T11:52:58.8395|INFO|PluginLoader.cs|LoadPlugin|402|Successfully loaded plugin Target Planning version 3.2.1.0 by Tom Palmer @tcpalmer
2026-04-17T11:52:58.9202|INFO|DitherStatisticsVM.cs|ConnectToPHD2|708|Attempting to connect to PHD2...
2026-04-17T11:52:58.9216|INFO|PHD2Client.cs|ConnectAsync|102|PHD2Client: Connecting to PHD2 at 127.0.0.1:4400...
2026-04-17T11:53:00.2157|INFO|PluginLoader.cs|LoadPlugin|402|Successfully loaded plugin Target Scheduler version 5.9.0.0 by Tom Palmer @tcpalmer
2026-04-17T11:53:00.3081|INFO|PluginLoader.cs|LoadPlugin|402|Successfully loaded plugin Three Point Polar Alignment version 2.2.5.1 by Stefan Berg @isbeorn
2026-04-17T11:53:00.4403|INFO|SessionHistoryManager.cs|PurgeHistoryOlderThan|102|purging web session history older than 10 days
2026-04-17T11:53:00.5215|INFO|PluginLoader.cs|LoadPlugin|402|Successfully loaded plugin Web Session History Viewer version 2.2.1.0 by Tom Palmer @tcpalmer
2026-04-17T11:53:00.5455|INFO|PluginFetcher.cs|RequestAll|43|Fetching plugin manifests from https://nighttime-imaging.eu/wp-json/nina/v1/plugins/manifests
2026-04-17T11:53:00.9088|INFO|CameraChooserVM.cs|GetEquipment|279|Found 0 SVBony Cameras
2026-04-17T11:53:00.9125|INFO|CameraChooserVM.cs|GetEquipment|279|Found 0 PlayerOne Cameras
2026-04-17T11:53:00.9249|INFO|CameraChooserVM.cs|GetEquipment|279|Found 0 ASTPAN Cameras
2026-04-17T11:53:00.9275|INFO|CameraChooserVM.cs|GetEquipment|293|Found 4 ASCOM Cameras
2026-04-17T11:53:00.9555|ERROR|PHD2Client.cs|ConnectAsync|132|PHD2Client: Connection failed: No connection could be made because the target machine actively refused it.
2026-04-17T11:53:00.9560|INFO|DitherStatisticsVM.cs|OnPHD2ConnectionStatusChanged|737|PHD2 Connection Status: Connection failed: No connection could be made because the target machine actively refused it.
2026-04-17T11:53:00.9583|INFO|FilterWheelChooserVM.cs|GetEquipment|167|Found 1 Networked Filter Wheel Filter Wheels
2026-04-17T11:53:00.9920|INFO|RotatorChooserVM.cs|GetEquipment|45|Found 1 Networked Rotator Rotators
2026-04-17T11:53:02.6380|INFO|SafetyMonitorChooserVM.cs|GetEquipment|71|Found 0 Alpaca Safety Monitors
2026-04-17T11:53:02.6706|INFO|TelescopeChooserVM.cs|GetEquipment|69|Found 0 Alpaca Telescopes
2026-04-17T11:53:02.8627|INFO|SwitchChooserVM.cs|GetEquipment|71|Found 0 Alpaca Switch Hubs
2026-04-17T11:53:02.8943|INFO|WeatherDataChooserVM.cs|GetEquipment|69|Found 0 Alpaca Observing Conditions
2026-04-17T11:53:02.9103|INFO|DomeChooserVM.cs|GetEquipment|67|Found 0 Alpaca Domes
2026-04-17T11:53:02.9425|INFO|CameraChooserVM.cs|GetEquipment|305|Found 0 Alpaca Cameras
2026-04-17T11:53:02.9510|INFO|CameraChooserVM.cs|GetEquipment|318|Found 0 Canon Cameras
2026-04-17T11:53:02.9747|INFO|FilterWheelChooserVM.cs|GetEquipment|193|Found 0 Alpaca Filter Wheels
2026-04-17T11:53:02.9763|INFO|FlatDeviceChooserVM.cs|GetEquipment|67|Found 0 Alpaca Cover Calibrators
2026-04-17T11:53:03.0064|INFO|RotatorChooserVM.cs|GetEquipment|68|Found 0 Alpaca Rotators
2026-04-17T11:53:03.1402|INFO|PluginFetcher.cs|RequestAll|57|Found 78 valid plugins at https://nighttime-imaging.eu/wp-json/nina/v1/plugins/manifests
2026-04-17T11:53:03.3240|WARNING|When.cs|GetRunningItem|143|Can't get running items: SequencerNavigation not initialized yet!
2026-04-17T11:53:03.8883|INFO|TargetSchedulerDetector.cs|DoProbeAsync|170|[Subframes] TargetSchedulerDetector: state no_api → active
2026-04-17T11:53:04.8536|INFO|FocuserChooserVM.cs|GetEquipment|84|Found 0 Alpaca Focusers
2026-04-17T11:53:05.6172|INFO|ApplicationVM.cs|CheckDiskInfo|100|Available Space on Drive C:\: 138.88 GB
2026-04-17T11:53:05.6218|INFO|ApplicationVM.cs|CheckASCOMPlatformVersion|81|ASCOM Platform 6.6.2.4195 installed
2026-04-17T11:53:05.6236|INFO|ApplicationVM.cs|CheckDiskInfo|102|Drive E:\ is not ready
2026-04-17T11:53:05.6252|INFO|ApplicationVM.cs|CheckDiskInfo|100|Available Space on Drive G:\: 62.15 GB
2026-04-17T11:53:05.6319|INFO|ApplicationVM.cs|CheckDiskInfo|100|Available Space on Drive Z:\: 0.15 GB
2026-04-17T11:53:06.0409|INFO|Plugin.cs|TrySubscribeSequenceEvents|222|[Subframes] ISequenceMediator.SequenceStarted not present in this NINA build — session will open on first captured image instead.
2026-04-17T11:53:06.0413|INFO|Plugin.cs|RetrySubscribeSequenceEventsAsync|253|[Subframes] Deferred sequence event subscription succeeded after 2s.
2026-04-17T11:53:06.1324|INFO|DitherStatisticsVM.cs|StartThemeColorMonitoring|1338|Theme color monitoring timer started on UI thread
2026-04-17T11:53:24.8810|INFO|Sequence2VM.cs|StartSequence|543|Advanced Sequence starting
2026-04-17T11:53:28.0686|INFO|SequenceItem.cs|Run|208|Starting Category: * Instruction Set *, Container: NINA.Sequencer.Container.SequenceRootContainer, Strategy: SequentialStrategy, Items[CREATED]: 3, Triggers: Category: Ground Station, Item: Failures to Telegram
2026-04-17T11:53:28.0779|INFO|SequenceItem.cs|Run|208|Starting Category: * Instruction Set *, Container: NINA.Sequencer.Container.StartAreaContainer, Strategy: SequentialStrategy, Items[CREATED]: 1
2026-04-17T11:53:28.0790|INFO|SequenceItem.cs|Run|208|Starting Category: * Instruction Set *, Container: NINA.Sequencer.Container.SequentialContainer, Strategy: SequentialStrategy, Items[CREATED]: 10
2026-04-17T11:53:28.0804|INFO|SequenceItem.cs|Run|208|Starting Category: Ground Station, Item: Send to Pushover, Title: Start
2026-04-17T11:53:28.2901|INFO|SequenceItem.cs|Run|254|Finishing Category: Ground Station, Item: Send to Pushover, Title: Start
2026-04-17T11:53:28.3008|INFO|SequenceItem.cs|Run|208|Starting Category: Utility, Item: WaitForTime, Time: 19:41:49h, Offset: -80
2026-04-17T19:42:12.9737|INFO|SequenceItem.cs|Run|254|Finishing Category: Utility, Item: WaitForTime, Time: 19:42:38h, Offset: -80
2026-04-17T19:42:12.9753|INFO|SequenceItem.cs|Run|208|Starting Category: Ground Station, Item: Send to Telegram
2026-04-17T19:42:13.7231|INFO|SequenceItem.cs|Run|254|Finishing Category: Ground Station, Item: Send to Telegram
2026-04-17T19:42:13.7234|INFO|SequenceItem.cs|Run|208|Starting Category: Ground Station, Item: Send to Pushover, Title: Configure Equipment
2026-04-17T19:42:13.8723|INFO|SequenceItem.cs|Run|254|Finishing Category: Ground Station, Item: Send to Pushover, Title: Configure Equipment
2026-04-17T19:42:13.8735|INFO|SequenceItem.cs|Run|208|Starting Category: Connect, Item: ConnectAllEquipment
2026-04-17T19:42:13.8923|INFO|CameraChooserVM.cs|GetEquipment|69|Found 2 ASI Cameras
2026-04-17T19:42:13.9592|INFO|CameraChooserVM.cs|GetEquipment|84|Found 0 Altair Cameras
2026-04-17T19:42:13.9594|INFO|CameraChooserVM.cs|GetEquipment|96|Found 0 Atik Cameras
2026-04-17T19:42:13.9601|INFO|CameraChooserVM.cs|GetEquipment|110|Found 0 FLI Cameras
2026-04-17T19:42:13.9604|INFO|CameraChooserVM.cs|GetEquipment|130|Found 0 QHYCCD Cameras
2026-04-17T19:42:14.1166|INFO|CameraChooserVM.cs|GetEquipment|158|Found 0 ToupTek Cameras
2026-04-17T19:42:14.1221|INFO|CameraChooserVM.cs|GetEquipment|173|Found 0 Ogma Cameras
2026-04-17T19:42:14.1368|INFO|CameraChooserVM.cs|GetEquipment|188|Found 0 Omegon Cameras
2026-04-17T19:42:14.2943|INFO|CameraChooserVM.cs|GetEquipment|203|Found 0 RisingCam Cameras
2026-04-17T19:42:14.3085|INFO|CameraChooserVM.cs|GetEquipment|218|Found 0 MallinCam Cameras
2026-04-17T19:42:14.3101|INFO|CameraChooserVM.cs|GetEquipment|243|Found 0 SVBony Cameras
2026-04-17T19:42:14.3124|INFO|CameraChooserVM.cs|GetEquipment|259|Found 0 SBIG Cameras
2026-04-17T19:42:14.3132|INFO|CameraChooserVM.cs|GetEquipment|279|Found 0 SVBony Cameras
2026-04-17T19:42:14.3136|INFO|CameraChooserVM.cs|GetEquipment|279|Found 0 PlayerOne Cameras
2026-04-17T19:42:14.3213|INFO|CameraChooserVM.cs|GetEquipment|279|Found 0 ASTPAN Cameras
2026-04-17T19:42:14.3222|INFO|CameraChooserVM.cs|GetEquipment|293|Found 4 ASCOM Cameras
2026-04-17T19:42:16.3226|INFO|CameraChooserVM.cs|GetEquipment|305|Found 0 Alpaca Cameras
2026-04-17T19:42:16.3314|INFO|CameraChooserVM.cs|GetEquipment|318|Found 0 Canon Cameras
2026-04-17T19:42:16.4009|INFO|CameraVM.cs|Disconnect|650|Disconnected Camera
2026-04-17T19:42:16.9304|WARNING|ASICamera.cs|SetControlValue|568|Failed to set ASI Control Value ASI_WB_B with value 50
2026-04-17T19:42:16.9306|WARNING|ASICamera.cs|SetControlValue|568|Failed to set ASI Control Value ASI_WB_R with value 50
2026-04-17T19:42:16.9307|WARNING|ASICamera.cs|SetControlValue|568|Failed to set ASI Control Value ASI_GAMMA with value 50
2026-04-17T19:42:16.9308|WARNING|ASICamera.cs|SetControlValue|568|Failed to set ASI Control Value ASI_HIGH_SPEED_MODE with value 0
2026-04-17T19:42:16.9308|WARNING|ASICamera.cs|SetControlValue|568|Failed to set ASI Control Value ASI_OVERCLOCK with value 0
2026-04-17T19:42:16.9310|WARNING|ASICamera.cs|SetControlValue|568|Failed to set ASI Control Value ASI_PATTERN_ADJUST with value 0
2026-04-17T19:42:16.9320|WARNING|ASICamera.cs|SetControlValue|568|Failed to set ASI Control Value ASI_MONO_BIN with value 0
2026-04-17T19:42:16.9331|INFO|ASICamera.cs|Initialize|664|Camera ID: ASI533MM
2026-04-17T19:42:16.9454|WARNING|ASICamera.cs|SetControlValue|568|Failed to set ASI Control Value ASI_ANTI_DEW_HEATER with value 0
2026-04-17T19:42:17.0491|INFO|CameraVM.cs|ChooseCamera|455|Successfully connected Camera. Id: ZWOptical_ZWO ASI533MM Pro_ASI533MM Name: ZWO ASI533MM Pro DisplayName: ZWO ASI533MM Pro (ASI533MM)Driver Version: 1, 39, 0, 0
2026-04-17T19:42:17.5972|INFO|FilterWheelChooserVM.cs|GetEquipment|167|Found 1 Networked Filter Wheel Filter Wheels
2026-04-17T19:42:19.5986|INFO|FilterWheelChooserVM.cs|GetEquipment|193|Found 0 Alpaca Filter Wheels
2026-04-17T19:42:19.6065|INFO|FilterWheelVM.cs|Disconnect|333|Disconnected Filter Wheel
2026-04-17T19:42:23.1915|INFO|FilterWheelVM.cs|ChooseFW|279|Successfully connected Filter Wheel. Id: ASCOM.EFW2.FilterWheel Name: ZWO FilterWheel DisplayName: ZWO FilterWheel (ASCOM) Driver Version: 6.0
2026-04-17T19:42:27.0370|INFO|FocuserChooserVM.cs|GetEquipment|84|Found 0 Alpaca Focusers
2026-04-17T19:42:27.0786|INFO|FocuserVM.cs|Disconnect|441|Disconnected Focuser
2026-04-17T19:42:28.8634|ERROR|AscomDevice.cs|GetProperty|546|An unexpected exception occurred during GET of Focuser.StepSize: 
ASCOM.DriverException: The method or operation is not implemented.
 ---> System.NotImplementedException: The method or operation is not implemented.
   --- End of inner exception stack trace ---
   at ASCOM.Com.DriverAccess.DynamicAccess.CheckDotNetExceptions(String memberName, Exception e) in J:\ASCOMLibrary\ASCOM.Com\ASCOM.Com.DriverAccess\BaseClass\DynamicAccess.cs:line 278
   at ASCOM.Com.DriverAccess.DynamicAccess.TryGetMember(GetMemberBinder binder, Object& result) in J:\ASCOMLibrary\ASCOM.Com\ASCOM.Com.DriverAccess\BaseClass\DynamicAccess.cs:line 150
   at CallSite.Target(Closure, CallSite, Object)
   at System.Dynamic.UpdateDelegates.UpdateAndExecute1[T0,TRet](CallSite site, T0 arg0)
   at ASCOM.Com.DriverAccess.Focuser.get_StepSize() in J:\ASCOMLibrary\ASCOM.Com\ASCOM.Com.DriverAccess\Focuser.cs:line 159
   at System.RuntimeMethodHandle.InvokeMethod(Object target, Void** arguments, Signature sig, Boolean isConstructor)
   at System.Reflection.MethodBaseInvoker.InvokeWithNoArgs(Object obj, BindingFlags invokeAttr)
2026-04-17T19:42:29.0691|INFO|AscomDevice.cs|GetProperty|485|Retrying to GET Focuser.StepSize - Attempt 2 / 3
2026-04-17T19:42:29.0706|ERROR|AscomDevice.cs|GetProperty|546|An unexpected exception occurred during GET of Focuser.StepSize: 
ASCOM.DriverException: The method or operation is not implemented.
 ---> System.NotImplementedException: The method or operation is not implemented.
   --- End of inner exception stack trace ---
   at ASCOM.Com.DriverAccess.DynamicAccess.CheckDotNetExceptions(String memberName, Exception e) in J:\ASCOMLibrary\ASCOM.Com\ASCOM.Com.DriverAccess\BaseClass\DynamicAccess.cs:line 278
   at ASCOM.Com.DriverAccess.DynamicAccess.TryGetMember(GetMemberBinder binder, Object& result) in J:\ASCOMLibrary\ASCOM.Com\ASCOM.Com.DriverAccess\BaseClass\DynamicAccess.cs:line 150
   at CallSite.Target(Closure, CallSite, Object)
   at ASCOM.Com.DriverAccess.Focuser.get_StepSize() in J:\ASCOMLibrary\ASCOM.Com\ASCOM.Com.DriverAccess\Focuser.cs:line 159
   at InvokeStub_Focuser.get_StepSize(Object, Object, IntPtr*)
   at System.Reflection.MethodBaseInvoker.InvokeWithNoArgs(Object obj, BindingFlags invokeAttr)
2026-04-17T19:42:29.2712|INFO|AscomDevice.cs|GetProperty|485|Retrying to GET Focuser.StepSize - Attempt 3 / 3
2026-04-17T19:42:29.2739|ERROR|AscomDevice.cs|GetProperty|546|An unexpected exception occurred during GET of Focuser.StepSize: 
ASCOM.DriverException: The method or operation is not implemented.
 ---> System.NotImplementedException: The method or operation is not implemented.
   --- End of inner exception stack trace ---
   at ASCOM.Com.DriverAccess.DynamicAccess.CheckDotNetExceptions(String memberName, Exception e) in J:\ASCOMLibrary\ASCOM.Com\ASCOM.Com.DriverAccess\BaseClass\DynamicAccess.cs:line 278
   at ASCOM.Com.DriverAccess.DynamicAccess.TryGetMember(GetMemberBinder binder, Object& result) in J:\ASCOMLibrary\ASCOM.Com\ASCOM.Com.DriverAccess\BaseClass\DynamicAccess.cs:line 150
   at CallSite.Target(Closure, CallSite, Object)
   at ASCOM.Com.DriverAccess.Focuser.get_StepSize() in J:\ASCOMLibrary\ASCOM.Com\ASCOM.Com.DriverAccess\Focuser.cs:line 159
   at InvokeStub_Focuser.get_StepSize(Object, Object, IntPtr*)
   at System.Reflection.MethodBaseInvoker.InvokeWithNoArgs(Object obj, BindingFlags invokeAttr)
2026-04-17T19:42:29.2748|INFO|AscomDevice.cs|GetProperty|556|GET Focuser.StepSize failed - Returning last known value 0
2026-04-17T19:42:29.5080|INFO|FocuserVM.cs|ChooseFocuser|333|Successfully connected Focuser. Id: ASCOM.EAF.Focuser Name: ZWO Focuser DisplayName: ZWO Focuser (ASCOM) Driver Version: 6.0
2026-04-17T19:42:31.5106|INFO|TelescopeChooserVM.cs|GetEquipment|69|Found 0 Alpaca Telescopes
2026-04-17T19:42:31.5672|INFO|TelescopeVM.cs|Disconnect|740|Disconnected mount
2026-04-17T19:42:34.6230|INFO|AscomTelescope.cs|CheckMountTime|845|Mount UTC Time: 2026-04-18 00:42:34Z / System UTC Time: 2026-04-18 00:42:34Z; Difference: 0.004 seconds
2026-04-17T19:42:34.6857|INFO|AscomTelescope.cs|CheckMountTime|852|System time has been synced to the mount
2026-04-17T19:42:34.9944|INFO|TelescopeVM.cs|ChooseTelescope|535|Successfully connected mount. Id: ASCOM.iOptron2017.Telescope Name: iOptron CEM120,70,40,26, GEM, HEM, HAE, HAZ series and SkyHunter Mount DisplayName: iOptron CEM120,70,40,26, GEM, HEM, HAE, HAZ series and SkyHunter Mount (ASCOM) Driver Version: 9.15
2026-04-17T19:42:35.0417|INFO|PHD2Guider.cs|Connect|205|Connecting to PHD2 server at 127.0.0.1:4400
2026-04-17T19:42:37.6001|INFO|PHD2Client.cs|ConnectAsync|118|PHD2Client: Connected successfully!
2026-04-17T19:42:37.6002|INFO|DitherStatisticsVM.cs|OnPHD2ConnectionStatusChanged|734|PHD2 Connection Status: Connected
2026-04-17T19:42:37.6002|INFO|DitherStatisticsVM.cs|ConnectToPHD2|713|Successfully connected to PHD2!
2026-04-17T19:42:37.6017|INFO|PHD2Client.cs|ReadEventsAsync|181|PHD2Client: Started reading events
2026-04-17T19:42:37.6232|INFO|PHD2Client.cs|HandleVersion|366|PHD2Client: Connected to PHD2 version 2.6.14. (Message Protocol v1)
2026-04-17T19:42:37.6243|INFO|PHD2Client.cs|HandleAppState|376|PHD2Client: PHD2 AppState: Stopped
2026-04-17T19:42:38.3242|INFO|PHD2Client.cs|ProcessEvent|268|PHD2: ConfigurationChange
2026-04-17T19:42:39.5753|INFO|PHD2Client.cs|QueryExposureTime|1216|PHD2Client: Exposure time from PHD2 API: 2.000 seconds (2000 ms)
2026-04-17T19:42:39.7408|INFO|PHD2Client.cs|ProcessEvent|268|PHD2: ConfigurationChange
2026-04-17T19:42:40.4197|INFO|PHD2Client.cs|QueryExposureTime|1216|PHD2Client: Exposure time from PHD2 API: 2.000 seconds (2000 ms)
2026-04-17T19:42:42.4755|INFO|WeatherDataChooserVM.cs|GetEquipment|69|Found 0 Alpaca Observing Conditions
2026-04-17T19:42:42.5382|INFO|WeatherDataVM.cs|Disconnect|305|Disconnected Weather Device
2026-04-17T19:42:44.9434|INFO|AscomDevice.cs|GetProperty|527|Property ObservingConditions.SkyQuality GET is not implemented in this driver (SkyAlert Observing Conditions)
2026-04-17T19:42:44.9509|INFO|AscomDevice.cs|GetProperty|527|Property ObservingConditions.StarFWHM GET is not implemented in this driver (SkyAlert Observing Conditions)
2026-04-17T19:42:44.9670|INFO|WeatherDataVM.cs|ChooseWeatherData|150|Successfully connected Weather Device. Id: ASCOM.SkyAlert.ObservingConditions Name: SkyAlert Observing Conditions DisplayName: SkyAlert Observing Conditions (ASCOM) Driver Version: 1.7
2026-04-17T19:42:46.9697|INFO|SafetyMonitorChooserVM.cs|GetEquipment|71|Found 0 Alpaca Safety Monitors
2026-04-17T19:42:47.0213|INFO|SafetyMonitorVM.cs|Disconnect|221|Disconnected Safety Monitor
2026-04-17T19:42:47.7191|INFO|SafetyMonitorVM.cs|Connect|175|Successfully connected Safety Monitor. Id: ASCOM.GenericFile.SafetyMonitor Name: Generic File driver DisplayName: Generic File driver (ASCOM) Driver Version: 6.4
2026-04-17T19:42:47.7194|INFO|SequenceItem.cs|Run|254|Finishing Category: Connect, Item: ConnectAllEquipment
2026-04-17T19:42:47.7201|INFO|SequenceItem.cs|Run|208|Starting Category: Telescope, Item: FindHome
2026-04-17T19:42:47.7263|INFO|PHD2Guider.cs|StopGuiding|704|Phd2 - Stop Guiding skipped, as the app is already in state Stopped
2026-04-17T19:42:47.7282|INFO|TelescopeVM.cs|FindHome|292|Mount ordered to locate home position
2026-04-17T19:42:47.7309|INFO|TelescopeVM.cs|FindHome|336|Mount ordered to home but it is already at home
2026-04-17T19:42:47.7312|INFO|TelescopeVM.cs|FindHome|348|Mount has located its home position
2026-04-17T19:42:47.7321|INFO|SequenceItem.cs|Run|254|Finishing Category: Telescope, Item: FindHome
2026-04-17T19:42:47.7324|INFO|SequenceItem.cs|Run|208|Starting Category: Ground Station, Item: Send to Telegram
2026-04-17T19:42:48.4148|INFO|SequenceItem.cs|Run|254|Finishing Category: Ground Station, Item: Send to Telegram
2026-04-17T19:42:48.4153|INFO|SequenceItem.cs|Run|208|Starting Category: Ground Station, Item: Send to Pushover, Title: Cool
2026-04-17T19:42:48.5913|INFO|SequenceItem.cs|Run|254|Finishing Category: Ground Station, Item: Send to Pushover, Title: Cool
2026-04-17T19:42:48.5933|INFO|SequenceItem.cs|Run|208|Starting Category: Camera, Item: CoolCamera, Temperature: -5, Duration: 15
2026-04-17T19:42:48.6032|INFO|CameraVM.cs|CoolCamera|138|Cooling Camera. Target: -5 Duration: 00:15:00
2026-04-17T19:42:49.7243|INFO|SafetyMonitorVM.cs|UpdateMonitorValues|95|SafetyMonitorInfo state changed to Unsafe
2026-04-17T19:58:03.6012|INFO|SequenceItem.cs|Run|254|Finishing Category: Camera, Item: CoolCamera, Temperature: -5, Duration: 15
2026-04-17T19:58:03.6018|INFO|SequenceItem.cs|Run|208|Starting Category: Utility, Item: WaitForTime, Time: 20:47:38h, Offset: -15
2026-04-17T20:47:41.2643|INFO|SequenceItem.cs|Run|254|Finishing Category: Utility, Item: WaitForTime, Time: 20:47:38h, Offset: -15
2026-04-17T20:47:41.2677|INFO|SequenceItem.cs|Run|254|Finishing Category: * Instruction Set *, Container: NINA.Sequencer.Container.SequentialContainer, Strategy: SequentialStrategy, Items[FINISHED]: 10
2026-04-17T20:47:41.2680|INFO|SequenceItem.cs|Run|254|Finishing Category: * Instruction Set *, Container: NINA.Sequencer.Container.StartAreaContainer, Strategy: SequentialStrategy, Items[FINISHED]: 1
2026-04-17T20:47:41.2683|INFO|SequenceItem.cs|Run|208|Starting Category: * Instruction Set *, Container: NINA.Sequencer.Container.TargetAreaContainer, Strategy: SequentialStrategy, Items[CREATED]: 1
2026-04-17T20:47:41.2698|INFO|SequenceItem.cs|Run|208|Starting Category: * Instruction Set *, Container: NINA.Sequencer.Container.SequentialContainer, Strategy: SequentialStrategy, Items[CREATED]: 12, Conditions: Condition: TimeCondition, Time: 6:40:26h, Condition: TargetSchedulerCondition mode=While Targets Remain Tonight, , Triggers: Trigger: CenterAfterDriftTrigger, DistanceArcMinutes: 1Trigger: WhenUnsafeCategory: Ground Station, Item: Failures to TelegramCategory: Connect, Item: ReconnectOnDownloadFailureTrigger: AutofocusAfterHFRIncreaseTrigger, Amount: 5Trigger: MeridianFlipTriggerCategory: Powerups (Misc), Item: DIYTriggerCategory: Ground Station, Item: Failures to PushoverTrigger: AutofocusAfterTemperatureChangeTrigger, Amount: 1.5°
2026-04-17T20:47:41.2724|INFO|WhenCommon.cs|SequenceBlockInitialize|204|Initialize; starting watchdog
2026-04-17T20:47:41.2759|INFO|WhenUnsafe.cs|CheckSafe|77|IsSafe is now FALSE; connected = True, IsSafe = False
2026-04-17T20:47:41.2762|INFO|WhenCommon.cs|ShouldTrigger|378|ShouldTrigger TRUE from InterruptWhen, setting TriggerRunner
2026-04-17T20:47:41.2763|INFO|WhenCommon.cs|InterruptWhen|322|Interrupting current Instruction Set
2026-04-17T20:47:41.2771|INFO|WhenCommon.cs|InterruptWhen|332|Canceling sequence...
2026-04-17T20:47:42.2782|INFO|WhenCommon.cs|InterruptWhen|336|Delay 1000
2026-04-17T20:47:43.2784|INFO|WhenCommon.cs|InterruptWhen|336|Delay 1000
2026-04-17T20:47:44.2778|INFO|WhenCommon.cs|InterruptWhen|336|Delay 1000
2026-04-17T20:47:45.2782|INFO|WhenCommon.cs|InterruptWhen|336|Delay 1000
2026-04-17T20:47:46.2786|INFO|WhenCommon.cs|InterruptWhen|336|Delay 1000
2026-04-17T20:47:47.2789|INFO|WhenCommon.cs|InterruptWhen|336|Delay 1000
2026-04-17T20:47:48.2786|INFO|WhenCommon.cs|InterruptWhen|336|Delay 1000
2026-04-17T20:47:49.2794|INFO|WhenCommon.cs|InterruptWhen|336|Delay 1000
2026-04-17T20:47:50.2791|INFO|WhenCommon.cs|InterruptWhen|336|Delay 1000
2026-04-17T20:47:51.2786|INFO|WhenCommon.cs|InterruptWhen|336|Delay 1000
2026-04-17T20:47:52.2787|INFO|WhenCommon.cs|InterruptWhen|336|Delay 1000
2026-04-17T20:47:53.2791|INFO|WhenCommon.cs|InterruptWhen|336|Delay 1000
2026-04-17T20:47:54.2797|INFO|WhenCommon.cs|InterruptWhen|336|Delay 1000
2026-04-17T20:47:55.2811|INFO|WhenCommon.cs|InterruptWhen|336|Delay 1000
2026-04-17T20:47:56.2812|INFO|WhenCommon.cs|InterruptWhen|336|Delay 1000
2026-04-17T20:47:57.2812|INFO|WhenCommon.cs|InterruptWhen|336|Delay 1000
2026-04-17T20:47:58.2811|INFO|WhenCommon.cs|InterruptWhen|336|Delay 1000
2026-04-17T20:47:59.2815|INFO|WhenCommon.cs|InterruptWhen|336|Delay 1000
2026-04-17T20:48:00.2825|INFO|WhenCommon.cs|InterruptWhen|336|Delay 1000
2026-04-17T20:48:01.2833|INFO|WhenCommon.cs|InterruptWhen|336|Delay 1000
2026-04-17T20:48:02.2834|INFO|WhenCommon.cs|InterruptWhen|336|Delay 1000
2026-04-17T20:48:03.2842|INFO|WhenCommon.cs|InterruptWhen|336|Delay 1000
2026-04-17T20:48:04.2845|INFO|WhenCommon.cs|InterruptWhen|336|Delay 1000
2026-04-17T20:48:05.2859|INFO|WhenCommon.cs|InterruptWhen|336|Delay 1000
2026-04-17T20:48:06.2985|INFO|WhenCommon.cs|InterruptWhen|336|Delay 1000
2026-04-17T20:48:07.2984|INFO|WhenCommon.cs|InterruptWhen|336|Delay 1000
2026-04-17T20:48:08.3004|INFO|WhenCommon.cs|InterruptWhen|336|Delay 1000
2026-04-17T20:48:09.3002|INFO|WhenCommon.cs|InterruptWhen|336|Delay 1000
2026-04-17T20:48:10.1307|INFO|WhenCommon.cs|SequenceBlockTeardown|198|Teardown; shutting down watchdog
2026-04-17T20:48:10.1495|INFO|Sequencer.cs|Start|85|Sequence run was cancelled
2026-04-17T20:48:10.1671|INFO|Sequence2VM.cs|StartSequence|548|Advanced Sequence finished
2026-04-17T20:48:10.3004|INFO|WhenCommon.cs|InterruptWhen|339|Sequence no longer running
2026-04-17T20:48:10.3029|WARNING|WhenCommon.cs|CheckSlewing|263|CheckSlewing, WhenUnsafe = True, Connected = True, CanSlew = True, info.Slewing = False
2026-04-17T20:48:10.3049|INFO|Sequence2VM.cs|StartSequence|543|Advanced Sequence starting
2026-04-17T20:48:10.3696|INFO|SequenceItem.cs|Run|208|Starting Category: * Instruction Set *, Container: NINA.Sequencer.Container.SequenceRootContainer, Strategy: SequentialStrategy, Items[CREATED]: 3, Triggers: Category: Ground Station, Item: Failures to Telegram
2026-04-17T20:48:10.3698|INFO|SequenceItem.cs|Run|208|Starting Category: * Instruction Set *, Container: NINA.Sequencer.Container.StartAreaContainer, Strategy: SequentialStrategy, Items[FINISHED]: 1
2026-04-17T20:48:10.3699|INFO|SequenceItem.cs|Run|254|Finishing Category: * Instruction Set *, Container: NINA.Sequencer.Container.StartAreaContainer, Strategy: SequentialStrategy, Items[FINISHED]: 1
2026-04-17T20:48:10.3700|INFO|SequenceItem.cs|Run|208|Starting Category: * Instruction Set *, Container: NINA.Sequencer.Container.TargetAreaContainer, Strategy: SequentialStrategy, Items[CREATED]: 1
2026-04-17T20:48:10.3701|INFO|SequenceItem.cs|Run|208|Starting Category: * Instruction Set *, Container: NINA.Sequencer.Container.SequentialContainer, Strategy: SequentialStrategy, Items[CREATED]: 12, Conditions: Condition: TimeCondition, Time: 6:40:26h, Condition: TargetSchedulerCondition mode=While Targets Remain Tonight, , Triggers: Trigger: CenterAfterDriftTrigger, DistanceArcMinutes: 1Trigger: WhenUnsafeCategory: Ground Station, Item: Failures to TelegramCategory: Connect, Item: ReconnectOnDownloadFailureTrigger: AutofocusAfterHFRIncreaseTrigger, Amount: 5Trigger: MeridianFlipTriggerCategory: Powerups (Misc), Item: DIYTriggerCategory: Ground Station, Item: Failures to PushoverTrigger: AutofocusAfterTemperatureChangeTrigger, Amount: 1.5°
2026-04-17T20:48:10.3704|INFO|WhenCommon.cs|SequenceBlockInitialize|204|Initialize; starting watchdog
2026-04-17T20:48:10.3719|INFO|WhenCommon.cs|ShouldTrigger|382|ShouldTrigger TRUE, setting TriggerRunner
2026-04-17T20:48:10.3842|INFO|SequenceTrigger.cs|Run|114|Starting Trigger: WhenUnsafe
2026-04-17T20:48:10.4111|INFO|WhenCommon.cs|Execute|395|Execute 0
2026-04-17T20:48:10.4284|INFO|WhenCommon.cs|Execute|409|When: running TriggerRunner, InFlight -> true, Triggered -> false
2026-04-17T20:48:10.4286|WARNING|WhenCommon.cs|CheckSlewing|263|CheckSlewing, WhenUnsafe = True, Connected = True, CanSlew = True, info.Slewing = False
2026-04-17T20:48:10.4289|INFO|SequenceItem.cs|Run|208|Starting Category: , Container: WhenPlugin.When.IfContainer, Strategy: SequentialStrategy, Items[CREATED]: 9
2026-04-17T20:48:10.4357|INFO|MeridianFlipTrigger.cs|ShouldTrigger|197|Meridian Flip - Telescope is at home position. Skip flip evaluation
2026-04-17T20:48:10.4379|INFO|SequenceItem.cs|Run|208|Starting Category: Ground Station, Item: Send to Telegram
2026-04-17T20:48:11.0905|INFO|SequenceItem.cs|Run|254|Finishing Category: Ground Station, Item: Send to Telegram
2026-04-17T20:48:11.0921|INFO|MeridianFlipTrigger.cs|ShouldTrigger|197|Meridian Flip - Telescope is at home position. Skip flip evaluation
2026-04-17T20:48:11.0922|INFO|SequenceItem.cs|Run|208|Starting Category: Ground Station, Item: Send to Pushover, Title: Unsafe
2026-04-17T20:48:11.2644|INFO|SequenceItem.cs|Run|254|Finishing Category: Ground Station, Item: Send to Pushover, Title: Unsafe
2026-04-17T20:48:11.3345|INFO|MeridianFlipTrigger.cs|ShouldTrigger|197|Meridian Flip - Telescope is at home position. Skip flip evaluation
2026-04-17T20:48:11.3347|INFO|SequenceItem.cs|Run|208|Starting Category: Telescope, Item: FindHome
2026-04-17T20:48:11.3371|INFO|PHD2Guider.cs|StopGuiding|704|Phd2 - Stop Guiding skipped, as the app is already in state Stopped
2026-04-17T20:48:11.3372|INFO|TelescopeVM.cs|FindHome|292|Mount ordered to locate home position
2026-04-17T20:48:11.3376|INFO|TelescopeVM.cs|FindHome|336|Mount ordered to home but it is already at home
2026-04-17T20:48:11.3377|INFO|TelescopeVM.cs|FindHome|348|Mount has located its home position
2026-04-17T20:48:11.3380|INFO|SequenceItem.cs|Run|254|Finishing Category: Telescope, Item: FindHome
2026-04-17T20:48:11.3383|INFO|MeridianFlipTrigger.cs|ShouldTrigger|197|Meridian Flip - Telescope is at home position. Skip flip evaluation
2026-04-17T20:48:11.3389|INFO|SequenceItem.cs|Run|208|Starting Category: Guider, Item: StopGuiding
2026-04-17T20:48:11.3413|INFO|PHD2Guider.cs|StopGuiding|704|Phd2 - Stop Guiding skipped, as the app is already in state Stopped
2026-04-17T20:48:11.3414|INFO|SequenceItem.cs|Run|254|Finishing Category: Guider, Item: StopGuiding
2026-04-17T20:48:11.3595|INFO|MeridianFlipTrigger.cs|ShouldTrigger|197|Meridian Flip - Telescope is at home position. Skip flip evaluation
2026-04-17T20:48:11.3602|INFO|SequenceItem.cs|Run|208|Starting Category: Connect, Item: DisconnectEquipment, Selected device: Safety Monitor
2026-04-17T20:48:11.4302|INFO|AscomDevice.cs|Disconnect|378|Disconnecting from ASCOM.GenericFile.SafetyMonitor Generic File driver
2026-04-17T20:48:11.4568|INFO|SafetyMonitorVM.cs|Disconnect|221|Disconnected Safety Monitor
2026-04-17T20:48:11.4571|INFO|SequenceItem.cs|Run|254|Finishing Category: Connect, Item: DisconnectEquipment, Selected device: Safety Monitor
2026-04-17T20:48:11.4763|INFO|MeridianFlipTrigger.cs|ShouldTrigger|197|Meridian Flip - Telescope is at home position. Skip flip evaluation
2026-04-17T20:48:11.4771|INFO|SequenceItem.cs|Run|208|Starting Category: Utility, Item: WaitForTimeSpan, Time: 60s
2026-04-17T20:49:11.5504|INFO|SequenceItem.cs|Run|254|Finishing Category: Utility, Item: WaitForTimeSpan, Time: 60s
2026-04-17T20:49:11.5512|INFO|MeridianFlipTrigger.cs|ShouldTrigger|197|Meridian Flip - Telescope is at home position. Skip flip evaluation
2026-04-17T20:49:11.6688|INFO|SequenceItem.cs|Run|208|Starting Category: Connect, Item: ConnectEquipment, Selected device: Safety Monitor, Selected device id: ASCOM.GenericFile.SafetyMonitor
2026-04-17T20:49:13.6723|INFO|SafetyMonitorChooserVM.cs|GetEquipment|71|Found 0 Alpaca Safety Monitors
2026-04-17T20:49:13.7268|INFO|SafetyMonitorVM.cs|Disconnect|221|Disconnected Safety Monitor
2026-04-17T20:49:13.7982|INFO|SafetyMonitorVM.cs|Connect|175|Successfully connected Safety Monitor. Id: ASCOM.GenericFile.SafetyMonitor Name: Generic File driver DisplayName: Generic File driver (ASCOM) Driver Version: 6.4
2026-04-17T20:49:13.7986|INFO|SequenceItem.cs|Run|254|Finishing Category: Connect, Item: ConnectEquipment, Selected device: Safety Monitor, Selected device id: ASCOM.GenericFile.SafetyMonitor
2026-04-17T20:49:13.7989|INFO|MeridianFlipTrigger.cs|ShouldTrigger|197|Meridian Flip - Telescope is at home position. Skip flip evaluation
2026-04-17T20:49:13.7990|INFO|SequenceItem.cs|Run|208|Starting Category: Utility, Item: WaitForTimeSpan, Time: 60s
2026-04-17T20:49:15.7991|INFO|SafetyMonitorVM.cs|UpdateMonitorValues|95|SafetyMonitorInfo state changed to Unsafe
2026-04-17T20:50:13.8526|INFO|SequenceItem.cs|Run|254|Finishing Category: Utility, Item: WaitForTimeSpan, Time: 60s
2026-04-17T20:50:13.8537|INFO|MeridianFlipTrigger.cs|ShouldTrigger|197|Meridian Flip - Telescope is at home position. Skip flip evaluation
2026-04-17T20:50:13.8543|INFO|SequenceItem.cs|Run|208|Starting Category: Powerups (Safety), Item: OnceSafe
2026-04-18T06:40:26.4343|INFO|TimeCondition.cs|Check|254|TimeCondition finished.
2026-04-18T06:40:26.4345|INFO|TimeCondition.cs|InterruptWhenTimeIsUp|63|Time limit exceeded - Interrupting current Instruction Set
2026-04-18T06:40:26.4383|INFO|WhenCommon.cs|Execute|425|When: Execute done; InFlight -> false, Triggered false
2026-04-18T06:40:26.4389|INFO|MeridianFlipTrigger.cs|ShouldTrigger|197|Meridian Flip - Telescope is at home position. Skip flip evaluation
2026-04-18T06:40:26.4392|INFO|SequenceItem.cs|Run|208|Starting Category: Utility, Item: WaitForTime, Time: 20:47:38h, Offset: -15
2026-04-18T06:40:26.4407|INFO|WhenCommon.cs|SequenceBlockTeardown|198|Teardown; shutting down watchdog
2026-04-18T06:40:26.4411|INFO|SequenceItem.cs|Run|254|Finishing Category: * Instruction Set *, Container: NINA.Sequencer.Container.SequentialContainer, Strategy: SequentialStrategy, Items[CREATED]: 12, Conditions: Condition: TimeCondition, Time: 6:40:26h, Condition: TargetSchedulerCondition mode=While Targets Remain Tonight, , Triggers: Trigger: CenterAfterDriftTrigger, DistanceArcMinutes: 1Trigger: WhenUnsafeCategory: Ground Station, Item: Failures to TelegramCategory: Connect, Item: ReconnectOnDownloadFailureTrigger: AutofocusAfterHFRIncreaseTrigger, Amount: 5Trigger: MeridianFlipTriggerCategory: Powerups (Misc), Item: DIYTriggerCategory: Ground Station, Item: Failures to PushoverTrigger: AutofocusAfterTemperatureChangeTrigger, Amount: 1.5°
2026-04-18T06:40:26.4413|INFO|SequenceItem.cs|Run|254|Finishing Category: * Instruction Set *, Container: NINA.Sequencer.Container.TargetAreaContainer, Strategy: SequentialStrategy, Items[FINISHED]: 1
2026-04-18T06:40:26.4415|INFO|SequenceItem.cs|Run|208|Starting Category: * Instruction Set *, Container: NINA.Sequencer.Container.EndAreaContainer, Strategy: SequentialStrategy, Items[CREATED]: 9
2026-04-18T06:40:26.4418|INFO|SequenceItem.cs|Run|208|Starting Category: Telescope, Item: FindHome
2026-04-18T06:40:26.4444|INFO|PHD2Guider.cs|StopGuiding|704|Phd2 - Stop Guiding skipped, as the app is already in state Stopped
2026-04-18T06:40:26.4445|INFO|TelescopeVM.cs|FindHome|292|Mount ordered to locate home position
2026-04-18T06:40:26.4449|INFO|TelescopeVM.cs|FindHome|336|Mount ordered to home but it is already at home
2026-04-18T06:40:26.4449|INFO|TelescopeVM.cs|FindHome|348|Mount has located its home position
2026-04-18T06:40:26.4451|INFO|SequenceItem.cs|Run|254|Finishing Category: Telescope, Item: FindHome
2026-04-18T06:40:26.4458|INFO|SequenceItem.cs|Run|208|Starting Night Summary - End Session
2026-04-18T06:40:26.4480|INFO|NightSummaryEndInstruction.cs|Execute|28|NightSummary: End Session instruction executing
2026-04-18T06:40:41.4511|WARNING|SessionService.cs|EndSession|146|NightSummary: EndSession called but no active session — nothing to do
2026-04-18T06:40:41.4512|INFO|NightSummaryEndInstruction.cs|Execute|39|NightSummary: Session ended successfully
2026-04-18T06:40:41.4513|INFO|SequenceItem.cs|Run|254|Finishing Night Summary - End Session
2026-04-18T06:40:41.4518|INFO|SequenceItem.cs|Run|208|Starting [EndSubframesSession]
2026-04-18T06:40:41.4533|WARNING|EndSessionItem.cs|Execute|50|[Subframes] EndSessionItem: no active session to end.
2026-04-18T06:40:41.4534|INFO|SequenceItem.cs|Run|254|Finishing [EndSubframesSession]
2026-04-18T06:40:41.4541|INFO|SequenceItem.cs|Run|208|Starting Category: Camera, Item: WarmCamera, Duration: 30
2026-04-18T06:40:41.4566|INFO|CameraVM.cs|WarmCamera|161|Warming Camera. Duration: 00:30:00
2026-04-18T07:12:51.1987|INFO|CameraVM.cs|WarmCamera|179|Could not reach warming temperature. Most likley due to ambient temperature being lower. Continuing...
2026-04-18T07:13:11.2790|INFO|CameraVM.cs|WarmCamera|186|Turning cooler off
2026-04-18T07:13:11.2810|INFO|SequenceItem.cs|Run|254|Finishing Category: Camera, Item: WarmCamera, Duration: 30
2026-04-18T07:13:11.2814|INFO|SequenceItem.cs|Run|208|Starting Category: Guider, Item: StopGuiding
2026-04-18T07:13:11.2870|INFO|PHD2Guider.cs|StopGuiding|704|Phd2 - Stop Guiding skipped, as the app is already in state Stopped
2026-04-18T07:13:11.2872|INFO|SequenceItem.cs|Run|254|Finishing Category: Guider, Item: StopGuiding
2026-04-18T07:13:11.2886|INFO|SequenceItem.cs|Run|208|Starting Category: Phd2 Tools, Item: ShutdownPhd2Instruction
2026-04-18T07:13:11.3247|WARNING|PHD2Client.cs|ReadEventsAsync|189|PHD2Client: Connection closed by server
2026-04-18T07:13:11.3248|INFO|DitherStatisticsVM.cs|OnPHD2ConnectionStatusChanged|737|PHD2 Connection Status: Connection lost
2026-04-18T07:13:11.3249|INFO|PHD2Client.cs|ReadEventsAsync|205|PHD2Client: Stopped reading events
2026-04-18T07:13:11.3354|INFO|SequenceItem.cs|Run|254|Finishing Category: Phd2 Tools, Item: ShutdownPhd2Instruction
2026-04-18T07:13:11.3374|INFO|SequenceItem.cs|Run|208|Starting Category: Connect, Item: DisconnectAllEquipment
2026-04-18T07:13:11.4199|INFO|CameraVM.cs|Disconnect|650|Disconnected Camera
2026-04-18T07:13:11.4206|INFO|AscomDevice.cs|Disconnect|378|Disconnecting from ASCOM.EFW2.FilterWheel ZWO FilterWheel
2026-04-18T07:13:11.4368|INFO|FilterWheelVM.cs|Disconnect|333|Disconnected Filter Wheel
2026-04-18T07:13:11.5548|INFO|AscomDevice.cs|Disconnect|378|Disconnecting from ASCOM.EAF.Focuser ZWO Focuser
2026-04-18T07:13:11.6029|INFO|FocuserVM.cs|Disconnect|441|Disconnected Focuser
2026-04-18T07:13:11.6037|INFO|DisconnectAllEquipment.cs|Execute|139|Rotator is already disconnected
2026-04-18T07:13:11.6086|INFO|AscomDevice.cs|Disconnect|378|Disconnecting from ASCOM.iOptron2017.Telescope iOptron CEM120,70,40,26, GEM, HEM, HAE, HAZ series and SkyHunter Mount
2026-04-18T07:13:11.7121|INFO|TelescopeVM.cs|Disconnect|740|Disconnected mount
2026-04-18T07:13:11.7125|INFO|DisconnectAllEquipment.cs|Execute|139|Guider is already disconnected
2026-04-18T07:13:11.7126|INFO|DisconnectAllEquipment.cs|Execute|139|Switch is already disconnected
2026-04-18T07:13:11.7127|INFO|DisconnectAllEquipment.cs|Execute|139|Flat Panel is already disconnected
2026-04-18T07:13:11.7146|INFO|AscomDevice.cs|Disconnect|378|Disconnecting from ASCOM.SkyAlert.ObservingConditions SkyAlert Observing Conditions
2026-04-18T07:13:11.7237|INFO|WeatherDataVM.cs|Disconnect|305|Disconnected Weather Device
2026-04-18T07:13:11.7241|INFO|DisconnectAllEquipment.cs|Execute|139|Dome is already disconnected
2026-04-18T07:13:11.7254|INFO|AscomDevice.cs|Disconnect|378|Disconnecting from ASCOM.GenericFile.SafetyMonitor Generic File driver
2026-04-18T07:13:11.7301|INFO|SafetyMonitorVM.cs|Disconnect|221|Disconnected Safety Monitor
2026-04-18T07:13:11.7305|INFO|SequenceItem.cs|Run|254|Finishing Category: Connect, Item: DisconnectAllEquipment
2026-04-18T07:13:11.7308|INFO|SequenceItem.cs|Run|208|Starting Category: Ground Station, Item: Send to Pushover, Title: Disconnected
2026-04-18T07:13:11.9299|INFO|SequenceItem.cs|Run|254|Finishing Category: Ground Station, Item: Send to Pushover, Title: Disconnected
2026-04-18T07:13:11.9304|INFO|SequenceItem.cs|Run|208|Starting Category: Ground Station, Item: Send to Telegram
2026-04-18T07:13:12.5824|INFO|SequenceItem.cs|Run|254|Finishing Category: Ground Station, Item: Send to Telegram
2026-04-18T07:13:12.5829|INFO|SequenceItem.cs|Run|254|Finishing Category: * Instruction Set *, Container: NINA.Sequencer.Container.EndAreaContainer, Strategy: SequentialStrategy, Items[FINISHED]: 9
2026-04-18T07:13:12.5833|INFO|SequenceItem.cs|Run|254|Finishing Category: * Instruction Set *, Container: NINA.Sequencer.Container.SequenceRootContainer, Strategy: SequentialStrategy, Items[FINISHED]: 3, Triggers: Category: Ground Station, Item: Failures to Telegram
2026-04-18T07:13:12.5854|INFO|Sequence2VM.cs|StartSequence|548|Advanced Sequence finished
2026-04-18T07:13:12.5865|INFO|WhenCommon.cs|InterruptWhen|350|Restarting sequence, Triggered -> true
2026-04-18T07:13:16.3386|INFO|PHD2Client.cs|ConnectAsync|102|PHD2Client: Connecting to PHD2 at 127.0.0.1:4400...
2026-04-18T07:13:18.3731|ERROR|PHD2Client.cs|ConnectAsync|132|PHD2Client: Connection failed: No connection could be made because the target machine actively refused it.
2026-04-18T08:25:14.4309|ERROR|StarfrontClient.cs|RunLoop|87|[Rockwood] WS error: The remote party closed the WebSocket connection without completing the close handshake.
2026-04-18T08:25:19.4397|INFO|StarfrontClient.cs|RunLoop|68|[Rockwood] connecting to wss://api.starfront.space:443/ws/scope?key=***
2026-04-18T08:25:30.5325|ERROR|StarfrontClient.cs|RunLoop|87|[Rockwood] WS error: Unable to connect to the remote server
2026-04-18T08:25:35.5353|INFO|StarfrontClient.cs|RunLoop|68|[Rockwood] connecting to wss://api.starfront.space:443/ws/scope?key=***
2026-04-18T08:25:46.5990|ERROR|StarfrontClient.cs|RunLoop|87|[Rockwood] WS error: Unable to connect to the remote server
2026-04-18T08:25:51.6143|INFO|StarfrontClient.cs|RunLoop|68|[Rockwood] connecting to wss://api.starfront.space:443/ws/scope?key=***
2026-04-18T08:26:02.6641|ERROR|StarfrontClient.cs|RunLoop|87|[Rockwood] WS error: Unable to connect to the remote server
2026-04-18T08:26:07.6734|INFO|StarfrontClient.cs|RunLoop|68|[Rockwood] connecting to wss://api.starfront.space:443/ws/scope?key=***
2026-04-18T08:26:18.7877|ERROR|StarfrontClient.cs|RunLoop|87|[Rockwood] WS error: Unable to connect to the remote server
2026-04-18T08:26:23.8003|INFO|StarfrontClient.cs|RunLoop|68|[Rockwood] connecting to wss://api.starfront.space:443/ws/scope?key=***
2026-04-18T08:26:34.8637|ERROR|StarfrontClient.cs|RunLoop|87|[Rockwood] WS error: Unable to connect to the remote server
2026-04-18T08:26:39.8772|INFO|StarfrontClient.cs|RunLoop|68|[Rockwood] connecting to wss://api.starfront.space:443/ws/scope?key=***
2026-04-18T08:26:50.9274|ERROR|StarfrontClient.cs|RunLoop|87|[Rockwood] WS error: Unable to connect to the remote server
2026-04-18T08:26:55.9416|INFO|StarfrontClient.cs|RunLoop|68|[Rockwood] connecting to wss://api.starfront.space:443/ws/scope?key=***
2026-04-18T08:27:07.0212|ERROR|StarfrontClient.cs|RunLoop|87|[Rockwood] WS error: Unable to connect to the remote server
2026-04-18T08:27:12.0220|INFO|StarfrontClient.cs|RunLoop|68|[Rockwood] connecting to wss://api.starfront.space:443/ws/scope?key=***
2026-04-18T08:27:12.0249|ERROR|StarfrontClient.cs|RunLoop|87|[Rockwood] WS error: Unable to connect to the remote server
2026-04-18T08:27:17.0295|INFO|StarfrontClient.cs|RunLoop|68|[Rockwood] connecting to wss://api.starfront.space:443/ws/scope?key=***
2026-04-18T08:27:17.0318|ERROR|StarfrontClient.cs|RunLoop|87|[Rockwood] WS error: Unable to connect to the remote server
2026-04-18T08:27:22.0353|INFO|StarfrontClient.cs|RunLoop|68|[Rockwood] connecting to wss://api.starfront.space:443/ws/scope?key=***
2026-04-18T08:27:22.0380|ERROR|StarfrontClient.cs|RunLoop|87|[Rockwood] WS error: Unable to connect to the remote server
2026-04-18T08:27:27.0386|INFO|StarfrontClient.cs|RunLoop|68|[Rockwood] connecting to wss://api.starfront.space:443/ws/scope?key=***
2026-04-18T08:27:38.0991|ERROR|StarfrontClient.cs|RunLoop|87|[Rockwood] WS error: Unable to connect to the remote server
2026-04-18T08:27:43.1137|INFO|StarfrontClient.cs|RunLoop|68|[Rockwood] connecting to wss://api.starfront.space:443/ws/scope?key=***
2026-04-18T08:27:43.1158|ERROR|StarfrontClient.cs|RunLoop|87|[Rockwood] WS error: Unable to connect to the remote server
2026-04-18T08:27:48.1272|INFO|StarfrontClient.cs|RunLoop|68|[Rockwood] connecting to wss://api.starfront.space:443/ws/scope?key=***
2026-04-18T08:27:48.1295|ERROR|StarfrontClient.cs|RunLoop|87|[Rockwood] WS error: Unable to connect to the remote server
2026-04-18T08:27:53.1293|INFO|StarfrontClient.cs|RunLoop|68|[Rockwood] connecting to wss://api.starfront.space:443/ws/scope?key=***
2026-04-18T08:27:53.1313|ERROR|StarfrontClient.cs|RunLoop|87|[Rockwood] WS error: Unable to connect to the remote server
2026-04-18T08:27:58.1452|INFO|StarfrontClient.cs|RunLoop|68|[Rockwood] connecting to wss://api.starfront.space:443/ws/scope?key=***
2026-04-18T08:28:09.2112|ERROR|StarfrontClient.cs|RunLoop|87|[Rockwood] WS error: Unable to connect to the remote server
2026-04-18T08:28:11.9697|WARNING|SubframesClient.cs|SendStationHeartbeatAsync|454|[Subframes] Station heartbeat timed out
2026-04-18T08:28:14.2204|INFO|StarfrontClient.cs|RunLoop|68|[Rockwood] connecting to wss://api.starfront.space:443/ws/scope?key=***
2026-04-18T08:28:14.3591|INFO|StarfrontClient.cs|RunLoop|71|[Rockwood] connected
2026-04-18T08:28:37.6000|ERROR|StarfrontClient.cs|RunLoop|87|[Rockwood] WS error: The remote party closed the WebSocket connection without completing the close handshake.
2026-04-18T08:28:42.6113|INFO|StarfrontClient.cs|RunLoop|68|[Rockwood] connecting to wss://api.starfront.space:443/ws/scope?key=***
2026-04-18T08:29:03.6369|ERROR|StarfrontClient.cs|RunLoop|87|[Rockwood] WS error: Unable to connect to the remote server
2026-04-18T08:29:08.6468|INFO|StarfrontClient.cs|RunLoop|68|[Rockwood] connecting to wss://api.starfront.space:443/ws/scope?key=***
2026-04-18T08:29:29.6896|ERROR|StarfrontClient.cs|RunLoop|87|[Rockwood] WS error: Unable to connect to the remote server
2026-04-18T08:29:34.6914|INFO|StarfrontClient.cs|RunLoop|68|[Rockwood] connecting to wss://api.starfront.space:443/ws/scope?key=***
2026-04-18T08:29:55.7377|ERROR|StarfrontClient.cs|RunLoop|87|[Rockwood] WS error: Unable to connect to the remote server
2026-04-18T08:30:00.7425|INFO|StarfrontClient.cs|RunLoop|68|[Rockwood] connecting to wss://api.starfront.space:443/ws/scope?key=***
2026-04-18T08:30:00.8412|INFO|StarfrontClient.cs|RunLoop|71|[Rockwood] connected
2026-04-18T17:52:49.3746|INFO|Sequence2VM.cs|StartSequence|543|Advanced Sequence starting
2026-04-18T17:52:51.0484|INFO|SequenceItem.cs|Run|208|Starting Category: * Instruction Set *, Container: NINA.Sequencer.Container.SequenceRootContainer, Strategy: SequentialStrategy, Items[CREATED]: 3, Triggers: Category: Ground Station, Item: Failures to Telegram
2026-04-18T17:52:51.0486|INFO|SequenceItem.cs|Run|208|Starting Category: * Instruction Set *, Container: NINA.Sequencer.Container.StartAreaContainer, Strategy: SequentialStrategy, Items[CREATED]: 1
2026-04-18T17:52:51.0487|INFO|SequenceItem.cs|Run|208|Starting Category: * Instruction Set *, Container: NINA.Sequencer.Container.SequentialContainer, Strategy: SequentialStrategy, Items[CREATED]: 10
2026-04-18T17:52:51.0487|INFO|SequenceItem.cs|Run|208|Starting Category: Ground Station, Item: Send to Pushover, Title: Start
2026-04-18T17:52:51.2649|INFO|SequenceItem.cs|Run|254|Finishing Category: Ground Station, Item: Send to Pushover, Title: Start
2026-04-18T17:52:51.2659|INFO|SequenceItem.cs|Run|208|Starting Category: Utility, Item: WaitForTime, Time: 19:43:26h, Offset: -80
2026-04-18T19:43:33.0590|INFO|SequenceItem.cs|Run|254|Finishing Category: Utility, Item: WaitForTime, Time: 19:43:26h, Offset: -80
2026-04-18T19:43:33.0597|INFO|SequenceItem.cs|Run|208|Starting Category: Ground Station, Item: Send to Telegram
2026-04-18T19:43:33.7658|INFO|SequenceItem.cs|Run|254|Finishing Category: Ground Station, Item: Send to Telegram
2026-04-18T19:43:33.7664|INFO|SequenceItem.cs|Run|208|Starting Category: Ground Station, Item: Send to Pushover, Title: Configure Equipment
2026-04-18T19:43:33.9352|INFO|SequenceItem.cs|Run|254|Finishing Category: Ground Station, Item: Send to Pushover, Title: Configure Equipment
2026-04-18T19:43:33.9357|INFO|SequenceItem.cs|Run|208|Starting Category: Connect, Item: ConnectAllEquipment
2026-04-18T19:43:33.9533|INFO|CameraChooserVM.cs|GetEquipment|69|Found 2 ASI Cameras
2026-04-18T19:43:34.0272|INFO|CameraChooserVM.cs|GetEquipment|84|Found 0 Altair Cameras
2026-04-18T19:43:34.0274|INFO|CameraChooserVM.cs|GetEquipment|96|Found 0 Atik Cameras
2026-04-18T19:43:34.0280|INFO|CameraChooserVM.cs|GetEquipment|110|Found 0 FLI Cameras
2026-04-18T19:43:34.0282|INFO|CameraChooserVM.cs|GetEquipment|130|Found 0 QHYCCD Cameras
2026-04-18T19:43:34.1833|INFO|CameraChooserVM.cs|GetEquipment|158|Found 0 ToupTek Cameras
2026-04-18T19:43:34.1886|INFO|CameraChooserVM.cs|GetEquipment|173|Found 0 Ogma Cameras
2026-04-18T19:43:34.2022|INFO|CameraChooserVM.cs|GetEquipment|188|Found 0 Omegon Cameras
2026-04-18T19:43:34.3584|INFO|CameraChooserVM.cs|GetEquipment|203|Found 0 RisingCam Cameras
2026-04-18T19:43:34.3720|INFO|CameraChooserVM.cs|GetEquipment|218|Found 0 MallinCam Cameras
2026-04-18T19:43:34.3736|INFO|CameraChooserVM.cs|GetEquipment|243|Found 0 SVBony Cameras
2026-04-18T19:43:34.3760|INFO|CameraChooserVM.cs|GetEquipment|259|Found 0 SBIG Cameras
2026-04-18T19:43:34.3762|INFO|CameraChooserVM.cs|GetEquipment|279|Found 0 SVBony Cameras
2026-04-18T19:43:34.3763|INFO|CameraChooserVM.cs|GetEquipment|279|Found 0 PlayerOne Cameras
2026-04-18T19:43:34.3838|INFO|CameraChooserVM.cs|GetEquipment|279|Found 0 ASTPAN Cameras
2026-04-18T19:43:34.3846|INFO|CameraChooserVM.cs|GetEquipment|293|Found 4 ASCOM Cameras
2026-04-18T19:43:36.3846|INFO|CameraChooserVM.cs|GetEquipment|305|Found 0 Alpaca Cameras
2026-04-18T19:43:36.3982|INFO|CameraChooserVM.cs|GetEquipment|318|Found 0 Canon Cameras
2026-04-18T19:43:36.4362|INFO|CameraVM.cs|Disconnect|650|Disconnected Camera
2026-04-18T19:43:36.9617|WARNING|ASICamera.cs|SetControlValue|568|Failed to set ASI Control Value ASI_WB_B with value 50
2026-04-18T19:43:36.9620|WARNING|ASICamera.cs|SetControlValue|568|Failed to set ASI Control Value ASI_WB_R with value 50
2026-04-18T19:43:36.9621|WARNING|ASICamera.cs|SetControlValue|568|Failed to set ASI Control Value ASI_GAMMA with value 50
2026-04-18T19:43:36.9621|WARNING|ASICamera.cs|SetControlValue|568|Failed to set ASI Control Value ASI_HIGH_SPEED_MODE with value 0
2026-04-18T19:43:36.9622|WARNING|ASICamera.cs|SetControlValue|568|Failed to set ASI Control Value ASI_OVERCLOCK with value 0
2026-04-18T19:43:36.9623|WARNING|ASICamera.cs|SetControlValue|568|Failed to set ASI Control Value ASI_PATTERN_ADJUST with value 0
2026-04-18T19:43:36.9624|WARNING|ASICamera.cs|SetControlValue|568|Failed to set ASI Control Value ASI_MONO_BIN with value 0
2026-04-18T19:43:36.9635|INFO|ASICamera.cs|Initialize|664|Camera ID: ASI533MM
2026-04-18T19:43:36.9689|WARNING|ASICamera.cs|SetControlValue|568|Failed to set ASI Control Value ASI_ANTI_DEW_HEATER with value 0
2026-04-18T19:43:37.0568|INFO|CameraVM.cs|ChooseCamera|455|Successfully connected Camera. Id: ZWOptical_ZWO ASI533MM Pro_ASI533MM Name: ZWO ASI533MM Pro DisplayName: ZWO ASI533MM Pro (ASI533MM)Driver Version: 1, 39, 0, 0
2026-04-18T19:43:37.6099|INFO|FilterWheelChooserVM.cs|GetEquipment|167|Found 1 Networked Filter Wheel Filter Wheels
2026-04-18T19:43:39.6121|INFO|FilterWheelChooserVM.cs|GetEquipment|193|Found 0 Alpaca Filter Wheels
2026-04-18T19:43:39.6409|INFO|FilterWheelVM.cs|Disconnect|333|Disconnected Filter Wheel
2026-04-18T19:43:40.7037|INFO|FilterWheelVM.cs|ChooseFW|279|Successfully connected Filter Wheel. Id: ASCOM.EFW2.FilterWheel Name: ZWO FilterWheel DisplayName: ZWO FilterWheel (ASCOM) Driver Version: 6.0
2026-04-18T19:43:44.5624|INFO|FocuserChooserVM.cs|GetEquipment|84|Found 0 Alpaca Focusers
2026-04-18T19:43:44.5635|INFO|FocuserVM.cs|Disconnect|441|Disconnected Focuser
2026-04-18T19:43:44.8200|ERROR|AscomDevice.cs|GetProperty|546|An unexpected exception occurred during GET of Focuser.StepSize: 
ASCOM.DriverException: The method or operation is not implemented.
 ---> System.NotImplementedException: The method or operation is not implemented.
   --- End of inner exception stack trace ---
   at ASCOM.Com.DriverAccess.DynamicAccess.CheckDotNetExceptions(String memberName, Exception e) in J:\ASCOMLibrary\ASCOM.Com\ASCOM.Com.DriverAccess\BaseClass\DynamicAccess.cs:line 278
   at ASCOM.Com.DriverAccess.DynamicAccess.TryGetMember(GetMemberBinder binder, Object& result) in J:\ASCOMLibrary\ASCOM.Com\ASCOM.Com.DriverAccess\BaseClass\DynamicAccess.cs:line 150
   at CallSite.Target(Closure, CallSite, Object)
   at ASCOM.Com.DriverAccess.Focuser.get_StepSize() in J:\ASCOMLibrary\ASCOM.Com\ASCOM.Com.DriverAccess\Focuser.cs:line 159
   at InvokeStub_Focuser.get_StepSize(Object, Object, IntPtr*)
   at System.Reflection.MethodBaseInvoker.InvokeWithNoArgs(Object obj, BindingFlags invokeAttr)
2026-04-18T19:43:45.0218|INFO|AscomDevice.cs|GetProperty|485|Retrying to GET Focuser.StepSize - Attempt 2 / 3
2026-04-18T19:43:45.0240|ERROR|AscomDevice.cs|GetProperty|546|An unexpected exception occurred during GET of Focuser.StepSize: 
ASCOM.DriverException: The method or operation is not implemented.
 ---> System.NotImplementedException: The method or operation is not implemented.
   --- End of inner exception stack trace ---
   at ASCOM.Com.DriverAccess.DynamicAccess.CheckDotNetExceptions(String memberName, Exception e) in J:\ASCOMLibrary\ASCOM.Com\ASCOM.Com.DriverAccess\BaseClass\DynamicAccess.cs:line 278
   at ASCOM.Com.DriverAccess.DynamicAccess.TryGetMember(GetMemberBinder binder, Object& result) in J:\ASCOMLibrary\ASCOM.Com\ASCOM.Com.DriverAccess\BaseClass\DynamicAccess.cs:line 150
   at CallSite.Target(Closure, CallSite, Object)
   at ASCOM.Com.DriverAccess.Focuser.get_StepSize() in J:\ASCOMLibrary\ASCOM.Com\ASCOM.Com.DriverAccess\Focuser.cs:line 159
   at InvokeStub_Focuser.get_StepSize(Object, Object, IntPtr*)
   at System.Reflection.MethodBaseInvoker.InvokeWithNoArgs(Object obj, BindingFlags invokeAttr)
2026-04-18T19:43:45.2253|INFO|AscomDevice.cs|GetProperty|485|Retrying to GET Focuser.StepSize - Attempt 3 / 3
2026-04-18T19:43:45.2263|ERROR|AscomDevice.cs|GetProperty|546|An unexpected exception occurred during GET of Focuser.StepSize: 
ASCOM.DriverException: The method or operation is not implemented.
 ---> System.NotImplementedException: The method or operation is not implemented.
   --- End of inner exception stack trace ---
   at ASCOM.Com.DriverAccess.DynamicAccess.CheckDotNetExceptions(String memberName, Exception e) in J:\ASCOMLibrary\ASCOM.Com\ASCOM.Com.DriverAccess\BaseClass\DynamicAccess.cs:line 278
   at ASCOM.Com.DriverAccess.DynamicAccess.TryGetMember(GetMemberBinder binder, Object& result) in J:\ASCOMLibrary\ASCOM.Com\ASCOM.Com.DriverAccess\BaseClass\DynamicAccess.cs:line 150
   at CallSite.Target(Closure, CallSite, Object)
   at ASCOM.Com.DriverAccess.Focuser.get_StepSize() in J:\ASCOMLibrary\ASCOM.Com\ASCOM.Com.DriverAccess\Focuser.cs:line 159
   at InvokeStub_Focuser.get_StepSize(Object, Object, IntPtr*)
   at System.Reflection.MethodBaseInvoker.InvokeWithNoArgs(Object obj, BindingFlags invokeAttr)
2026-04-18T19:43:45.2267|INFO|AscomDevice.cs|GetProperty|556|GET Focuser.StepSize failed - Returning last known value 0
2026-04-18T19:43:45.4307|INFO|FocuserVM.cs|ChooseFocuser|333|Successfully connected Focuser. Id: ASCOM.EAF.Focuser Name: ZWO Focuser DisplayName: ZWO Focuser (ASCOM) Driver Version: 6.0
2026-04-18T19:43:47.4348|INFO|TelescopeChooserVM.cs|GetEquipment|69|Found 0 Alpaca Telescopes
2026-04-18T19:43:47.4357|INFO|TelescopeVM.cs|Disconnect|740|Disconnected mount
2026-04-18T19:43:47.4861|INFO|AscomTelescope.cs|CheckMountTime|845|Mount UTC Time: 2026-04-19 00:43:46Z / System UTC Time: 2026-04-19 00:43:47Z; Difference: 1.086 seconds
2026-04-18T19:43:47.5060|INFO|AscomTelescope.cs|CheckMountTime|852|System time has been synced to the mount
2026-04-18T19:43:47.6060|INFO|TelescopeVM.cs|ChooseTelescope|535|Successfully connected mount. Id: ASCOM.iOptron2017.Telescope Name: iOptron CEM120,70,40,26, GEM, HEM, HAE, HAZ series and SkyHunter Mount DisplayName: iOptron CEM120,70,40,26, GEM, HEM, HAE, HAZ series and SkyHunter Mount (ASCOM) Driver Version: 9.15
2026-04-18T19:43:47.6085|INFO|PHD2Guider.cs|Connect|205|Connecting to PHD2 server at 127.0.0.1:4400
2026-04-18T19:43:53.2950|ERROR|Phd2InfoPanel.cs|SendMessage|221|Phd2 error while sending message
System.IO.IOException: Unable to write data to the transport connection: An established connection was aborted by the software in your host machine..
 ---> System.Net.Sockets.SocketException (10053): An established connection was aborted by the software in your host machine.
   at System.Net.Sockets.Socket.AwaitableSocketAsyncEventArgs.CreateException(SocketError error, Boolean forAsyncThrow)
   at System.Net.Sockets.NetworkStream.WriteAsync(Byte[] buffer, Int32 offset, Int32 count, CancellationToken cancellationToken)
   at NINA.Plugin.Phd2Tools.Dockables.Phd2InfoPanel.SendMessage[T](Phd2Method msg, Int32 receiveTimeout) in D:\a\nina.plugin.phd2tools\nina.plugin.phd2tools\Dockables\Phd2InfoPanel.cs:line 202
   at System.Runtime.CompilerServices.AsyncMethodBuilderCore.Start[TStateMachine](TStateMachine& stateMachine)
   at NINA.Plugin.Phd2Tools.Dockables.Phd2InfoPanel.SendMessage[T](Phd2Method msg, Int32 receiveTimeout)
   at NINA.Plugin.Phd2Tools.Dockables.Phd2InfoPanel.Refresh() in D:\a\nina.plugin.phd2tools\nina.plugin.phd2tools\Dockables\Phd2InfoPanel.cs:line 127
   at System.Threading.ExecutionContext.RunInternal(ExecutionContext executionContext, ContextCallback callback, Object state)
   at System.Runtime.CompilerServices.AsyncTaskMethodBuilder`1.AsyncStateMachineBox`1.MoveNext(Thread threadPoolThread)
   at System.Threading.Tasks.AwaitTaskContinuation.RunOrScheduleAction(IAsyncStateMachineBox box, Boolean allowInlining)
   at System.Threading.Tasks.Task.RunContinuations(Object continuationObject)
   at System.Threading.Tasks.Task.DelayPromise.CompleteTimedOut()
   at System.Threading.TimerQueueTimer.Fire(Boolean isThreadPool)
   at System.Threading.TimerQueue.FireNextTimers()
   at System.Threading.ThreadPoolWorkQueue.Dispatch()
   at System.Threading.PortableThreadPool.WorkerThread.WorkerThreadStart()
--- End of stack trace from previous location ---

   --- End of inner exception stack trace ---
   at NINA.Plugin.Phd2Tools.Dockables.Phd2InfoPanel.SendMessage[T](Phd2Method msg, Int32 receiveTimeout) in D:\a\nina.plugin.phd2tools\nina.plugin.phd2tools\Dockables\Phd2InfoPanel.cs:line 202
2026-04-18T19:43:53.2977|ERROR|Phd2InfoPanel.cs|SendMessage|221|Phd2 error while sending message
System.IO.IOException: Unable to write data to the transport connection: An established connection was aborted by the software in your host machine..
 ---> System.Net.Sockets.SocketException (10053): An established connection was aborted by the software in your host machine.
   at System.Net.Sockets.Socket.AwaitableSocketAsyncEventArgs.CreateException(SocketError error, Boolean forAsyncThrow)
   at System.Net.Sockets.NetworkStream.WriteAsync(Byte[] buffer, Int32 offset, Int32 count, CancellationToken cancellationToken)
   at NINA.Plugin.Phd2Tools.Dockables.Phd2InfoPanel.SendMessage[T](Phd2Method msg, Int32 receiveTimeout) in D:\a\nina.plugin.phd2tools\nina.plugin.phd2tools\Dockables\Phd2InfoPanel.cs:line 202
   at System.Runtime.CompilerServices.AsyncMethodBuilderCore.Start[TStateMachine](TStateMachine& stateMachine)
   at NINA.Plugin.Phd2Tools.Dockables.Phd2InfoPanel.GetAppState() in D:\a\nina.plugin.phd2tools\nina.plugin.phd2tools\Dockables\Phd2InfoPanel.cs:line 288
   at System.Runtime.CompilerServices.AsyncMethodBuilderCore.Start[TStateMachine](TStateMachine& stateMachine)
   at NINA.Plugin.Phd2Tools.Dockables.Phd2InfoPanel.GetAppState()
   at NINA.Plugin.Phd2Tools.Dockables.Phd2InfoPanel.Refresh() in D:\a\nina.plugin.phd2tools\nina.plugin.phd2tools\Dockables\Phd2InfoPanel.cs:line 132
   at System.Threading.ExecutionContext.RunInternal(ExecutionContext executionContext, ContextCallback callback, Object state)
   at System.Runtime.CompilerServices.AsyncTaskMethodBuilder`1.AsyncStateMachineBox`1.MoveNext(Thread threadPoolThread)
   at System.Threading.Tasks.AwaitTaskContinuation.RunOrScheduleAction(IAsyncStateMachineBox box, Boolean allowInlining)
   at System.Threading.Tasks.Task.RunContinuations(Object continuationObject)
   at System.Threading.Tasks.Task.DelayPromise.CompleteTimedOut()
   at System.Threading.TimerQueueTimer.Fire(Boolean isThreadPool)
   at System.Threading.TimerQueue.FireNextTimers()
   at System.Threading.ThreadPoolWorkQueue.Dispatch()
   at System.Threading.PortableThreadPool.WorkerThread.WorkerThreadStart()
--- End of stack trace from previous location ---

   --- End of inner exception stack trace ---
   at NINA.Plugin.Phd2Tools.Dockables.Phd2InfoPanel.SendMessage[T](Phd2Method msg, Int32 receiveTimeout) in D:\a\nina.plugin.phd2tools\nina.plugin.phd2tools\Dockables\Phd2InfoPanel.cs:line 202
2026-04-18T19:43:55.0762|INFO|WeatherDataChooserVM.cs|GetEquipment|69|Found 0 Alpaca Observing Conditions
2026-04-18T19:43:55.0874|INFO|WeatherDataVM.cs|Disconnect|305|Disconnected Weather Device
2026-04-18T19:43:55.6382|INFO|AscomDevice.cs|GetProperty|527|Property ObservingConditions.SkyQuality GET is not implemented in this driver (SkyAlert Observing Conditions)
2026-04-18T19:43:55.6404|INFO|AscomDevice.cs|GetProperty|527|Property ObservingConditions.StarFWHM GET is not implemented in this driver (SkyAlert Observing Conditions)
2026-04-18T19:43:55.6419|INFO|WeatherDataVM.cs|ChooseWeatherData|150|Successfully connected Weather Device. Id: ASCOM.SkyAlert.ObservingConditions Name: SkyAlert Observing Conditions DisplayName: SkyAlert Observing Conditions (ASCOM) Driver Version: 1.7
2026-04-18T19:43:57.1273|INFO|PHD2Client.cs|ConnectAsync|118|PHD2Client: Connected successfully!
2026-04-18T19:43:57.1273|INFO|PHD2Client.cs|ReadEventsAsync|181|PHD2Client: Started reading events
2026-04-18T19:43:57.1274|INFO|DitherStatisticsVM.cs|OnPHD2ConnectionStatusChanged|734|PHD2 Connection Status: Connected
2026-04-18T19:43:57.1275|INFO|DitherStatisticsVM.cs|ConnectToPHD2|713|Successfully connected to PHD2!
2026-04-18T19:43:57.1280|INFO|PHD2Client.cs|HandleVersion|366|PHD2Client: Connected to PHD2 version 2.6.14. (Message Protocol v1)
2026-04-18T19:43:57.1281|INFO|PHD2Client.cs|ProcessEvent|257|PHD2: CalibrationComplete
2026-04-18T19:43:57.1281|INFO|PHD2Client.cs|HandleAppState|376|PHD2Client: PHD2 AppState: Stopped
2026-04-18T19:43:57.6440|INFO|SafetyMonitorChooserVM.cs|GetEquipment|71|Found 0 Alpaca Safety Monitors
2026-04-18T19:43:57.6446|INFO|SafetyMonitorVM.cs|Disconnect|221|Disconnected Safety Monitor
2026-04-18T19:43:57.7500|INFO|SafetyMonitorVM.cs|Connect|175|Successfully connected Safety Monitor. Id: ASCOM.GenericFile.SafetyMonitor Name: Generic File driver DisplayName: Generic File driver (ASCOM) Driver Version: 6.4
2026-04-18T19:43:57.7506|INFO|SequenceItem.cs|Run|254|Finishing Category: Connect, Item: ConnectAllEquipment
2026-04-18T19:43:57.7508|INFO|SequenceItem.cs|Run|208|Starting Category: Telescope, Item: FindHome
2026-04-18T19:43:57.7532|INFO|PHD2Guider.cs|StopGuiding|704|Phd2 - Stop Guiding skipped, as the app is already in state Stopped
2026-04-18T19:43:57.7533|INFO|TelescopeVM.cs|FindHome|292|Mount ordered to locate home position
2026-04-18T19:43:57.7536|INFO|TelescopeVM.cs|FindHome|336|Mount ordered to home but it is already at home
2026-04-18T19:43:57.7537|INFO|TelescopeVM.cs|FindHome|348|Mount has located its home position
2026-04-18T19:43:57.7538|INFO|SequenceItem.cs|Run|254|Finishing Category: Telescope, Item: FindHome
2026-04-18T19:43:57.7541|INFO|SequenceItem.cs|Run|208|Starting Category: Ground Station, Item: Send to Telegram
2026-04-18T19:43:58.3937|INFO|SequenceItem.cs|Run|254|Finishing Category: Ground Station, Item: Send to Telegram
2026-04-18T19:43:58.3942|INFO|SequenceItem.cs|Run|208|Starting Category: Ground Station, Item: Send to Pushover, Title: Cool
2026-04-18T19:43:58.5652|INFO|SequenceItem.cs|Run|254|Finishing Category: Ground Station, Item: Send to Pushover, Title: Cool
2026-04-18T19:43:58.5658|INFO|SequenceItem.cs|Run|208|Starting Category: Camera, Item: CoolCamera, Temperature: -5, Duration: 15
2026-04-18T19:43:58.5662|INFO|CameraVM.cs|CoolCamera|138|Cooling Camera. Target: -5 Duration: 00:15:00
2026-04-18T19:43:59.7524|INFO|SafetyMonitorVM.cs|UpdateMonitorValues|95|SafetyMonitorInfo state changed to Unsafe
2026-04-18T19:59:02.5604|INFO|SequenceItem.cs|Run|254|Finishing Category: Camera, Item: CoolCamera, Temperature: -5, Duration: 15
2026-04-18T19:59:02.5609|INFO|SequenceItem.cs|Run|208|Starting Category: Utility, Item: WaitForTime, Time: 20:48:26h, Offset: -15
2026-04-18T20:48:29.2657|INFO|SequenceItem.cs|Run|254|Finishing Category: Utility, Item: WaitForTime, Time: 20:48:26h, Offset: -15
2026-04-18T20:48:29.2665|INFO|SequenceItem.cs|Run|254|Finishing Category: * Instruction Set *, Container: NINA.Sequencer.Container.SequentialContainer, Strategy: SequentialStrategy, Items[FINISHED]: 10
2026-04-18T20:48:29.2667|INFO|SequenceItem.cs|Run|254|Finishing Category: * Instruction Set *, Container: NINA.Sequencer.Container.StartAreaContainer, Strategy: SequentialStrategy, Items[FINISHED]: 1
2026-04-18T20:48:29.2668|INFO|SequenceItem.cs|Run|208|Starting Category: * Instruction Set *, Container: NINA.Sequencer.Container.TargetAreaContainer, Strategy: SequentialStrategy, Items[CREATED]: 1
2026-04-18T20:48:29.2670|INFO|SequenceItem.cs|Run|208|Starting Category: * Instruction Set *, Container: NINA.Sequencer.Container.SequentialContainer, Strategy: SequentialStrategy, Items[CREATED]: 12, Conditions: Condition: TimeCondition, Time: 6:39:16h, Condition: TargetSchedulerCondition mode=While Targets Remain Tonight, , Triggers: Trigger: CenterAfterDriftTrigger, DistanceArcMinutes: 1Trigger: WhenUnsafeCategory: Ground Station, Item: Failures to TelegramCategory: Connect, Item: ReconnectOnDownloadFailureTrigger: AutofocusAfterHFRIncreaseTrigger, Amount: 5Trigger: MeridianFlipTriggerCategory: Powerups (Misc), Item: DIYTriggerCategory: Ground Station, Item: Failures to PushoverTrigger: AutofocusAfterTemperatureChangeTrigger, Amount: 1.5°
2026-04-18T20:48:29.2673|INFO|WhenCommon.cs|SequenceBlockInitialize|204|Initialize; starting watchdog
2026-04-18T20:48:29.2675|INFO|WhenCommon.cs|ShouldTrigger|378|ShouldTrigger TRUE from InterruptWhen, setting TriggerRunner
2026-04-18T20:48:29.2676|INFO|WhenCommon.cs|InterruptWhen|322|Interrupting current Instruction Set
2026-04-18T20:48:29.2683|INFO|WhenCommon.cs|InterruptWhen|332|Canceling sequence...
2026-04-18T20:48:30.2689|INFO|WhenCommon.cs|InterruptWhen|336|Delay 1000
2026-04-18T20:48:31.2704|INFO|WhenCommon.cs|InterruptWhen|336|Delay 1000
2026-04-18T20:48:32.2709|INFO|WhenCommon.cs|InterruptWhen|336|Delay 1000
2026-04-18T20:48:33.2713|INFO|WhenCommon.cs|InterruptWhen|336|Delay 1000
2026-04-18T20:48:34.2708|INFO|WhenCommon.cs|InterruptWhen|336|Delay 1000
2026-04-18T20:48:35.2705|INFO|WhenCommon.cs|InterruptWhen|336|Delay 1000
2026-04-18T20:48:36.2722|INFO|WhenCommon.cs|InterruptWhen|336|Delay 1000
2026-04-18T20:48:37.2728|INFO|WhenCommon.cs|InterruptWhen|336|Delay 1000
2026-04-18T20:48:38.2740|INFO|WhenCommon.cs|InterruptWhen|336|Delay 1000
2026-04-18T20:48:39.2753|INFO|WhenCommon.cs|InterruptWhen|336|Delay 1000
2026-04-18T20:48:40.2749|INFO|WhenCommon.cs|InterruptWhen|336|Delay 1000
2026-04-18T20:48:41.2756|INFO|WhenCommon.cs|InterruptWhen|336|Delay 1000
2026-04-18T20:48:42.2772|INFO|WhenCommon.cs|InterruptWhen|336|Delay 1000
2026-04-18T20:48:43.2829|INFO|WhenCommon.cs|InterruptWhen|336|Delay 1000
2026-04-18T20:48:44.2829|INFO|WhenCommon.cs|InterruptWhen|336|Delay 1000
2026-04-18T20:48:45.2840|INFO|WhenCommon.cs|InterruptWhen|336|Delay 1000
2026-04-18T20:48:46.2841|INFO|WhenCommon.cs|InterruptWhen|336|Delay 1000
2026-04-18T20:48:47.2850|INFO|WhenCommon.cs|InterruptWhen|336|Delay 1000
2026-04-18T20:48:48.2847|INFO|WhenCommon.cs|InterruptWhen|336|Delay 1000
2026-04-18T20:48:49.2864|INFO|WhenCommon.cs|InterruptWhen|336|Delay 1000
2026-04-18T20:48:50.2859|INFO|WhenCommon.cs|InterruptWhen|336|Delay 1000
2026-04-18T20:48:51.2867|INFO|WhenCommon.cs|InterruptWhen|336|Delay 1000
2026-04-18T20:48:52.2878|INFO|WhenCommon.cs|InterruptWhen|336|Delay 1000
2026-04-18T20:48:53.2893|INFO|WhenCommon.cs|InterruptWhen|336|Delay 1000
2026-04-18T20:48:54.2897|INFO|WhenCommon.cs|InterruptWhen|336|Delay 1000
2026-04-18T20:48:55.2894|INFO|WhenCommon.cs|InterruptWhen|336|Delay 1000
2026-04-18T20:48:56.2896|INFO|WhenCommon.cs|InterruptWhen|336|Delay 1000
2026-04-18T20:48:57.2895|INFO|WhenCommon.cs|InterruptWhen|336|Delay 1000
2026-04-18T20:48:57.7115|INFO|WhenCommon.cs|SequenceBlockTeardown|198|Teardown; shutting down watchdog
2026-04-18T20:48:57.7126|INFO|Sequencer.cs|Start|85|Sequence run was cancelled
2026-04-18T20:48:57.7304|INFO|Sequence2VM.cs|StartSequence|548|Advanced Sequence finished
2026-04-18T20:48:58.2960|INFO|WhenCommon.cs|InterruptWhen|339|Sequence no longer running
2026-04-18T20:48:58.2963|WARNING|WhenCommon.cs|CheckSlewing|263|CheckSlewing, WhenUnsafe = True, Connected = True, CanSlew = True, info.Slewing = False
2026-04-18T20:48:58.2968|INFO|Sequence2VM.cs|StartSequence|543|Advanced Sequence starting
2026-04-18T20:48:58.3659|INFO|SequenceItem.cs|Run|208|Starting Category: * Instruction Set *, Container: NINA.Sequencer.Container.SequenceRootContainer, Strategy: SequentialStrategy, Items[CREATED]: 3, Triggers: Category: Ground Station, Item: Failures to Telegram
2026-04-18T20:48:58.3661|INFO|SequenceItem.cs|Run|208|Starting Category: * Instruction Set *, Container: NINA.Sequencer.Container.StartAreaContainer, Strategy: SequentialStrategy, Items[FINISHED]: 1
2026-04-18T20:48:58.3662|INFO|SequenceItem.cs|Run|254|Finishing Category: * Instruction Set *, Container: NINA.Sequencer.Container.StartAreaContainer, Strategy: SequentialStrategy, Items[FINISHED]: 1
2026-04-18T20:48:58.3663|INFO|SequenceItem.cs|Run|208|Starting Category: * Instruction Set *, Container: NINA.Sequencer.Container.TargetAreaContainer, Strategy: SequentialStrategy, Items[CREATED]: 1
2026-04-18T20:48:58.3664|INFO|SequenceItem.cs|Run|208|Starting Category: * Instruction Set *, Container: NINA.Sequencer.Container.SequentialContainer, Strategy: SequentialStrategy, Items[CREATED]: 12, Conditions: Condition: TimeCondition, Time: 6:39:16h, Condition: TargetSchedulerCondition mode=While Targets Remain Tonight, , Triggers: Trigger: CenterAfterDriftTrigger, DistanceArcMinutes: 1Trigger: WhenUnsafeCategory: Ground Station, Item: Failures to TelegramCategory: Connect, Item: ReconnectOnDownloadFailureTrigger: AutofocusAfterHFRIncreaseTrigger, Amount: 5Trigger: MeridianFlipTriggerCategory: Powerups (Misc), Item: DIYTriggerCategory: Ground Station, Item: Failures to PushoverTrigger: AutofocusAfterTemperatureChangeTrigger, Amount: 1.5°
2026-04-18T20:48:58.3666|INFO|WhenCommon.cs|SequenceBlockInitialize|204|Initialize; starting watchdog
2026-04-18T20:48:58.3668|INFO|WhenCommon.cs|ShouldTrigger|382|ShouldTrigger TRUE, setting TriggerRunner
2026-04-18T20:48:58.3670|INFO|SequenceTrigger.cs|Run|114|Starting Trigger: WhenUnsafe
2026-04-18T20:48:58.3722|INFO|WhenCommon.cs|Execute|395|Execute 0
2026-04-18T20:48:58.3723|INFO|WhenCommon.cs|Execute|409|When: running TriggerRunner, InFlight -> true, Triggered -> false
2026-04-18T20:48:58.3723|WARNING|WhenCommon.cs|CheckSlewing|263|CheckSlewing, WhenUnsafe = True, Connected = True, CanSlew = True, info.Slewing = False
2026-04-18T20:48:58.3724|INFO|SequenceItem.cs|Run|208|Starting Category: , Container: WhenPlugin.When.IfContainer, Strategy: SequentialStrategy, Items[CREATED]: 9
2026-04-18T20:48:58.3728|INFO|MeridianFlipTrigger.cs|ShouldTrigger|197|Meridian Flip - Telescope is at home position. Skip flip evaluation
2026-04-18T20:48:58.3728|INFO|SequenceItem.cs|Run|208|Starting Category: Ground Station, Item: Send to Telegram
2026-04-18T20:48:59.0184|INFO|SequenceItem.cs|Run|254|Finishing Category: Ground Station, Item: Send to Telegram
2026-04-18T20:48:59.0193|INFO|MeridianFlipTrigger.cs|ShouldTrigger|197|Meridian Flip - Telescope is at home position. Skip flip evaluation
2026-04-18T20:48:59.0195|INFO|SequenceItem.cs|Run|208|Starting Category: Ground Station, Item: Send to Pushover, Title: Unsafe
2026-04-18T20:48:59.1752|INFO|SequenceItem.cs|Run|254|Finishing Category: Ground Station, Item: Send to Pushover, Title: Unsafe
2026-04-18T20:48:59.1940|INFO|MeridianFlipTrigger.cs|ShouldTrigger|197|Meridian Flip - Telescope is at home position. Skip flip evaluation
2026-04-18T20:48:59.1942|INFO|SequenceItem.cs|Run|208|Starting Category: Telescope, Item: FindHome
2026-04-18T20:48:59.1962|INFO|PHD2Guider.cs|StopGuiding|704|Phd2 - Stop Guiding skipped, as the app is already in state Stopped
2026-04-18T20:48:59.1963|INFO|TelescopeVM.cs|FindHome|292|Mount ordered to locate home position
2026-04-18T20:48:59.1966|INFO|TelescopeVM.cs|FindHome|336|Mount ordered to home but it is already at home
2026-04-18T20:48:59.1967|INFO|TelescopeVM.cs|FindHome|348|Mount has located its home position
2026-04-18T20:48:59.1968|INFO|SequenceItem.cs|Run|254|Finishing Category: Telescope, Item: FindHome
2026-04-18T20:48:59.1971|INFO|MeridianFlipTrigger.cs|ShouldTrigger|197|Meridian Flip - Telescope is at home position. Skip flip evaluation
2026-04-18T20:48:59.1972|INFO|SequenceItem.cs|Run|208|Starting Category: Guider, Item: StopGuiding
2026-04-18T20:48:59.1992|INFO|PHD2Guider.cs|StopGuiding|704|Phd2 - Stop Guiding skipped, as the app is already in state Stopped
2026-04-18T20:48:59.1993|INFO|SequenceItem.cs|Run|254|Finishing Category: Guider, Item: StopGuiding
2026-04-18T20:48:59.2341|INFO|MeridianFlipTrigger.cs|ShouldTrigger|197|Meridian Flip - Telescope is at home position. Skip flip evaluation
2026-04-18T20:48:59.2342|INFO|SequenceItem.cs|Run|208|Starting Category: Connect, Item: DisconnectEquipment, Selected device: Safety Monitor
2026-04-18T20:48:59.2367|INFO|AscomDevice.cs|Disconnect|378|Disconnecting from ASCOM.GenericFile.SafetyMonitor Generic File driver
2026-04-18T20:48:59.2411|INFO|SafetyMonitorVM.cs|Disconnect|221|Disconnected Safety Monitor
2026-04-18T20:48:59.2415|INFO|SequenceItem.cs|Run|254|Finishing Category: Connect, Item: DisconnectEquipment, Selected device: Safety Monitor
2026-04-18T20:48:59.2419|INFO|MeridianFlipTrigger.cs|ShouldTrigger|197|Meridian Flip - Telescope is at home position. Skip flip evaluation
2026-04-18T20:48:59.2420|INFO|SequenceItem.cs|Run|208|Starting Category: Utility, Item: WaitForTimeSpan, Time: 60s
2026-04-18T20:49:59.3197|INFO|SequenceItem.cs|Run|254|Finishing Category: Utility, Item: WaitForTimeSpan, Time: 60s
2026-04-18T20:49:59.3204|INFO|MeridianFlipTrigger.cs|ShouldTrigger|197|Meridian Flip - Telescope is at home position. Skip flip evaluation
2026-04-18T20:49:59.3206|INFO|SequenceItem.cs|Run|208|Starting Category: Connect, Item: ConnectEquipment, Selected device: Safety Monitor, Selected device id: ASCOM.GenericFile.SafetyMonitor
2026-04-18T20:50:01.3232|INFO|SafetyMonitorChooserVM.cs|GetEquipment|71|Found 0 Alpaca Safety Monitors
2026-04-18T20:50:01.3242|INFO|SafetyMonitorVM.cs|Disconnect|221|Disconnected Safety Monitor
2026-04-18T20:50:01.4192|INFO|SafetyMonitorVM.cs|Connect|175|Successfully connected Safety Monitor. Id: ASCOM.GenericFile.SafetyMonitor Name: Generic File driver DisplayName: Generic File driver (ASCOM) Driver Version: 6.4
2026-04-18T20:50:01.4197|INFO|SequenceItem.cs|Run|254|Finishing Category: Connect, Item: ConnectEquipment, Selected device: Safety Monitor, Selected device id: ASCOM.GenericFile.SafetyMonitor
2026-04-18T20:50:01.4201|INFO|MeridianFlipTrigger.cs|ShouldTrigger|197|Meridian Flip - Telescope is at home position. Skip flip evaluation
2026-04-18T20:50:01.4201|INFO|SequenceItem.cs|Run|208|Starting Category: Utility, Item: WaitForTimeSpan, Time: 60s
2026-04-18T20:50:03.4192|INFO|SafetyMonitorVM.cs|UpdateMonitorValues|95|SafetyMonitorInfo state changed to Unsafe
2026-04-18T20:51:01.5482|INFO|SequenceItem.cs|Run|254|Finishing Category: Utility, Item: WaitForTimeSpan, Time: 60s
2026-04-18T20:51:01.5491|INFO|MeridianFlipTrigger.cs|ShouldTrigger|197|Meridian Flip - Telescope is at home position. Skip flip evaluation
2026-04-18T20:51:01.5496|INFO|SequenceItem.cs|Run|208|Starting Category: Powerups (Safety), Item: OnceSafe
2026-04-19T06:39:16.5835|INFO|TimeCondition.cs|Check|254|TimeCondition finished.
2026-04-19T06:39:16.5839|INFO|TimeCondition.cs|InterruptWhenTimeIsUp|63|Time limit exceeded - Interrupting current Instruction Set
2026-04-19T06:39:16.6674|INFO|WhenCommon.cs|Execute|425|When: Execute done; InFlight -> false, Triggered false
2026-04-19T06:39:16.6676|INFO|MeridianFlipTrigger.cs|ShouldTrigger|197|Meridian Flip - Telescope is at home position. Skip flip evaluation
2026-04-19T06:39:16.6677|INFO|SequenceItem.cs|Run|208|Starting Category: Utility, Item: WaitForTime, Time: 20:48:26h, Offset: -15
2026-04-19T06:39:16.6681|INFO|WhenCommon.cs|SequenceBlockTeardown|198|Teardown; shutting down watchdog
2026-04-19T06:39:16.6682|INFO|SequenceItem.cs|Run|254|Finishing Category: * Instruction Set *, Container: NINA.Sequencer.Container.SequentialContainer, Strategy: SequentialStrategy, Items[CREATED]: 12, Conditions: Condition: TimeCondition, Time: 6:39:16h, Condition: TargetSchedulerCondition mode=While Targets Remain Tonight, , Triggers: Trigger: CenterAfterDriftTrigger, DistanceArcMinutes: 1Trigger: WhenUnsafeCategory: Ground Station, Item: Failures to TelegramCategory: Connect, Item: ReconnectOnDownloadFailureTrigger: AutofocusAfterHFRIncreaseTrigger, Amount: 5Trigger: MeridianFlipTriggerCategory: Powerups (Misc), Item: DIYTriggerCategory: Ground Station, Item: Failures to PushoverTrigger: AutofocusAfterTemperatureChangeTrigger, Amount: 1.5°
2026-04-19T06:39:16.6683|INFO|SequenceItem.cs|Run|254|Finishing Category: * Instruction Set *, Container: NINA.Sequencer.Container.TargetAreaContainer, Strategy: SequentialStrategy, Items[FINISHED]: 1
2026-04-19T06:39:16.6684|INFO|SequenceItem.cs|Run|208|Starting Category: * Instruction Set *, Container: NINA.Sequencer.Container.EndAreaContainer, Strategy: SequentialStrategy, Items[CREATED]: 9
2026-04-19T06:39:16.6685|INFO|SequenceItem.cs|Run|208|Starting Category: Telescope, Item: FindHome
2026-04-19T06:39:16.6707|INFO|PHD2Guider.cs|StopGuiding|704|Phd2 - Stop Guiding skipped, as the app is already in state Stopped
2026-04-19T06:39:16.6708|INFO|TelescopeVM.cs|FindHome|292|Mount ordered to locate home position
2026-04-19T06:39:16.6712|INFO|TelescopeVM.cs|FindHome|336|Mount ordered to home but it is already at home
2026-04-19T06:39:16.6712|INFO|TelescopeVM.cs|FindHome|348|Mount has located its home position
2026-04-19T06:39:16.6714|INFO|SequenceItem.cs|Run|254|Finishing Category: Telescope, Item: FindHome
2026-04-19T06:39:16.6717|INFO|SequenceItem.cs|Run|208|Starting Night Summary - End Session
2026-04-19T06:39:16.6717|INFO|NightSummaryEndInstruction.cs|Execute|28|NightSummary: End Session instruction executing
2026-04-19T06:39:31.6717|WARNING|SessionService.cs|EndSession|146|NightSummary: EndSession called but no active session — nothing to do
2026-04-19T06:39:31.6718|INFO|NightSummaryEndInstruction.cs|Execute|39|NightSummary: Session ended successfully
2026-04-19T06:39:31.6718|INFO|SequenceItem.cs|Run|254|Finishing Night Summary - End Session
2026-04-19T06:39:31.7906|INFO|SequenceItem.cs|Run|208|Starting [EndSubframesSession]
2026-04-19T06:39:31.7911|WARNING|EndSessionItem.cs|Execute|50|[Subframes] EndSessionItem: no active session to end.
2026-04-19T06:39:31.7911|INFO|SequenceItem.cs|Run|254|Finishing [EndSubframesSession]
2026-04-19T06:39:31.7912|INFO|SequenceItem.cs|Run|208|Starting Category: Camera, Item: WarmCamera, Duration: 30
2026-04-19T06:39:31.7914|INFO|CameraVM.cs|WarmCamera|161|Warming Camera. Duration: 00:30:00
2026-04-19T07:11:41.0590|INFO|CameraVM.cs|WarmCamera|179|Could not reach warming temperature. Most likley due to ambient temperature being lower. Continuing...
2026-04-19T07:12:01.0866|INFO|CameraVM.cs|WarmCamera|186|Turning cooler off
2026-04-19T07:12:01.0883|INFO|SequenceItem.cs|Run|254|Finishing Category: Camera, Item: WarmCamera, Duration: 30
2026-04-19T07:12:01.0887|INFO|SequenceItem.cs|Run|208|Starting Category: Guider, Item: StopGuiding
2026-04-19T07:12:01.0939|INFO|PHD2Guider.cs|StopGuiding|704|Phd2 - Stop Guiding skipped, as the app is already in state Stopped
2026-04-19T07:12:01.0941|INFO|SequenceItem.cs|Run|254|Finishing Category: Guider, Item: StopGuiding
2026-04-19T07:12:01.0944|INFO|SequenceItem.cs|Run|208|Starting Category: Phd2 Tools, Item: ShutdownPhd2Instruction
2026-04-19T07:12:01.1028|INFO|SequenceItem.cs|Run|254|Finishing Category: Phd2 Tools, Item: ShutdownPhd2Instruction
2026-04-19T07:12:01.1034|INFO|SequenceItem.cs|Run|208|Starting Category: Connect, Item: DisconnectAllEquipment
2026-04-19T07:12:01.1228|INFO|CameraVM.cs|Disconnect|650|Disconnected Camera
2026-04-19T07:12:01.1234|INFO|AscomDevice.cs|Disconnect|378|Disconnecting from ASCOM.EFW2.FilterWheel ZWO FilterWheel
2026-04-19T07:12:01.1284|WARNING|PHD2Client.cs|ReadEventsAsync|189|PHD2Client: Connection closed by server
2026-04-19T07:12:01.1286|INFO|DitherStatisticsVM.cs|OnPHD2ConnectionStatusChanged|737|PHD2 Connection Status: Connection lost
2026-04-19T07:12:01.1286|INFO|PHD2Client.cs|ReadEventsAsync|205|PHD2Client: Stopped reading events
2026-04-19T07:12:01.1300|INFO|FilterWheelVM.cs|Disconnect|333|Disconnected Filter Wheel
2026-04-19T07:12:01.1327|INFO|AscomDevice.cs|Disconnect|378|Disconnecting from ASCOM.EAF.Focuser ZWO Focuser
2026-04-19T07:12:01.1875|INFO|FocuserVM.cs|Disconnect|441|Disconnected Focuser
2026-04-19T07:12:01.1880|INFO|DisconnectAllEquipment.cs|Execute|139|Rotator is already disconnected
2026-04-19T07:12:01.1914|INFO|AscomDevice.cs|Disconnect|378|Disconnecting from ASCOM.iOptron2017.Telescope iOptron CEM120,70,40,26, GEM, HEM, HAE, HAZ series and SkyHunter Mount
2026-04-19T07:12:01.2051|INFO|TelescopeVM.cs|Disconnect|740|Disconnected mount
2026-04-19T07:12:01.2060|INFO|DisconnectAllEquipment.cs|Execute|139|Guider is already disconnected
2026-04-19T07:12:01.2062|INFO|DisconnectAllEquipment.cs|Execute|139|Switch is already disconnected
2026-04-19T07:12:01.2062|INFO|DisconnectAllEquipment.cs|Execute|139|Flat Panel is already disconnected
2026-04-19T07:12:01.2263|INFO|AscomDevice.cs|Disconnect|378|Disconnecting from ASCOM.SkyAlert.ObservingConditions SkyAlert Observing Conditions
2026-04-19T07:12:01.2311|INFO|WeatherDataVM.cs|Disconnect|305|Disconnected Weather Device
2026-04-19T07:12:01.2316|INFO|DisconnectAllEquipment.cs|Execute|139|Dome is already disconnected
2026-04-19T07:12:01.2332|INFO|AscomDevice.cs|Disconnect|378|Disconnecting from ASCOM.GenericFile.SafetyMonitor Generic File driver
2026-04-19T07:12:01.2386|INFO|SafetyMonitorVM.cs|Disconnect|221|Disconnected Safety Monitor
2026-04-19T07:12:01.2390|INFO|SequenceItem.cs|Run|254|Finishing Category: Connect, Item: DisconnectAllEquipment
2026-04-19T07:12:01.2393|INFO|SequenceItem.cs|Run|208|Starting Category: Ground Station, Item: Send to Pushover, Title: Disconnected
2026-04-19T07:12:01.4489|INFO|SequenceItem.cs|Run|254|Finishing Category: Ground Station, Item: Send to Pushover, Title: Disconnected
2026-04-19T07:12:01.4492|INFO|SequenceItem.cs|Run|208|Starting Category: Ground Station, Item: Send to Telegram
2026-04-19T07:12:02.1638|INFO|SequenceItem.cs|Run|254|Finishing Category: Ground Station, Item: Send to Telegram
2026-04-19T07:12:02.1643|INFO|SequenceItem.cs|Run|254|Finishing Category: * Instruction Set *, Container: NINA.Sequencer.Container.EndAreaContainer, Strategy: SequentialStrategy, Items[FINISHED]: 9
2026-04-19T07:12:02.1645|INFO|SequenceItem.cs|Run|254|Finishing Category: * Instruction Set *, Container: NINA.Sequencer.Container.SequenceRootContainer, Strategy: SequentialStrategy, Items[FINISHED]: 3, Triggers: Category: Ground Station, Item: Failures to Telegram
2026-04-19T07:12:02.1649|INFO|Sequence2VM.cs|StartSequence|548|Advanced Sequence finished
2026-04-19T07:12:02.1662|INFO|WhenCommon.cs|InterruptWhen|350|Restarting sequence, Triggered -> true
2026-04-19T07:12:06.1288|INFO|PHD2Client.cs|ConnectAsync|102|PHD2Client: Connecting to PHD2 at 127.0.0.1:4400...
2026-04-19T07:12:08.1504|ERROR|PHD2Client.cs|ConnectAsync|132|PHD2Client: Connection failed: No connection could be made because the target machine actively refused it.
2026-04-19T12:32:41.2236|INFO|ApplicationVM.cs|Exit|244|Shutting down application - requested by user
2026-04-19T12:32:41.3536|INFO|ApplicationVM.cs|Closing|289|Application shutting down
2026-04-19T12:32:41.4234|INFO|DomeVM.cs|Disconnect|355|Disconnected Dome Device
2026-04-19T12:32:41.4300|INFO|FlatDeviceVM.cs|Disconnect|289|Disconnected Flat Device
2026-04-19T12:32:41.4311|INFO|CameraVM.cs|Disconnect|650|Disconnected Camera
2026-04-19T12:32:41.4317|INFO|TelescopeVM.cs|Disconnect|740|Disconnected mount
2026-04-19T12:32:41.4323|INFO|FilterWheelVM.cs|Disconnect|333|Disconnected Filter Wheel
2026-04-19T12:32:41.4328|INFO|FocuserVM.cs|Disconnect|441|Disconnected Focuser
2026-04-19T12:32:41.4401|INFO|RotatorVM.cs|Disconnect|447|Disconnected Rotator
2026-04-19T12:32:41.4459|INFO|SwitchVM.cs|Disconnect|309|Disconnected Switch
2026-04-19T12:32:41.4466|INFO|WeatherDataVM.cs|Disconnect|305|Disconnected Weather Device
2026-04-19T12:32:41.4468|INFO|SafetyMonitorVM.cs|Disconnect|221|Disconnected Safety Monitor
2026-04-19T12:32:41.5863|INFO|API.cs|StopWatchers|86|Stopping all event watchers
2026-04-19T12:32:41.6881|INFO|NightSummaryPlugin.cs|Teardown|257|NightSummary: Plugin torn down
2026-04-19T12:32:41.7517|INFO|Plugin.cs|Teardown|347|[Subframes] Plugin unloaded (primary instance).
