----------------------------------------------------------------------
--------------N.I.N.A. - Nighttime Imaging 'N' Astronomy--------------
--------------------------Version 3.2.0.9001--------------------------
-------------------------2026-04-09T17:26:37--------------------------
----------------------------------------------------------------------
---------------------Microsoft Windows 10.0.19045---------------------
-------------------------OS Architecture X64--------------------------
-----------------------Process Architecture X64-----------------------
-----------------------------.NET 8.0.21------------------------------
----------------------------------------------------------------------
--------------------------Processor Count 4---------------------------
--------------------Total Physical Memory 7.84 GB---------------------
----------------------------------------------------------------------
DATE|LEVEL|SOURCE|MEMBER|LINE|MESSAGE
2026-04-09T17:26:37.1077|INFO|App.xaml.cs|OnStartup|170|Launched with command line arguments: --sequencefile C:\Users\nicka\Astro\NINA\NINA_Sequences\TargetScheduler.json --runsequence
2026-04-09T17:26:40.1132|INFO|CameraChooserVM.cs|GetEquipment|69|Found 2 ASI Cameras
2026-04-09T17:26:40.3466|INFO|CameraChooserVM.cs|GetEquipment|84|Found 0 Altair Cameras
2026-04-09T17:26:40.7477|INFO|CameraChooserVM.cs|GetEquipment|96|Found 0 Atik Cameras
2026-04-09T17:26:40.8395|INFO|CameraChooserVM.cs|GetEquipment|110|Found 0 FLI Cameras
2026-04-09T17:26:42.0925|INFO|CameraChooserVM.cs|GetEquipment|130|Found 0 QHYCCD Cameras
2026-04-09T17:26:42.7804|INFO|CameraChooserVM.cs|GetEquipment|158|Found 0 ToupTek Cameras
2026-04-09T17:26:42.9069|INFO|CameraChooserVM.cs|GetEquipment|173|Found 0 Ogma Cameras
2026-04-09T17:26:43.1741|INFO|CameraChooserVM.cs|GetEquipment|188|Found 0 Omegon Cameras
2026-04-09T17:26:43.7173|INFO|CameraChooserVM.cs|GetEquipment|203|Found 0 RisingCam Cameras
2026-04-09T17:26:43.8855|INFO|CameraChooserVM.cs|GetEquipment|218|Found 0 MallinCam Cameras
2026-04-09T17:26:44.0419|INFO|CameraChooserVM.cs|GetEquipment|243|Found 0 SVBony Cameras
2026-04-09T17:26:44.0451|INFO|CameraChooserVM.cs|GetEquipment|259|Found 0 SBIG Cameras
2026-04-09T17:26:48.1194|INFO|API.cs|Start|99|Starting Webserver
2026-04-09T17:26:48.1207|INFO|API.cs|APITask|134|starting web server, listening at 172.19.6.111:1888
2026-04-09T17:26:48.2721|INFO|NINALogWatcher.cs|Start|33|watching log file: C:\Users\nicka\AppData\Local\NINA\Logs\20260409-172636-3.2.0.9001.11624-202604.log
2026-04-09T17:26:48.2873|INFO|PluginLoader.cs|LoadPlugin|402|Successfully loaded plugin Advanced API version 2.2.15.0 by Christian Palm
2026-04-09T17:26:48.4451|INFO|PluginLoader.cs|LoadPlugin|402|Successfully loaded plugin Autofocus Report Analysis version 2.0.0.9 by Stefan Berg @isbeorn
2026-04-09T17:26:48.6556|INFO|PluginLoader.cs|LoadPlugin|402|Successfully loaded plugin Connector version 2.1.0.2 by Stefan Berg @isbeorn
2026-04-09T17:26:48.8589|INFO|PluginLoader.cs|LoadPlugin|402|Successfully loaded plugin Device Actions and Commands version 2.2.0.0 by Dale Ghent
2026-04-09T17:26:49.4901|INFO|PluginLoader.cs|LoadPlugin|402|Successfully loaded plugin Discord Alert version 2.2.0.0 by Drew McDermott
2026-04-09T17:26:50.9645|INFO|PluginLoader.cs|LoadPlugin|402|Successfully loaded plugin Discord Notification version 2.0.0.10 by Daniel Ludwig
2026-04-09T17:26:52.2049|INFO|DitherStatisticsVM.cs|CreatePluginIcon|1483|Plugin icon geometry created successfully
2026-04-09T17:26:52.2337|INFO|DitherStatisticsVM.cs|LoadDataTemplates|1452|DitherStatistics DataTemplates loaded successfully
2026-04-09T17:26:52.2381|INFO|DitherStatisticsVM.cs|SaveQualityAssessmentSetting|387|Quality Assessment setting saved to file: True
2026-04-09T17:26:52.2382|INFO|DitherStatisticsVM.cs|LoadQualityAssessmentSetting|364|Quality Assessment setting loaded from file: True
2026-04-09T17:26:52.2523|INFO|DitherStatisticsVM.cs|SaveDitherOptimizerSetting|490|Dither Optimizer setting saved to file: False
2026-04-09T17:26:52.2524|INFO|DitherStatisticsVM.cs|LoadDitherOptimizerSetting|471|Dither Optimizer setting loaded from file: False
2026-04-09T17:26:52.2530|INFO|DitherStatisticsVM.cs|SubscribeToGuiderEvents|834|Subscribed to NINA guider events
2026-04-09T17:26:52.2588|INFO|DitherStatisticsVM.cs|StartThemeColorMonitoring|1329|Initial PrimaryBrush color: R:176 G:179 B:185
2026-04-09T17:26:52.2590|INFO|DitherStatisticsVM.cs|.ctor|96|DitherStatisticsVM initialized successfully with ScottPlot 4.1 (Lazy Loading)!
2026-04-09T17:26:52.2595|INFO|PluginLoader.cs|LoadPlugin|402|Successfully loaded plugin Dither Statistics version 1.3.0.0 by Thierry Tschanz
2026-04-09T17:26:52.4249|INFO|PluginLoader.cs|LoadPlugin|402|Successfully loaded plugin Filter Offset Calculator version 2.0.0.0 by S. Dimant & Stefan Berg
2026-04-09T17:26:52.6510|INFO|PluginLoader.cs|LoadPlugin|402|Successfully loaded plugin Flexure Correction version 0.8.0.0 by Francesco Meschia
2026-04-09T17:26:54.2616|INFO|DitherStatisticsVM.cs|ConnectToPHD2|708|Attempting to connect to PHD2...
2026-04-09T17:26:54.2643|INFO|PHD2Client.cs|ConnectAsync|102|PHD2Client: Connecting to PHD2 at 127.0.0.1:4400...
2026-04-09T17:26:55.5057|INFO|PluginLoader.cs|LoadPlugin|402|Successfully loaded plugin Ground Station version 3.0.0.117 by Dale Ghent
2026-04-09T17:26:56.3135|ERROR|PHD2Client.cs|ConnectAsync|132|PHD2Client: Connection failed: No connection could be made because the target machine actively refused it.
2026-04-09T17:26:56.3140|INFO|DitherStatisticsVM.cs|OnPHD2ConnectionStatusChanged|737|PHD2 Connection Status: Connection failed: No connection could be made because the target machine actively refused it.
2026-04-09T17:27:07.6205|INFO|PluginLoader.cs|LoadPlugin|402|Successfully loaded plugin Hocus Focus version 3.0.0.25 by George Hilios (jokogeo)
2026-04-09T17:27:08.4720|INFO|PluginLoader.cs|LoadPlugin|402|Successfully loaded plugin Horizon Creator version 1.1.2.1 by Christian Palm
2026-04-09T17:27:08.6895|INFO|PluginLoader.cs|LoadPlugin|402|Successfully loaded plugin Lightbucket version 2.2.4.0 by Lightbucket
2026-04-09T17:27:09.5136|INFO|PluginLoader.cs|LoadPlugin|402|Successfully loaded plugin Livestack version 1.0.1.7 by Stefan Berg @isbeorn
2026-04-09T17:27:09.7232|INFO|PluginLoader.cs|LoadPlugin|402|Successfully loaded plugin Log Viewer version 1.0.0.2 by Alexander Wrede @astro_alex80
2026-04-09T17:27:09.9176|INFO|PluginLoader.cs|LoadPlugin|402|Successfully loaded plugin Moon Angle version 2.2.0.0 by Dale Ghent
2026-04-09T17:27:10.4390|INFO|SessionDatabase.cs|.ctor|32|NightSummary: Database path: C:\Users\nicka\AppData\Local\NINA\NightSummary\nightsummary.sqlite
2026-04-09T17:27:10.4392|INFO|SessionDatabase.cs|.ctor|33|NightSummary: Database exists: True
2026-04-09T17:27:10.4910|INFO|NightSummaryPlugin.cs|.ctor|225|NightSummary: Plugin initialized successfully
2026-04-09T17:27:10.4963|INFO|SessionDatabase.cs|.ctor|32|NightSummary: Database path: C:\Users\nicka\AppData\Local\NINA\NightSummary\nightsummary.sqlite
2026-04-09T17:27:10.4965|INFO|SessionDatabase.cs|.ctor|33|NightSummary: Database exists: True
2026-04-09T17:27:10.5085|INFO|PluginLoader.cs|LoadPlugin|402|Successfully loaded plugin Night Summary version 2.9.0.0 by Evan Pegors
2026-04-09T17:27:10.8201|INFO|PluginLoader.cs|LoadPlugin|402|Successfully loaded plugin Phd2 Tools version 1.0.6.0 by Stefan Berg @isbeorn
2026-04-09T17:27:11.1557|INFO|PluginLoader.cs|LoadPlugin|402|Successfully loaded plugin PixInsight Tools version 1.0.0.3 by Stefan Berg
2026-04-09T17:27:11.9745|INFO|PluginLoader.cs|LoadPlugin|402|Successfully loaded plugin Point3D version 0.2.3.0 by Drew McDermott
2026-04-09T17:27:12.3751|INFO|StarfrontClient.cs|StartFolderWatcher|167|[Rockwood] Watching: C:\ASTROIMAGES\NINA\
2026-04-09T17:27:12.3780|INFO|PluginLoader.cs|LoadPlugin|402|Successfully loaded plugin Rockwood Starfront version 1.0.0.0 by Rockwood Observatory
2026-04-09T17:27:12.3783|INFO|StarfrontClient.cs|RunLoop|68|[Rockwood] connecting to wss://api.starfront.space:443/ws/scope?key=***
2026-04-09T17:27:12.6458|INFO|StarfrontClient.cs|RunLoop|71|[Rockwood] connected
2026-04-09T17:27:13.1722|INFO|PluginLoader.cs|LoadPlugin|402|Successfully loaded plugin Scope Control version 2.0.2.1 by Stefan Berg @isbeorn
2026-04-09T17:27:15.3145|WARNING|When.cs|GetRunningItem|143|Can't get running items: SequencerNavigation not initialized yet!
2026-04-09T17:27:15.5440|INFO|PluginLoader.cs|LoadPlugin|402|Successfully loaded plugin Sequencer Powerups version 3.29.0.9 by Marc Blank
2026-04-09T17:27:16.3157|INFO|PluginLoader.cs|LoadPlugin|402|Successfully loaded plugin Session Metadata version 2.6.3.0 by Tom Palmer @tcpalmer
2026-04-09T17:27:16.4388|INFO|PluginLoader.cs|LoadPlugin|402|Successfully loaded plugin Shutdown PC version 2.2.0.0 by Dale Ghent
2026-04-09T17:27:16.7081|INFO|PluginLoader.cs|LoadPlugin|402|Successfully loaded plugin SkyFlats version 1.0.0.4 by Gerald Hitz (@photon)
2026-04-09T17:27:17.1291|INFO|PluginLoader.cs|LoadPlugin|402|Successfully loaded plugin Smart Filters version 1.0.0.3 by Benoit SAINTOT
2026-04-09T17:27:17.6426|INFO|PluginLoader.cs|LoadPlugin|402|Successfully loaded plugin Target Planning version 3.2.1.0 by Tom Palmer @tcpalmer
2026-04-09T17:27:20.3363|WARNING|When.cs|GetRunningItem|143|Can't get running items: SequencerNavigation not initialized yet!
2026-04-09T17:27:23.0268|INFO|PluginLoader.cs|LoadPlugin|402|Successfully loaded plugin Target Scheduler version 5.9.0.0 by Tom Palmer @tcpalmer
2026-04-09T17:27:23.4649|INFO|PluginLoader.cs|LoadPlugin|402|Successfully loaded plugin Three Point Polar Alignment version 2.2.5.0 by Stefan Berg @isbeorn
2026-04-09T17:27:25.0049|INFO|SessionHistoryManager.cs|PurgeHistoryOlderThan|102|purging web session history older than 10 days
2026-04-09T17:27:25.0612|INFO|PluginLoader.cs|LoadPlugin|402|Successfully loaded plugin Web Session History Viewer version 2.2.1.0 by Tom Palmer @tcpalmer
2026-04-09T17:27:25.3386|WARNING|When.cs|GetRunningItem|143|Can't get running items: SequencerNavigation not initialized yet!
2026-04-09T17:27:25.4679|INFO|PluginFetcher.cs|RequestAll|43|Fetching plugin manifests from https://nighttime-imaging.eu/wp-json/nina/v1/plugins/manifests
2026-04-09T17:27:25.5137|INFO|RotatorChooserVM.cs|GetEquipment|45|Found 1 Networked Rotator Rotators
2026-04-09T17:27:25.6068|INFO|FilterWheelChooserVM.cs|GetEquipment|167|Found 1 Networked Filter Wheel Filter Wheels
2026-04-09T17:27:27.2409|INFO|CameraChooserVM.cs|GetEquipment|279|Found 0 SVBony Cameras
2026-04-09T17:27:27.3537|INFO|CameraChooserVM.cs|GetEquipment|279|Found 0 PlayerOne Cameras
2026-04-09T17:27:27.4514|INFO|CameraChooserVM.cs|GetEquipment|279|Found 0 ASTPAN Cameras
2026-04-09T17:27:27.4534|INFO|CameraChooserVM.cs|GetEquipment|293|Found 4 ASCOM Cameras
2026-04-09T17:27:28.7718|INFO|PluginFetcher.cs|RequestAll|57|Found 78 valid plugins at https://nighttime-imaging.eu/wp-json/nina/v1/plugins/manifests
2026-04-09T17:27:28.7857|INFO|WeatherDataChooserVM.cs|GetEquipment|69|Found 0 Alpaca Observing Conditions
2026-04-09T17:27:28.7959|INFO|DomeChooserVM.cs|GetEquipment|67|Found 0 Alpaca Domes
2026-04-09T17:27:28.7977|INFO|RotatorChooserVM.cs|GetEquipment|68|Found 0 Alpaca Rotators
2026-04-09T17:27:28.7999|INFO|SafetyMonitorChooserVM.cs|GetEquipment|71|Found 0 Alpaca Safety Monitors
2026-04-09T17:27:28.8362|INFO|FlatDeviceChooserVM.cs|GetEquipment|67|Found 0 Alpaca Cover Calibrators
2026-04-09T17:27:28.8400|INFO|FilterWheelChooserVM.cs|GetEquipment|193|Found 0 Alpaca Filter Wheels
2026-04-09T17:27:29.4603|INFO|CameraChooserVM.cs|GetEquipment|305|Found 0 Alpaca Cameras
2026-04-09T17:27:29.4659|INFO|CameraChooserVM.cs|GetEquipment|318|Found 0 Canon Cameras
2026-04-09T17:27:29.5872|INFO|TelescopeChooserVM.cs|GetEquipment|69|Found 0 Alpaca Telescopes
2026-04-09T17:27:29.7461|INFO|SwitchChooserVM.cs|GetEquipment|71|Found 0 Alpaca Switch Hubs
2026-04-09T17:27:30.3468|WARNING|When.cs|GetRunningItem|143|Can't get running items: SequencerNavigation not initialized yet!
2026-04-09T17:27:31.2167|INFO|FocuserChooserVM.cs|GetEquipment|84|Found 0 Alpaca Focusers
2026-04-09T17:27:31.5452|INFO|ApplicationVM.cs|CheckDiskInfo|100|Available Space on Drive C:\: 138.93 GB
2026-04-09T17:27:31.5489|INFO|ApplicationVM.cs|CheckASCOMPlatformVersion|81|ASCOM Platform 6.6.2.4195 installed
2026-04-09T17:27:31.5516|INFO|ApplicationVM.cs|CheckDiskInfo|102|Drive E:\ is not ready
2026-04-09T17:27:31.5531|INFO|ApplicationVM.cs|CheckDiskInfo|100|Available Space on Drive G:\: 62.15 GB
2026-04-09T17:27:31.5895|INFO|ApplicationVM.cs|CheckDiskInfo|100|Available Space on Drive Z:\: 4.44 GB
2026-04-09T17:27:32.0667|INFO|DitherStatisticsVM.cs|StartThemeColorMonitoring|1338|Theme color monitoring timer started on UI thread
2026-04-09T17:27:32.4810|INFO|Sequence2VM.cs|TryLoadSequenceFile|414|Loading sequence file: C:\Users\nicka\Astro\NINA\NINA_Sequences\TargetScheduler.json
2026-04-09T17:27:33.1051|INFO|Sequence2VM.cs|TryLoadSequenceFile|420|Starting sequence from command line options
2026-04-09T17:27:33.1084|INFO|Sequence2VM.cs|StartSequence|543|Advanced Sequence starting
2026-04-09T17:27:33.7492|INFO|SequenceItem.cs|Run|208|Starting Category: * Instruction Set *, Container: NINA.Sequencer.Container.SequenceRootContainer, Strategy: SequentialStrategy, Items[CREATED]: 3, Triggers: Category: Ground Station, Item: Failures to Telegram
2026-04-09T17:27:33.8766|INFO|SequenceItem.cs|Run|208|Starting Category: * Instruction Set *, Container: NINA.Sequencer.Container.StartAreaContainer, Strategy: SequentialStrategy, Items[CREATED]: 1
2026-04-09T17:27:33.8775|INFO|SequenceItem.cs|Run|208|Starting Category: * Instruction Set *, Container: NINA.Sequencer.Container.SequentialContainer, Strategy: SequentialStrategy, Items[CREATED]: 10
2026-04-09T17:27:33.8782|INFO|SequenceItem.cs|Run|208|Starting Category: Ground Station, Item: Send to Pushover, Title: Start
2026-04-09T17:27:34.1134|INFO|SequenceItem.cs|Run|254|Finishing Category: Ground Station, Item: Send to Pushover, Title: Start
2026-04-09T17:27:34.1179|INFO|SequenceItem.cs|Run|208|Starting Category: Utility, Item: WaitForTime, Time: 19:36:18h, Offset: -80
2026-04-09T17:27:34.3710|INFO|DockManagerVM.cs|InitializeAvalonDockLayout|366|Initializing imaging tab layout from C:\Users\nicka\AppData\Local\NINA\Profiles\0173997c-4bfa-48fd-9337-a48b6df99c38.dock.config
2026-04-09T19:36:26.4004|INFO|SequenceItem.cs|Run|254|Finishing Category: Utility, Item: WaitForTime, Time: 19:36:18h, Offset: -80
2026-04-09T19:36:26.4027|INFO|SequenceItem.cs|Run|208|Starting Category: Ground Station, Item: Send to Telegram
2026-04-09T19:36:27.3070|INFO|SequenceItem.cs|Run|254|Finishing Category: Ground Station, Item: Send to Telegram
2026-04-09T19:36:27.3073|INFO|SequenceItem.cs|Run|208|Starting Category: Ground Station, Item: Send to Pushover, Title: Configure Equipment
2026-04-09T19:36:27.4662|INFO|SequenceItem.cs|Run|254|Finishing Category: Ground Station, Item: Send to Pushover, Title: Configure Equipment
2026-04-09T19:36:27.4675|INFO|SequenceItem.cs|Run|208|Starting Category: Connect, Item: ConnectAllEquipment
2026-04-09T19:36:27.4832|INFO|CameraChooserVM.cs|GetEquipment|69|Found 2 ASI Cameras
2026-04-09T19:36:27.5482|INFO|CameraChooserVM.cs|GetEquipment|84|Found 0 Altair Cameras
2026-04-09T19:36:27.5483|INFO|CameraChooserVM.cs|GetEquipment|96|Found 0 Atik Cameras
2026-04-09T19:36:27.5490|INFO|CameraChooserVM.cs|GetEquipment|110|Found 0 FLI Cameras
2026-04-09T19:36:27.5492|INFO|CameraChooserVM.cs|GetEquipment|130|Found 0 QHYCCD Cameras
2026-04-09T19:36:27.7043|INFO|CameraChooserVM.cs|GetEquipment|158|Found 0 ToupTek Cameras
2026-04-09T19:36:27.7093|INFO|CameraChooserVM.cs|GetEquipment|173|Found 0 Ogma Cameras
2026-04-09T19:36:27.7235|INFO|CameraChooserVM.cs|GetEquipment|188|Found 0 Omegon Cameras
2026-04-09T19:36:27.8810|INFO|CameraChooserVM.cs|GetEquipment|203|Found 0 RisingCam Cameras
2026-04-09T19:36:27.8946|INFO|CameraChooserVM.cs|GetEquipment|218|Found 0 MallinCam Cameras
2026-04-09T19:36:27.8961|INFO|CameraChooserVM.cs|GetEquipment|243|Found 0 SVBony Cameras
2026-04-09T19:36:27.8987|INFO|CameraChooserVM.cs|GetEquipment|259|Found 0 SBIG Cameras
2026-04-09T19:36:27.8994|INFO|CameraChooserVM.cs|GetEquipment|279|Found 0 SVBony Cameras
2026-04-09T19:36:27.8999|INFO|CameraChooserVM.cs|GetEquipment|279|Found 0 PlayerOne Cameras
2026-04-09T19:36:27.9076|INFO|CameraChooserVM.cs|GetEquipment|279|Found 0 ASTPAN Cameras
2026-04-09T19:36:27.9084|INFO|CameraChooserVM.cs|GetEquipment|293|Found 4 ASCOM Cameras
2026-04-09T19:36:29.9149|INFO|CameraChooserVM.cs|GetEquipment|305|Found 0 Alpaca Cameras
2026-04-09T19:36:29.9285|INFO|CameraChooserVM.cs|GetEquipment|318|Found 0 Canon Cameras
2026-04-09T19:36:30.0351|INFO|CameraVM.cs|Disconnect|650|Disconnected Camera
2026-04-09T19:36:30.6307|WARNING|ASICamera.cs|SetControlValue|568|Failed to set ASI Control Value ASI_WB_B with value 50
2026-04-09T19:36:30.6309|WARNING|ASICamera.cs|SetControlValue|568|Failed to set ASI Control Value ASI_WB_R with value 50
2026-04-09T19:36:30.6310|WARNING|ASICamera.cs|SetControlValue|568|Failed to set ASI Control Value ASI_GAMMA with value 50
2026-04-09T19:36:30.6310|WARNING|ASICamera.cs|SetControlValue|568|Failed to set ASI Control Value ASI_HIGH_SPEED_MODE with value 0
2026-04-09T19:36:30.6311|WARNING|ASICamera.cs|SetControlValue|568|Failed to set ASI Control Value ASI_OVERCLOCK with value 0
2026-04-09T19:36:30.6312|WARNING|ASICamera.cs|SetControlValue|568|Failed to set ASI Control Value ASI_PATTERN_ADJUST with value 0
2026-04-09T19:36:30.6326|WARNING|ASICamera.cs|SetControlValue|568|Failed to set ASI Control Value ASI_MONO_BIN with value 0
2026-04-09T19:36:30.6338|INFO|ASICamera.cs|Initialize|664|Camera ID: ASI533MM
2026-04-09T19:36:30.6483|WARNING|ASICamera.cs|SetControlValue|568|Failed to set ASI Control Value ASI_ANTI_DEW_HEATER with value 0
2026-04-09T19:36:30.7554|INFO|CameraVM.cs|ChooseCamera|455|Successfully connected Camera. Id: ZWOptical_ZWO ASI533MM Pro_ASI533MM Name: ZWO ASI533MM Pro DisplayName: ZWO ASI533MM Pro (ASI533MM)Driver Version: 1, 39, 0, 0
2026-04-09T19:36:31.3109|INFO|FilterWheelChooserVM.cs|GetEquipment|167|Found 1 Networked Filter Wheel Filter Wheels
2026-04-09T19:36:33.3194|INFO|FilterWheelChooserVM.cs|GetEquipment|193|Found 0 Alpaca Filter Wheels
2026-04-09T19:36:33.3816|INFO|FilterWheelVM.cs|Disconnect|333|Disconnected Filter Wheel
2026-04-09T19:36:36.7353|INFO|FilterWheelVM.cs|ChooseFW|279|Successfully connected Filter Wheel. Id: ASCOM.EFW2.FilterWheel Name: ZWO FilterWheel DisplayName: ZWO FilterWheel (ASCOM) Driver Version: 6.0
2026-04-09T19:36:40.6591|INFO|FocuserChooserVM.cs|GetEquipment|84|Found 0 Alpaca Focusers
2026-04-09T19:36:40.7001|INFO|FocuserVM.cs|Disconnect|441|Disconnected Focuser
2026-04-09T19:36:42.0293|ERROR|AscomDevice.cs|GetProperty|546|An unexpected exception occurred during GET of Focuser.StepSize: 
ASCOM.DriverException: The method or operation is not implemented.
 ---> System.NotImplementedException: The method or operation is not implemented.
   --- End of inner exception stack trace ---
   at ASCOM.Com.DriverAccess.DynamicAccess.CheckDotNetExceptions(String memberName, Exception e) in J:\ASCOMLibrary\ASCOM.Com\ASCOM.Com.DriverAccess\BaseClass\DynamicAccess.cs:line 278
   at ASCOM.Com.DriverAccess.DynamicAccess.TryGetMember(GetMemberBinder binder, Object& result) in J:\ASCOMLibrary\ASCOM.Com\ASCOM.Com.DriverAccess\BaseClass\DynamicAccess.cs:line 150
   at CallSite.Target(Closure, CallSite, Object)
   at System.Dynamic.UpdateDelegates.UpdateAndExecute1[T0,TRet](CallSite site, T0 arg0)
   at ASCOM.Com.DriverAccess.Focuser.get_StepSize() in J:\ASCOMLibrary\ASCOM.Com\ASCOM.Com.DriverAccess\Focuser.cs:line 159
   at System.RuntimeMethodHandle.InvokeMethod(Object target, Void** arguments, Signature sig, Boolean isConstructor)
   at System.Reflection.MethodBaseInvoker.InvokeWithNoArgs(Object obj, BindingFlags invokeAttr)
2026-04-09T19:36:42.2515|INFO|AscomDevice.cs|GetProperty|485|Retrying to GET Focuser.StepSize - Attempt 2 / 3
2026-04-09T19:36:42.2529|ERROR|AscomDevice.cs|GetProperty|546|An unexpected exception occurred during GET of Focuser.StepSize: 
ASCOM.DriverException: The method or operation is not implemented.
 ---> System.NotImplementedException: The method or operation is not implemented.
   --- End of inner exception stack trace ---
   at ASCOM.Com.DriverAccess.DynamicAccess.CheckDotNetExceptions(String memberName, Exception e) in J:\ASCOMLibrary\ASCOM.Com\ASCOM.Com.DriverAccess\BaseClass\DynamicAccess.cs:line 278
   at ASCOM.Com.DriverAccess.DynamicAccess.TryGetMember(GetMemberBinder binder, Object& result) in J:\ASCOMLibrary\ASCOM.Com\ASCOM.Com.DriverAccess\BaseClass\DynamicAccess.cs:line 150
   at CallSite.Target(Closure, CallSite, Object)
   at ASCOM.Com.DriverAccess.Focuser.get_StepSize() in J:\ASCOMLibrary\ASCOM.Com\ASCOM.Com.DriverAccess\Focuser.cs:line 159
   at InvokeStub_Focuser.get_StepSize(Object, Object, IntPtr*)
   at System.Reflection.MethodBaseInvoker.InvokeWithNoArgs(Object obj, BindingFlags invokeAttr)
2026-04-09T19:36:42.4552|INFO|AscomDevice.cs|GetProperty|485|Retrying to GET Focuser.StepSize - Attempt 3 / 3
2026-04-09T19:36:42.4574|ERROR|AscomDevice.cs|GetProperty|546|An unexpected exception occurred during GET of Focuser.StepSize: 
ASCOM.DriverException: The method or operation is not implemented.
 ---> System.NotImplementedException: The method or operation is not implemented.
   --- End of inner exception stack trace ---
   at ASCOM.Com.DriverAccess.DynamicAccess.CheckDotNetExceptions(String memberName, Exception e) in J:\ASCOMLibrary\ASCOM.Com\ASCOM.Com.DriverAccess\BaseClass\DynamicAccess.cs:line 278
   at ASCOM.Com.DriverAccess.DynamicAccess.TryGetMember(GetMemberBinder binder, Object& result) in J:\ASCOMLibrary\ASCOM.Com\ASCOM.Com.DriverAccess\BaseClass\DynamicAccess.cs:line 150
   at CallSite.Target(Closure, CallSite, Object)
   at ASCOM.Com.DriverAccess.Focuser.get_StepSize() in J:\ASCOMLibrary\ASCOM.Com\ASCOM.Com.DriverAccess\Focuser.cs:line 159
   at InvokeStub_Focuser.get_StepSize(Object, Object, IntPtr*)
   at System.Reflection.MethodBaseInvoker.InvokeWithNoArgs(Object obj, BindingFlags invokeAttr)
2026-04-09T19:36:42.4582|INFO|AscomDevice.cs|GetProperty|556|GET Focuser.StepSize failed - Returning last known value 0
2026-04-09T19:36:42.7241|INFO|FocuserVM.cs|ChooseFocuser|333|Successfully connected Focuser. Id: ASCOM.EAF.Focuser Name: ZWO Focuser DisplayName: ZWO Focuser (ASCOM) Driver Version: 6.0
2026-04-09T19:36:44.7288|INFO|TelescopeChooserVM.cs|GetEquipment|69|Found 0 Alpaca Telescopes
2026-04-09T19:36:44.7843|INFO|TelescopeVM.cs|Disconnect|740|Disconnected mount
2026-04-09T19:36:47.5082|INFO|AscomTelescope.cs|CheckMountTime|845|Mount UTC Time: 2026-04-10 00:36:44Z / System UTC Time: 2026-04-10 00:36:47Z; Difference: 3.337 seconds
2026-04-09T19:36:47.5641|INFO|AscomTelescope.cs|CheckMountTime|852|System time has been synced to the mount
2026-04-09T19:36:47.8601|INFO|TelescopeVM.cs|ChooseTelescope|535|Successfully connected mount. Id: ASCOM.iOptron2017.Telescope Name: iOptron CEM120,70,40,26, GEM, HEM, HAE, HAZ series and SkyHunter Mount DisplayName: iOptron CEM120,70,40,26, GEM, HEM, HAE, HAZ series and SkyHunter Mount (ASCOM) Driver Version: 9.15
2026-04-09T19:36:47.8721|INFO|PHD2Guider.cs|Connect|205|Connecting to PHD2 server at 127.0.0.1:4400
2026-04-09T19:36:53.4614|INFO|PHD2Client.cs|ConnectAsync|118|PHD2Client: Connected successfully!
2026-04-09T19:36:53.4617|INFO|DitherStatisticsVM.cs|OnPHD2ConnectionStatusChanged|734|PHD2 Connection Status: Connected
2026-04-09T19:36:53.4618|INFO|DitherStatisticsVM.cs|ConnectToPHD2|713|Successfully connected to PHD2!
2026-04-09T19:36:53.4652|INFO|PHD2Client.cs|ReadEventsAsync|181|PHD2Client: Started reading events
2026-04-09T19:36:53.5407|INFO|PHD2Client.cs|HandleVersion|366|PHD2Client: Connected to PHD2 version 2.6.14. (Message Protocol v1)
2026-04-09T19:36:53.5413|INFO|PHD2Client.cs|ProcessEvent|257|PHD2: CalibrationComplete
2026-04-09T19:36:53.5419|INFO|PHD2Client.cs|HandleAppState|376|PHD2Client: PHD2 AppState: Stopped
2026-04-09T19:36:55.0706|INFO|WeatherDataChooserVM.cs|GetEquipment|69|Found 0 Alpaca Observing Conditions
2026-04-09T19:36:55.1532|INFO|WeatherDataVM.cs|Disconnect|305|Disconnected Weather Device
2026-04-09T19:36:56.7901|INFO|AscomDevice.cs|GetProperty|527|Property ObservingConditions.SkyQuality GET is not implemented in this driver (SkyAlert Observing Conditions)
2026-04-09T19:36:56.7974|INFO|AscomDevice.cs|GetProperty|527|Property ObservingConditions.StarFWHM GET is not implemented in this driver (SkyAlert Observing Conditions)
2026-04-09T19:36:56.8149|INFO|WeatherDataVM.cs|ChooseWeatherData|150|Successfully connected Weather Device. Id: ASCOM.SkyAlert.ObservingConditions Name: SkyAlert Observing Conditions DisplayName: SkyAlert Observing Conditions (ASCOM) Driver Version: 1.7
2026-04-09T19:36:58.8269|INFO|SafetyMonitorChooserVM.cs|GetEquipment|71|Found 0 Alpaca Safety Monitors
2026-04-09T19:36:58.8692|INFO|SafetyMonitorVM.cs|Disconnect|221|Disconnected Safety Monitor
2026-04-09T19:36:59.3269|INFO|SafetyMonitorVM.cs|Connect|175|Successfully connected Safety Monitor. Id: ASCOM.GenericFile.SafetyMonitor Name: Generic File driver DisplayName: Generic File driver (ASCOM) Driver Version: 6.4
2026-04-09T19:36:59.3273|INFO|SequenceItem.cs|Run|254|Finishing Category: Connect, Item: ConnectAllEquipment
2026-04-09T19:36:59.3279|INFO|SequenceItem.cs|Run|208|Starting Category: Telescope, Item: FindHome
2026-04-09T19:36:59.3337|INFO|PHD2Guider.cs|StopGuiding|704|Phd2 - Stop Guiding skipped, as the app is already in state Stopped
2026-04-09T19:36:59.3357|INFO|TelescopeVM.cs|FindHome|292|Mount ordered to locate home position
2026-04-09T19:36:59.3383|INFO|TelescopeVM.cs|FindHome|336|Mount ordered to home but it is already at home
2026-04-09T19:36:59.3386|INFO|TelescopeVM.cs|FindHome|348|Mount has located its home position
2026-04-09T19:36:59.3395|INFO|SequenceItem.cs|Run|254|Finishing Category: Telescope, Item: FindHome
2026-04-09T19:36:59.3397|INFO|SequenceItem.cs|Run|208|Starting Category: Ground Station, Item: Send to Telegram
2026-04-09T19:36:59.9411|INFO|SequenceItem.cs|Run|254|Finishing Category: Ground Station, Item: Send to Telegram
2026-04-09T19:36:59.9415|INFO|SequenceItem.cs|Run|208|Starting Category: Ground Station, Item: Send to Pushover, Title: Cool
2026-04-09T19:37:00.0958|INFO|SequenceItem.cs|Run|254|Finishing Category: Ground Station, Item: Send to Pushover, Title: Cool
2026-04-09T19:37:00.0975|INFO|SequenceItem.cs|Run|208|Starting Category: Camera, Item: CoolCamera, Temperature: -5, Duration: 15
2026-04-09T19:37:00.1236|INFO|CameraVM.cs|CoolCamera|138|Cooling Camera. Target: -5 Duration: 00:15:00
2026-04-09T19:37:01.3431|INFO|SafetyMonitorVM.cs|UpdateMonitorValues|95|SafetyMonitorInfo state changed to Unsafe
2026-04-09T19:52:29.1045|INFO|SequenceItem.cs|Run|254|Finishing Category: Camera, Item: CoolCamera, Temperature: -5, Duration: 15
2026-04-09T19:52:29.1052|INFO|SequenceItem.cs|Run|208|Starting Category: Utility, Item: WaitForTime, Time: 20:41:18h, Offset: -15
2026-04-09T20:41:21.2227|INFO|SequenceItem.cs|Run|254|Finishing Category: Utility, Item: WaitForTime, Time: 20:41:18h, Offset: -15
2026-04-09T20:41:21.2307|INFO|SequenceItem.cs|Run|254|Finishing Category: * Instruction Set *, Container: NINA.Sequencer.Container.SequentialContainer, Strategy: SequentialStrategy, Items[FINISHED]: 10
2026-04-09T20:41:21.2314|INFO|SequenceItem.cs|Run|254|Finishing Category: * Instruction Set *, Container: NINA.Sequencer.Container.StartAreaContainer, Strategy: SequentialStrategy, Items[FINISHED]: 1
2026-04-09T20:41:21.2320|INFO|SequenceItem.cs|Run|208|Starting Category: * Instruction Set *, Container: NINA.Sequencer.Container.TargetAreaContainer, Strategy: SequentialStrategy, Items[CREATED]: 1
2026-04-09T20:41:21.2361|INFO|SequenceItem.cs|Run|208|Starting Category: * Instruction Set *, Container: NINA.Sequencer.Container.SequentialContainer, Strategy: SequentialStrategy, Items[CREATED]: 11, Conditions: Condition: TimeCondition, Time: 6:50:6h, Condition: TargetSchedulerCondition mode=While Targets Remain Tonight, , Triggers: Trigger: CenterAfterDriftTrigger, DistanceArcMinutes: 1Trigger: WhenUnsafeCategory: Ground Station, Item: Failures to TelegramCategory: Connect, Item: ReconnectOnDownloadFailureTrigger: AutofocusAfterHFRIncreaseTrigger, Amount: 5Trigger: MeridianFlipTriggerCategory: Powerups (Misc), Item: DIYTriggerCategory: Ground Station, Item: Failures to PushoverTrigger: AutofocusAfterTemperatureChangeTrigger, Amount: 1.5°
2026-04-09T20:41:21.2414|INFO|WhenCommon.cs|SequenceBlockInitialize|204|Initialize; starting watchdog
2026-04-09T20:41:21.2509|INFO|WhenUnsafe.cs|CheckSafe|77|IsSafe is now FALSE; connected = True, IsSafe = False
2026-04-09T20:41:21.2514|INFO|WhenCommon.cs|ShouldTrigger|378|ShouldTrigger TRUE from InterruptWhen, setting TriggerRunner
2026-04-09T20:41:21.2517|INFO|WhenCommon.cs|InterruptWhen|322|Interrupting current Instruction Set
2026-04-09T20:41:21.2580|INFO|WhenCommon.cs|InterruptWhen|332|Canceling sequence...
2026-04-09T20:41:22.2629|INFO|WhenCommon.cs|InterruptWhen|336|Delay 1000
2026-04-09T20:41:23.2744|INFO|WhenCommon.cs|InterruptWhen|336|Delay 1000
2026-04-09T20:41:24.2853|INFO|WhenCommon.cs|InterruptWhen|336|Delay 1000
2026-04-09T20:41:25.2921|INFO|WhenCommon.cs|InterruptWhen|336|Delay 1000
2026-04-09T20:41:26.3056|INFO|WhenCommon.cs|InterruptWhen|336|Delay 1000
2026-04-09T20:41:27.3180|INFO|WhenCommon.cs|InterruptWhen|336|Delay 1000
2026-04-09T20:41:28.3266|INFO|WhenCommon.cs|InterruptWhen|336|Delay 1000
2026-04-09T20:41:29.3385|INFO|WhenCommon.cs|InterruptWhen|336|Delay 1000
2026-04-09T20:41:30.3493|INFO|WhenCommon.cs|InterruptWhen|336|Delay 1000
2026-04-09T20:41:31.3635|INFO|WhenCommon.cs|InterruptWhen|336|Delay 1000
2026-04-09T20:41:32.3756|INFO|WhenCommon.cs|InterruptWhen|336|Delay 1000
2026-04-09T20:41:33.3858|INFO|WhenCommon.cs|InterruptWhen|336|Delay 1000
2026-04-09T20:41:34.3983|INFO|WhenCommon.cs|InterruptWhen|336|Delay 1000
2026-04-09T20:41:35.4128|INFO|WhenCommon.cs|InterruptWhen|336|Delay 1000
2026-04-09T20:41:36.4219|INFO|WhenCommon.cs|InterruptWhen|336|Delay 1000
2026-04-09T20:41:37.4360|INFO|WhenCommon.cs|InterruptWhen|336|Delay 1000
2026-04-09T20:41:38.4442|INFO|WhenCommon.cs|InterruptWhen|336|Delay 1000
2026-04-09T20:41:39.4578|INFO|WhenCommon.cs|InterruptWhen|336|Delay 1000
2026-04-09T20:41:40.4682|INFO|WhenCommon.cs|InterruptWhen|336|Delay 1000
2026-04-09T20:41:40.6771|INFO|WhenCommon.cs|SequenceBlockTeardown|198|Teardown; shutting down watchdog
2026-04-09T20:41:40.6796|INFO|Sequencer.cs|Start|85|Sequence run was cancelled
2026-04-09T20:41:40.6952|INFO|Sequence2VM.cs|StartSequence|548|Advanced Sequence finished
2026-04-09T20:41:41.4761|INFO|WhenCommon.cs|InterruptWhen|339|Sequence no longer running
2026-04-09T20:41:41.4783|WARNING|WhenCommon.cs|CheckSlewing|263|CheckSlewing, WhenUnsafe = True, Connected = True, CanSlew = True, info.Slewing = False
2026-04-09T20:41:41.4805|INFO|Sequence2VM.cs|StartSequence|543|Advanced Sequence starting
2026-04-09T20:41:41.5546|INFO|SequenceItem.cs|Run|208|Starting Category: * Instruction Set *, Container: NINA.Sequencer.Container.SequenceRootContainer, Strategy: SequentialStrategy, Items[CREATED]: 3, Triggers: Category: Ground Station, Item: Failures to Telegram
2026-04-09T20:41:41.5549|INFO|SequenceItem.cs|Run|208|Starting Category: * Instruction Set *, Container: NINA.Sequencer.Container.StartAreaContainer, Strategy: SequentialStrategy, Items[FINISHED]: 1
2026-04-09T20:41:41.5550|INFO|SequenceItem.cs|Run|254|Finishing Category: * Instruction Set *, Container: NINA.Sequencer.Container.StartAreaContainer, Strategy: SequentialStrategy, Items[FINISHED]: 1
2026-04-09T20:41:41.5551|INFO|SequenceItem.cs|Run|208|Starting Category: * Instruction Set *, Container: NINA.Sequencer.Container.TargetAreaContainer, Strategy: SequentialStrategy, Items[CREATED]: 1
2026-04-09T20:41:41.5552|INFO|SequenceItem.cs|Run|208|Starting Category: * Instruction Set *, Container: NINA.Sequencer.Container.SequentialContainer, Strategy: SequentialStrategy, Items[CREATED]: 11, Conditions: Condition: TimeCondition, Time: 6:50:6h, Condition: TargetSchedulerCondition mode=While Targets Remain Tonight, , Triggers: Trigger: CenterAfterDriftTrigger, DistanceArcMinutes: 1Trigger: WhenUnsafeCategory: Ground Station, Item: Failures to TelegramCategory: Connect, Item: ReconnectOnDownloadFailureTrigger: AutofocusAfterHFRIncreaseTrigger, Amount: 5Trigger: MeridianFlipTriggerCategory: Powerups (Misc), Item: DIYTriggerCategory: Ground Station, Item: Failures to PushoverTrigger: AutofocusAfterTemperatureChangeTrigger, Amount: 1.5°
2026-04-09T20:41:41.5561|INFO|WhenCommon.cs|SequenceBlockInitialize|204|Initialize; starting watchdog
2026-04-09T20:41:41.5576|INFO|WhenCommon.cs|ShouldTrigger|382|ShouldTrigger TRUE, setting TriggerRunner
2026-04-09T20:41:41.5595|INFO|SequenceTrigger.cs|Run|114|Starting Trigger: WhenUnsafe
2026-04-09T20:41:41.5697|INFO|WhenCommon.cs|Execute|395|Execute 0
2026-04-09T20:41:41.5699|INFO|WhenCommon.cs|Execute|409|When: running TriggerRunner, InFlight -> true, Triggered -> false
2026-04-09T20:41:41.5700|WARNING|WhenCommon.cs|CheckSlewing|263|CheckSlewing, WhenUnsafe = True, Connected = True, CanSlew = True, info.Slewing = False
2026-04-09T20:41:41.5702|INFO|SequenceItem.cs|Run|208|Starting Category: , Container: WhenPlugin.When.IfContainer, Strategy: SequentialStrategy, Items[CREATED]: 9
2026-04-09T20:41:41.5760|INFO|MeridianFlipTrigger.cs|ShouldTrigger|197|Meridian Flip - Telescope is at home position. Skip flip evaluation
2026-04-09T20:41:41.5778|INFO|SequenceItem.cs|Run|208|Starting Category: Ground Station, Item: Send to Telegram
2026-04-09T20:41:42.2185|INFO|SequenceItem.cs|Run|254|Finishing Category: Ground Station, Item: Send to Telegram
2026-04-09T20:41:42.2418|INFO|MeridianFlipTrigger.cs|ShouldTrigger|197|Meridian Flip - Telescope is at home position. Skip flip evaluation
2026-04-09T20:41:42.2424|INFO|SequenceItem.cs|Run|208|Starting Category: Ground Station, Item: Send to Pushover, Title: Unsafe
2026-04-09T20:41:42.4098|INFO|SequenceItem.cs|Run|254|Finishing Category: Ground Station, Item: Send to Pushover, Title: Unsafe
2026-04-09T20:41:42.4111|INFO|MeridianFlipTrigger.cs|ShouldTrigger|197|Meridian Flip - Telescope is at home position. Skip flip evaluation
2026-04-09T20:41:42.4330|INFO|SequenceItem.cs|Run|208|Starting Category: Telescope, Item: FindHome
2026-04-09T20:41:42.4382|INFO|PHD2Guider.cs|StopGuiding|704|Phd2 - Stop Guiding skipped, as the app is already in state Stopped
2026-04-09T20:41:42.4385|INFO|TelescopeVM.cs|FindHome|292|Mount ordered to locate home position
2026-04-09T20:41:42.4390|INFO|TelescopeVM.cs|FindHome|336|Mount ordered to home but it is already at home
2026-04-09T20:41:42.4391|INFO|TelescopeVM.cs|FindHome|348|Mount has located its home position
2026-04-09T20:41:42.4393|INFO|SequenceItem.cs|Run|254|Finishing Category: Telescope, Item: FindHome
2026-04-09T20:41:42.4526|INFO|MeridianFlipTrigger.cs|ShouldTrigger|197|Meridian Flip - Telescope is at home position. Skip flip evaluation
2026-04-09T20:41:42.4694|INFO|SequenceItem.cs|Run|208|Starting Category: Guider, Item: StopGuiding
2026-04-09T20:41:42.4720|INFO|PHD2Guider.cs|StopGuiding|704|Phd2 - Stop Guiding skipped, as the app is already in state Stopped
2026-04-09T20:41:42.4721|INFO|SequenceItem.cs|Run|254|Finishing Category: Guider, Item: StopGuiding
2026-04-09T20:41:42.4859|INFO|MeridianFlipTrigger.cs|ShouldTrigger|197|Meridian Flip - Telescope is at home position. Skip flip evaluation
2026-04-09T20:41:42.5016|INFO|SequenceItem.cs|Run|208|Starting Category: Connect, Item: DisconnectEquipment, Selected device: Safety Monitor
2026-04-09T20:41:42.5903|INFO|AscomDevice.cs|Disconnect|378|Disconnecting from ASCOM.GenericFile.SafetyMonitor Generic File driver
2026-04-09T20:41:42.6163|INFO|SafetyMonitorVM.cs|Disconnect|221|Disconnected Safety Monitor
2026-04-09T20:41:42.6166|INFO|SequenceItem.cs|Run|254|Finishing Category: Connect, Item: DisconnectEquipment, Selected device: Safety Monitor
2026-04-09T20:41:42.6468|INFO|MeridianFlipTrigger.cs|ShouldTrigger|197|Meridian Flip - Telescope is at home position. Skip flip evaluation
2026-04-09T20:41:42.6476|INFO|SequenceItem.cs|Run|208|Starting Category: Utility, Item: WaitForTimeSpan, Time: 60s
2026-04-09T20:42:42.7592|INFO|SequenceItem.cs|Run|254|Finishing Category: Utility, Item: WaitForTimeSpan, Time: 60s
2026-04-09T20:42:42.7597|INFO|MeridianFlipTrigger.cs|ShouldTrigger|197|Meridian Flip - Telescope is at home position. Skip flip evaluation
2026-04-09T20:42:42.7604|INFO|SequenceItem.cs|Run|208|Starting Category: Connect, Item: ConnectEquipment, Selected device: Safety Monitor, Selected device id: ASCOM.GenericFile.SafetyMonitor
2026-04-09T20:42:44.7639|INFO|SafetyMonitorChooserVM.cs|GetEquipment|71|Found 0 Alpaca Safety Monitors
2026-04-09T20:42:44.7667|INFO|SafetyMonitorVM.cs|Disconnect|221|Disconnected Safety Monitor
2026-04-09T20:42:44.8535|INFO|SafetyMonitorVM.cs|Connect|175|Successfully connected Safety Monitor. Id: ASCOM.GenericFile.SafetyMonitor Name: Generic File driver DisplayName: Generic File driver (ASCOM) Driver Version: 6.4
2026-04-09T20:42:44.8539|INFO|SequenceItem.cs|Run|254|Finishing Category: Connect, Item: ConnectEquipment, Selected device: Safety Monitor, Selected device id: ASCOM.GenericFile.SafetyMonitor
2026-04-09T20:42:44.8542|INFO|MeridianFlipTrigger.cs|ShouldTrigger|197|Meridian Flip - Telescope is at home position. Skip flip evaluation
2026-04-09T20:42:44.8543|INFO|SequenceItem.cs|Run|208|Starting Category: Utility, Item: WaitForTimeSpan, Time: 60s
2026-04-09T20:42:46.8569|INFO|SafetyMonitorVM.cs|UpdateMonitorValues|95|SafetyMonitorInfo state changed to Unsafe
2026-04-09T20:43:44.9155|INFO|SequenceItem.cs|Run|254|Finishing Category: Utility, Item: WaitForTimeSpan, Time: 60s
2026-04-09T20:43:44.9166|INFO|MeridianFlipTrigger.cs|ShouldTrigger|197|Meridian Flip - Telescope is at home position. Skip flip evaluation
2026-04-09T20:43:44.9172|INFO|SequenceItem.cs|Run|208|Starting Category: Powerups (Safety), Item: OnceSafe
2026-04-10T06:50:06.6271|INFO|TimeCondition.cs|Check|254|TimeCondition finished.
2026-04-10T06:50:06.6273|INFO|TimeCondition.cs|InterruptWhenTimeIsUp|63|Time limit exceeded - Interrupting current Instruction Set
2026-04-10T06:50:06.6305|INFO|WhenCommon.cs|Execute|425|When: Execute done; InFlight -> false, Triggered false
2026-04-10T06:50:06.6311|INFO|MeridianFlipTrigger.cs|ShouldTrigger|197|Meridian Flip - Telescope is at home position. Skip flip evaluation
2026-04-10T06:50:06.6313|INFO|SequenceItem.cs|Run|208|Starting Category: Utility, Item: WaitForTime, Time: 20:41:18h, Offset: -15
2026-04-10T06:50:06.6329|INFO|WhenCommon.cs|SequenceBlockTeardown|198|Teardown; shutting down watchdog
2026-04-10T06:50:06.6332|INFO|SequenceItem.cs|Run|254|Finishing Category: * Instruction Set *, Container: NINA.Sequencer.Container.SequentialContainer, Strategy: SequentialStrategy, Items[CREATED]: 11, Conditions: Condition: TimeCondition, Time: 6:50:6h, Condition: TargetSchedulerCondition mode=While Targets Remain Tonight, , Triggers: Trigger: CenterAfterDriftTrigger, DistanceArcMinutes: 1Trigger: WhenUnsafeCategory: Ground Station, Item: Failures to TelegramCategory: Connect, Item: ReconnectOnDownloadFailureTrigger: AutofocusAfterHFRIncreaseTrigger, Amount: 5Trigger: MeridianFlipTriggerCategory: Powerups (Misc), Item: DIYTriggerCategory: Ground Station, Item: Failures to PushoverTrigger: AutofocusAfterTemperatureChangeTrigger, Amount: 1.5°
2026-04-10T06:50:06.6334|INFO|SequenceItem.cs|Run|254|Finishing Category: * Instruction Set *, Container: NINA.Sequencer.Container.TargetAreaContainer, Strategy: SequentialStrategy, Items[FINISHED]: 1
2026-04-10T06:50:06.6336|INFO|SequenceItem.cs|Run|208|Starting Category: * Instruction Set *, Container: NINA.Sequencer.Container.EndAreaContainer, Strategy: SequentialStrategy, Items[CREATED]: 8
2026-04-10T06:50:06.6338|INFO|SequenceItem.cs|Run|208|Starting Category: Telescope, Item: FindHome
2026-04-10T06:50:06.6363|INFO|PHD2Guider.cs|StopGuiding|704|Phd2 - Stop Guiding skipped, as the app is already in state Stopped
2026-04-10T06:50:06.6364|INFO|TelescopeVM.cs|FindHome|292|Mount ordered to locate home position
2026-04-10T06:50:06.6368|INFO|TelescopeVM.cs|FindHome|336|Mount ordered to home but it is already at home
2026-04-10T06:50:06.6368|INFO|TelescopeVM.cs|FindHome|348|Mount has located its home position
2026-04-10T06:50:06.6370|INFO|SequenceItem.cs|Run|254|Finishing Category: Telescope, Item: FindHome
2026-04-10T06:50:06.6595|INFO|SequenceItem.cs|Run|208|Starting Night Summary - End Session
2026-04-10T06:50:06.6614|INFO|NightSummaryEndInstruction.cs|Execute|28|NightSummary: End Session instruction executing
2026-04-10T06:50:21.6672|WARNING|SessionService.cs|EndSession|73|NightSummary: EndSession called but no active session — nothing to do
2026-04-10T06:50:21.6673|INFO|NightSummaryEndInstruction.cs|Execute|39|NightSummary: Session ended successfully
2026-04-10T06:50:21.6674|INFO|SequenceItem.cs|Run|254|Finishing Night Summary - End Session
2026-04-10T06:50:21.6680|INFO|SequenceItem.cs|Run|208|Starting Category: Camera, Item: WarmCamera, Duration: 30
2026-04-10T06:50:21.6707|INFO|CameraVM.cs|WarmCamera|161|Warming Camera. Duration: 00:30:00
2026-04-10T07:22:29.2894|INFO|CameraVM.cs|WarmCamera|179|Could not reach warming temperature. Most likley due to ambient temperature being lower. Continuing...
2026-04-10T07:22:49.3811|INFO|CameraVM.cs|WarmCamera|186|Turning cooler off
2026-04-10T07:22:49.3830|INFO|SequenceItem.cs|Run|254|Finishing Category: Camera, Item: WarmCamera, Duration: 30
2026-04-10T07:22:49.3833|INFO|SequenceItem.cs|Run|208|Starting Category: Guider, Item: StopGuiding
2026-04-10T07:22:49.3891|INFO|PHD2Guider.cs|StopGuiding|704|Phd2 - Stop Guiding skipped, as the app is already in state Stopped
2026-04-10T07:22:49.3898|INFO|SequenceItem.cs|Run|254|Finishing Category: Guider, Item: StopGuiding
2026-04-10T07:22:49.3909|INFO|SequenceItem.cs|Run|208|Starting Category: Phd2 Tools, Item: ShutdownPhd2Instruction
2026-04-10T07:22:49.4447|INFO|SequenceItem.cs|Run|254|Finishing Category: Phd2 Tools, Item: ShutdownPhd2Instruction
2026-04-10T07:22:49.4453|INFO|SequenceItem.cs|Run|208|Starting Category: Connect, Item: DisconnectAllEquipment
2026-04-10T07:22:49.4482|WARNING|PHD2Client.cs|ReadEventsAsync|189|PHD2Client: Connection closed by server
2026-04-10T07:22:49.4484|INFO|DitherStatisticsVM.cs|OnPHD2ConnectionStatusChanged|737|PHD2 Connection Status: Connection lost
2026-04-10T07:22:49.4484|INFO|PHD2Client.cs|ReadEventsAsync|205|PHD2Client: Stopped reading events
2026-04-10T07:22:49.5099|INFO|CameraVM.cs|Disconnect|650|Disconnected Camera
2026-04-10T07:22:49.5107|INFO|AscomDevice.cs|Disconnect|378|Disconnecting from ASCOM.EFW2.FilterWheel ZWO FilterWheel
2026-04-10T07:22:50.1576|INFO|FilterWheelVM.cs|Disconnect|333|Disconnected Filter Wheel
2026-04-10T07:22:50.1733|INFO|AscomDevice.cs|Disconnect|378|Disconnecting from ASCOM.EAF.Focuser ZWO Focuser
2026-04-10T07:22:50.2268|INFO|FocuserVM.cs|Disconnect|441|Disconnected Focuser
2026-04-10T07:22:50.2273|INFO|DisconnectAllEquipment.cs|Execute|139|Rotator is already disconnected
2026-04-10T07:22:50.2593|INFO|AscomDevice.cs|Disconnect|378|Disconnecting from ASCOM.iOptron2017.Telescope iOptron CEM120,70,40,26, GEM, HEM, HAE, HAZ series and SkyHunter Mount
2026-04-10T07:22:50.3242|INFO|TelescopeVM.cs|Disconnect|740|Disconnected mount
2026-04-10T07:22:50.3245|INFO|DisconnectAllEquipment.cs|Execute|139|Guider is already disconnected
2026-04-10T07:22:50.3245|INFO|DisconnectAllEquipment.cs|Execute|139|Switch is already disconnected
2026-04-10T07:22:50.3245|INFO|DisconnectAllEquipment.cs|Execute|139|Flat Panel is already disconnected
2026-04-10T07:22:50.3391|INFO|AscomDevice.cs|Disconnect|378|Disconnecting from ASCOM.SkyAlert.ObservingConditions SkyAlert Observing Conditions
2026-04-10T07:22:50.3476|INFO|WeatherDataVM.cs|Disconnect|305|Disconnected Weather Device
2026-04-10T07:22:50.3478|INFO|DisconnectAllEquipment.cs|Execute|139|Dome is already disconnected
2026-04-10T07:22:50.3625|INFO|AscomDevice.cs|Disconnect|378|Disconnecting from ASCOM.GenericFile.SafetyMonitor Generic File driver
2026-04-10T07:22:50.3667|INFO|SafetyMonitorVM.cs|Disconnect|221|Disconnected Safety Monitor
2026-04-10T07:22:50.3671|INFO|SequenceItem.cs|Run|254|Finishing Category: Connect, Item: DisconnectAllEquipment
2026-04-10T07:22:50.3672|INFO|SequenceItem.cs|Run|208|Starting Category: Ground Station, Item: Send to Pushover, Title: Disconnected
2026-04-10T07:22:50.5460|INFO|SequenceItem.cs|Run|254|Finishing Category: Ground Station, Item: Send to Pushover, Title: Disconnected
2026-04-10T07:22:50.5462|INFO|SequenceItem.cs|Run|208|Starting Category: Ground Station, Item: Send to Telegram
2026-04-10T07:22:51.1547|INFO|SequenceItem.cs|Run|254|Finishing Category: Ground Station, Item: Send to Telegram
2026-04-10T07:22:51.1551|INFO|SequenceItem.cs|Run|254|Finishing Category: * Instruction Set *, Container: NINA.Sequencer.Container.EndAreaContainer, Strategy: SequentialStrategy, Items[FINISHED]: 8
2026-04-10T07:22:51.1555|INFO|SequenceItem.cs|Run|254|Finishing Category: * Instruction Set *, Container: NINA.Sequencer.Container.SequenceRootContainer, Strategy: SequentialStrategy, Items[FINISHED]: 3, Triggers: Category: Ground Station, Item: Failures to Telegram
2026-04-10T07:22:51.1568|INFO|Sequence2VM.cs|StartSequence|548|Advanced Sequence finished
2026-04-10T07:22:51.1578|INFO|WhenCommon.cs|InterruptWhen|350|Restarting sequence, Triggered -> true
2026-04-10T07:22:54.4562|INFO|PHD2Client.cs|ConnectAsync|102|PHD2Client: Connecting to PHD2 at 127.0.0.1:4400...
2026-04-10T07:22:56.4750|ERROR|PHD2Client.cs|ConnectAsync|132|PHD2Client: Connection failed: No connection could be made because the target machine actively refused it.
2026-04-10T10:38:51.3619|INFO|ApplicationVM.cs|Exit|244|Shutting down application - requested by user
2026-04-10T10:38:51.4581|INFO|ApplicationVM.cs|Closing|289|Application shutting down
2026-04-10T10:38:51.4979|INFO|DomeVM.cs|Disconnect|355|Disconnected Dome Device
2026-04-10T10:38:51.5032|INFO|FlatDeviceVM.cs|Disconnect|289|Disconnected Flat Device
2026-04-10T10:38:51.5127|INFO|CameraVM.cs|Disconnect|650|Disconnected Camera
2026-04-10T10:38:51.5133|INFO|TelescopeVM.cs|Disconnect|740|Disconnected mount
2026-04-10T10:38:51.5149|INFO|FilterWheelVM.cs|Disconnect|333|Disconnected Filter Wheel
2026-04-10T10:38:51.5154|INFO|FocuserVM.cs|Disconnect|441|Disconnected Focuser
2026-04-10T10:38:51.5200|INFO|RotatorVM.cs|Disconnect|447|Disconnected Rotator
2026-04-10T10:38:51.5239|INFO|SwitchVM.cs|Disconnect|309|Disconnected Switch
2026-04-10T10:38:51.5277|INFO|WeatherDataVM.cs|Disconnect|305|Disconnected Weather Device
2026-04-10T10:38:51.5279|INFO|SafetyMonitorVM.cs|Disconnect|221|Disconnected Safety Monitor
2026-04-10T10:38:51.8958|INFO|API.cs|StopWatchers|86|Stopping all event watchers
2026-04-10T10:38:51.9269|INFO|NightSummaryPlugin.cs|Teardown|230|NightSummary: Plugin torn down
