----------------------------------------------------------------------
--------------N.I.N.A. - Nighttime Imaging 'N' Astronomy--------------
--------------------------Version 3.2.0.9001--------------------------
-------------------------2026-05-06T17:03:26--------------------------
----------------------------------------------------------------------
---------------------Microsoft Windows 10.0.19045---------------------
-------------------------OS Architecture X64--------------------------
-----------------------Process Architecture X64-----------------------
-----------------------------.NET 8.0.21------------------------------
----------------------------------------------------------------------
--------------------------Processor Count 4---------------------------
--------------------Total Physical Memory 7.84 GB---------------------
----------------------------------------------------------------------
DATE|LEVEL|SOURCE|MEMBER|LINE|MESSAGE
2026-05-06T17:03:26.3333|INFO|App.xaml.cs|OnStartup|170|Launched with command line arguments: --sequencefile C:\Users\nicka\Astro\NINA\NINA_Sequences\TargetScheduler.json --runsequence
2026-05-06T17:03:30.2423|INFO|CameraChooserVM.cs|GetEquipment|69|Found 2 ASI Cameras
2026-05-06T17:03:30.4866|INFO|CameraChooserVM.cs|GetEquipment|84|Found 0 Altair Cameras
2026-05-06T17:03:30.7164|INFO|CameraChooserVM.cs|GetEquipment|96|Found 0 Atik Cameras
2026-05-06T17:03:30.8154|INFO|CameraChooserVM.cs|GetEquipment|110|Found 0 FLI Cameras
2026-05-06T17:03:32.1201|INFO|CameraChooserVM.cs|GetEquipment|130|Found 0 QHYCCD Cameras
2026-05-06T17:03:32.5608|INFO|CameraChooserVM.cs|GetEquipment|158|Found 0 ToupTek Cameras
2026-05-06T17:03:32.6874|INFO|CameraChooserVM.cs|GetEquipment|173|Found 0 Ogma Cameras
2026-05-06T17:03:32.8948|INFO|CameraChooserVM.cs|GetEquipment|188|Found 0 Omegon Cameras
2026-05-06T17:03:33.3300|INFO|CameraChooserVM.cs|GetEquipment|203|Found 0 RisingCam Cameras
2026-05-06T17:03:33.4711|INFO|CameraChooserVM.cs|GetEquipment|218|Found 0 MallinCam Cameras
2026-05-06T17:03:33.6100|INFO|CameraChooserVM.cs|GetEquipment|243|Found 0 SVBony Cameras
2026-05-06T17:03:33.8313|INFO|CameraChooserVM.cs|GetEquipment|259|Found 0 SBIG Cameras
2026-05-06T17:03:41.5563|INFO|ApplicationVM.cs|CheckDiskInfo|100|Available Space on Drive C:\: 146.14 GB
2026-05-06T17:03:41.5629|INFO|ApplicationVM.cs|CheckDiskInfo|102|Drive E:\ is not ready
2026-05-06T17:03:41.5644|INFO|ApplicationVM.cs|CheckDiskInfo|100|Available Space on Drive G:\: 62.14 GB
2026-05-06T17:03:41.5742|INFO|ApplicationVM.cs|CheckDiskInfo|100|Available Space on Drive Z:\: 37.27 GB
2026-05-06T17:03:42.8708|INFO|ApplicationVM.cs|CheckASCOMPlatformVersion|81|ASCOM Platform 6.6.2.4195 installed
2026-05-06T17:03:43.4524|INFO|API.cs|Start|99|Starting Webserver
2026-05-06T17:03:43.4539|INFO|API.cs|APITask|134|starting web server, listening at 172.19.6.111:1888
2026-05-06T17:03:43.6400|INFO|NINALogWatcher.cs|Start|33|watching log file: C:\Users\nicka\AppData\Local\NINA\Logs\20260429-111900-3.2.0.9001.12160-202604.log
2026-05-06T17:03:43.7206|INFO|PluginLoader.cs|LoadPlugin|402|Successfully loaded plugin Advanced API version 2.2.15.0 by Christian Palm
2026-05-06T17:03:44.5278|INFO|PluginLoader.cs|LoadPlugin|402|Successfully loaded plugin Autofocus Report Analysis version 2.0.0.9 by Stefan Berg @isbeorn
2026-05-06T17:03:44.8359|INFO|PluginLoader.cs|LoadPlugin|402|Successfully loaded plugin Connector version 2.1.0.2 by Stefan Berg @isbeorn
2026-05-06T17:03:45.0524|INFO|PluginLoader.cs|LoadPlugin|402|Successfully loaded plugin Device Actions and Commands version 2.2.0.0 by Dale Ghent
2026-05-06T17:03:45.9920|INFO|PluginLoader.cs|LoadPlugin|402|Successfully loaded plugin Discord Alert version 2.2.0.0 by Drew McDermott
2026-05-06T17:03:47.8553|INFO|PluginLoader.cs|LoadPlugin|402|Successfully loaded plugin Discord Notification version 2.0.0.10 by Daniel Ludwig
2026-05-06T17:03:50.0981|INFO|DitherStatisticsVM.cs|CreatePluginIcon|1483|Plugin icon geometry created successfully
2026-05-06T17:03:50.1249|INFO|DitherStatisticsVM.cs|LoadDataTemplates|1452|DitherStatistics DataTemplates loaded successfully
2026-05-06T17:03:50.1299|INFO|DitherStatisticsVM.cs|SaveQualityAssessmentSetting|387|Quality Assessment setting saved to file: True
2026-05-06T17:03:50.1300|INFO|DitherStatisticsVM.cs|LoadQualityAssessmentSetting|364|Quality Assessment setting loaded from file: True
2026-05-06T17:03:50.1432|INFO|DitherStatisticsVM.cs|SaveDitherOptimizerSetting|490|Dither Optimizer setting saved to file: False
2026-05-06T17:03:50.1434|INFO|DitherStatisticsVM.cs|LoadDitherOptimizerSetting|471|Dither Optimizer setting loaded from file: False
2026-05-06T17:03:50.1438|INFO|DitherStatisticsVM.cs|SubscribeToGuiderEvents|834|Subscribed to NINA guider events
2026-05-06T17:03:50.1481|ERROR|DitherStatisticsVM.cs|GetThemeColor|1437|Failed to get theme color 'PrimaryBrush': The calling thread cannot access this object because a different thread owns it.
2026-05-06T17:03:50.1483|INFO|DitherStatisticsVM.cs|StartThemeColorMonitoring|1329|Initial PrimaryBrush color: R:255 G:255 B:255
2026-05-06T17:03:50.1484|INFO|DitherStatisticsVM.cs|.ctor|96|DitherStatisticsVM initialized successfully with ScottPlot 4.1 (Lazy Loading)!
2026-05-06T17:03:50.1488|INFO|DitherStatisticsVM.cs|StartThemeColorMonitoring|1338|Theme color monitoring timer started on UI thread
2026-05-06T17:03:50.1491|INFO|PluginLoader.cs|LoadPlugin|402|Successfully loaded plugin Dither Statistics version 1.3.0.0 by Thierry Tschanz
2026-05-06T17:03:50.3608|INFO|PluginLoader.cs|LoadPlugin|402|Successfully loaded plugin Filter Offset Calculator version 2.0.0.0 by S. Dimant & Stefan Berg
2026-05-06T17:03:50.6482|INFO|DitherStatisticsVM.cs|OnThemeColorTimerTick|1357|Theme color CHANGED! Old: R:255 G:255 B:255 -> New: R:176 G:179 B:185
2026-05-06T17:03:50.6850|INFO|PluginLoader.cs|LoadPlugin|402|Successfully loaded plugin Flexure Correction version 0.8.0.0 by Francesco Meschia
2026-05-06T17:03:50.7579|INFO|DitherStatisticsVM.cs|PixelShiftPlot|136|PixelShiftPlot created (lazy loading)
2026-05-06T17:03:50.7887|INFO|DitherStatisticsVM.cs|SettleTimePlot|177|SettleTimePlot created (lazy loading)
2026-05-06T17:03:52.1484|INFO|DitherStatisticsVM.cs|ConnectToPHD2|708|Attempting to connect to PHD2...
2026-05-06T17:03:52.1502|INFO|PHD2Client.cs|ConnectAsync|102|PHD2Client: Connecting to PHD2 at 127.0.0.1:4400...
2026-05-06T17:03:54.0634|INFO|PluginLoader.cs|LoadPlugin|402|Successfully loaded plugin Ground Station version 3.0.0.117 by Dale Ghent
2026-05-06T17:03:54.1956|ERROR|PHD2Client.cs|ConnectAsync|132|PHD2Client: Connection failed: No connection could be made because the target machine actively refused it.
2026-05-06T17:03:54.1960|INFO|DitherStatisticsVM.cs|OnPHD2ConnectionStatusChanged|737|PHD2 Connection Status: Connection failed: No connection could be made because the target machine actively refused it.
2026-05-06T17:04:10.9156|INFO|PluginLoader.cs|LoadPlugin|402|Successfully loaded plugin Hocus Focus version 3.0.0.25 by George Hilios (jokogeo)
2026-05-06T17:04:11.8972|INFO|PluginLoader.cs|LoadPlugin|402|Successfully loaded plugin Horizon Creator version 1.1.2.1 by Christian Palm
2026-05-06T17:04:12.1574|INFO|PluginLoader.cs|LoadPlugin|402|Successfully loaded plugin Lightbucket version 2.2.4.0 by Lightbucket
2026-05-06T17:04:13.4667|INFO|PluginLoader.cs|LoadPlugin|402|Successfully loaded plugin Livestack version 1.1.3.0 by Stefan Berg @isbeorn
2026-05-06T17:04:13.7537|INFO|PluginLoader.cs|LoadPlugin|402|Successfully loaded plugin Log Viewer version 1.0.0.2 by Alexander Wrede @astro_alex80
2026-05-06T17:04:14.0226|INFO|PluginLoader.cs|LoadPlugin|402|Successfully loaded plugin Moon Angle version 2.2.0.0 by Dale Ghent
2026-05-06T17:04:14.6584|INFO|SessionDatabase.cs|.ctor|34|NightSummary: Database path: C:\Users\nicka\AppData\Local\NINA\NightSummary\nightsummary.sqlite
2026-05-06T17:04:14.6586|INFO|SessionDatabase.cs|.ctor|35|NightSummary: Database exists: True
2026-05-06T17:04:14.6990|INFO|SessionService.cs|.ctor|123|NightSummary: SessionService created — messageBroker=True
2026-05-06T17:04:14.9081|INFO|NightSummaryPlugin.cs|.ctor|358|NightSummary: Plugin initialized successfully
2026-05-06T17:04:14.9154|INFO|SessionDatabase.cs|.ctor|34|NightSummary: Database path: C:\Users\nicka\AppData\Local\NINA\NightSummary\nightsummary.sqlite
2026-05-06T17:04:14.9156|INFO|SessionDatabase.cs|.ctor|35|NightSummary: Database exists: True
2026-05-06T17:04:14.9326|INFO|SessionService.cs|.ctor|123|NightSummary: SessionService created — messageBroker=True
2026-05-06T17:04:14.9349|INFO|PluginLoader.cs|LoadPlugin|402|Successfully loaded plugin Night Summary version 3.0.0.0 by Evan Pegors
2026-05-06T17:04:15.3995|INFO|PluginLoader.cs|LoadPlugin|402|Successfully loaded plugin Phd2 Tools version 1.0.6.0 by Stefan Berg @isbeorn
2026-05-06T17:04:15.8550|INFO|PluginLoader.cs|LoadPlugin|402|Successfully loaded plugin PixInsight Tools version 1.0.0.3 by Stefan Berg
2026-05-06T17:04:16.8773|INFO|PluginLoader.cs|LoadPlugin|402|Successfully loaded plugin Point3D version 0.2.3.0 by Drew McDermott
2026-05-06T17:04:17.3490|INFO|StarfrontClient.cs|StartFolderWatcher|167|[Rockwood] Watching: C:\ASTROIMAGES\NINA\
2026-05-06T17:04:17.3527|INFO|PluginLoader.cs|LoadPlugin|402|Successfully loaded plugin Rockwood Starfront version 1.0.0.0 by Rockwood Observatory
2026-05-06T17:04:17.3528|INFO|StarfrontClient.cs|RunLoop|68|[Rockwood] connecting to wss://api.starfront.space:443/ws/scope?key=***
2026-05-06T17:04:17.5415|INFO|StarfrontClient.cs|RunLoop|71|[Rockwood] connected
2026-05-06T17:04:18.3897|INFO|PluginLoader.cs|LoadPlugin|402|Successfully loaded plugin Scope Control version 2.0.2.1 by Stefan Berg @isbeorn
2026-05-06T17:04:21.0312|WARNING|When.cs|GetRunningItem|143|Can't get running items: SequencerNavigation not initialized yet!
2026-05-06T17:04:21.2955|INFO|PluginLoader.cs|LoadPlugin|402|Successfully loaded plugin Sequencer Powerups version 3.29.0.9 by Marc Blank
2026-05-06T17:04:22.4199|INFO|PluginLoader.cs|LoadPlugin|402|Successfully loaded plugin Session Metadata version 2.6.3.0 by Tom Palmer @tcpalmer
2026-05-06T17:04:22.5760|INFO|PluginLoader.cs|LoadPlugin|402|Successfully loaded plugin Shutdown PC version 2.2.0.0 by Dale Ghent
2026-05-06T17:04:22.9789|INFO|PluginLoader.cs|LoadPlugin|402|Successfully loaded plugin SkyFlats version 1.0.0.4 by Gerald Hitz (@photon)
2026-05-06T17:04:23.6665|INFO|PluginLoader.cs|LoadPlugin|402|Successfully loaded plugin Smart Filters version 1.0.0.3 by Benoit SAINTOT
2026-05-06T17:04:25.5315|INFO|Plugin.cs|RunStationHeartbeatLoopAsync|861|[Subframes] TS not detected at startup - deferring first heartbeat to allow plugin load to complete.
2026-05-06T17:04:25.5385|INFO|SyncEngine.cs|Start|41|[Subframes] SyncEngine started.
2026-05-06T17:04:25.5407|INFO|CacheReplayEngine.cs|Start|101|[Subframes] CacheReplayEngine started.
2026-05-06T17:04:25.5444|INFO|Plugin.cs|.ctor|186|[Subframes] Plugin loaded (primary instance).
2026-05-06T17:04:25.5485|WARNING|Plugin.cs|OnImportsSatisfied|219|[Subframes] Sequence event subscription deferred - SequenceMediator internals not yet initialized.
2026-05-06T17:04:25.5555|WARNING|Plugin.cs|.ctor|127|[Subframes] Duplicate plugin instance created by MEF - proxying to primary to prevent duplicate sessions/sync.
2026-05-06T17:04:25.5579|INFO|PluginLoader.cs|LoadPlugin|402|Successfully loaded plugin Subframes version 0.4.1.0 by Subframes
2026-05-06T17:04:26.0411|WARNING|When.cs|GetRunningItem|143|Can't get running items: SequencerNavigation not initialized yet!
2026-05-06T17:04:26.4334|INFO|PluginLoader.cs|LoadPlugin|402|Successfully loaded plugin Target Planning version 3.2.1.0 by Tom Palmer @tcpalmer
2026-05-06T17:04:31.0431|WARNING|When.cs|GetRunningItem|143|Can't get running items: SequencerNavigation not initialized yet!
2026-05-06T17:04:33.2230|INFO|PluginLoader.cs|LoadPlugin|402|Successfully loaded plugin Target Scheduler version 5.9.0.0 by Tom Palmer @tcpalmer
2026-05-06T17:04:33.8612|INFO|PluginLoader.cs|LoadPlugin|402|Successfully loaded plugin Three Point Polar Alignment version 2.2.5.1 by Stefan Berg @isbeorn
2026-05-06T17:04:36.0439|WARNING|When.cs|GetRunningItem|143|Can't get running items: SequencerNavigation not initialized yet!
2026-05-06T17:04:37.3106|INFO|SessionHistoryManager.cs|PurgeHistoryOlderThan|102|purging web session history older than 10 days
2026-05-06T17:04:37.3912|INFO|PluginLoader.cs|LoadPlugin|402|Successfully loaded plugin Web Session History Viewer version 2.2.1.0 by Tom Palmer @tcpalmer
2026-05-06T17:04:38.1342|INFO|PluginFetcher.cs|RequestAll|43|Fetching plugin manifests from https://nighttime-imaging.eu/wp-json/nina/v1/plugins/manifests
2026-05-06T17:04:38.8136|INFO|Sequence2VM.cs|TryLoadSequenceFile|414|Loading sequence file: C:\Users\nicka\Astro\NINA\NINA_Sequences\TargetScheduler.json
2026-05-06T17:04:38.8502|INFO|CameraChooserVM.cs|GetEquipment|279|Found 0 SVBony Cameras
2026-05-06T17:04:39.0353|INFO|CameraChooserVM.cs|GetEquipment|279|Found 0 PlayerOne Cameras
2026-05-06T17:04:39.1741|INFO|CameraChooserVM.cs|GetEquipment|279|Found 0 ASTPAN Cameras
2026-05-06T17:04:39.1763|INFO|CameraChooserVM.cs|GetEquipment|293|Found 4 ASCOM Cameras
2026-05-06T17:04:39.1798|INFO|RotatorChooserVM.cs|GetEquipment|45|Found 1 Networked Rotator Rotators
2026-05-06T17:04:39.5907|INFO|Sequence2VM.cs|TryLoadSequenceFile|420|Starting sequence from command line options
2026-05-06T17:04:39.5951|INFO|Sequence2VM.cs|StartSequence|543|Advanced Sequence starting
2026-05-06T17:04:39.6932|INFO|FilterWheelChooserVM.cs|GetEquipment|167|Found 1 Networked Filter Wheel Filter Wheels
2026-05-06T17:04:40.3204|INFO|PluginFetcher.cs|RequestAll|57|Found 78 valid plugins at https://nighttime-imaging.eu/wp-json/nina/v1/plugins/manifests
2026-05-06T17:04:40.4039|INFO|SequenceItem.cs|Run|208|Starting Category: * Instruction Set *, Container: NINA.Sequencer.Container.SequenceRootContainer, Strategy: SequentialStrategy, Items[CREATED]: 3, Triggers: Category: Ground Station, Item: Failures to Telegram
2026-05-06T17:04:40.4168|INFO|SequenceItem.cs|Run|208|Starting Category: * Instruction Set *, Container: NINA.Sequencer.Container.StartAreaContainer, Strategy: SequentialStrategy, Items[CREATED]: 1
2026-05-06T17:04:40.4177|INFO|SequenceItem.cs|Run|208|Starting Category: * Instruction Set *, Container: NINA.Sequencer.Container.SequentialContainer, Strategy: SequentialStrategy, Items[CREATED]: 10
2026-05-06T17:04:40.4186|INFO|SequenceItem.cs|Run|208|Starting Category: Ground Station, Item: Send to Pushover, Title: Start
2026-05-06T17:04:40.4915|INFO|Plugin.cs|TrySubscribeSequenceEvents|245|[Subframes] ISequenceMediator.SequenceStarted not present in this NINA build - session will open on first captured image instead.
2026-05-06T17:04:40.4918|INFO|Plugin.cs|RetrySubscribeSequenceEventsAsync|281|[Subframes] Deferred sequence event subscription succeeded after 14s.
2026-05-06T17:04:40.5298|INFO|TelescopeChooserVM.cs|GetEquipment|69|Found 0 Alpaca Telescopes
2026-05-06T17:04:40.5349|INFO|FlatDeviceChooserVM.cs|GetEquipment|67|Found 0 Alpaca Cover Calibrators
2026-05-06T17:04:40.8968|INFO|DockManagerVM.cs|InitializeAvalonDockLayout|366|Initializing imaging tab layout from C:\Users\nicka\AppData\Local\NINA\Profiles\0173997c-4bfa-48fd-9337-a48b6df99c38.dock.config
2026-05-06T17:04:41.4931|INFO|RotatorChooserVM.cs|GetEquipment|68|Found 0 Alpaca Rotators
2026-05-06T17:04:41.5011|INFO|DomeChooserVM.cs|GetEquipment|67|Found 0 Alpaca Domes
2026-05-06T17:04:41.5284|INFO|SafetyMonitorChooserVM.cs|GetEquipment|71|Found 0 Alpaca Safety Monitors
2026-05-06T17:04:41.5350|INFO|CameraChooserVM.cs|GetEquipment|305|Found 0 Alpaca Cameras
2026-05-06T17:04:41.5412|INFO|CameraChooserVM.cs|GetEquipment|318|Found 0 Canon Cameras
2026-05-06T17:04:41.5881|INFO|SwitchChooserVM.cs|GetEquipment|71|Found 0 Alpaca Switch Hubs
2026-05-06T17:04:41.5984|INFO|WeatherDataChooserVM.cs|GetEquipment|69|Found 0 Alpaca Observing Conditions
2026-05-06T17:04:41.6829|INFO|SequenceItem.cs|Run|254|Finishing Category: Ground Station, Item: Send to Pushover, Title: Start
2026-05-06T17:04:41.6873|INFO|SequenceItem.cs|Run|208|Starting Category: Utility, Item: WaitForTime, Time: 19:58:35h, Offset: -80
2026-05-06T17:04:41.7203|INFO|FilterWheelChooserVM.cs|GetEquipment|193|Found 0 Alpaca Filter Wheels
2026-05-06T17:04:42.1468|INFO|FocuserChooserVM.cs|GetEquipment|84|Found 0 Alpaca Focusers
2026-05-06T17:05:32.6431|INFO|TargetSchedulerDetector.cs|DoProbeAsync|177|[Subframes] TargetSchedulerDetector: state no_api → active
2026-05-06T17:05:32.6435|INFO|Plugin.cs|OnTsStateChanged|843|[Subframes] TS state → active: firing immediate station heartbeat.
2026-05-06T19:58:45.4113|INFO|SequenceItem.cs|Run|254|Finishing Category: Utility, Item: WaitForTime, Time: 19:58:35h, Offset: -80
2026-05-06T19:58:45.4130|INFO|SequenceItem.cs|Run|208|Starting Category: Ground Station, Item: Send to Telegram
2026-05-06T19:58:46.2751|INFO|SequenceItem.cs|Run|254|Finishing Category: Ground Station, Item: Send to Telegram
2026-05-06T19:58:46.2754|INFO|SequenceItem.cs|Run|208|Starting Category: Ground Station, Item: Send to Pushover, Title: Configure Equipment
2026-05-06T19:58:46.4434|INFO|SequenceItem.cs|Run|254|Finishing Category: Ground Station, Item: Send to Pushover, Title: Configure Equipment
2026-05-06T19:58:46.4445|INFO|SequenceItem.cs|Run|208|Starting Category: Connect, Item: ConnectAllEquipment
2026-05-06T19:58:46.4659|INFO|CameraChooserVM.cs|GetEquipment|69|Found 2 ASI Cameras
2026-05-06T19:58:46.5301|INFO|CameraChooserVM.cs|GetEquipment|84|Found 0 Altair Cameras
2026-05-06T19:58:46.5303|INFO|CameraChooserVM.cs|GetEquipment|96|Found 0 Atik Cameras
2026-05-06T19:58:46.5310|INFO|CameraChooserVM.cs|GetEquipment|110|Found 0 FLI Cameras
2026-05-06T19:58:46.5311|INFO|CameraChooserVM.cs|GetEquipment|130|Found 0 QHYCCD Cameras
2026-05-06T19:58:46.6886|INFO|CameraChooserVM.cs|GetEquipment|158|Found 0 ToupTek Cameras
2026-05-06T19:58:46.6935|INFO|CameraChooserVM.cs|GetEquipment|173|Found 0 Ogma Cameras
2026-05-06T19:58:46.7074|INFO|CameraChooserVM.cs|GetEquipment|188|Found 0 Omegon Cameras
2026-05-06T19:58:46.8602|INFO|CameraChooserVM.cs|GetEquipment|203|Found 0 RisingCam Cameras
2026-05-06T19:58:46.8742|INFO|CameraChooserVM.cs|GetEquipment|218|Found 0 MallinCam Cameras
2026-05-06T19:58:46.8757|INFO|CameraChooserVM.cs|GetEquipment|243|Found 0 SVBony Cameras
2026-05-06T19:58:46.8783|INFO|CameraChooserVM.cs|GetEquipment|259|Found 0 SBIG Cameras
2026-05-06T19:58:46.8789|INFO|CameraChooserVM.cs|GetEquipment|279|Found 0 SVBony Cameras
2026-05-06T19:58:46.8793|INFO|CameraChooserVM.cs|GetEquipment|279|Found 0 PlayerOne Cameras
2026-05-06T19:58:46.8870|INFO|CameraChooserVM.cs|GetEquipment|279|Found 0 ASTPAN Cameras
2026-05-06T19:58:46.8879|INFO|CameraChooserVM.cs|GetEquipment|293|Found 4 ASCOM Cameras
2026-05-06T19:58:48.8888|INFO|CameraChooserVM.cs|GetEquipment|305|Found 0 Alpaca Cameras
2026-05-06T19:58:48.8953|INFO|CameraChooserVM.cs|GetEquipment|318|Found 0 Canon Cameras
2026-05-06T19:58:48.9710|INFO|CameraVM.cs|Disconnect|650|Disconnected Camera
2026-05-06T19:58:49.5171|WARNING|ASICamera.cs|SetControlValue|568|Failed to set ASI Control Value ASI_WB_B with value 50
2026-05-06T19:58:49.5172|WARNING|ASICamera.cs|SetControlValue|568|Failed to set ASI Control Value ASI_WB_R with value 50
2026-05-06T19:58:49.5173|WARNING|ASICamera.cs|SetControlValue|568|Failed to set ASI Control Value ASI_GAMMA with value 50
2026-05-06T19:58:49.5173|WARNING|ASICamera.cs|SetControlValue|568|Failed to set ASI Control Value ASI_HIGH_SPEED_MODE with value 0
2026-05-06T19:58:49.5173|WARNING|ASICamera.cs|SetControlValue|568|Failed to set ASI Control Value ASI_OVERCLOCK with value 0
2026-05-06T19:58:49.5174|WARNING|ASICamera.cs|SetControlValue|568|Failed to set ASI Control Value ASI_PATTERN_ADJUST with value 0
2026-05-06T19:58:49.5181|WARNING|ASICamera.cs|SetControlValue|568|Failed to set ASI Control Value ASI_MONO_BIN with value 0
2026-05-06T19:58:49.5192|INFO|ASICamera.cs|Initialize|664|Camera ID: ASI533MM
2026-05-06T19:58:49.5289|WARNING|ASICamera.cs|SetControlValue|568|Failed to set ASI Control Value ASI_ANTI_DEW_HEATER with value 0
2026-05-06T19:58:49.5572|INFO|CameraVM.cs|ChooseCamera|455|Successfully connected Camera. Id: ZWOptical_ZWO ASI533MM Pro_ASI533MM Name: ZWO ASI533MM Pro DisplayName: ZWO ASI533MM Pro (ASI533MM)Driver Version: 1, 39, 0, 0
2026-05-06T19:58:50.1057|INFO|FilterWheelChooserVM.cs|GetEquipment|167|Found 1 Networked Filter Wheel Filter Wheels
2026-05-06T19:58:52.1075|INFO|FilterWheelChooserVM.cs|GetEquipment|193|Found 0 Alpaca Filter Wheels
2026-05-06T19:58:52.1393|INFO|FilterWheelVM.cs|Disconnect|333|Disconnected Filter Wheel
2026-05-06T19:58:55.5536|INFO|FilterWheelVM.cs|ChooseFW|279|Successfully connected Filter Wheel. Id: ASCOM.EFW2.FilterWheel Name: ZWO FilterWheel DisplayName: ZWO FilterWheel (ASCOM) Driver Version: 6.0
2026-05-06T19:58:59.4054|INFO|FocuserChooserVM.cs|GetEquipment|84|Found 0 Alpaca Focusers
2026-05-06T19:58:59.4564|INFO|FocuserVM.cs|Disconnect|441|Disconnected Focuser
2026-05-06T19:59:01.2193|ERROR|AscomDevice.cs|GetProperty|546|An unexpected exception occurred during GET of Focuser.StepSize: 
ASCOM.DriverException: The method or operation is not implemented.
 ---> System.NotImplementedException: The method or operation is not implemented.
   --- End of inner exception stack trace ---
   at ASCOM.Com.DriverAccess.DynamicAccess.CheckDotNetExceptions(String memberName, Exception e) in J:\ASCOMLibrary\ASCOM.Com\ASCOM.Com.DriverAccess\BaseClass\DynamicAccess.cs:line 278
   at ASCOM.Com.DriverAccess.DynamicAccess.TryGetMember(GetMemberBinder binder, Object& result) in J:\ASCOMLibrary\ASCOM.Com\ASCOM.Com.DriverAccess\BaseClass\DynamicAccess.cs:line 150
   at CallSite.Target(Closure, CallSite, Object)
   at System.Dynamic.UpdateDelegates.UpdateAndExecute1[T0,TRet](CallSite site, T0 arg0)
   at ASCOM.Com.DriverAccess.Focuser.get_StepSize() in J:\ASCOMLibrary\ASCOM.Com\ASCOM.Com.DriverAccess\Focuser.cs:line 159
   at System.RuntimeMethodHandle.InvokeMethod(Object target, Void** arguments, Signature sig, Boolean isConstructor)
   at System.Reflection.MethodBaseInvoker.InvokeWithNoArgs(Object obj, BindingFlags invokeAttr)
2026-05-06T19:59:01.4292|INFO|AscomDevice.cs|GetProperty|485|Retrying to GET Focuser.StepSize - Attempt 2 / 3
2026-05-06T19:59:01.4323|ERROR|AscomDevice.cs|GetProperty|546|An unexpected exception occurred during GET of Focuser.StepSize: 
ASCOM.DriverException: The method or operation is not implemented.
 ---> System.NotImplementedException: The method or operation is not implemented.
   --- End of inner exception stack trace ---
   at ASCOM.Com.DriverAccess.DynamicAccess.CheckDotNetExceptions(String memberName, Exception e) in J:\ASCOMLibrary\ASCOM.Com\ASCOM.Com.DriverAccess\BaseClass\DynamicAccess.cs:line 278
   at ASCOM.Com.DriverAccess.DynamicAccess.TryGetMember(GetMemberBinder binder, Object& result) in J:\ASCOMLibrary\ASCOM.Com\ASCOM.Com.DriverAccess\BaseClass\DynamicAccess.cs:line 150
   at CallSite.Target(Closure, CallSite, Object)
   at ASCOM.Com.DriverAccess.Focuser.get_StepSize() in J:\ASCOMLibrary\ASCOM.Com\ASCOM.Com.DriverAccess\Focuser.cs:line 159
   at InvokeStub_Focuser.get_StepSize(Object, Object, IntPtr*)
   at System.Reflection.MethodBaseInvoker.InvokeWithNoArgs(Object obj, BindingFlags invokeAttr)
2026-05-06T19:59:01.6334|INFO|AscomDevice.cs|GetProperty|485|Retrying to GET Focuser.StepSize - Attempt 3 / 3
2026-05-06T19:59:01.6344|ERROR|AscomDevice.cs|GetProperty|546|An unexpected exception occurred during GET of Focuser.StepSize: 
ASCOM.DriverException: The method or operation is not implemented.
 ---> System.NotImplementedException: The method or operation is not implemented.
   --- End of inner exception stack trace ---
   at ASCOM.Com.DriverAccess.DynamicAccess.CheckDotNetExceptions(String memberName, Exception e) in J:\ASCOMLibrary\ASCOM.Com\ASCOM.Com.DriverAccess\BaseClass\DynamicAccess.cs:line 278
   at ASCOM.Com.DriverAccess.DynamicAccess.TryGetMember(GetMemberBinder binder, Object& result) in J:\ASCOMLibrary\ASCOM.Com\ASCOM.Com.DriverAccess\BaseClass\DynamicAccess.cs:line 150
   at CallSite.Target(Closure, CallSite, Object)
   at ASCOM.Com.DriverAccess.Focuser.get_StepSize() in J:\ASCOMLibrary\ASCOM.Com\ASCOM.Com.DriverAccess\Focuser.cs:line 159
   at InvokeStub_Focuser.get_StepSize(Object, Object, IntPtr*)
   at System.Reflection.MethodBaseInvoker.InvokeWithNoArgs(Object obj, BindingFlags invokeAttr)
2026-05-06T19:59:01.6349|INFO|AscomDevice.cs|GetProperty|556|GET Focuser.StepSize failed - Returning last known value 0
2026-05-06T19:59:01.8573|INFO|FocuserVM.cs|ChooseFocuser|333|Successfully connected Focuser. Id: ASCOM.EAF.Focuser Name: ZWO Focuser DisplayName: ZWO Focuser (ASCOM) Driver Version: 6.0
2026-05-06T19:59:03.8614|INFO|TelescopeChooserVM.cs|GetEquipment|69|Found 0 Alpaca Telescopes
2026-05-06T19:59:03.9052|INFO|TelescopeVM.cs|Disconnect|740|Disconnected mount
2026-05-06T19:59:06.5404|INFO|AscomTelescope.cs|CheckMountTime|845|Mount UTC Time: 2026-05-07 00:59:04Z / System UTC Time: 2026-05-07 00:59:06Z; Difference: 1.704 seconds
2026-05-06T19:59:06.5980|INFO|AscomTelescope.cs|CheckMountTime|852|System time has been synced to the mount
2026-05-06T19:59:06.8514|INFO|TelescopeVM.cs|ChooseTelescope|535|Successfully connected mount. Id: ASCOM.iOptron2017.Telescope Name: iOptron CEM120,70,40,26, GEM, HEM, HAE, HAZ series and SkyHunter Mount DisplayName: iOptron CEM120,70,40,26, GEM, HEM, HAE, HAZ series and SkyHunter Mount (ASCOM) Driver Version: 9.15
2026-05-06T19:59:06.8643|INFO|PHD2Guider.cs|Connect|205|Connecting to PHD2 server at 127.0.0.1:4400
2026-05-06T19:59:11.0997|INFO|PHD2Client.cs|ConnectAsync|118|PHD2Client: Connected successfully!
2026-05-06T19:59:11.0998|INFO|DitherStatisticsVM.cs|OnPHD2ConnectionStatusChanged|734|PHD2 Connection Status: Connected
2026-05-06T19:59:11.0998|INFO|DitherStatisticsVM.cs|ConnectToPHD2|713|Successfully connected to PHD2!
2026-05-06T19:59:11.1011|INFO|PHD2Client.cs|ReadEventsAsync|181|PHD2Client: Started reading events
2026-05-06T19:59:11.4753|INFO|PHD2Client.cs|HandleVersion|366|PHD2Client: Connected to PHD2 version 2.6.14. (Message Protocol v1)
2026-05-06T19:59:11.4764|INFO|PHD2Client.cs|HandleAppState|376|PHD2Client: PHD2 AppState: Stopped
2026-05-06T19:59:11.6044|INFO|PHD2Client.cs|ProcessEvent|268|PHD2: ConfigurationChange
2026-05-06T19:59:12.2968|INFO|PHD2Client.cs|QueryExposureTime|1216|PHD2Client: Exposure time from PHD2 API: 2.000 seconds (2000 ms)
2026-05-06T19:59:14.3255|INFO|WeatherDataChooserVM.cs|GetEquipment|69|Found 0 Alpaca Observing Conditions
2026-05-06T19:59:14.3658|INFO|WeatherDataVM.cs|Disconnect|305|Disconnected Weather Device
2026-05-06T19:59:16.7485|INFO|AscomDevice.cs|GetProperty|527|Property ObservingConditions.SkyQuality GET is not implemented in this driver (SkyAlert Observing Conditions)
2026-05-06T19:59:16.7558|INFO|AscomDevice.cs|GetProperty|527|Property ObservingConditions.StarFWHM GET is not implemented in this driver (SkyAlert Observing Conditions)
2026-05-06T19:59:16.7696|INFO|WeatherDataVM.cs|ChooseWeatherData|150|Successfully connected Weather Device. Id: ASCOM.SkyAlert.ObservingConditions Name: SkyAlert Observing Conditions DisplayName: SkyAlert Observing Conditions (ASCOM) Driver Version: 1.7
2026-05-06T19:59:18.7714|INFO|SafetyMonitorChooserVM.cs|GetEquipment|71|Found 0 Alpaca Safety Monitors
2026-05-06T19:59:18.7793|INFO|SafetyMonitorVM.cs|Disconnect|221|Disconnected Safety Monitor
2026-05-06T19:59:19.4529|INFO|SafetyMonitorVM.cs|Connect|175|Successfully connected Safety Monitor. Id: ASCOM.GenericFile.SafetyMonitor Name: Generic File driver DisplayName: Generic File driver (ASCOM) Driver Version: 6.4
2026-05-06T19:59:19.4533|INFO|SequenceItem.cs|Run|254|Finishing Category: Connect, Item: ConnectAllEquipment
2026-05-06T19:59:19.4539|INFO|SequenceItem.cs|Run|208|Starting Category: Telescope, Item: FindHome
2026-05-06T19:59:19.4604|INFO|PHD2Guider.cs|StopGuiding|704|Phd2 - Stop Guiding skipped, as the app is already in state Stopped
2026-05-06T19:59:19.4623|INFO|TelescopeVM.cs|FindHome|292|Mount ordered to locate home position
2026-05-06T19:59:19.4649|INFO|TelescopeVM.cs|FindHome|336|Mount ordered to home but it is already at home
2026-05-06T19:59:19.4653|INFO|TelescopeVM.cs|FindHome|348|Mount has located its home position
2026-05-06T19:59:19.4663|INFO|SequenceItem.cs|Run|254|Finishing Category: Telescope, Item: FindHome
2026-05-06T19:59:19.4666|INFO|SequenceItem.cs|Run|208|Starting Category: Ground Station, Item: Send to Telegram
2026-05-06T19:59:20.1050|INFO|SequenceItem.cs|Run|254|Finishing Category: Ground Station, Item: Send to Telegram
2026-05-06T19:59:20.1056|INFO|SequenceItem.cs|Run|208|Starting Category: Ground Station, Item: Send to Pushover, Title: Cool
2026-05-06T19:59:20.2668|INFO|SequenceItem.cs|Run|254|Finishing Category: Ground Station, Item: Send to Pushover, Title: Cool
2026-05-06T19:59:20.2685|INFO|SequenceItem.cs|Run|208|Starting Category: Camera, Item: CoolCamera, Temperature: -5, Duration: 15
2026-05-06T19:59:20.2812|INFO|CameraVM.cs|CoolCamera|138|Cooling Camera. Target: -5 Duration: 00:15:00
2026-05-06T19:59:21.4579|INFO|SafetyMonitorVM.cs|UpdateMonitorValues|95|SafetyMonitorInfo state changed to Unsafe
2026-05-06T20:14:25.2640|INFO|SequenceItem.cs|Run|254|Finishing Category: Camera, Item: CoolCamera, Temperature: -5, Duration: 15
2026-05-06T20:14:25.2645|INFO|SequenceItem.cs|Run|208|Starting Category: Utility, Item: WaitForTime, Time: 21:3:35h, Offset: -15
2026-05-06T21:03:38.0549|INFO|SequenceItem.cs|Run|254|Finishing Category: Utility, Item: WaitForTime, Time: 21:3:35h, Offset: -15
2026-05-06T21:03:38.0649|INFO|SequenceItem.cs|Run|254|Finishing Category: * Instruction Set *, Container: NINA.Sequencer.Container.SequentialContainer, Strategy: SequentialStrategy, Items[FINISHED]: 10
2026-05-06T21:03:38.0655|INFO|SequenceItem.cs|Run|254|Finishing Category: * Instruction Set *, Container: NINA.Sequencer.Container.StartAreaContainer, Strategy: SequentialStrategy, Items[FINISHED]: 1
2026-05-06T21:03:38.0662|INFO|SequenceItem.cs|Run|208|Starting Category: * Instruction Set *, Container: NINA.Sequencer.Container.TargetAreaContainer, Strategy: SequentialStrategy, Items[CREATED]: 1
2026-05-06T21:03:38.0708|INFO|SequenceItem.cs|Run|208|Starting Category: * Instruction Set *, Container: NINA.Sequencer.Container.SequentialContainer, Strategy: SequentialStrategy, Items[CREATED]: 12, Conditions: Condition: TimeCondition, Time: 6:20:37h, Condition: TargetSchedulerCondition mode=While Targets Remain Tonight, , Triggers: Trigger: CenterAfterDriftTrigger, DistanceArcMinutes: 1Trigger: WhenUnsafeCategory: Ground Station, Item: Failures to TelegramCategory: Connect, Item: ReconnectOnDownloadFailureTrigger: AutofocusAfterHFRIncreaseTrigger, Amount: 5Trigger: MeridianFlipTriggerCategory: Powerups (Misc), Item: DIYTriggerCategory: Ground Station, Item: Failures to PushoverTrigger: AutofocusAfterTemperatureChangeTrigger, Amount: 1.5°
2026-05-06T21:03:38.0763|INFO|WhenCommon.cs|SequenceBlockInitialize|204|Initialize; starting watchdog
2026-05-06T21:03:38.0864|INFO|WhenUnsafe.cs|CheckSafe|77|IsSafe is now FALSE; connected = True, IsSafe = False
2026-05-06T21:03:38.0868|INFO|WhenCommon.cs|ShouldTrigger|378|ShouldTrigger TRUE from InterruptWhen, setting TriggerRunner
2026-05-06T21:03:38.0871|INFO|WhenCommon.cs|InterruptWhen|322|Interrupting current Instruction Set
2026-05-06T21:03:38.0929|INFO|WhenCommon.cs|InterruptWhen|332|Canceling sequence...
2026-05-06T21:03:39.0938|INFO|WhenCommon.cs|InterruptWhen|336|Delay 1000
2026-05-06T21:03:40.0940|INFO|WhenCommon.cs|InterruptWhen|336|Delay 1000
2026-05-06T21:03:41.0947|INFO|WhenCommon.cs|InterruptWhen|336|Delay 1000
2026-05-06T21:03:42.0938|INFO|WhenCommon.cs|InterruptWhen|336|Delay 1000
2026-05-06T21:03:43.1010|INFO|WhenCommon.cs|InterruptWhen|336|Delay 1000
2026-05-06T21:03:44.1016|INFO|WhenCommon.cs|InterruptWhen|336|Delay 1000
2026-05-06T21:03:45.1031|INFO|WhenCommon.cs|InterruptWhen|336|Delay 1000
2026-05-06T21:03:46.1041|INFO|WhenCommon.cs|InterruptWhen|336|Delay 1000
2026-05-06T21:03:47.1053|INFO|WhenCommon.cs|InterruptWhen|336|Delay 1000
2026-05-06T21:03:48.1048|INFO|WhenCommon.cs|InterruptWhen|336|Delay 1000
2026-05-06T21:03:49.1055|INFO|WhenCommon.cs|InterruptWhen|336|Delay 1000
2026-05-06T21:03:50.1059|INFO|WhenCommon.cs|InterruptWhen|336|Delay 1000
2026-05-06T21:03:51.1068|INFO|WhenCommon.cs|InterruptWhen|336|Delay 1000
2026-05-06T21:03:52.1070|INFO|WhenCommon.cs|InterruptWhen|336|Delay 1000
2026-05-06T21:03:53.1076|INFO|WhenCommon.cs|InterruptWhen|336|Delay 1000
2026-05-06T21:03:54.1091|INFO|WhenCommon.cs|InterruptWhen|336|Delay 1000
2026-05-06T21:03:55.1094|INFO|WhenCommon.cs|InterruptWhen|336|Delay 1000
2026-05-06T21:03:56.1086|INFO|WhenCommon.cs|InterruptWhen|336|Delay 1000
2026-05-06T21:03:57.1089|INFO|WhenCommon.cs|InterruptWhen|336|Delay 1000
2026-05-06T21:03:58.1097|INFO|WhenCommon.cs|InterruptWhen|336|Delay 1000
2026-05-06T21:03:59.1096|INFO|WhenCommon.cs|InterruptWhen|336|Delay 1000
2026-05-06T21:04:00.1112|INFO|WhenCommon.cs|InterruptWhen|336|Delay 1000
2026-05-06T21:04:01.1109|INFO|WhenCommon.cs|InterruptWhen|336|Delay 1000
2026-05-06T21:04:02.1115|INFO|WhenCommon.cs|InterruptWhen|336|Delay 1000
2026-05-06T21:04:03.1134|INFO|WhenCommon.cs|InterruptWhen|336|Delay 1000
2026-05-06T21:04:04.1139|INFO|WhenCommon.cs|InterruptWhen|336|Delay 1000
2026-05-06T21:04:05.1143|INFO|WhenCommon.cs|InterruptWhen|336|Delay 1000
2026-05-06T21:04:06.1149|INFO|WhenCommon.cs|InterruptWhen|336|Delay 1000
2026-05-06T21:04:06.4845|INFO|WhenCommon.cs|SequenceBlockTeardown|198|Teardown; shutting down watchdog
2026-05-06T21:04:06.4870|INFO|Sequencer.cs|Start|85|Sequence run was cancelled
2026-05-06T21:04:06.5041|INFO|Sequence2VM.cs|StartSequence|548|Advanced Sequence finished
2026-05-06T21:04:07.1275|INFO|WhenCommon.cs|InterruptWhen|339|Sequence no longer running
2026-05-06T21:04:07.1285|WARNING|WhenCommon.cs|CheckSlewing|263|CheckSlewing, WhenUnsafe = True, Connected = True, CanSlew = True, info.Slewing = False
2026-05-06T21:04:07.1296|INFO|Sequence2VM.cs|StartSequence|543|Advanced Sequence starting
2026-05-06T21:04:07.2017|INFO|SequenceItem.cs|Run|208|Starting Category: * Instruction Set *, Container: NINA.Sequencer.Container.SequenceRootContainer, Strategy: SequentialStrategy, Items[CREATED]: 3, Triggers: Category: Ground Station, Item: Failures to Telegram
2026-05-06T21:04:07.2020|INFO|SequenceItem.cs|Run|208|Starting Category: * Instruction Set *, Container: NINA.Sequencer.Container.StartAreaContainer, Strategy: SequentialStrategy, Items[FINISHED]: 1
2026-05-06T21:04:07.2021|INFO|SequenceItem.cs|Run|254|Finishing Category: * Instruction Set *, Container: NINA.Sequencer.Container.StartAreaContainer, Strategy: SequentialStrategy, Items[FINISHED]: 1
2026-05-06T21:04:07.2022|INFO|SequenceItem.cs|Run|208|Starting Category: * Instruction Set *, Container: NINA.Sequencer.Container.TargetAreaContainer, Strategy: SequentialStrategy, Items[CREATED]: 1
2026-05-06T21:04:07.2023|INFO|SequenceItem.cs|Run|208|Starting Category: * Instruction Set *, Container: NINA.Sequencer.Container.SequentialContainer, Strategy: SequentialStrategy, Items[CREATED]: 12, Conditions: Condition: TimeCondition, Time: 6:20:37h, Condition: TargetSchedulerCondition mode=While Targets Remain Tonight, , Triggers: Trigger: CenterAfterDriftTrigger, DistanceArcMinutes: 1Trigger: WhenUnsafeCategory: Ground Station, Item: Failures to TelegramCategory: Connect, Item: ReconnectOnDownloadFailureTrigger: AutofocusAfterHFRIncreaseTrigger, Amount: 5Trigger: MeridianFlipTriggerCategory: Powerups (Misc), Item: DIYTriggerCategory: Ground Station, Item: Failures to PushoverTrigger: AutofocusAfterTemperatureChangeTrigger, Amount: 1.5°
2026-05-06T21:04:07.2026|INFO|WhenCommon.cs|SequenceBlockInitialize|204|Initialize; starting watchdog
2026-05-06T21:04:07.2041|INFO|WhenCommon.cs|ShouldTrigger|382|ShouldTrigger TRUE, setting TriggerRunner
2026-05-06T21:04:07.2062|INFO|SequenceTrigger.cs|Run|114|Starting Trigger: WhenUnsafe
2026-05-06T21:04:07.2166|INFO|WhenCommon.cs|Execute|395|Execute 0
2026-05-06T21:04:07.2168|INFO|WhenCommon.cs|Execute|409|When: running TriggerRunner, InFlight -> true, Triggered -> false
2026-05-06T21:04:07.2169|WARNING|WhenCommon.cs|CheckSlewing|263|CheckSlewing, WhenUnsafe = True, Connected = True, CanSlew = True, info.Slewing = False
2026-05-06T21:04:07.2171|INFO|SequenceItem.cs|Run|208|Starting Category: , Container: WhenPlugin.When.IfContainer, Strategy: SequentialStrategy, Items[CREATED]: 9
2026-05-06T21:04:07.2380|INFO|MeridianFlipTrigger.cs|ShouldTrigger|197|Meridian Flip - Telescope is at home position. Skip flip evaluation
2026-05-06T21:04:07.2405|INFO|SequenceItem.cs|Run|208|Starting Category: Ground Station, Item: Send to Telegram
2026-05-06T21:04:08.0555|INFO|SequenceItem.cs|Run|254|Finishing Category: Ground Station, Item: Send to Telegram
2026-05-06T21:04:08.0587|INFO|MeridianFlipTrigger.cs|ShouldTrigger|197|Meridian Flip - Telescope is at home position. Skip flip evaluation
2026-05-06T21:04:08.0592|INFO|SequenceItem.cs|Run|208|Starting Category: Ground Station, Item: Send to Pushover, Title: Unsafe
2026-05-06T21:04:08.2263|INFO|SequenceItem.cs|Run|254|Finishing Category: Ground Station, Item: Send to Pushover, Title: Unsafe
2026-05-06T21:04:08.2270|INFO|MeridianFlipTrigger.cs|ShouldTrigger|197|Meridian Flip - Telescope is at home position. Skip flip evaluation
2026-05-06T21:04:08.2270|INFO|SequenceItem.cs|Run|208|Starting Category: Telescope, Item: FindHome
2026-05-06T21:04:08.2298|INFO|PHD2Guider.cs|StopGuiding|704|Phd2 - Stop Guiding skipped, as the app is already in state Stopped
2026-05-06T21:04:08.2300|INFO|TelescopeVM.cs|FindHome|292|Mount ordered to locate home position
2026-05-06T21:04:08.2304|INFO|TelescopeVM.cs|FindHome|336|Mount ordered to home but it is already at home
2026-05-06T21:04:08.2304|INFO|TelescopeVM.cs|FindHome|348|Mount has located its home position
2026-05-06T21:04:08.2306|INFO|SequenceItem.cs|Run|254|Finishing Category: Telescope, Item: FindHome
2026-05-06T21:04:08.2310|INFO|MeridianFlipTrigger.cs|ShouldTrigger|197|Meridian Flip - Telescope is at home position. Skip flip evaluation
2026-05-06T21:04:08.2315|INFO|SequenceItem.cs|Run|208|Starting Category: Guider, Item: StopGuiding
2026-05-06T21:04:08.2339|INFO|PHD2Guider.cs|StopGuiding|704|Phd2 - Stop Guiding skipped, as the app is already in state Stopped
2026-05-06T21:04:08.2340|INFO|SequenceItem.cs|Run|254|Finishing Category: Guider, Item: StopGuiding
2026-05-06T21:04:08.2344|INFO|MeridianFlipTrigger.cs|ShouldTrigger|197|Meridian Flip - Telescope is at home position. Skip flip evaluation
2026-05-06T21:04:08.2351|INFO|SequenceItem.cs|Run|208|Starting Category: Connect, Item: DisconnectEquipment, Selected device: Safety Monitor
2026-05-06T21:04:08.3174|INFO|AscomDevice.cs|Disconnect|378|Disconnecting from ASCOM.GenericFile.SafetyMonitor Generic File driver
2026-05-06T21:04:08.3448|INFO|SafetyMonitorVM.cs|Disconnect|221|Disconnected Safety Monitor
2026-05-06T21:04:08.3451|INFO|SequenceItem.cs|Run|254|Finishing Category: Connect, Item: DisconnectEquipment, Selected device: Safety Monitor
2026-05-06T21:04:08.3456|INFO|MeridianFlipTrigger.cs|ShouldTrigger|197|Meridian Flip - Telescope is at home position. Skip flip evaluation
2026-05-06T21:04:08.3462|INFO|SequenceItem.cs|Run|208|Starting Category: Utility, Item: WaitForTimeSpan, Time: 60s
2026-05-06T21:05:08.4309|INFO|SequenceItem.cs|Run|254|Finishing Category: Utility, Item: WaitForTimeSpan, Time: 60s
2026-05-06T21:05:08.4314|INFO|MeridianFlipTrigger.cs|ShouldTrigger|197|Meridian Flip - Telescope is at home position. Skip flip evaluation
2026-05-06T21:05:08.4320|INFO|SequenceItem.cs|Run|208|Starting Category: Connect, Item: ConnectEquipment, Selected device: Safety Monitor, Selected device id: ASCOM.GenericFile.SafetyMonitor
2026-05-06T21:05:10.4353|INFO|SafetyMonitorChooserVM.cs|GetEquipment|71|Found 0 Alpaca Safety Monitors
2026-05-06T21:05:10.4646|INFO|SafetyMonitorVM.cs|Disconnect|221|Disconnected Safety Monitor
2026-05-06T21:05:10.5516|INFO|SafetyMonitorVM.cs|Connect|175|Successfully connected Safety Monitor. Id: ASCOM.GenericFile.SafetyMonitor Name: Generic File driver DisplayName: Generic File driver (ASCOM) Driver Version: 6.4
2026-05-06T21:05:10.5521|INFO|SequenceItem.cs|Run|254|Finishing Category: Connect, Item: ConnectEquipment, Selected device: Safety Monitor, Selected device id: ASCOM.GenericFile.SafetyMonitor
2026-05-06T21:05:10.5525|INFO|MeridianFlipTrigger.cs|ShouldTrigger|197|Meridian Flip - Telescope is at home position. Skip flip evaluation
2026-05-06T21:05:10.5526|INFO|SequenceItem.cs|Run|208|Starting Category: Utility, Item: WaitForTimeSpan, Time: 60s
2026-05-06T21:05:12.5522|INFO|SafetyMonitorVM.cs|UpdateMonitorValues|95|SafetyMonitorInfo state changed to Unsafe
2026-05-06T21:06:10.6451|INFO|SequenceItem.cs|Run|254|Finishing Category: Utility, Item: WaitForTimeSpan, Time: 60s
2026-05-06T21:06:10.6462|INFO|MeridianFlipTrigger.cs|ShouldTrigger|197|Meridian Flip - Telescope is at home position. Skip flip evaluation
2026-05-06T21:06:10.6468|INFO|SequenceItem.cs|Run|208|Starting Category: Powerups (Safety), Item: OnceSafe
2026-05-06T23:29:38.6310|WARNING|SubframesClient.cs|SendStationHeartbeatAsync|454|[Subframes] Station heartbeat timed out
2026-05-07T02:12:00.5439|INFO|FrameCache.cs|PruneSynced|249|[Subframes] Pruned 1 synced frames older than 72h
2026-05-07T02:22:00.5398|INFO|FrameCache.cs|PruneSynced|249|[Subframes] Pruned 1 synced frames older than 72h
2026-05-07T02:32:00.5397|INFO|FrameCache.cs|PruneSynced|249|[Subframes] Pruned 1 synced frames older than 72h
2026-05-07T02:42:00.5406|INFO|FrameCache.cs|PruneSynced|249|[Subframes] Pruned 1 synced frames older than 72h
2026-05-07T02:55:30.5397|INFO|FrameCache.cs|PruneSynced|249|[Subframes] Pruned 1 synced frames older than 72h
2026-05-07T04:08:04.8794|WARNING|DeviceUpdateTimer.cs|Run|115|Mount value update cycle took longer than the device poll interval (Total: 4.00s > 2s; Poll: 00:00:04.0010984; Update: 00:00:00.0002289)
2026-05-07T06:20:37.8120|INFO|TimeCondition.cs|Check|254|TimeCondition finished.
2026-05-07T06:20:37.8123|INFO|TimeCondition.cs|InterruptWhenTimeIsUp|63|Time limit exceeded - Interrupting current Instruction Set
2026-05-07T06:20:37.8212|INFO|WhenCommon.cs|Execute|425|When: Execute done; InFlight -> false, Triggered false
2026-05-07T06:20:37.8224|INFO|MeridianFlipTrigger.cs|ShouldTrigger|197|Meridian Flip - Telescope is at home position. Skip flip evaluation
2026-05-07T06:20:37.8229|INFO|SequenceItem.cs|Run|208|Starting Category: Utility, Item: WaitForTime, Time: 21:3:35h, Offset: -15
2026-05-07T06:20:37.8252|INFO|WhenCommon.cs|SequenceBlockTeardown|198|Teardown; shutting down watchdog
2026-05-07T06:20:37.8256|INFO|SequenceItem.cs|Run|254|Finishing Category: * Instruction Set *, Container: NINA.Sequencer.Container.SequentialContainer, Strategy: SequentialStrategy, Items[CREATED]: 12, Conditions: Condition: TimeCondition, Time: 6:20:37h, Condition: TargetSchedulerCondition mode=While Targets Remain Tonight, , Triggers: Trigger: CenterAfterDriftTrigger, DistanceArcMinutes: 1Trigger: WhenUnsafeCategory: Ground Station, Item: Failures to TelegramCategory: Connect, Item: ReconnectOnDownloadFailureTrigger: AutofocusAfterHFRIncreaseTrigger, Amount: 5Trigger: MeridianFlipTriggerCategory: Powerups (Misc), Item: DIYTriggerCategory: Ground Station, Item: Failures to PushoverTrigger: AutofocusAfterTemperatureChangeTrigger, Amount: 1.5°
2026-05-07T06:20:37.8258|INFO|SequenceItem.cs|Run|254|Finishing Category: * Instruction Set *, Container: NINA.Sequencer.Container.TargetAreaContainer, Strategy: SequentialStrategy, Items[FINISHED]: 1
2026-05-07T06:20:37.8262|INFO|SequenceItem.cs|Run|208|Starting Category: * Instruction Set *, Container: NINA.Sequencer.Container.EndAreaContainer, Strategy: SequentialStrategy, Items[CREATED]: 9
2026-05-07T06:20:37.8266|INFO|SequenceItem.cs|Run|208|Starting Category: Telescope, Item: FindHome
2026-05-07T06:20:37.8304|INFO|PHD2Guider.cs|StopGuiding|704|Phd2 - Stop Guiding skipped, as the app is already in state Stopped
2026-05-07T06:20:37.8305|INFO|TelescopeVM.cs|FindHome|292|Mount ordered to locate home position
2026-05-07T06:20:37.8309|INFO|TelescopeVM.cs|FindHome|336|Mount ordered to home but it is already at home
2026-05-07T06:20:37.8310|INFO|TelescopeVM.cs|FindHome|348|Mount has located its home position
2026-05-07T06:20:37.8313|INFO|SequenceItem.cs|Run|254|Finishing Category: Telescope, Item: FindHome
2026-05-07T06:20:37.8320|INFO|SequenceItem.cs|Run|208|Starting Night Summary - End Session
2026-05-07T06:20:37.8345|INFO|NightSummaryEndInstruction.cs|Execute|28|NightSummary: End Session instruction executing
2026-05-07T06:20:52.8401|WARNING|SessionService.cs|EndSession|172|NightSummary: EndSession called but no active session — nothing to do
2026-05-07T06:20:52.8402|INFO|NightSummaryEndInstruction.cs|Execute|39|NightSummary: Session ended successfully
2026-05-07T06:20:52.8403|INFO|SequenceItem.cs|Run|254|Finishing Night Summary - End Session
2026-05-07T06:20:52.8409|INFO|SequenceItem.cs|Run|208|Starting [EndSubframesSession]
2026-05-07T06:20:52.8433|WARNING|EndSessionItem.cs|Execute|50|[Subframes] EndSessionItem: no active session to end.
2026-05-07T06:20:52.8434|INFO|SequenceItem.cs|Run|254|Finishing [EndSubframesSession]
2026-05-07T06:20:52.8441|INFO|SequenceItem.cs|Run|208|Starting Category: Camera, Item: WarmCamera, Duration: 30
2026-05-07T06:20:52.8466|INFO|CameraVM.cs|WarmCamera|161|Warming Camera. Duration: 00:30:00
2026-05-07T06:53:02.1348|INFO|CameraVM.cs|WarmCamera|179|Could not reach warming temperature. Most likley due to ambient temperature being lower. Continuing...
2026-05-07T06:53:22.2227|INFO|CameraVM.cs|WarmCamera|186|Turning cooler off
2026-05-07T06:53:22.2249|INFO|SequenceItem.cs|Run|254|Finishing Category: Camera, Item: WarmCamera, Duration: 30
2026-05-07T06:53:22.2253|INFO|SequenceItem.cs|Run|208|Starting Category: Guider, Item: StopGuiding
2026-05-07T06:53:22.2310|INFO|PHD2Guider.cs|StopGuiding|704|Phd2 - Stop Guiding skipped, as the app is already in state Stopped
2026-05-07T06:53:22.2312|INFO|SequenceItem.cs|Run|254|Finishing Category: Guider, Item: StopGuiding
2026-05-07T06:53:22.2325|INFO|SequenceItem.cs|Run|208|Starting Category: Phd2 Tools, Item: ShutdownPhd2Instruction
2026-05-07T06:53:22.2588|INFO|SequenceItem.cs|Run|254|Finishing Category: Phd2 Tools, Item: ShutdownPhd2Instruction
2026-05-07T06:53:22.2596|INFO|SequenceItem.cs|Run|208|Starting Category: Connect, Item: DisconnectAllEquipment
2026-05-07T06:53:22.2678|WARNING|PHD2Client.cs|ReadEventsAsync|189|PHD2Client: Connection closed by server
2026-05-07T06:53:22.2679|INFO|DitherStatisticsVM.cs|OnPHD2ConnectionStatusChanged|737|PHD2 Connection Status: Connection lost
2026-05-07T06:53:22.2679|INFO|PHD2Client.cs|ReadEventsAsync|205|PHD2Client: Stopped reading events
2026-05-07T06:53:22.3178|INFO|CameraVM.cs|Disconnect|650|Disconnected Camera
2026-05-07T06:53:22.3184|INFO|AscomDevice.cs|Disconnect|378|Disconnecting from ASCOM.EFW2.FilterWheel ZWO FilterWheel
2026-05-07T06:53:22.9787|INFO|FilterWheelVM.cs|Disconnect|333|Disconnected Filter Wheel
2026-05-07T06:53:22.9819|INFO|AscomDevice.cs|Disconnect|378|Disconnecting from ASCOM.EAF.Focuser ZWO Focuser
2026-05-07T06:53:23.0226|INFO|FocuserVM.cs|Disconnect|441|Disconnected Focuser
2026-05-07T06:53:23.0229|INFO|DisconnectAllEquipment.cs|Execute|139|Rotator is already disconnected
2026-05-07T06:53:23.0336|INFO|AscomDevice.cs|Disconnect|378|Disconnecting from ASCOM.iOptron2017.Telescope iOptron CEM120,70,40,26, GEM, HEM, HAE, HAZ series and SkyHunter Mount
2026-05-07T06:53:23.0536|INFO|TelescopeVM.cs|Disconnect|740|Disconnected mount
2026-05-07T06:53:23.0540|INFO|DisconnectAllEquipment.cs|Execute|139|Guider is already disconnected
2026-05-07T06:53:23.0541|INFO|DisconnectAllEquipment.cs|Execute|139|Switch is already disconnected
2026-05-07T06:53:23.0541|INFO|DisconnectAllEquipment.cs|Execute|139|Flat Panel is already disconnected
2026-05-07T06:53:23.0565|INFO|AscomDevice.cs|Disconnect|378|Disconnecting from ASCOM.SkyAlert.ObservingConditions SkyAlert Observing Conditions
2026-05-07T06:53:23.0814|INFO|WeatherDataVM.cs|Disconnect|305|Disconnected Weather Device
2026-05-07T06:53:23.0817|INFO|DisconnectAllEquipment.cs|Execute|139|Dome is already disconnected
2026-05-07T06:53:23.0836|INFO|AscomDevice.cs|Disconnect|378|Disconnecting from ASCOM.GenericFile.SafetyMonitor Generic File driver
2026-05-07T06:53:23.0882|INFO|SafetyMonitorVM.cs|Disconnect|221|Disconnected Safety Monitor
2026-05-07T06:53:23.0886|INFO|SequenceItem.cs|Run|254|Finishing Category: Connect, Item: DisconnectAllEquipment
2026-05-07T06:53:23.0889|INFO|SequenceItem.cs|Run|208|Starting Category: Ground Station, Item: Send to Pushover, Title: Disconnected
2026-05-07T06:53:23.2788|INFO|SequenceItem.cs|Run|254|Finishing Category: Ground Station, Item: Send to Pushover, Title: Disconnected
2026-05-07T06:53:23.2792|INFO|SequenceItem.cs|Run|208|Starting Category: Ground Station, Item: Send to Telegram
2026-05-07T06:53:23.9388|INFO|SequenceItem.cs|Run|254|Finishing Category: Ground Station, Item: Send to Telegram
2026-05-07T06:53:23.9393|INFO|SequenceItem.cs|Run|254|Finishing Category: * Instruction Set *, Container: NINA.Sequencer.Container.EndAreaContainer, Strategy: SequentialStrategy, Items[FINISHED]: 9
2026-05-07T06:53:23.9397|INFO|SequenceItem.cs|Run|254|Finishing Category: * Instruction Set *, Container: NINA.Sequencer.Container.SequenceRootContainer, Strategy: SequentialStrategy, Items[FINISHED]: 3, Triggers: Category: Ground Station, Item: Failures to Telegram
2026-05-07T06:53:23.9410|INFO|Sequence2VM.cs|StartSequence|548|Advanced Sequence finished
2026-05-07T06:53:23.9421|INFO|WhenCommon.cs|InterruptWhen|350|Restarting sequence, Triggered -> true
2026-05-07T06:53:27.2755|INFO|PHD2Client.cs|ConnectAsync|102|PHD2Client: Connecting to PHD2 at 127.0.0.1:4400...
2026-05-07T06:53:29.3020|ERROR|PHD2Client.cs|ConnectAsync|132|PHD2Client: Connection failed: No connection could be made because the target machine actively refused it.
2026-05-07T09:36:01.9569|INFO|ApplicationVM.cs|Exit|244|Shutting down application - requested by user
2026-05-07T09:36:02.0656|INFO|ApplicationVM.cs|Closing|289|Application shutting down
2026-05-07T09:36:02.1233|INFO|DomeVM.cs|Disconnect|355|Disconnected Dome Device
2026-05-07T09:36:02.1304|INFO|FlatDeviceVM.cs|Disconnect|289|Disconnected Flat Device
2026-05-07T09:36:02.1415|INFO|CameraVM.cs|Disconnect|650|Disconnected Camera
2026-05-07T09:36:02.1425|INFO|TelescopeVM.cs|Disconnect|740|Disconnected mount
2026-05-07T09:36:02.1449|INFO|FilterWheelVM.cs|Disconnect|333|Disconnected Filter Wheel
2026-05-07T09:36:02.1457|INFO|FocuserVM.cs|Disconnect|441|Disconnected Focuser
2026-05-07T09:36:02.1525|INFO|RotatorVM.cs|Disconnect|447|Disconnected Rotator
2026-05-07T09:36:02.2013|INFO|SwitchVM.cs|Disconnect|309|Disconnected Switch
2026-05-07T09:36:02.2058|INFO|WeatherDataVM.cs|Disconnect|305|Disconnected Weather Device
2026-05-07T09:36:02.2062|INFO|SafetyMonitorVM.cs|Disconnect|221|Disconnected Safety Monitor
2026-05-07T09:36:02.5597|INFO|API.cs|StopWatchers|86|Stopping all event watchers
2026-05-07T09:36:02.6424|INFO|NightSummaryPlugin.cs|Teardown|377|NightSummary: Plugin torn down
2026-05-07T09:36:02.7368|INFO|Plugin.cs|Teardown|379|[Subframes] Plugin unloaded (primary instance).
