----------------------------------------------------------------------
--------------N.I.N.A. - Nighttime Imaging 'N' Astronomy--------------
--------------------------Version 3.2.0.9001--------------------------
-------------------------2026-04-11T14:46:38--------------------------
----------------------------------------------------------------------
---------------------Microsoft Windows 10.0.19045---------------------
-------------------------OS Architecture X64--------------------------
-----------------------Process Architecture X64-----------------------
-----------------------------.NET 8.0.21------------------------------
----------------------------------------------------------------------
--------------------------Processor Count 4---------------------------
--------------------Total Physical Memory 7.84 GB---------------------
----------------------------------------------------------------------
DATE|LEVEL|SOURCE|MEMBER|LINE|MESSAGE
2026-04-11T14:46:38.6098|INFO|App.xaml.cs|OnStartup|170|Launched with command line arguments: --sequencefile C:\Users\nicka\Astro\NINA\NINA_Sequences\TargetScheduler.json --runsequence
2026-04-11T14:46:42.3517|INFO|CameraChooserVM.cs|GetEquipment|69|Found 2 ASI Cameras
2026-04-11T14:46:42.5932|INFO|CameraChooserVM.cs|GetEquipment|84|Found 0 Altair Cameras
2026-04-11T14:46:43.0111|INFO|CameraChooserVM.cs|GetEquipment|96|Found 0 Atik Cameras
2026-04-11T14:46:43.1034|INFO|CameraChooserVM.cs|GetEquipment|110|Found 0 FLI Cameras
2026-04-11T14:46:44.4379|INFO|CameraChooserVM.cs|GetEquipment|130|Found 0 QHYCCD Cameras
2026-04-11T14:46:44.9419|INFO|CameraChooserVM.cs|GetEquipment|158|Found 0 ToupTek Cameras
2026-04-11T14:46:45.0917|INFO|CameraChooserVM.cs|GetEquipment|173|Found 0 Ogma Cameras
2026-04-11T14:46:45.2860|INFO|CameraChooserVM.cs|GetEquipment|188|Found 0 Omegon Cameras
2026-04-11T14:46:46.0174|INFO|CameraChooserVM.cs|GetEquipment|203|Found 0 RisingCam Cameras
2026-04-11T14:46:46.2683|INFO|CameraChooserVM.cs|GetEquipment|218|Found 0 MallinCam Cameras
2026-04-11T14:46:46.4096|INFO|CameraChooserVM.cs|GetEquipment|243|Found 0 SVBony Cameras
2026-04-11T14:46:46.4131|INFO|CameraChooserVM.cs|GetEquipment|259|Found 0 SBIG Cameras
2026-04-11T14:46:55.6183|INFO|API.cs|Start|99|Starting Webserver
2026-04-11T14:46:55.6201|INFO|API.cs|APITask|134|starting web server, listening at 172.19.6.111:1888
2026-04-11T14:46:55.7889|INFO|ApplicationVM.cs|CheckDiskInfo|100|Available Space on Drive C:\: 138.93 GB
2026-04-11T14:46:55.7912|INFO|NINALogWatcher.cs|Start|33|watching log file: C:\Users\nicka\AppData\Local\NINA\Logs\20260411-144637-3.2.0.9001.3340-202604.log
2026-04-11T14:46:55.7953|INFO|ApplicationVM.cs|CheckDiskInfo|102|Drive E:\ is not ready
2026-04-11T14:46:55.8294|INFO|ApplicationVM.cs|CheckDiskInfo|100|Available Space on Drive G:\: 62.15 GB
2026-04-11T14:46:55.8340|INFO|ApplicationVM.cs|CheckDiskInfo|100|Available Space on Drive Z:\: 3.36 GB
2026-04-11T14:46:57.3316|INFO|ApplicationVM.cs|CheckASCOMPlatformVersion|81|ASCOM Platform 6.6.2.4195 installed
2026-04-11T14:46:57.3338|INFO|PluginLoader.cs|LoadPlugin|402|Successfully loaded plugin Advanced API version 2.2.15.0 by Christian Palm
2026-04-11T14:46:57.5192|INFO|PluginLoader.cs|LoadPlugin|402|Successfully loaded plugin Autofocus Report Analysis version 2.0.0.9 by Stefan Berg @isbeorn
2026-04-11T14:46:57.8241|INFO|PluginLoader.cs|LoadPlugin|402|Successfully loaded plugin Connector version 2.1.0.2 by Stefan Berg @isbeorn
2026-04-11T14:46:58.7296|INFO|PluginLoader.cs|LoadPlugin|402|Successfully loaded plugin Device Actions and Commands version 2.2.0.0 by Dale Ghent
2026-04-11T14:46:59.6815|INFO|PluginLoader.cs|LoadPlugin|402|Successfully loaded plugin Discord Alert version 2.2.0.0 by Drew McDermott
2026-04-11T14:47:01.5744|INFO|PluginLoader.cs|LoadPlugin|402|Successfully loaded plugin Discord Notification version 2.0.0.10 by Daniel Ludwig
2026-04-11T14:47:03.8384|INFO|DitherStatisticsVM.cs|CreatePluginIcon|1483|Plugin icon geometry created successfully
2026-04-11T14:47:03.8647|INFO|DitherStatisticsVM.cs|LoadDataTemplates|1452|DitherStatistics DataTemplates loaded successfully
2026-04-11T14:47:03.8700|INFO|DitherStatisticsVM.cs|SaveQualityAssessmentSetting|387|Quality Assessment setting saved to file: True
2026-04-11T14:47:03.8703|INFO|DitherStatisticsVM.cs|LoadQualityAssessmentSetting|364|Quality Assessment setting loaded from file: True
2026-04-11T14:47:03.8846|INFO|DitherStatisticsVM.cs|SaveDitherOptimizerSetting|490|Dither Optimizer setting saved to file: False
2026-04-11T14:47:03.8847|INFO|DitherStatisticsVM.cs|LoadDitherOptimizerSetting|471|Dither Optimizer setting loaded from file: False
2026-04-11T14:47:03.8852|INFO|DitherStatisticsVM.cs|SubscribeToGuiderEvents|834|Subscribed to NINA guider events
2026-04-11T14:47:03.8894|ERROR|DitherStatisticsVM.cs|GetThemeColor|1437|Failed to get theme color 'PrimaryBrush': The calling thread cannot access this object because a different thread owns it.
2026-04-11T14:47:03.8896|INFO|DitherStatisticsVM.cs|StartThemeColorMonitoring|1329|Initial PrimaryBrush color: R:255 G:255 B:255
2026-04-11T14:47:03.8897|INFO|DitherStatisticsVM.cs|.ctor|96|DitherStatisticsVM initialized successfully with ScottPlot 4.1 (Lazy Loading)!
2026-04-11T14:47:03.8903|INFO|DitherStatisticsVM.cs|StartThemeColorMonitoring|1338|Theme color monitoring timer started on UI thread
2026-04-11T14:47:03.8906|INFO|PluginLoader.cs|LoadPlugin|402|Successfully loaded plugin Dither Statistics version 1.3.0.0 by Thierry Tschanz
2026-04-11T14:47:04.0944|INFO|PluginLoader.cs|LoadPlugin|402|Successfully loaded plugin Filter Offset Calculator version 2.0.0.0 by S. Dimant & Stefan Berg
2026-04-11T14:47:04.4071|INFO|DitherStatisticsVM.cs|OnThemeColorTimerTick|1357|Theme color CHANGED! Old: R:255 G:255 B:255 -> New: R:176 G:179 B:185
2026-04-11T14:47:04.4155|INFO|PluginLoader.cs|LoadPlugin|402|Successfully loaded plugin Flexure Correction version 0.8.0.0 by Francesco Meschia
2026-04-11T14:47:04.5163|INFO|DitherStatisticsVM.cs|PixelShiftPlot|136|PixelShiftPlot created (lazy loading)
2026-04-11T14:47:04.5480|INFO|DitherStatisticsVM.cs|SettleTimePlot|177|SettleTimePlot created (lazy loading)
2026-04-11T14:47:05.8893|INFO|DitherStatisticsVM.cs|ConnectToPHD2|708|Attempting to connect to PHD2...
2026-04-11T14:47:05.8911|INFO|PHD2Client.cs|ConnectAsync|102|PHD2Client: Connecting to PHD2 at 127.0.0.1:4400...
2026-04-11T14:47:07.7430|INFO|PluginLoader.cs|LoadPlugin|402|Successfully loaded plugin Ground Station version 3.0.0.117 by Dale Ghent
2026-04-11T14:47:07.9275|ERROR|PHD2Client.cs|ConnectAsync|132|PHD2Client: Connection failed: No connection could be made because the target machine actively refused it.
2026-04-11T14:47:07.9279|INFO|DitherStatisticsVM.cs|OnPHD2ConnectionStatusChanged|737|PHD2 Connection Status: Connection failed: No connection could be made because the target machine actively refused it.
2026-04-11T14:47:24.3947|INFO|PluginLoader.cs|LoadPlugin|402|Successfully loaded plugin Hocus Focus version 3.0.0.25 by George Hilios (jokogeo)
2026-04-11T14:47:25.3571|INFO|PluginLoader.cs|LoadPlugin|402|Successfully loaded plugin Horizon Creator version 1.1.2.1 by Christian Palm
2026-04-11T14:47:25.6195|INFO|PluginLoader.cs|LoadPlugin|402|Successfully loaded plugin Lightbucket version 2.2.4.0 by Lightbucket
2026-04-11T14:47:26.8672|INFO|PluginLoader.cs|LoadPlugin|402|Successfully loaded plugin Livestack version 1.0.1.7 by Stefan Berg @isbeorn
2026-04-11T14:47:27.1483|INFO|PluginLoader.cs|LoadPlugin|402|Successfully loaded plugin Log Viewer version 1.0.0.2 by Alexander Wrede @astro_alex80
2026-04-11T14:47:27.4027|INFO|PluginLoader.cs|LoadPlugin|402|Successfully loaded plugin Moon Angle version 2.2.0.0 by Dale Ghent
2026-04-11T14:47:28.3244|INFO|SessionDatabase.cs|.ctor|32|NightSummary: Database path: C:\Users\nicka\AppData\Local\NINA\NightSummary\nightsummary.sqlite
2026-04-11T14:47:28.3247|INFO|SessionDatabase.cs|.ctor|33|NightSummary: Database exists: True
2026-04-11T14:47:28.3806|INFO|NightSummaryPlugin.cs|.ctor|225|NightSummary: Plugin initialized successfully
2026-04-11T14:47:28.3864|INFO|SessionDatabase.cs|.ctor|32|NightSummary: Database path: C:\Users\nicka\AppData\Local\NINA\NightSummary\nightsummary.sqlite
2026-04-11T14:47:28.3867|INFO|SessionDatabase.cs|.ctor|33|NightSummary: Database exists: True
2026-04-11T14:47:28.3984|INFO|PluginLoader.cs|LoadPlugin|402|Successfully loaded plugin Night Summary version 2.9.0.0 by Evan Pegors
2026-04-11T14:47:28.8812|INFO|PluginLoader.cs|LoadPlugin|402|Successfully loaded plugin Phd2 Tools version 1.0.6.0 by Stefan Berg @isbeorn
2026-04-11T14:47:29.3280|INFO|PluginLoader.cs|LoadPlugin|402|Successfully loaded plugin PixInsight Tools version 1.0.0.3 by Stefan Berg
2026-04-11T14:47:30.3351|INFO|PluginLoader.cs|LoadPlugin|402|Successfully loaded plugin Point3D version 0.2.3.0 by Drew McDermott
2026-04-11T14:47:30.8068|INFO|StarfrontClient.cs|StartFolderWatcher|167|[Rockwood] Watching: C:\ASTROIMAGES\NINA\
2026-04-11T14:47:30.8102|INFO|PluginLoader.cs|LoadPlugin|402|Successfully loaded plugin Rockwood Starfront version 1.0.0.0 by Rockwood Observatory
2026-04-11T14:47:30.8103|INFO|StarfrontClient.cs|RunLoop|68|[Rockwood] connecting to wss://api.starfront.space:443/ws/scope?key=***
2026-04-11T14:47:30.9616|INFO|StarfrontClient.cs|RunLoop|71|[Rockwood] connected
2026-04-11T14:47:31.8247|INFO|PluginLoader.cs|LoadPlugin|402|Successfully loaded plugin Scope Control version 2.0.2.1 by Stefan Berg @isbeorn
2026-04-11T14:47:34.5511|WARNING|When.cs|GetRunningItem|143|Can't get running items: SequencerNavigation not initialized yet!
2026-04-11T14:47:34.8003|INFO|PluginLoader.cs|LoadPlugin|402|Successfully loaded plugin Sequencer Powerups version 3.29.0.9 by Marc Blank
2026-04-11T14:47:35.9310|INFO|PluginLoader.cs|LoadPlugin|402|Successfully loaded plugin Session Metadata version 2.6.3.0 by Tom Palmer @tcpalmer
2026-04-11T14:47:36.0741|INFO|PluginLoader.cs|LoadPlugin|402|Successfully loaded plugin Shutdown PC version 2.2.0.0 by Dale Ghent
2026-04-11T14:47:36.4547|INFO|PluginLoader.cs|LoadPlugin|402|Successfully loaded plugin SkyFlats version 1.0.0.4 by Gerald Hitz (@photon)
2026-04-11T14:47:37.1517|INFO|PluginLoader.cs|LoadPlugin|402|Successfully loaded plugin Smart Filters version 1.0.0.3 by Benoit SAINTOT
2026-04-11T14:47:38.7974|INFO|SyncEngine.cs|Start|41|[Subframes] SyncEngine started.
2026-04-11T14:47:38.8010|INFO|Plugin.cs|.ctor|144|[Subframes] Plugin loaded (primary instance).
2026-04-11T14:47:38.8050|WARNING|Plugin.cs|OnImportsSatisfied|174|[Subframes] Sequence event subscription deferred — SequenceMediator internals not yet initialized.
2026-04-11T14:47:38.8112|WARNING|Plugin.cs|.ctor|94|[Subframes] Duplicate plugin instance created by MEF — proxying to primary to prevent duplicate sessions/sync.
2026-04-11T14:47:38.8136|INFO|PluginLoader.cs|LoadPlugin|402|Successfully loaded plugin Subframes version 0.1.39.0 by Subframes
2026-04-11T14:47:39.5608|WARNING|When.cs|GetRunningItem|143|Can't get running items: SequencerNavigation not initialized yet!
2026-04-11T14:47:39.7125|INFO|PluginLoader.cs|LoadPlugin|402|Successfully loaded plugin Target Planning version 3.2.1.0 by Tom Palmer @tcpalmer
2026-04-11T14:47:44.5643|WARNING|When.cs|GetRunningItem|143|Can't get running items: SequencerNavigation not initialized yet!
2026-04-11T14:47:46.6401|INFO|PluginLoader.cs|LoadPlugin|402|Successfully loaded plugin Target Scheduler version 5.9.0.0 by Tom Palmer @tcpalmer
2026-04-11T14:47:47.2298|INFO|PluginLoader.cs|LoadPlugin|402|Successfully loaded plugin Three Point Polar Alignment version 2.2.5.0 by Stefan Berg @isbeorn
2026-04-11T14:47:49.4885|INFO|SessionHistoryManager.cs|PurgeHistoryOlderThan|102|purging web session history older than 10 days
2026-04-11T14:47:49.5656|WARNING|When.cs|GetRunningItem|143|Can't get running items: SequencerNavigation not initialized yet!
2026-04-11T14:47:49.5788|INFO|PluginLoader.cs|LoadPlugin|402|Successfully loaded plugin Web Session History Viewer version 2.2.1.0 by Tom Palmer @tcpalmer
2026-04-11T14:47:50.1323|INFO|PluginFetcher.cs|RequestAll|43|Fetching plugin manifests from https://nighttime-imaging.eu/wp-json/nina/v1/plugins/manifests
2026-04-11T14:47:50.6352|INFO|RotatorChooserVM.cs|GetEquipment|45|Found 1 Networked Rotator Rotators
2026-04-11T14:47:50.7076|INFO|FilterWheelChooserVM.cs|GetEquipment|167|Found 1 Networked Filter Wheel Filter Wheels
2026-04-11T14:47:50.7565|INFO|Sequence2VM.cs|TryLoadSequenceFile|414|Loading sequence file: C:\Users\nicka\Astro\NINA\NINA_Sequences\TargetScheduler.json
2026-04-11T14:47:50.9167|INFO|Plugin.cs|TrySubscribeSequenceEvents|200|[Subframes] ISequenceMediator.SequenceStarted not present in this NINA build — session will open on first captured image instead.
2026-04-11T14:47:50.9168|INFO|Plugin.cs|RetrySubscribeSequenceEventsAsync|230|[Subframes] Deferred sequence event subscription succeeded after 12s.
2026-04-11T14:47:51.1246|INFO|CameraChooserVM.cs|GetEquipment|279|Found 0 SVBony Cameras
2026-04-11T14:47:51.2324|INFO|CameraChooserVM.cs|GetEquipment|279|Found 0 PlayerOne Cameras
2026-04-11T14:47:51.3021|INFO|CameraChooserVM.cs|GetEquipment|279|Found 0 ASTPAN Cameras
2026-04-11T14:47:51.3043|INFO|CameraChooserVM.cs|GetEquipment|293|Found 4 ASCOM Cameras
2026-04-11T14:47:51.4297|INFO|Sequence2VM.cs|TryLoadSequenceFile|420|Starting sequence from command line options
2026-04-11T14:47:51.4652|INFO|Sequence2VM.cs|StartSequence|543|Advanced Sequence starting
2026-04-11T14:47:52.1004|INFO|PluginFetcher.cs|RequestAll|57|Found 78 valid plugins at https://nighttime-imaging.eu/wp-json/nina/v1/plugins/manifests
2026-04-11T14:47:52.3974|INFO|SequenceItem.cs|Run|208|Starting Category: * Instruction Set *, Container: NINA.Sequencer.Container.SequenceRootContainer, Strategy: SequentialStrategy, Items[CREATED]: 3, Triggers: Category: Ground Station, Item: Failures to Telegram
2026-04-11T14:47:52.4101|INFO|SequenceItem.cs|Run|208|Starting Category: * Instruction Set *, Container: NINA.Sequencer.Container.StartAreaContainer, Strategy: SequentialStrategy, Items[CREATED]: 1
2026-04-11T14:47:52.4108|INFO|SequenceItem.cs|Run|208|Starting Category: * Instruction Set *, Container: NINA.Sequencer.Container.SequentialContainer, Strategy: SequentialStrategy, Items[CREATED]: 10
2026-04-11T14:47:52.4114|INFO|SequenceItem.cs|Run|208|Starting Category: Ground Station, Item: Send to Pushover, Title: Start
2026-04-11T14:47:52.8155|INFO|WeatherDataChooserVM.cs|GetEquipment|69|Found 0 Alpaca Observing Conditions
2026-04-11T14:47:52.8184|INFO|RotatorChooserVM.cs|GetEquipment|68|Found 0 Alpaca Rotators
2026-04-11T14:47:52.8338|INFO|SwitchChooserVM.cs|GetEquipment|71|Found 0 Alpaca Switch Hubs
2026-04-11T14:47:52.8425|INFO|TelescopeChooserVM.cs|GetEquipment|69|Found 0 Alpaca Telescopes
2026-04-11T14:47:52.8425|INFO|FilterWheelChooserVM.cs|GetEquipment|193|Found 0 Alpaca Filter Wheels
2026-04-11T14:47:52.8442|INFO|DomeChooserVM.cs|GetEquipment|67|Found 0 Alpaca Domes
2026-04-11T14:47:52.9255|INFO|FlatDeviceChooserVM.cs|GetEquipment|67|Found 0 Alpaca Cover Calibrators
2026-04-11T14:47:52.9505|INFO|SafetyMonitorChooserVM.cs|GetEquipment|71|Found 0 Alpaca Safety Monitors
2026-04-11T14:47:53.0045|INFO|DockManagerVM.cs|InitializeAvalonDockLayout|366|Initializing imaging tab layout from C:\Users\nicka\AppData\Local\NINA\Profiles\0173997c-4bfa-48fd-9337-a48b6df99c38.dock.config
2026-04-11T14:47:53.0419|INFO|SequenceItem.cs|Run|254|Finishing Category: Ground Station, Item: Send to Pushover, Title: Start
2026-04-11T14:47:53.2260|INFO|SequenceItem.cs|Run|208|Starting Category: Utility, Item: WaitForTime, Time: 19:37:52h, Offset: -80
2026-04-11T14:47:53.3083|INFO|CameraChooserVM.cs|GetEquipment|305|Found 0 Alpaca Cameras
2026-04-11T14:47:53.3150|INFO|CameraChooserVM.cs|GetEquipment|318|Found 0 Canon Cameras
2026-04-11T14:47:54.1272|INFO|FocuserChooserVM.cs|GetEquipment|84|Found 0 Alpaca Focusers
2026-04-11T19:38:06.8953|INFO|SequenceItem.cs|Run|254|Finishing Category: Utility, Item: WaitForTime, Time: 19:37:52h, Offset: -80
2026-04-11T19:38:06.8977|INFO|SequenceItem.cs|Run|208|Starting Category: Ground Station, Item: Send to Telegram
2026-04-11T19:38:07.7048|INFO|SequenceItem.cs|Run|254|Finishing Category: Ground Station, Item: Send to Telegram
2026-04-11T19:38:07.7053|INFO|SequenceItem.cs|Run|208|Starting Category: Ground Station, Item: Send to Pushover, Title: Configure Equipment
2026-04-11T19:38:07.8513|INFO|SequenceItem.cs|Run|254|Finishing Category: Ground Station, Item: Send to Pushover, Title: Configure Equipment
2026-04-11T19:38:07.8527|INFO|SequenceItem.cs|Run|208|Starting Category: Connect, Item: ConnectAllEquipment
2026-04-11T19:38:07.8805|INFO|CameraChooserVM.cs|GetEquipment|69|Found 2 ASI Cameras
2026-04-11T19:38:07.9633|INFO|CameraChooserVM.cs|GetEquipment|84|Found 0 Altair Cameras
2026-04-11T19:38:07.9634|INFO|CameraChooserVM.cs|GetEquipment|96|Found 0 Atik Cameras
2026-04-11T19:38:07.9641|INFO|CameraChooserVM.cs|GetEquipment|110|Found 0 FLI Cameras
2026-04-11T19:38:07.9643|INFO|CameraChooserVM.cs|GetEquipment|130|Found 0 QHYCCD Cameras
2026-04-11T19:38:08.1199|INFO|CameraChooserVM.cs|GetEquipment|158|Found 0 ToupTek Cameras
2026-04-11T19:38:08.1251|INFO|CameraChooserVM.cs|GetEquipment|173|Found 0 Ogma Cameras
2026-04-11T19:38:08.1390|INFO|CameraChooserVM.cs|GetEquipment|188|Found 0 Omegon Cameras
2026-04-11T19:38:08.2954|INFO|CameraChooserVM.cs|GetEquipment|203|Found 0 RisingCam Cameras
2026-04-11T19:38:08.3095|INFO|CameraChooserVM.cs|GetEquipment|218|Found 0 MallinCam Cameras
2026-04-11T19:38:08.3111|INFO|CameraChooserVM.cs|GetEquipment|243|Found 0 SVBony Cameras
2026-04-11T19:38:08.3138|INFO|CameraChooserVM.cs|GetEquipment|259|Found 0 SBIG Cameras
2026-04-11T19:38:08.3144|INFO|CameraChooserVM.cs|GetEquipment|279|Found 0 SVBony Cameras
2026-04-11T19:38:08.3147|INFO|CameraChooserVM.cs|GetEquipment|279|Found 0 PlayerOne Cameras
2026-04-11T19:38:08.3225|INFO|CameraChooserVM.cs|GetEquipment|279|Found 0 ASTPAN Cameras
2026-04-11T19:38:08.3233|INFO|CameraChooserVM.cs|GetEquipment|293|Found 4 ASCOM Cameras
2026-04-11T19:38:10.3234|INFO|CameraChooserVM.cs|GetEquipment|305|Found 0 Alpaca Cameras
2026-04-11T19:38:10.3290|INFO|CameraChooserVM.cs|GetEquipment|318|Found 0 Canon Cameras
2026-04-11T19:38:10.3902|INFO|CameraVM.cs|Disconnect|650|Disconnected Camera
2026-04-11T19:38:10.9769|WARNING|ASICamera.cs|SetControlValue|568|Failed to set ASI Control Value ASI_WB_B with value 50
2026-04-11T19:38:10.9771|WARNING|ASICamera.cs|SetControlValue|568|Failed to set ASI Control Value ASI_WB_R with value 50
2026-04-11T19:38:10.9772|WARNING|ASICamera.cs|SetControlValue|568|Failed to set ASI Control Value ASI_GAMMA with value 50
2026-04-11T19:38:10.9773|WARNING|ASICamera.cs|SetControlValue|568|Failed to set ASI Control Value ASI_HIGH_SPEED_MODE with value 0
2026-04-11T19:38:10.9774|WARNING|ASICamera.cs|SetControlValue|568|Failed to set ASI Control Value ASI_OVERCLOCK with value 0
2026-04-11T19:38:10.9775|WARNING|ASICamera.cs|SetControlValue|568|Failed to set ASI Control Value ASI_PATTERN_ADJUST with value 0
2026-04-11T19:38:10.9790|WARNING|ASICamera.cs|SetControlValue|568|Failed to set ASI Control Value ASI_MONO_BIN with value 0
2026-04-11T19:38:10.9802|INFO|ASICamera.cs|Initialize|664|Camera ID: ASI533MM
2026-04-11T19:38:10.9916|WARNING|ASICamera.cs|SetControlValue|568|Failed to set ASI Control Value ASI_ANTI_DEW_HEATER with value 0
2026-04-11T19:38:11.0456|INFO|CameraVM.cs|ChooseCamera|455|Successfully connected Camera. Id: ZWOptical_ZWO ASI533MM Pro_ASI533MM Name: ZWO ASI533MM Pro DisplayName: ZWO ASI533MM Pro (ASI533MM)Driver Version: 1, 39, 0, 0
2026-04-11T19:38:11.6000|INFO|FilterWheelChooserVM.cs|GetEquipment|167|Found 1 Networked Filter Wheel Filter Wheels
2026-04-11T19:38:13.6017|INFO|FilterWheelChooserVM.cs|GetEquipment|193|Found 0 Alpaca Filter Wheels
2026-04-11T19:38:13.6458|INFO|FilterWheelVM.cs|Disconnect|333|Disconnected Filter Wheel
2026-04-11T19:38:17.2110|INFO|FilterWheelVM.cs|ChooseFW|279|Successfully connected Filter Wheel. Id: ASCOM.EFW2.FilterWheel Name: ZWO FilterWheel DisplayName: ZWO FilterWheel (ASCOM) Driver Version: 6.0
2026-04-11T19:38:21.0857|INFO|FocuserChooserVM.cs|GetEquipment|84|Found 0 Alpaca Focusers
2026-04-11T19:38:21.0965|INFO|FocuserVM.cs|Disconnect|441|Disconnected Focuser
2026-04-11T19:38:22.7881|ERROR|AscomDevice.cs|GetProperty|546|An unexpected exception occurred during GET of Focuser.StepSize: 
ASCOM.DriverException: The method or operation is not implemented.
 ---> System.NotImplementedException: The method or operation is not implemented.
   --- End of inner exception stack trace ---
   at ASCOM.Com.DriverAccess.DynamicAccess.CheckDotNetExceptions(String memberName, Exception e) in J:\ASCOMLibrary\ASCOM.Com\ASCOM.Com.DriverAccess\BaseClass\DynamicAccess.cs:line 278
   at ASCOM.Com.DriverAccess.DynamicAccess.TryGetMember(GetMemberBinder binder, Object& result) in J:\ASCOMLibrary\ASCOM.Com\ASCOM.Com.DriverAccess\BaseClass\DynamicAccess.cs:line 150
   at CallSite.Target(Closure, CallSite, Object)
   at System.Dynamic.UpdateDelegates.UpdateAndExecute1[T0,TRet](CallSite site, T0 arg0)
   at ASCOM.Com.DriverAccess.Focuser.get_StepSize() in J:\ASCOMLibrary\ASCOM.Com\ASCOM.Com.DriverAccess\Focuser.cs:line 159
   at System.RuntimeMethodHandle.InvokeMethod(Object target, Void** arguments, Signature sig, Boolean isConstructor)
   at System.Reflection.MethodBaseInvoker.InvokeWithNoArgs(Object obj, BindingFlags invokeAttr)
2026-04-11T19:38:23.0018|INFO|AscomDevice.cs|GetProperty|485|Retrying to GET Focuser.StepSize - Attempt 2 / 3
2026-04-11T19:38:23.0048|ERROR|AscomDevice.cs|GetProperty|546|An unexpected exception occurred during GET of Focuser.StepSize: 
ASCOM.DriverException: The method or operation is not implemented.
 ---> System.NotImplementedException: The method or operation is not implemented.
   --- End of inner exception stack trace ---
   at ASCOM.Com.DriverAccess.DynamicAccess.CheckDotNetExceptions(String memberName, Exception e) in J:\ASCOMLibrary\ASCOM.Com\ASCOM.Com.DriverAccess\BaseClass\DynamicAccess.cs:line 278
   at ASCOM.Com.DriverAccess.DynamicAccess.TryGetMember(GetMemberBinder binder, Object& result) in J:\ASCOMLibrary\ASCOM.Com\ASCOM.Com.DriverAccess\BaseClass\DynamicAccess.cs:line 150
   at CallSite.Target(Closure, CallSite, Object)
   at ASCOM.Com.DriverAccess.Focuser.get_StepSize() in J:\ASCOMLibrary\ASCOM.Com\ASCOM.Com.DriverAccess\Focuser.cs:line 159
   at InvokeStub_Focuser.get_StepSize(Object, Object, IntPtr*)
   at System.Reflection.MethodBaseInvoker.InvokeWithNoArgs(Object obj, BindingFlags invokeAttr)
2026-04-11T19:38:23.2063|INFO|AscomDevice.cs|GetProperty|485|Retrying to GET Focuser.StepSize - Attempt 3 / 3
2026-04-11T19:38:23.2074|ERROR|AscomDevice.cs|GetProperty|546|An unexpected exception occurred during GET of Focuser.StepSize: 
ASCOM.DriverException: The method or operation is not implemented.
 ---> System.NotImplementedException: The method or operation is not implemented.
   --- End of inner exception stack trace ---
   at ASCOM.Com.DriverAccess.DynamicAccess.CheckDotNetExceptions(String memberName, Exception e) in J:\ASCOMLibrary\ASCOM.Com\ASCOM.Com.DriverAccess\BaseClass\DynamicAccess.cs:line 278
   at ASCOM.Com.DriverAccess.DynamicAccess.TryGetMember(GetMemberBinder binder, Object& result) in J:\ASCOMLibrary\ASCOM.Com\ASCOM.Com.DriverAccess\BaseClass\DynamicAccess.cs:line 150
   at CallSite.Target(Closure, CallSite, Object)
   at ASCOM.Com.DriverAccess.Focuser.get_StepSize() in J:\ASCOMLibrary\ASCOM.Com\ASCOM.Com.DriverAccess\Focuser.cs:line 159
   at InvokeStub_Focuser.get_StepSize(Object, Object, IntPtr*)
   at System.Reflection.MethodBaseInvoker.InvokeWithNoArgs(Object obj, BindingFlags invokeAttr)
2026-04-11T19:38:23.2078|INFO|AscomDevice.cs|GetProperty|556|GET Focuser.StepSize failed - Returning last known value 0
2026-04-11T19:38:23.4349|INFO|FocuserVM.cs|ChooseFocuser|333|Successfully connected Focuser. Id: ASCOM.EAF.Focuser Name: ZWO Focuser DisplayName: ZWO Focuser (ASCOM) Driver Version: 6.0
2026-04-11T19:38:25.4380|INFO|TelescopeChooserVM.cs|GetEquipment|69|Found 0 Alpaca Telescopes
2026-04-11T19:38:25.4938|INFO|TelescopeVM.cs|Disconnect|740|Disconnected mount
2026-04-11T19:38:28.4629|INFO|AscomTelescope.cs|CheckMountTime|845|Mount UTC Time: 2026-04-12 00:38:25Z / System UTC Time: 2026-04-12 00:38:28Z; Difference: 2.965 seconds
2026-04-11T19:38:28.5065|INFO|AscomTelescope.cs|CheckMountTime|852|System time has been synced to the mount
2026-04-11T19:38:28.7263|INFO|TelescopeVM.cs|ChooseTelescope|535|Successfully connected mount. Id: ASCOM.iOptron2017.Telescope Name: iOptron CEM120,70,40,26, GEM, HEM, HAE, HAZ series and SkyHunter Mount DisplayName: iOptron CEM120,70,40,26, GEM, HEM, HAE, HAZ series and SkyHunter Mount (ASCOM) Driver Version: 9.15
2026-04-11T19:38:28.7384|INFO|PHD2Guider.cs|Connect|205|Connecting to PHD2 server at 127.0.0.1:4400
2026-04-11T19:38:35.8908|INFO|WeatherDataChooserVM.cs|GetEquipment|69|Found 0 Alpaca Observing Conditions
2026-04-11T19:38:35.9430|INFO|WeatherDataVM.cs|Disconnect|305|Disconnected Weather Device
2026-04-11T19:38:36.7879|INFO|PHD2Client.cs|ConnectAsync|118|PHD2Client: Connected successfully!
2026-04-11T19:38:36.7880|INFO|DitherStatisticsVM.cs|OnPHD2ConnectionStatusChanged|734|PHD2 Connection Status: Connected
2026-04-11T19:38:36.7880|INFO|DitherStatisticsVM.cs|ConnectToPHD2|713|Successfully connected to PHD2!
2026-04-11T19:38:36.7906|INFO|PHD2Client.cs|ReadEventsAsync|181|PHD2Client: Started reading events
2026-04-11T19:38:36.8098|INFO|PHD2Client.cs|HandleVersion|366|PHD2Client: Connected to PHD2 version 2.6.14. (Message Protocol v1)
2026-04-11T19:38:36.8104|INFO|PHD2Client.cs|ProcessEvent|257|PHD2: CalibrationComplete
2026-04-11T19:38:36.8110|INFO|PHD2Client.cs|HandleAppState|376|PHD2Client: PHD2 AppState: Stopped
2026-04-11T19:38:38.1727|INFO|AscomDevice.cs|GetProperty|527|Property ObservingConditions.SkyQuality GET is not implemented in this driver (SkyAlert Observing Conditions)
2026-04-11T19:38:38.1798|INFO|AscomDevice.cs|GetProperty|527|Property ObservingConditions.StarFWHM GET is not implemented in this driver (SkyAlert Observing Conditions)
2026-04-11T19:38:38.1940|INFO|WeatherDataVM.cs|ChooseWeatherData|150|Successfully connected Weather Device. Id: ASCOM.SkyAlert.ObservingConditions Name: SkyAlert Observing Conditions DisplayName: SkyAlert Observing Conditions (ASCOM) Driver Version: 1.7
2026-04-11T19:38:40.1953|INFO|SafetyMonitorChooserVM.cs|GetEquipment|71|Found 0 Alpaca Safety Monitors
2026-04-11T19:38:40.2454|INFO|SafetyMonitorVM.cs|Disconnect|221|Disconnected Safety Monitor
2026-04-11T19:38:40.9071|INFO|SafetyMonitorVM.cs|Connect|175|Successfully connected Safety Monitor. Id: ASCOM.GenericFile.SafetyMonitor Name: Generic File driver DisplayName: Generic File driver (ASCOM) Driver Version: 6.4
2026-04-11T19:38:40.9074|INFO|SequenceItem.cs|Run|254|Finishing Category: Connect, Item: ConnectAllEquipment
2026-04-11T19:38:40.9080|INFO|SequenceItem.cs|Run|208|Starting Category: Telescope, Item: FindHome
2026-04-11T19:38:40.9141|INFO|PHD2Guider.cs|StopGuiding|704|Phd2 - Stop Guiding skipped, as the app is already in state Stopped
2026-04-11T19:38:40.9160|INFO|TelescopeVM.cs|FindHome|292|Mount ordered to locate home position
2026-04-11T19:38:40.9186|INFO|TelescopeVM.cs|FindHome|336|Mount ordered to home but it is already at home
2026-04-11T19:38:40.9189|INFO|TelescopeVM.cs|FindHome|348|Mount has located its home position
2026-04-11T19:38:40.9198|INFO|SequenceItem.cs|Run|254|Finishing Category: Telescope, Item: FindHome
2026-04-11T19:38:40.9200|INFO|SequenceItem.cs|Run|208|Starting Category: Ground Station, Item: Send to Telegram
2026-04-11T19:38:41.5308|INFO|SequenceItem.cs|Run|254|Finishing Category: Ground Station, Item: Send to Telegram
2026-04-11T19:38:41.5314|INFO|SequenceItem.cs|Run|208|Starting Category: Ground Station, Item: Send to Pushover, Title: Cool
2026-04-11T19:38:41.6840|INFO|SequenceItem.cs|Run|254|Finishing Category: Ground Station, Item: Send to Pushover, Title: Cool
2026-04-11T19:38:41.6859|INFO|SequenceItem.cs|Run|208|Starting Category: Camera, Item: CoolCamera, Temperature: -5, Duration: 15
2026-04-11T19:38:41.6962|INFO|CameraVM.cs|CoolCamera|138|Cooling Camera. Target: -5 Duration: 00:15:00
2026-04-11T19:38:42.9087|INFO|SafetyMonitorVM.cs|UpdateMonitorValues|95|SafetyMonitorInfo state changed to Unsafe
2026-04-11T19:53:47.4306|INFO|SequenceItem.cs|Run|254|Finishing Category: Camera, Item: CoolCamera, Temperature: -5, Duration: 15
2026-04-11T19:53:47.4311|INFO|SequenceItem.cs|Run|208|Starting Category: Utility, Item: WaitForTime, Time: 20:42:52h, Offset: -15
2026-04-11T20:42:54.8775|INFO|SequenceItem.cs|Run|254|Finishing Category: Utility, Item: WaitForTime, Time: 20:42:52h, Offset: -15
2026-04-11T20:42:54.8845|INFO|SequenceItem.cs|Run|254|Finishing Category: * Instruction Set *, Container: NINA.Sequencer.Container.SequentialContainer, Strategy: SequentialStrategy, Items[FINISHED]: 10
2026-04-11T20:42:54.8849|INFO|SequenceItem.cs|Run|254|Finishing Category: * Instruction Set *, Container: NINA.Sequencer.Container.StartAreaContainer, Strategy: SequentialStrategy, Items[FINISHED]: 1
2026-04-11T20:42:54.8854|INFO|SequenceItem.cs|Run|208|Starting Category: * Instruction Set *, Container: NINA.Sequencer.Container.TargetAreaContainer, Strategy: SequentialStrategy, Items[CREATED]: 1
2026-04-11T20:42:54.8883|INFO|SequenceItem.cs|Run|208|Starting Category: * Instruction Set *, Container: NINA.Sequencer.Container.SequentialContainer, Strategy: SequentialStrategy, Items[CREATED]: 12, Conditions: Condition: TimeCondition, Time: 6:47:38h, Condition: TargetSchedulerCondition mode=While Targets Remain Tonight, , Triggers: Trigger: CenterAfterDriftTrigger, DistanceArcMinutes: 1Trigger: WhenUnsafeCategory: Ground Station, Item: Failures to TelegramCategory: Connect, Item: ReconnectOnDownloadFailureTrigger: AutofocusAfterHFRIncreaseTrigger, Amount: 5Trigger: MeridianFlipTriggerCategory: Powerups (Misc), Item: DIYTriggerCategory: Ground Station, Item: Failures to PushoverTrigger: AutofocusAfterTemperatureChangeTrigger, Amount: 1.5°
2026-04-11T20:42:54.8918|INFO|WhenCommon.cs|SequenceBlockInitialize|204|Initialize; starting watchdog
2026-04-11T20:42:54.8981|INFO|WhenUnsafe.cs|CheckSafe|77|IsSafe is now FALSE; connected = True, IsSafe = False
2026-04-11T20:42:54.8984|INFO|WhenCommon.cs|ShouldTrigger|378|ShouldTrigger TRUE from InterruptWhen, setting TriggerRunner
2026-04-11T20:42:54.8986|INFO|WhenCommon.cs|InterruptWhen|322|Interrupting current Instruction Set
2026-04-11T20:42:54.9026|INFO|WhenCommon.cs|InterruptWhen|332|Canceling sequence...
2026-04-11T20:42:55.9027|INFO|WhenCommon.cs|InterruptWhen|336|Delay 1000
2026-04-11T20:42:56.9023|INFO|WhenCommon.cs|InterruptWhen|336|Delay 1000
2026-04-11T20:42:57.9021|INFO|WhenCommon.cs|InterruptWhen|336|Delay 1000
2026-04-11T20:42:58.9037|INFO|WhenCommon.cs|InterruptWhen|336|Delay 1000
2026-04-11T20:42:59.9032|INFO|WhenCommon.cs|InterruptWhen|336|Delay 1000
2026-04-11T20:43:00.9034|INFO|WhenCommon.cs|InterruptWhen|336|Delay 1000
2026-04-11T20:43:01.9037|INFO|WhenCommon.cs|InterruptWhen|336|Delay 1000
2026-04-11T20:43:02.9047|INFO|WhenCommon.cs|InterruptWhen|336|Delay 1000
2026-04-11T20:43:03.9052|INFO|WhenCommon.cs|InterruptWhen|336|Delay 1000
2026-04-11T20:43:04.9062|INFO|WhenCommon.cs|InterruptWhen|336|Delay 1000
2026-04-11T20:43:05.9073|INFO|WhenCommon.cs|InterruptWhen|336|Delay 1000
2026-04-11T20:43:06.9069|INFO|WhenCommon.cs|InterruptWhen|336|Delay 1000
2026-04-11T20:43:07.9075|INFO|WhenCommon.cs|InterruptWhen|336|Delay 1000
2026-04-11T20:43:08.9126|INFO|WhenCommon.cs|InterruptWhen|336|Delay 1000
2026-04-11T20:43:09.9122|INFO|WhenCommon.cs|InterruptWhen|336|Delay 1000
2026-04-11T20:43:10.9123|INFO|WhenCommon.cs|InterruptWhen|336|Delay 1000
2026-04-11T20:43:11.9130|INFO|WhenCommon.cs|InterruptWhen|336|Delay 1000
2026-04-11T20:43:12.9145|INFO|WhenCommon.cs|InterruptWhen|336|Delay 1000
2026-04-11T20:43:13.9157|INFO|WhenCommon.cs|InterruptWhen|336|Delay 1000
2026-04-11T20:43:14.9165|INFO|WhenCommon.cs|InterruptWhen|336|Delay 1000
2026-04-11T20:43:15.9162|INFO|WhenCommon.cs|InterruptWhen|336|Delay 1000
2026-04-11T20:43:16.9211|INFO|WhenCommon.cs|InterruptWhen|336|Delay 1000
2026-04-11T20:43:17.9216|INFO|WhenCommon.cs|InterruptWhen|336|Delay 1000
2026-04-11T20:43:18.9209|INFO|WhenCommon.cs|InterruptWhen|336|Delay 1000
2026-04-11T20:43:19.9225|INFO|WhenCommon.cs|InterruptWhen|336|Delay 1000
2026-04-11T20:43:20.9217|INFO|WhenCommon.cs|InterruptWhen|336|Delay 1000
2026-04-11T20:43:21.9234|INFO|WhenCommon.cs|InterruptWhen|336|Delay 1000
2026-04-11T20:43:22.9246|INFO|WhenCommon.cs|InterruptWhen|336|Delay 1000
2026-04-11T20:43:23.9257|INFO|WhenCommon.cs|InterruptWhen|336|Delay 1000
2026-04-11T20:43:24.4464|INFO|WhenCommon.cs|SequenceBlockTeardown|198|Teardown; shutting down watchdog
2026-04-11T20:43:24.4577|INFO|Sequencer.cs|Start|85|Sequence run was cancelled
2026-04-11T20:43:24.4783|INFO|Sequence2VM.cs|StartSequence|548|Advanced Sequence finished
2026-04-11T20:43:24.9408|INFO|WhenCommon.cs|InterruptWhen|339|Sequence no longer running
2026-04-11T20:43:24.9431|WARNING|WhenCommon.cs|CheckSlewing|263|CheckSlewing, WhenUnsafe = True, Connected = True, CanSlew = True, info.Slewing = False
2026-04-11T20:43:24.9451|INFO|Sequence2VM.cs|StartSequence|543|Advanced Sequence starting
2026-04-11T20:43:25.0172|INFO|SequenceItem.cs|Run|208|Starting Category: * Instruction Set *, Container: NINA.Sequencer.Container.SequenceRootContainer, Strategy: SequentialStrategy, Items[CREATED]: 3, Triggers: Category: Ground Station, Item: Failures to Telegram
2026-04-11T20:43:25.0175|INFO|SequenceItem.cs|Run|208|Starting Category: * Instruction Set *, Container: NINA.Sequencer.Container.StartAreaContainer, Strategy: SequentialStrategy, Items[FINISHED]: 1
2026-04-11T20:43:25.0176|INFO|SequenceItem.cs|Run|254|Finishing Category: * Instruction Set *, Container: NINA.Sequencer.Container.StartAreaContainer, Strategy: SequentialStrategy, Items[FINISHED]: 1
2026-04-11T20:43:25.0177|INFO|SequenceItem.cs|Run|208|Starting Category: * Instruction Set *, Container: NINA.Sequencer.Container.TargetAreaContainer, Strategy: SequentialStrategy, Items[CREATED]: 1
2026-04-11T20:43:25.0179|INFO|SequenceItem.cs|Run|208|Starting Category: * Instruction Set *, Container: NINA.Sequencer.Container.SequentialContainer, Strategy: SequentialStrategy, Items[CREATED]: 12, Conditions: Condition: TimeCondition, Time: 6:47:38h, Condition: TargetSchedulerCondition mode=While Targets Remain Tonight, , Triggers: Trigger: CenterAfterDriftTrigger, DistanceArcMinutes: 1Trigger: WhenUnsafeCategory: Ground Station, Item: Failures to TelegramCategory: Connect, Item: ReconnectOnDownloadFailureTrigger: AutofocusAfterHFRIncreaseTrigger, Amount: 5Trigger: MeridianFlipTriggerCategory: Powerups (Misc), Item: DIYTriggerCategory: Ground Station, Item: Failures to PushoverTrigger: AutofocusAfterTemperatureChangeTrigger, Amount: 1.5°
2026-04-11T20:43:25.0182|INFO|WhenCommon.cs|SequenceBlockInitialize|204|Initialize; starting watchdog
2026-04-11T20:43:25.0368|INFO|WhenCommon.cs|ShouldTrigger|382|ShouldTrigger TRUE, setting TriggerRunner
2026-04-11T20:43:25.0394|INFO|SequenceTrigger.cs|Run|114|Starting Trigger: WhenUnsafe
2026-04-11T20:43:25.0502|INFO|WhenCommon.cs|Execute|395|Execute 0
2026-04-11T20:43:25.0505|INFO|WhenCommon.cs|Execute|409|When: running TriggerRunner, InFlight -> true, Triggered -> false
2026-04-11T20:43:25.0505|WARNING|WhenCommon.cs|CheckSlewing|263|CheckSlewing, WhenUnsafe = True, Connected = True, CanSlew = True, info.Slewing = False
2026-04-11T20:43:25.0507|INFO|SequenceItem.cs|Run|208|Starting Category: , Container: WhenPlugin.When.IfContainer, Strategy: SequentialStrategy, Items[CREATED]: 9
2026-04-11T20:43:25.0565|INFO|MeridianFlipTrigger.cs|ShouldTrigger|197|Meridian Flip - Telescope is at home position. Skip flip evaluation
2026-04-11T20:43:25.0582|INFO|SequenceItem.cs|Run|208|Starting Category: Ground Station, Item: Send to Telegram
2026-04-11T20:43:25.6725|INFO|SequenceItem.cs|Run|254|Finishing Category: Ground Station, Item: Send to Telegram
2026-04-11T20:43:25.6740|INFO|MeridianFlipTrigger.cs|ShouldTrigger|197|Meridian Flip - Telescope is at home position. Skip flip evaluation
2026-04-11T20:43:25.6743|INFO|SequenceItem.cs|Run|208|Starting Category: Ground Station, Item: Send to Pushover, Title: Unsafe
2026-04-11T20:43:25.8295|INFO|SequenceItem.cs|Run|254|Finishing Category: Ground Station, Item: Send to Pushover, Title: Unsafe
2026-04-11T20:43:25.8307|INFO|MeridianFlipTrigger.cs|ShouldTrigger|197|Meridian Flip - Telescope is at home position. Skip flip evaluation
2026-04-11T20:43:25.8308|INFO|SequenceItem.cs|Run|208|Starting Category: Telescope, Item: FindHome
2026-04-11T20:43:25.8363|INFO|PHD2Guider.cs|StopGuiding|704|Phd2 - Stop Guiding skipped, as the app is already in state Stopped
2026-04-11T20:43:25.8366|INFO|TelescopeVM.cs|FindHome|292|Mount ordered to locate home position
2026-04-11T20:43:25.8373|INFO|TelescopeVM.cs|FindHome|336|Mount ordered to home but it is already at home
2026-04-11T20:43:25.8375|INFO|TelescopeVM.cs|FindHome|348|Mount has located its home position
2026-04-11T20:43:25.8378|INFO|SequenceItem.cs|Run|254|Finishing Category: Telescope, Item: FindHome
2026-04-11T20:43:25.8387|INFO|MeridianFlipTrigger.cs|ShouldTrigger|197|Meridian Flip - Telescope is at home position. Skip flip evaluation
2026-04-11T20:43:25.8397|INFO|SequenceItem.cs|Run|208|Starting Category: Guider, Item: StopGuiding
2026-04-11T20:43:25.8454|INFO|PHD2Guider.cs|StopGuiding|704|Phd2 - Stop Guiding skipped, as the app is already in state Stopped
2026-04-11T20:43:25.8457|INFO|SequenceItem.cs|Run|254|Finishing Category: Guider, Item: StopGuiding
2026-04-11T20:43:25.8465|INFO|MeridianFlipTrigger.cs|ShouldTrigger|197|Meridian Flip - Telescope is at home position. Skip flip evaluation
2026-04-11T20:43:25.8610|INFO|SequenceItem.cs|Run|208|Starting Category: Connect, Item: DisconnectEquipment, Selected device: Safety Monitor
2026-04-11T20:43:25.9406|INFO|AscomDevice.cs|Disconnect|378|Disconnecting from ASCOM.GenericFile.SafetyMonitor Generic File driver
2026-04-11T20:43:25.9663|INFO|SafetyMonitorVM.cs|Disconnect|221|Disconnected Safety Monitor
2026-04-11T20:43:25.9666|INFO|SequenceItem.cs|Run|254|Finishing Category: Connect, Item: DisconnectEquipment, Selected device: Safety Monitor
2026-04-11T20:43:25.9672|INFO|MeridianFlipTrigger.cs|ShouldTrigger|197|Meridian Flip - Telescope is at home position. Skip flip evaluation
2026-04-11T20:43:25.9678|INFO|SequenceItem.cs|Run|208|Starting Category: Utility, Item: WaitForTimeSpan, Time: 60s
2026-04-11T20:44:26.0564|INFO|SequenceItem.cs|Run|254|Finishing Category: Utility, Item: WaitForTimeSpan, Time: 60s
2026-04-11T20:44:26.0575|INFO|MeridianFlipTrigger.cs|ShouldTrigger|197|Meridian Flip - Telescope is at home position. Skip flip evaluation
2026-04-11T20:44:26.0588|INFO|SequenceItem.cs|Run|208|Starting Category: Connect, Item: ConnectEquipment, Selected device: Safety Monitor, Selected device id: ASCOM.GenericFile.SafetyMonitor
2026-04-11T20:44:28.0677|INFO|SafetyMonitorChooserVM.cs|GetEquipment|71|Found 0 Alpaca Safety Monitors
2026-04-11T20:44:28.0875|INFO|SafetyMonitorVM.cs|Disconnect|221|Disconnected Safety Monitor
2026-04-11T20:44:28.1587|INFO|SafetyMonitorVM.cs|Connect|175|Successfully connected Safety Monitor. Id: ASCOM.GenericFile.SafetyMonitor Name: Generic File driver DisplayName: Generic File driver (ASCOM) Driver Version: 6.4
2026-04-11T20:44:28.1589|INFO|SequenceItem.cs|Run|254|Finishing Category: Connect, Item: ConnectEquipment, Selected device: Safety Monitor, Selected device id: ASCOM.GenericFile.SafetyMonitor
2026-04-11T20:44:28.1593|INFO|MeridianFlipTrigger.cs|ShouldTrigger|197|Meridian Flip - Telescope is at home position. Skip flip evaluation
2026-04-11T20:44:28.1594|INFO|SequenceItem.cs|Run|208|Starting Category: Utility, Item: WaitForTimeSpan, Time: 60s
2026-04-11T20:44:30.1592|INFO|SafetyMonitorVM.cs|UpdateMonitorValues|95|SafetyMonitorInfo state changed to Unsafe
2026-04-11T20:45:28.2657|INFO|SequenceItem.cs|Run|254|Finishing Category: Utility, Item: WaitForTimeSpan, Time: 60s
2026-04-11T20:45:28.2663|INFO|MeridianFlipTrigger.cs|ShouldTrigger|197|Meridian Flip - Telescope is at home position. Skip flip evaluation
2026-04-11T20:45:28.2666|INFO|SequenceItem.cs|Run|208|Starting Category: Powerups (Safety), Item: OnceSafe
2026-04-12T06:47:38.9819|INFO|TimeCondition.cs|Check|254|TimeCondition finished.
2026-04-12T06:47:38.9823|INFO|TimeCondition.cs|InterruptWhenTimeIsUp|63|Time limit exceeded - Interrupting current Instruction Set
2026-04-12T06:47:38.9906|INFO|WhenCommon.cs|Execute|425|When: Execute done; InFlight -> false, Triggered false
2026-04-12T06:47:38.9918|INFO|MeridianFlipTrigger.cs|ShouldTrigger|197|Meridian Flip - Telescope is at home position. Skip flip evaluation
2026-04-12T06:47:38.9922|INFO|SequenceItem.cs|Run|208|Starting Category: Utility, Item: WaitForTime, Time: 20:42:52h, Offset: -15
2026-04-12T06:47:38.9966|INFO|WhenCommon.cs|SequenceBlockTeardown|198|Teardown; shutting down watchdog
2026-04-12T06:47:38.9973|INFO|SequenceItem.cs|Run|254|Finishing Category: * Instruction Set *, Container: NINA.Sequencer.Container.SequentialContainer, Strategy: SequentialStrategy, Items[CREATED]: 12, Conditions: Condition: TimeCondition, Time: 6:47:38h, Condition: TargetSchedulerCondition mode=While Targets Remain Tonight, , Triggers: Trigger: CenterAfterDriftTrigger, DistanceArcMinutes: 1Trigger: WhenUnsafeCategory: Ground Station, Item: Failures to TelegramCategory: Connect, Item: ReconnectOnDownloadFailureTrigger: AutofocusAfterHFRIncreaseTrigger, Amount: 5Trigger: MeridianFlipTriggerCategory: Powerups (Misc), Item: DIYTriggerCategory: Ground Station, Item: Failures to PushoverTrigger: AutofocusAfterTemperatureChangeTrigger, Amount: 1.5°
2026-04-12T06:47:38.9977|INFO|SequenceItem.cs|Run|254|Finishing Category: * Instruction Set *, Container: NINA.Sequencer.Container.TargetAreaContainer, Strategy: SequentialStrategy, Items[FINISHED]: 1
2026-04-12T06:47:38.9984|INFO|SequenceItem.cs|Run|208|Starting Category: * Instruction Set *, Container: NINA.Sequencer.Container.EndAreaContainer, Strategy: SequentialStrategy, Items[CREATED]: 9
2026-04-12T06:47:38.9989|INFO|SequenceItem.cs|Run|208|Starting Category: Telescope, Item: FindHome
2026-04-12T06:47:39.0049|INFO|PHD2Guider.cs|StopGuiding|704|Phd2 - Stop Guiding skipped, as the app is already in state Stopped
2026-04-12T06:47:39.0051|INFO|TelescopeVM.cs|FindHome|292|Mount ordered to locate home position
2026-04-12T06:47:39.0057|INFO|TelescopeVM.cs|FindHome|336|Mount ordered to home but it is already at home
2026-04-12T06:47:39.0059|INFO|TelescopeVM.cs|FindHome|348|Mount has located its home position
2026-04-12T06:47:39.0062|INFO|SequenceItem.cs|Run|254|Finishing Category: Telescope, Item: FindHome
2026-04-12T06:47:39.0073|INFO|SequenceItem.cs|Run|208|Starting Night Summary - End Session
2026-04-12T06:47:39.0115|INFO|NightSummaryEndInstruction.cs|Execute|28|NightSummary: End Session instruction executing
2026-04-12T06:47:54.0165|WARNING|SessionService.cs|EndSession|73|NightSummary: EndSession called but no active session — nothing to do
2026-04-12T06:47:54.0168|INFO|NightSummaryEndInstruction.cs|Execute|39|NightSummary: Session ended successfully
2026-04-12T06:47:54.0169|INFO|SequenceItem.cs|Run|254|Finishing Night Summary - End Session
2026-04-12T06:47:54.0186|INFO|SequenceItem.cs|Run|208|Starting [StartSubframesSession] Target='Unknown Target' RA=0.0000 Dec=0.0000
2026-04-12T06:47:54.1084|INFO|SubframesClient.cs|StartSessionAsync|204|[Subframes] Session started: 22582090-fc2e-4fe8-a88a-b2ec0738669b for target ''
2026-04-12T06:47:54.1091|INFO|SessionService.cs|StartSessionAsync|125|[Subframes] Session started: 22582090-fc2e-4fe8-a88a-b2ec0738669b target=''
2026-04-12T06:47:54.1132|INFO|StartSessionItem.cs|Execute|127|[Subframes] StartSessionItem complete — session 22582090-fc2e-4fe8-a88a-b2ec0738669b
2026-04-12T06:47:54.1133|INFO|SequenceItem.cs|Run|254|Finishing [StartSubframesSession] Target='Unknown Target' RA=0.0000 Dec=0.0000
2026-04-12T06:47:54.1141|INFO|SequenceItem.cs|Run|208|Starting Category: Camera, Item: WarmCamera, Duration: 30
2026-04-12T06:47:54.1167|INFO|CameraVM.cs|WarmCamera|161|Warming Camera. Duration: 00:30:00
2026-04-12T07:20:03.1352|INFO|CameraVM.cs|WarmCamera|179|Could not reach warming temperature. Most likley due to ambient temperature being lower. Continuing...
2026-04-12T07:20:23.2050|INFO|CameraVM.cs|WarmCamera|186|Turning cooler off
2026-04-12T07:20:23.2071|INFO|SequenceItem.cs|Run|254|Finishing Category: Camera, Item: WarmCamera, Duration: 30
2026-04-12T07:20:23.2075|INFO|SequenceItem.cs|Run|208|Starting Category: Guider, Item: StopGuiding
2026-04-12T07:20:23.2154|INFO|PHD2Guider.cs|StopGuiding|704|Phd2 - Stop Guiding skipped, as the app is already in state Stopped
2026-04-12T07:20:23.2157|INFO|SequenceItem.cs|Run|254|Finishing Category: Guider, Item: StopGuiding
2026-04-12T07:20:23.2171|INFO|SequenceItem.cs|Run|208|Starting Category: Phd2 Tools, Item: ShutdownPhd2Instruction
2026-04-12T07:20:23.2527|INFO|SequenceItem.cs|Run|254|Finishing Category: Phd2 Tools, Item: ShutdownPhd2Instruction
2026-04-12T07:20:23.2534|INFO|SequenceItem.cs|Run|208|Starting Category: Connect, Item: DisconnectAllEquipment
2026-04-12T07:20:23.2613|WARNING|PHD2Client.cs|ReadEventsAsync|189|PHD2Client: Connection closed by server
2026-04-12T07:20:23.2614|INFO|DitherStatisticsVM.cs|OnPHD2ConnectionStatusChanged|737|PHD2 Connection Status: Connection lost
2026-04-12T07:20:23.2615|INFO|PHD2Client.cs|ReadEventsAsync|205|PHD2Client: Stopped reading events
2026-04-12T07:20:23.3172|INFO|CameraVM.cs|Disconnect|650|Disconnected Camera
2026-04-12T07:20:23.3178|INFO|AscomDevice.cs|Disconnect|378|Disconnecting from ASCOM.EFW2.FilterWheel ZWO FilterWheel
2026-04-12T07:20:23.3274|INFO|FilterWheelVM.cs|Disconnect|333|Disconnected Filter Wheel
2026-04-12T07:20:23.5291|INFO|AscomDevice.cs|Disconnect|378|Disconnecting from ASCOM.EAF.Focuser ZWO Focuser
2026-04-12T07:20:23.5694|INFO|FocuserVM.cs|Disconnect|441|Disconnected Focuser
2026-04-12T07:20:23.5701|INFO|DisconnectAllEquipment.cs|Execute|139|Rotator is already disconnected
2026-04-12T07:20:23.5726|INFO|AscomDevice.cs|Disconnect|378|Disconnecting from ASCOM.iOptron2017.Telescope iOptron CEM120,70,40,26, GEM, HEM, HAE, HAZ series and SkyHunter Mount
2026-04-12T07:20:23.6164|INFO|TelescopeVM.cs|Disconnect|740|Disconnected mount
2026-04-12T07:20:23.6168|INFO|DisconnectAllEquipment.cs|Execute|139|Guider is already disconnected
2026-04-12T07:20:23.6168|INFO|DisconnectAllEquipment.cs|Execute|139|Switch is already disconnected
2026-04-12T07:20:23.6169|INFO|DisconnectAllEquipment.cs|Execute|139|Flat Panel is already disconnected
2026-04-12T07:20:23.6186|INFO|AscomDevice.cs|Disconnect|378|Disconnecting from ASCOM.SkyAlert.ObservingConditions SkyAlert Observing Conditions
2026-04-12T07:20:23.6270|INFO|WeatherDataVM.cs|Disconnect|305|Disconnected Weather Device
2026-04-12T07:20:23.6272|INFO|DisconnectAllEquipment.cs|Execute|139|Dome is already disconnected
2026-04-12T07:20:23.6283|INFO|AscomDevice.cs|Disconnect|378|Disconnecting from ASCOM.GenericFile.SafetyMonitor Generic File driver
2026-04-12T07:20:23.6323|INFO|SafetyMonitorVM.cs|Disconnect|221|Disconnected Safety Monitor
2026-04-12T07:20:23.6327|INFO|SequenceItem.cs|Run|254|Finishing Category: Connect, Item: DisconnectAllEquipment
2026-04-12T07:20:23.6329|INFO|SequenceItem.cs|Run|208|Starting Category: Ground Station, Item: Send to Pushover, Title: Disconnected
2026-04-12T07:20:23.8215|INFO|SequenceItem.cs|Run|254|Finishing Category: Ground Station, Item: Send to Pushover, Title: Disconnected
2026-04-12T07:20:23.8219|INFO|SequenceItem.cs|Run|208|Starting Category: Ground Station, Item: Send to Telegram
2026-04-12T07:20:24.4490|INFO|SequenceItem.cs|Run|254|Finishing Category: Ground Station, Item: Send to Telegram
2026-04-12T07:20:24.4495|INFO|SequenceItem.cs|Run|254|Finishing Category: * Instruction Set *, Container: NINA.Sequencer.Container.EndAreaContainer, Strategy: SequentialStrategy, Items[FINISHED]: 9
2026-04-12T07:20:24.4499|INFO|SequenceItem.cs|Run|254|Finishing Category: * Instruction Set *, Container: NINA.Sequencer.Container.SequenceRootContainer, Strategy: SequentialStrategy, Items[FINISHED]: 3, Triggers: Category: Ground Station, Item: Failures to Telegram
2026-04-12T07:20:24.4513|INFO|Sequence2VM.cs|StartSequence|548|Advanced Sequence finished
2026-04-12T07:20:24.4514|INFO|Plugin.cs|OnSequenceFinished|362|[Subframes] Sequence run ended — closing active session.
2026-04-12T07:20:24.4980|INFO|WhenCommon.cs|InterruptWhen|350|Restarting sequence, Triggered -> true
2026-04-12T07:20:24.5248|INFO|SubframesClient.cs|EndSessionAsync|244|[Subframes] Session ended: 22582090-fc2e-4fe8-a88a-b2ec0738669b
2026-04-12T07:20:24.5255|INFO|SessionService.cs|EndSessionAsync|169|[Subframes] Session ended.
2026-04-12T07:20:28.2757|INFO|PHD2Client.cs|ConnectAsync|102|PHD2Client: Connecting to PHD2 at 127.0.0.1:4400...
2026-04-12T07:20:30.3061|ERROR|PHD2Client.cs|ConnectAsync|132|PHD2Client: Connection failed: No connection could be made because the target machine actively refused it.
2026-04-12T08:48:21.2878|INFO|ApplicationVM.cs|Exit|244|Shutting down application - requested by user
2026-04-12T08:48:21.3849|INFO|ApplicationVM.cs|Closing|289|Application shutting down
2026-04-12T08:48:21.4267|INFO|DomeVM.cs|Disconnect|355|Disconnected Dome Device
2026-04-12T08:48:21.4318|INFO|FlatDeviceVM.cs|Disconnect|289|Disconnected Flat Device
2026-04-12T08:48:21.4420|INFO|CameraVM.cs|Disconnect|650|Disconnected Camera
2026-04-12T08:48:21.4427|INFO|TelescopeVM.cs|Disconnect|740|Disconnected mount
2026-04-12T08:48:21.4447|INFO|FilterWheelVM.cs|Disconnect|333|Disconnected Filter Wheel
2026-04-12T08:48:21.4453|INFO|FocuserVM.cs|Disconnect|441|Disconnected Focuser
2026-04-12T08:48:21.4508|INFO|RotatorVM.cs|Disconnect|447|Disconnected Rotator
2026-04-12T08:48:21.4558|INFO|SwitchVM.cs|Disconnect|309|Disconnected Switch
2026-04-12T08:48:21.4602|INFO|WeatherDataVM.cs|Disconnect|305|Disconnected Weather Device
2026-04-12T08:48:21.4606|INFO|SafetyMonitorVM.cs|Disconnect|221|Disconnected Safety Monitor
2026-04-12T08:48:22.0492|INFO|API.cs|StopWatchers|86|Stopping all event watchers
2026-04-12T08:48:22.0820|INFO|NightSummaryPlugin.cs|Teardown|230|NightSummary: Plugin torn down
2026-04-12T08:48:22.1141|INFO|Plugin.cs|Teardown|282|[Subframes] Plugin unloaded (primary instance).
