----------------------------------------------------------------------
--------------N.I.N.A. - Nighttime Imaging 'N' Astronomy--------------
--------------------------Version 3.2.0.9001--------------------------
-------------------------2026-03-30T11:56:22--------------------------
----------------------------------------------------------------------
---------------------Microsoft Windows 10.0.19045---------------------
-------------------------OS Architecture X64--------------------------
-----------------------Process Architecture X64-----------------------
-----------------------------.NET 8.0.21------------------------------
----------------------------------------------------------------------
--------------------------Processor Count 4---------------------------
--------------------Total Physical Memory 7.84 GB---------------------
----------------------------------------------------------------------
DATE|LEVEL|SOURCE|MEMBER|LINE|MESSAGE
2026-03-30T11:56:22.1065|INFO|App.xaml.cs|OnStartup|170|Launched with command line arguments: --sequencefile C:\Users\nicka\Astro\NINA\NINA_Sequences\TargetScheduler.json --runsequence
2026-03-30T11:56:24.9670|INFO|CameraChooserVM.cs|GetEquipment|69|Found 2 ASI Cameras
2026-03-30T11:56:25.1969|INFO|CameraChooserVM.cs|GetEquipment|84|Found 0 Altair Cameras
2026-03-30T11:56:25.5874|INFO|CameraChooserVM.cs|GetEquipment|96|Found 0 Atik Cameras
2026-03-30T11:56:25.6781|INFO|CameraChooserVM.cs|GetEquipment|110|Found 0 FLI Cameras
2026-03-30T11:56:26.9380|INFO|CameraChooserVM.cs|GetEquipment|130|Found 0 QHYCCD Cameras
2026-03-30T11:56:27.6397|INFO|CameraChooserVM.cs|GetEquipment|158|Found 0 ToupTek Cameras
2026-03-30T11:56:27.7877|INFO|CameraChooserVM.cs|GetEquipment|173|Found 0 Ogma Cameras
2026-03-30T11:56:27.9474|INFO|CameraChooserVM.cs|GetEquipment|188|Found 0 Omegon Cameras
2026-03-30T11:56:28.5892|INFO|CameraChooserVM.cs|GetEquipment|203|Found 0 RisingCam Cameras
2026-03-30T11:56:28.7515|INFO|CameraChooserVM.cs|GetEquipment|218|Found 0 MallinCam Cameras
2026-03-30T11:56:28.8729|INFO|CameraChooserVM.cs|GetEquipment|243|Found 0 SVBony Cameras
2026-03-30T11:56:28.8761|INFO|CameraChooserVM.cs|GetEquipment|259|Found 0 SBIG Cameras
2026-03-30T11:56:32.9937|INFO|API.cs|Start|99|Starting Webserver
2026-03-30T11:56:32.9953|INFO|API.cs|APITask|134|starting web server, listening at 172.19.6.111:1888
2026-03-30T11:56:33.1697|INFO|NINALogWatcher.cs|Start|33|watching log file: C:\Users\nicka\AppData\Local\NINA\Logs\20260330-115621-3.2.0.9001.8420-202603.log
2026-03-30T11:56:33.2058|INFO|PluginLoader.cs|LoadPlugin|402|Successfully loaded plugin Advanced API version 2.2.15.0 by Christian Palm
2026-03-30T11:56:33.3853|INFO|PluginLoader.cs|LoadPlugin|402|Successfully loaded plugin Autofocus Report Analysis version 2.0.0.9 by Stefan Berg @isbeorn
2026-03-30T11:56:33.6339|INFO|PluginLoader.cs|LoadPlugin|402|Successfully loaded plugin Connector version 2.1.0.2 by Stefan Berg @isbeorn
2026-03-30T11:56:33.8367|INFO|PluginLoader.cs|LoadPlugin|402|Successfully loaded plugin Device Actions and Commands version 2.2.0.0 by Dale Ghent
2026-03-30T11:56:34.4689|INFO|PluginLoader.cs|LoadPlugin|402|Successfully loaded plugin Discord Alert version 2.2.0.0 by Drew McDermott
2026-03-30T11:56:35.9127|INFO|PluginLoader.cs|LoadPlugin|402|Successfully loaded plugin Discord Notification version 2.0.0.10 by Daniel Ludwig
2026-03-30T11:56:37.1602|INFO|DitherStatisticsVM.cs|CreatePluginIcon|1483|Plugin icon geometry created successfully
2026-03-30T11:56:37.1874|INFO|DitherStatisticsVM.cs|LoadDataTemplates|1452|DitherStatistics DataTemplates loaded successfully
2026-03-30T11:56:37.1914|INFO|DitherStatisticsVM.cs|SaveQualityAssessmentSetting|387|Quality Assessment setting saved to file: True
2026-03-30T11:56:37.1916|INFO|DitherStatisticsVM.cs|LoadQualityAssessmentSetting|364|Quality Assessment setting loaded from file: True
2026-03-30T11:56:37.2054|INFO|DitherStatisticsVM.cs|SaveDitherOptimizerSetting|490|Dither Optimizer setting saved to file: False
2026-03-30T11:56:37.2056|INFO|DitherStatisticsVM.cs|LoadDitherOptimizerSetting|471|Dither Optimizer setting loaded from file: False
2026-03-30T11:56:37.2062|INFO|DitherStatisticsVM.cs|SubscribeToGuiderEvents|834|Subscribed to NINA guider events
2026-03-30T11:56:37.2124|INFO|DitherStatisticsVM.cs|StartThemeColorMonitoring|1329|Initial PrimaryBrush color: R:176 G:179 B:185
2026-03-30T11:56:37.2126|INFO|DitherStatisticsVM.cs|.ctor|96|DitherStatisticsVM initialized successfully with ScottPlot 4.1 (Lazy Loading)!
2026-03-30T11:56:37.2131|INFO|PluginLoader.cs|LoadPlugin|402|Successfully loaded plugin Dither Statistics version 1.3.0.0 by Thierry Tschanz
2026-03-30T11:56:37.3749|INFO|PluginLoader.cs|LoadPlugin|402|Successfully loaded plugin Filter Offset Calculator version 2.0.0.0 by S. Dimant & Stefan Berg
2026-03-30T11:56:37.5897|INFO|PluginLoader.cs|LoadPlugin|402|Successfully loaded plugin Flexure Correction version 0.8.0.0 by Francesco Meschia
2026-03-30T11:56:39.2134|INFO|DitherStatisticsVM.cs|ConnectToPHD2|708|Attempting to connect to PHD2...
2026-03-30T11:56:39.2152|INFO|PHD2Client.cs|ConnectAsync|102|PHD2Client: Connecting to PHD2 at 127.0.0.1:4400...
2026-03-30T11:56:40.3192|INFO|PluginLoader.cs|LoadPlugin|402|Successfully loaded plugin Ground Station version 3.0.0.117 by Dale Ghent
2026-03-30T11:56:41.2404|ERROR|PHD2Client.cs|ConnectAsync|132|PHD2Client: Connection failed: No connection could be made because the target machine actively refused it.
2026-03-30T11:56:41.2408|INFO|DitherStatisticsVM.cs|OnPHD2ConnectionStatusChanged|737|PHD2 Connection Status: Connection failed: No connection could be made because the target machine actively refused it.
2026-03-30T11:56:52.2151|INFO|PluginLoader.cs|LoadPlugin|402|Successfully loaded plugin Hocus Focus version 3.0.0.25 by George Hilios (jokogeo)
2026-03-30T11:56:53.0423|INFO|PluginLoader.cs|LoadPlugin|402|Successfully loaded plugin Horizon Creator version 1.1.2.1 by Christian Palm
2026-03-30T11:56:53.2533|INFO|PluginLoader.cs|LoadPlugin|402|Successfully loaded plugin Lightbucket version 2.2.4.0 by Lightbucket
2026-03-30T11:56:54.0717|INFO|PluginLoader.cs|LoadPlugin|402|Successfully loaded plugin Livestack version 1.0.1.7 by Stefan Berg @isbeorn
2026-03-30T11:56:54.2760|INFO|PluginLoader.cs|LoadPlugin|402|Successfully loaded plugin Log Viewer version 1.0.0.2 by Alexander Wrede @astro_alex80
2026-03-30T11:56:54.4668|INFO|PluginLoader.cs|LoadPlugin|402|Successfully loaded plugin Moon Angle version 2.2.0.0 by Dale Ghent
2026-03-30T11:56:54.9908|INFO|SessionDatabase.cs|.ctor|32|NightSummary: Database path: C:\Users\nicka\AppData\Local\NINA\NightSummary\nightsummary.sqlite
2026-03-30T11:56:54.9910|INFO|SessionDatabase.cs|.ctor|33|NightSummary: Database exists: True
2026-03-30T11:56:55.0430|INFO|NightSummaryPlugin.cs|.ctor|225|NightSummary: Plugin initialized successfully
2026-03-30T11:56:55.0478|INFO|SessionDatabase.cs|.ctor|32|NightSummary: Database path: C:\Users\nicka\AppData\Local\NINA\NightSummary\nightsummary.sqlite
2026-03-30T11:56:55.0480|INFO|SessionDatabase.cs|.ctor|33|NightSummary: Database exists: True
2026-03-30T11:56:55.0596|INFO|PluginLoader.cs|LoadPlugin|402|Successfully loaded plugin Night Summary version 2.9.0.0 by Evan Pegors
2026-03-30T11:56:55.3749|INFO|PluginLoader.cs|LoadPlugin|402|Successfully loaded plugin Phd2 Tools version 1.0.6.0 by Stefan Berg @isbeorn
2026-03-30T11:56:55.7036|INFO|PluginLoader.cs|LoadPlugin|402|Successfully loaded plugin PixInsight Tools version 1.0.0.3 by Stefan Berg
2026-03-30T11:56:56.4948|INFO|PluginLoader.cs|LoadPlugin|402|Successfully loaded plugin Point3D version 0.2.3.0 by Drew McDermott
2026-03-30T11:56:56.7827|INFO|PluginLoader.cs|LoadPlugin|402|Successfully loaded plugin Scope Control version 2.0.2.1 by Stefan Berg @isbeorn
2026-03-30T11:56:58.9249|WARNING|When.cs|GetRunningItem|143|Can't get running items: SequencerNavigation not initialized yet!
2026-03-30T11:56:59.1811|INFO|PluginLoader.cs|LoadPlugin|402|Successfully loaded plugin Sequencer Powerups version 3.29.0.9 by Marc Blank
2026-03-30T11:56:59.9408|INFO|PluginLoader.cs|LoadPlugin|402|Successfully loaded plugin Session Metadata version 2.6.3.0 by Tom Palmer @tcpalmer
2026-03-30T11:57:00.0785|INFO|PluginLoader.cs|LoadPlugin|402|Successfully loaded plugin Shutdown PC version 2.2.0.0 by Dale Ghent
2026-03-30T11:57:00.3342|INFO|PluginLoader.cs|LoadPlugin|402|Successfully loaded plugin SkyFlats version 1.0.0.4 by Gerald Hitz (@photon)
2026-03-30T11:57:00.7488|INFO|PluginLoader.cs|LoadPlugin|402|Successfully loaded plugin Smart Filters version 1.0.0.3 by Benoit SAINTOT
2026-03-30T11:57:01.2684|INFO|PluginLoader.cs|LoadPlugin|402|Successfully loaded plugin Target Planning version 3.2.1.0 by Tom Palmer @tcpalmer
2026-03-30T11:57:03.9470|WARNING|When.cs|GetRunningItem|143|Can't get running items: SequencerNavigation not initialized yet!
2026-03-30T11:57:06.7299|INFO|PluginLoader.cs|LoadPlugin|402|Successfully loaded plugin Target Scheduler version 5.9.0.0 by Tom Palmer @tcpalmer
2026-03-30T11:57:07.2993|INFO|PluginLoader.cs|LoadPlugin|402|Successfully loaded plugin Three Point Polar Alignment version 2.2.5.0 by Stefan Berg @isbeorn
2026-03-30T11:57:08.8341|INFO|SessionHistoryManager.cs|PurgeHistoryOlderThan|102|purging web session history older than 10 days
2026-03-30T11:57:08.9215|INFO|PluginLoader.cs|LoadPlugin|402|Successfully loaded plugin Web Session History Viewer version 2.2.1.0 by Tom Palmer @tcpalmer
2026-03-30T11:57:08.9508|WARNING|When.cs|GetRunningItem|143|Can't get running items: SequencerNavigation not initialized yet!
2026-03-30T11:57:09.3240|INFO|PluginFetcher.cs|RequestAll|43|Fetching plugin manifests from https://nighttime-imaging.eu/wp-json/nina/v1/plugins/manifests
2026-03-30T11:57:10.2666|INFO|RotatorChooserVM.cs|GetEquipment|45|Found 1 Networked Rotator Rotators
2026-03-30T11:57:10.8626|INFO|CameraChooserVM.cs|GetEquipment|279|Found 0 SVBony Cameras
2026-03-30T11:57:10.9695|INFO|CameraChooserVM.cs|GetEquipment|279|Found 0 PlayerOne Cameras
2026-03-30T11:57:11.0556|INFO|CameraChooserVM.cs|GetEquipment|279|Found 0 ASTPAN Cameras
2026-03-30T11:57:11.0578|INFO|CameraChooserVM.cs|GetEquipment|293|Found 4 ASCOM Cameras
2026-03-30T11:57:11.2842|INFO|FilterWheelChooserVM.cs|GetEquipment|167|Found 1 Networked Filter Wheel Filter Wheels
2026-03-30T11:57:12.7265|INFO|PluginFetcher.cs|RequestAll|57|Found 76 valid plugins at https://nighttime-imaging.eu/wp-json/nina/v1/plugins/manifests
2026-03-30T11:57:12.7396|INFO|SafetyMonitorChooserVM.cs|GetEquipment|71|Found 0 Alpaca Safety Monitors
2026-03-30T11:57:12.7442|INFO|SwitchChooserVM.cs|GetEquipment|71|Found 0 Alpaca Switch Hubs
2026-03-30T11:57:12.7459|INFO|TelescopeChooserVM.cs|GetEquipment|69|Found 0 Alpaca Telescopes
2026-03-30T11:57:12.7476|INFO|RotatorChooserVM.cs|GetEquipment|68|Found 0 Alpaca Rotators
2026-03-30T11:57:12.8630|INFO|WeatherDataChooserVM.cs|GetEquipment|69|Found 0 Alpaca Observing Conditions
2026-03-30T11:57:13.0682|INFO|CameraChooserVM.cs|GetEquipment|305|Found 0 Alpaca Cameras
2026-03-30T11:57:13.0740|INFO|CameraChooserVM.cs|GetEquipment|318|Found 0 Canon Cameras
2026-03-30T11:57:13.0990|INFO|DomeChooserVM.cs|GetEquipment|67|Found 0 Alpaca Domes
2026-03-30T11:57:13.2895|INFO|FilterWheelChooserVM.cs|GetEquipment|193|Found 0 Alpaca Filter Wheels
2026-03-30T11:57:13.4160|INFO|FlatDeviceChooserVM.cs|GetEquipment|67|Found 0 Alpaca Cover Calibrators
2026-03-30T11:57:13.9535|WARNING|When.cs|GetRunningItem|143|Can't get running items: SequencerNavigation not initialized yet!
2026-03-30T11:57:15.2074|INFO|ApplicationVM.cs|CheckDiskInfo|100|Available Space on Drive C:\: 146.29 GB
2026-03-30T11:57:15.2115|INFO|ApplicationVM.cs|CheckASCOMPlatformVersion|81|ASCOM Platform 6.6.2.4195 installed
2026-03-30T11:57:15.2139|INFO|ApplicationVM.cs|CheckDiskInfo|102|Drive E:\ is not ready
2026-03-30T11:57:15.2154|INFO|ApplicationVM.cs|CheckDiskInfo|100|Available Space on Drive G:\: 47.72 GB
2026-03-30T11:57:15.2537|INFO|ApplicationVM.cs|CheckDiskInfo|100|Available Space on Drive Z:\: 11.86 GB
2026-03-30T11:57:15.3059|INFO|FocuserChooserVM.cs|GetEquipment|84|Found 0 Alpaca Focusers
2026-03-30T11:57:15.7371|INFO|DitherStatisticsVM.cs|StartThemeColorMonitoring|1338|Theme color monitoring timer started on UI thread
2026-03-30T11:57:16.1517|INFO|Sequence2VM.cs|TryLoadSequenceFile|414|Loading sequence file: C:\Users\nicka\Astro\NINA\NINA_Sequences\TargetScheduler.json
2026-03-30T11:57:16.7649|INFO|Sequence2VM.cs|TryLoadSequenceFile|420|Starting sequence from command line options
2026-03-30T11:57:16.7684|INFO|Sequence2VM.cs|StartSequence|543|Advanced Sequence starting
2026-03-30T11:57:16.8381|INFO|SequenceItem.cs|Run|208|Starting Category: * Instruction Set *, Container: NINA.Sequencer.Container.SequenceRootContainer, Strategy: SequentialStrategy, Items[CREATED]: 3, Triggers: Category: Ground Station, Item: Failures to Telegram
2026-03-30T11:57:16.8482|INFO|SequenceItem.cs|Run|208|Starting Category: * Instruction Set *, Container: NINA.Sequencer.Container.StartAreaContainer, Strategy: SequentialStrategy, Items[CREATED]: 1
2026-03-30T11:57:16.8490|INFO|SequenceItem.cs|Run|208|Starting Category: * Instruction Set *, Container: NINA.Sequencer.Container.SequentialContainer, Strategy: SequentialStrategy, Items[CREATED]: 10
2026-03-30T11:57:16.8496|INFO|SequenceItem.cs|Run|208|Starting Category: Ground Station, Item: Send to Pushover, Title: Start
2026-03-30T11:57:17.3535|INFO|SequenceItem.cs|Run|254|Finishing Category: Ground Station, Item: Send to Pushover, Title: Start
2026-03-30T11:57:17.3581|INFO|SequenceItem.cs|Run|208|Starting Category: Utility, Item: WaitForTime, Time: 19:28:5h, Offset: -80
2026-03-30T11:57:17.8385|INFO|DockManagerVM.cs|InitializeAvalonDockLayout|366|Initializing imaging tab layout from C:\Users\nicka\AppData\Local\NINA\Profiles\0173997c-4bfa-48fd-9337-a48b6df99c38.dock.config
2026-03-30T19:28:32.4009|INFO|SequenceItem.cs|Run|254|Finishing Category: Utility, Item: WaitForTime, Time: 19:28:49h, Offset: -80
2026-03-30T19:28:32.4033|INFO|SequenceItem.cs|Run|208|Starting Category: Ground Station, Item: Send to Telegram
2026-03-30T19:28:33.2209|INFO|SequenceItem.cs|Run|254|Finishing Category: Ground Station, Item: Send to Telegram
2026-03-30T19:28:33.2213|INFO|SequenceItem.cs|Run|208|Starting Category: Ground Station, Item: Send to Pushover, Title: Configure Equipment
2026-03-30T19:28:33.3611|INFO|SequenceItem.cs|Run|254|Finishing Category: Ground Station, Item: Send to Pushover, Title: Configure Equipment
2026-03-30T19:28:33.3626|INFO|SequenceItem.cs|Run|208|Starting Category: Connect, Item: ConnectAllEquipment
2026-03-30T19:28:33.3878|INFO|CameraChooserVM.cs|GetEquipment|69|Found 2 ASI Cameras
2026-03-30T19:28:33.4548|INFO|CameraChooserVM.cs|GetEquipment|84|Found 0 Altair Cameras
2026-03-30T19:28:33.4549|INFO|CameraChooserVM.cs|GetEquipment|96|Found 0 Atik Cameras
2026-03-30T19:28:33.4556|INFO|CameraChooserVM.cs|GetEquipment|110|Found 0 FLI Cameras
2026-03-30T19:28:33.4558|INFO|CameraChooserVM.cs|GetEquipment|130|Found 0 QHYCCD Cameras
2026-03-30T19:28:33.6160|INFO|CameraChooserVM.cs|GetEquipment|158|Found 0 ToupTek Cameras
2026-03-30T19:28:33.6216|INFO|CameraChooserVM.cs|GetEquipment|173|Found 0 Ogma Cameras
2026-03-30T19:28:33.6354|INFO|CameraChooserVM.cs|GetEquipment|188|Found 0 Omegon Cameras
2026-03-30T19:28:33.7915|INFO|CameraChooserVM.cs|GetEquipment|203|Found 0 RisingCam Cameras
2026-03-30T19:28:33.8055|INFO|CameraChooserVM.cs|GetEquipment|218|Found 0 MallinCam Cameras
2026-03-30T19:28:33.8075|INFO|CameraChooserVM.cs|GetEquipment|243|Found 0 SVBony Cameras
2026-03-30T19:28:33.8102|INFO|CameraChooserVM.cs|GetEquipment|259|Found 0 SBIG Cameras
2026-03-30T19:28:33.8109|INFO|CameraChooserVM.cs|GetEquipment|279|Found 0 SVBony Cameras
2026-03-30T19:28:33.8112|INFO|CameraChooserVM.cs|GetEquipment|279|Found 0 PlayerOne Cameras
2026-03-30T19:28:33.8195|INFO|CameraChooserVM.cs|GetEquipment|279|Found 0 ASTPAN Cameras
2026-03-30T19:28:33.8209|INFO|CameraChooserVM.cs|GetEquipment|293|Found 4 ASCOM Cameras
2026-03-30T19:28:35.8228|INFO|CameraChooserVM.cs|GetEquipment|305|Found 0 Alpaca Cameras
2026-03-30T19:28:35.8291|INFO|CameraChooserVM.cs|GetEquipment|318|Found 0 Canon Cameras
2026-03-30T19:28:35.9039|INFO|CameraVM.cs|Disconnect|650|Disconnected Camera
2026-03-30T19:28:36.4981|WARNING|ASICamera.cs|SetControlValue|568|Failed to set ASI Control Value ASI_WB_B with value 50
2026-03-30T19:28:36.4983|WARNING|ASICamera.cs|SetControlValue|568|Failed to set ASI Control Value ASI_WB_R with value 50
2026-03-30T19:28:36.4984|WARNING|ASICamera.cs|SetControlValue|568|Failed to set ASI Control Value ASI_GAMMA with value 50
2026-03-30T19:28:36.4985|WARNING|ASICamera.cs|SetControlValue|568|Failed to set ASI Control Value ASI_HIGH_SPEED_MODE with value 0
2026-03-30T19:28:36.4986|WARNING|ASICamera.cs|SetControlValue|568|Failed to set ASI Control Value ASI_OVERCLOCK with value 0
2026-03-30T19:28:36.4987|WARNING|ASICamera.cs|SetControlValue|568|Failed to set ASI Control Value ASI_PATTERN_ADJUST with value 0
2026-03-30T19:28:36.5001|WARNING|ASICamera.cs|SetControlValue|568|Failed to set ASI Control Value ASI_MONO_BIN with value 0
2026-03-30T19:28:36.5014|INFO|ASICamera.cs|Initialize|664|Camera ID: ASI533MM
2026-03-30T19:28:36.5124|WARNING|ASICamera.cs|SetControlValue|568|Failed to set ASI Control Value ASI_ANTI_DEW_HEATER with value 0
2026-03-30T19:28:36.6218|INFO|CameraVM.cs|ChooseCamera|455|Successfully connected Camera. Id: ZWOptical_ZWO ASI533MM Pro_ASI533MM Name: ZWO ASI533MM Pro DisplayName: ZWO ASI533MM Pro (ASI533MM)Driver Version: 1, 39, 0, 0
2026-03-30T19:28:37.1707|INFO|FilterWheelChooserVM.cs|GetEquipment|167|Found 1 Networked Filter Wheel Filter Wheels
2026-03-30T19:28:39.1715|INFO|FilterWheelChooserVM.cs|GetEquipment|193|Found 0 Alpaca Filter Wheels
2026-03-30T19:28:39.2053|INFO|FilterWheelVM.cs|Disconnect|333|Disconnected Filter Wheel
2026-03-30T19:28:42.7848|INFO|FilterWheelVM.cs|ChooseFW|279|Successfully connected Filter Wheel. Id: ASCOM.EFW2.FilterWheel Name: ZWO FilterWheel DisplayName: ZWO FilterWheel (ASCOM) Driver Version: 6.0
2026-03-30T19:28:46.6370|INFO|FocuserChooserVM.cs|GetEquipment|84|Found 0 Alpaca Focusers
2026-03-30T19:28:46.6567|INFO|FocuserVM.cs|Disconnect|441|Disconnected Focuser
2026-03-30T19:28:48.0158|ERROR|AscomDevice.cs|GetProperty|546|An unexpected exception occurred during GET of Focuser.StepSize: 
ASCOM.DriverException: The method or operation is not implemented.
 ---> System.NotImplementedException: The method or operation is not implemented.
   --- End of inner exception stack trace ---
   at ASCOM.Com.DriverAccess.DynamicAccess.CheckDotNetExceptions(String memberName, Exception e) in J:\ASCOMLibrary\ASCOM.Com\ASCOM.Com.DriverAccess\BaseClass\DynamicAccess.cs:line 278
   at ASCOM.Com.DriverAccess.DynamicAccess.TryGetMember(GetMemberBinder binder, Object& result) in J:\ASCOMLibrary\ASCOM.Com\ASCOM.Com.DriverAccess\BaseClass\DynamicAccess.cs:line 150
   at CallSite.Target(Closure, CallSite, Object)
   at System.Dynamic.UpdateDelegates.UpdateAndExecute1[T0,TRet](CallSite site, T0 arg0)
   at ASCOM.Com.DriverAccess.Focuser.get_StepSize() in J:\ASCOMLibrary\ASCOM.Com\ASCOM.Com.DriverAccess\Focuser.cs:line 159
   at System.RuntimeMethodHandle.InvokeMethod(Object target, Void** arguments, Signature sig, Boolean isConstructor)
   at System.Reflection.MethodBaseInvoker.InvokeWithNoArgs(Object obj, BindingFlags invokeAttr)
2026-03-30T19:28:48.2263|INFO|AscomDevice.cs|GetProperty|485|Retrying to GET Focuser.StepSize - Attempt 2 / 3
2026-03-30T19:28:48.2294|ERROR|AscomDevice.cs|GetProperty|546|An unexpected exception occurred during GET of Focuser.StepSize: 
ASCOM.DriverException: The method or operation is not implemented.
 ---> System.NotImplementedException: The method or operation is not implemented.
   --- End of inner exception stack trace ---
   at ASCOM.Com.DriverAccess.DynamicAccess.CheckDotNetExceptions(String memberName, Exception e) in J:\ASCOMLibrary\ASCOM.Com\ASCOM.Com.DriverAccess\BaseClass\DynamicAccess.cs:line 278
   at ASCOM.Com.DriverAccess.DynamicAccess.TryGetMember(GetMemberBinder binder, Object& result) in J:\ASCOMLibrary\ASCOM.Com\ASCOM.Com.DriverAccess\BaseClass\DynamicAccess.cs:line 150
   at CallSite.Target(Closure, CallSite, Object)
   at ASCOM.Com.DriverAccess.Focuser.get_StepSize() in J:\ASCOMLibrary\ASCOM.Com\ASCOM.Com.DriverAccess\Focuser.cs:line 159
   at InvokeStub_Focuser.get_StepSize(Object, Object, IntPtr*)
   at System.Reflection.MethodBaseInvoker.InvokeWithNoArgs(Object obj, BindingFlags invokeAttr)
2026-03-30T19:28:48.4311|INFO|AscomDevice.cs|GetProperty|485|Retrying to GET Focuser.StepSize - Attempt 3 / 3
2026-03-30T19:28:48.4324|ERROR|AscomDevice.cs|GetProperty|546|An unexpected exception occurred during GET of Focuser.StepSize: 
ASCOM.DriverException: The method or operation is not implemented.
 ---> System.NotImplementedException: The method or operation is not implemented.
   --- End of inner exception stack trace ---
   at ASCOM.Com.DriverAccess.DynamicAccess.CheckDotNetExceptions(String memberName, Exception e) in J:\ASCOMLibrary\ASCOM.Com\ASCOM.Com.DriverAccess\BaseClass\DynamicAccess.cs:line 278
   at ASCOM.Com.DriverAccess.DynamicAccess.TryGetMember(GetMemberBinder binder, Object& result) in J:\ASCOMLibrary\ASCOM.Com\ASCOM.Com.DriverAccess\BaseClass\DynamicAccess.cs:line 150
   at CallSite.Target(Closure, CallSite, Object)
   at ASCOM.Com.DriverAccess.Focuser.get_StepSize() in J:\ASCOMLibrary\ASCOM.Com\ASCOM.Com.DriverAccess\Focuser.cs:line 159
   at InvokeStub_Focuser.get_StepSize(Object, Object, IntPtr*)
   at System.Reflection.MethodBaseInvoker.InvokeWithNoArgs(Object obj, BindingFlags invokeAttr)
2026-03-30T19:28:48.4329|INFO|AscomDevice.cs|GetProperty|556|GET Focuser.StepSize failed - Returning last known value 0
2026-03-30T19:28:48.6558|INFO|FocuserVM.cs|ChooseFocuser|333|Successfully connected Focuser. Id: ASCOM.EAF.Focuser Name: ZWO Focuser DisplayName: ZWO Focuser (ASCOM) Driver Version: 6.0
2026-03-30T19:28:50.6601|INFO|TelescopeChooserVM.cs|GetEquipment|69|Found 0 Alpaca Telescopes
2026-03-30T19:28:50.7023|INFO|TelescopeVM.cs|Disconnect|740|Disconnected mount
2026-03-30T19:28:53.6918|INFO|AscomTelescope.cs|CheckMountTime|845|Mount UTC Time: 2026-03-31 00:28:53Z / System UTC Time: 2026-03-31 00:28:53Z; Difference: 0.011 seconds
2026-03-30T19:28:53.7537|INFO|AscomTelescope.cs|CheckMountTime|852|System time has been synced to the mount
2026-03-30T19:28:53.9959|INFO|TelescopeVM.cs|ChooseTelescope|535|Successfully connected mount. Id: ASCOM.iOptron2017.Telescope Name: iOptron CEM120,70,40,26, GEM, HEM, HAE, HAZ series and SkyHunter Mount DisplayName: iOptron CEM120,70,40,26, GEM, HEM, HAE, HAZ series and SkyHunter Mount (ASCOM) Driver Version: 9.15
2026-03-30T19:28:54.0091|INFO|PHD2Guider.cs|Connect|205|Connecting to PHD2 server at 127.0.0.1:4400
2026-03-30T19:28:56.4948|INFO|PHD2Client.cs|ConnectAsync|118|PHD2Client: Connected successfully!
2026-03-30T19:28:56.4949|INFO|DitherStatisticsVM.cs|OnPHD2ConnectionStatusChanged|734|PHD2 Connection Status: Connected
2026-03-30T19:28:56.4949|INFO|DitherStatisticsVM.cs|ConnectToPHD2|713|Successfully connected to PHD2!
2026-03-30T19:28:56.4997|INFO|PHD2Client.cs|ReadEventsAsync|181|PHD2Client: Started reading events
2026-03-30T19:28:56.5334|INFO|PHD2Client.cs|HandleVersion|366|PHD2Client: Connected to PHD2 version 2.6.14. (Message Protocol v1)
2026-03-30T19:28:56.5346|INFO|PHD2Client.cs|HandleAppState|376|PHD2Client: PHD2 AppState: Stopped
2026-03-30T19:28:57.2467|INFO|PHD2Client.cs|ProcessEvent|268|PHD2: ConfigurationChange
2026-03-30T19:28:58.5259|INFO|PHD2Client.cs|QueryExposureTime|1216|PHD2Client: Exposure time from PHD2 API: 2.000 seconds (2000 ms)
2026-03-30T19:28:58.6754|INFO|PHD2Client.cs|ProcessEvent|268|PHD2: ConfigurationChange
2026-03-30T19:28:59.3751|INFO|PHD2Client.cs|QueryExposureTime|1216|PHD2Client: Exposure time from PHD2 API: 2.000 seconds (2000 ms)
2026-03-30T19:29:01.4074|INFO|WeatherDataChooserVM.cs|GetEquipment|69|Found 0 Alpaca Observing Conditions
2026-03-30T19:29:01.4444|INFO|WeatherDataVM.cs|Disconnect|305|Disconnected Weather Device
2026-03-30T19:29:03.1146|INFO|AscomDevice.cs|GetProperty|527|Property ObservingConditions.SkyQuality GET is not implemented in this driver (SkyAlert Observing Conditions)
2026-03-30T19:29:03.1225|INFO|AscomDevice.cs|GetProperty|527|Property ObservingConditions.StarFWHM GET is not implemented in this driver (SkyAlert Observing Conditions)
2026-03-30T19:29:03.1359|INFO|WeatherDataVM.cs|ChooseWeatherData|150|Successfully connected Weather Device. Id: ASCOM.SkyAlert.ObservingConditions Name: SkyAlert Observing Conditions DisplayName: SkyAlert Observing Conditions (ASCOM) Driver Version: 1.7
2026-03-30T19:29:05.1391|INFO|SafetyMonitorChooserVM.cs|GetEquipment|71|Found 0 Alpaca Safety Monitors
2026-03-30T19:29:05.1755|INFO|SafetyMonitorVM.cs|Disconnect|221|Disconnected Safety Monitor
2026-03-30T19:29:05.6513|INFO|SafetyMonitorVM.cs|Connect|175|Successfully connected Safety Monitor. Id: ASCOM.GenericFile.SafetyMonitor Name: Generic File driver DisplayName: Generic File driver (ASCOM) Driver Version: 6.4
2026-03-30T19:29:05.6518|INFO|SequenceItem.cs|Run|254|Finishing Category: Connect, Item: ConnectAllEquipment
2026-03-30T19:29:05.6524|INFO|SequenceItem.cs|Run|208|Starting Category: Telescope, Item: FindHome
2026-03-30T19:29:05.6586|INFO|PHD2Guider.cs|StopGuiding|704|Phd2 - Stop Guiding skipped, as the app is already in state Stopped
2026-03-30T19:29:05.6606|INFO|TelescopeVM.cs|FindHome|292|Mount ordered to locate home position
2026-03-30T19:29:05.6640|INFO|TelescopeVM.cs|FindHome|336|Mount ordered to home but it is already at home
2026-03-30T19:29:05.6644|INFO|TelescopeVM.cs|FindHome|348|Mount has located its home position
2026-03-30T19:29:05.6652|INFO|SequenceItem.cs|Run|254|Finishing Category: Telescope, Item: FindHome
2026-03-30T19:29:05.6655|INFO|SequenceItem.cs|Run|208|Starting Category: Ground Station, Item: Send to Telegram
2026-03-30T19:29:06.2714|INFO|SequenceItem.cs|Run|254|Finishing Category: Ground Station, Item: Send to Telegram
2026-03-30T19:29:06.2717|INFO|SequenceItem.cs|Run|208|Starting Category: Ground Station, Item: Send to Pushover, Title: Cool
2026-03-30T19:29:06.4463|INFO|SequenceItem.cs|Run|254|Finishing Category: Ground Station, Item: Send to Pushover, Title: Cool
2026-03-30T19:29:06.4472|INFO|SequenceItem.cs|Run|208|Starting Category: Camera, Item: CoolCamera, Temperature: -5, Duration: 15
2026-03-30T19:29:06.4510|INFO|CameraVM.cs|CoolCamera|138|Cooling Camera. Target: -5 Duration: 00:15:00
2026-03-30T19:29:07.6534|INFO|SafetyMonitorVM.cs|UpdateMonitorValues|95|SafetyMonitorInfo state changed to Unsafe
2026-03-30T19:35:07.6615|INFO|SafetyMonitorVM.cs|UpdateMonitorValues|95|SafetyMonitorInfo state changed to Safe
2026-03-30T19:44:30.0803|INFO|SequenceItem.cs|Run|254|Finishing Category: Camera, Item: CoolCamera, Temperature: -5, Duration: 15
2026-03-30T19:44:30.0806|INFO|SequenceItem.cs|Run|208|Starting Category: Utility, Item: WaitForTime, Time: 20:33:49h, Offset: -15
2026-03-30T20:20:04.2394|WARNING|DeviceUpdateTimer.cs|Run|115|Mount value update cycle took longer than the device poll interval (Total: 2.12s > 2s; Poll: 00:00:02.1149550; Update: 00:00:00.0002897)
2026-03-30T20:26:40.3283|INFO|ApplicationVM.cs|Exit|244|Shutting down application - requested by user
2026-03-30T20:26:40.4195|INFO|ApplicationVM.cs|Closing|289|Application shutting down
2026-03-30T20:26:40.4676|INFO|DomeVM.cs|Disconnect|355|Disconnected Dome Device
2026-03-30T20:26:40.4731|INFO|FlatDeviceVM.cs|Disconnect|289|Disconnected Flat Device
2026-03-30T20:26:40.7533|INFO|CameraVM.cs|Disconnect|650|Disconnected Camera
2026-03-30T20:26:40.7576|INFO|AscomDevice.cs|Disconnect|378|Disconnecting from ASCOM.iOptron2017.Telescope iOptron CEM120,70,40,26, GEM, HEM, HAE, HAZ series and SkyHunter Mount
2026-03-30T20:26:40.8030|INFO|TelescopeVM.cs|Disconnect|740|Disconnected mount
2026-03-30T20:26:40.8034|INFO|AscomDevice.cs|Disconnect|378|Disconnecting from ASCOM.EFW2.FilterWheel ZWO FilterWheel
2026-03-30T20:26:40.8193|INFO|FilterWheelVM.cs|Disconnect|333|Disconnected Filter Wheel
2026-03-30T20:26:40.8223|INFO|AscomDevice.cs|Disconnect|378|Disconnecting from ASCOM.EAF.Focuser ZWO Focuser
2026-03-30T20:26:40.8691|INFO|FocuserVM.cs|Disconnect|441|Disconnected Focuser
2026-03-30T20:26:40.8748|INFO|RotatorVM.cs|Disconnect|447|Disconnected Rotator
2026-03-30T20:26:40.8798|INFO|SwitchVM.cs|Disconnect|309|Disconnected Switch
2026-03-30T20:26:40.8826|INFO|AscomDevice.cs|Disconnect|378|Disconnecting from ASCOM.SkyAlert.ObservingConditions SkyAlert Observing Conditions
2026-03-30T20:26:40.8954|INFO|WeatherDataVM.cs|Disconnect|305|Disconnected Weather Device
2026-03-30T20:26:40.8975|INFO|SafetyMonitorVM.cs|UpdateMonitorValues|95|SafetyMonitorInfo state changed to Unsafe
2026-03-30T20:26:40.8978|INFO|AscomDevice.cs|Disconnect|378|Disconnecting from ASCOM.GenericFile.SafetyMonitor Generic File driver
2026-03-30T20:26:40.9066|INFO|SafetyMonitorVM.cs|Disconnect|221|Disconnected Safety Monitor
2026-03-30T20:26:41.0345|INFO|API.cs|StopWatchers|86|Stopping all event watchers
2026-03-30T20:26:41.0603|INFO|NightSummaryPlugin.cs|Teardown|230|NightSummary: Plugin torn down
