----------------------------------------------------------------------
--------------N.I.N.A. - Nighttime Imaging 'N' Astronomy--------------
--------------------------Version 3.2.0.9001--------------------------
-------------------------2026-04-13T09:37:19--------------------------
----------------------------------------------------------------------
---------------------Microsoft Windows 10.0.19045---------------------
-------------------------OS Architecture X64--------------------------
-----------------------Process Architecture X64-----------------------
-----------------------------.NET 8.0.21------------------------------
----------------------------------------------------------------------
--------------------------Processor Count 4---------------------------
--------------------Total Physical Memory 7.84 GB---------------------
----------------------------------------------------------------------
DATE|LEVEL|SOURCE|MEMBER|LINE|MESSAGE
2026-04-13T09:37:19.5785|INFO|App.xaml.cs|OnStartup|170|Launched with command line arguments: --sequencefile C:\Users\nicka\Astro\NINA\NINA_Sequences\TargetScheduler.json --runsequence
2026-04-13T09:37:23.6197|INFO|CameraChooserVM.cs|GetEquipment|69|Found 2 ASI Cameras
2026-04-13T09:37:23.8614|INFO|CameraChooserVM.cs|GetEquipment|84|Found 0 Altair Cameras
2026-04-13T09:37:24.0972|INFO|CameraChooserVM.cs|GetEquipment|96|Found 0 Atik Cameras
2026-04-13T09:37:24.1919|INFO|CameraChooserVM.cs|GetEquipment|110|Found 0 FLI Cameras
2026-04-13T09:37:25.4810|INFO|CameraChooserVM.cs|GetEquipment|130|Found 0 QHYCCD Cameras
2026-04-13T09:37:25.9254|INFO|CameraChooserVM.cs|GetEquipment|158|Found 0 ToupTek Cameras
2026-04-13T09:37:26.0592|INFO|CameraChooserVM.cs|GetEquipment|173|Found 0 Ogma Cameras
2026-04-13T09:37:26.2090|INFO|CameraChooserVM.cs|GetEquipment|188|Found 0 Omegon Cameras
2026-04-13T09:37:26.9596|INFO|CameraChooserVM.cs|GetEquipment|203|Found 0 RisingCam Cameras
2026-04-13T09:37:27.1099|INFO|CameraChooserVM.cs|GetEquipment|218|Found 0 MallinCam Cameras
2026-04-13T09:37:27.2708|INFO|CameraChooserVM.cs|GetEquipment|243|Found 0 SVBony Cameras
2026-04-13T09:37:27.2740|INFO|CameraChooserVM.cs|GetEquipment|259|Found 0 SBIG Cameras
2026-04-13T09:37:34.9806|INFO|ApplicationVM.cs|CheckDiskInfo|100|Available Space on Drive C:\: 138.84 GB
2026-04-13T09:37:34.9872|INFO|ApplicationVM.cs|CheckDiskInfo|102|Drive E:\ is not ready
2026-04-13T09:37:34.9889|INFO|ApplicationVM.cs|CheckDiskInfo|100|Available Space on Drive G:\: 62.15 GB
2026-04-13T09:37:35.0021|INFO|ApplicationVM.cs|CheckDiskInfo|100|Available Space on Drive Z:\: 2.23 GB
2026-04-13T09:37:36.4905|INFO|ApplicationVM.cs|CheckASCOMPlatformVersion|81|ASCOM Platform 6.6.2.4195 installed
2026-04-13T09:37:37.0302|INFO|API.cs|Start|99|Starting Webserver
2026-04-13T09:37:37.0317|INFO|API.cs|APITask|134|starting web server, listening at 172.19.6.111:1888
2026-04-13T09:37:37.1911|INFO|NINALogWatcher.cs|Start|33|watching log file: C:\Users\nicka\AppData\Local\NINA\Logs\20260413-093718-3.2.0.9001.6732-202604.log
2026-04-13T09:37:37.2180|INFO|PluginLoader.cs|LoadPlugin|402|Successfully loaded plugin Advanced API version 2.2.15.0 by Christian Palm
2026-04-13T09:37:38.0554|INFO|PluginLoader.cs|LoadPlugin|402|Successfully loaded plugin Autofocus Report Analysis version 2.0.0.9 by Stefan Berg @isbeorn
2026-04-13T09:37:38.3627|INFO|PluginLoader.cs|LoadPlugin|402|Successfully loaded plugin Connector version 2.1.0.2 by Stefan Berg @isbeorn
2026-04-13T09:37:38.5918|INFO|PluginLoader.cs|LoadPlugin|402|Successfully loaded plugin Device Actions and Commands version 2.2.0.0 by Dale Ghent
2026-04-13T09:37:39.5103|INFO|PluginLoader.cs|LoadPlugin|402|Successfully loaded plugin Discord Alert version 2.2.0.0 by Drew McDermott
2026-04-13T09:37:41.3779|INFO|PluginLoader.cs|LoadPlugin|402|Successfully loaded plugin Discord Notification version 2.0.0.10 by Daniel Ludwig
2026-04-13T09:37:43.5966|INFO|DitherStatisticsVM.cs|CreatePluginIcon|1483|Plugin icon geometry created successfully
2026-04-13T09:37:43.6228|INFO|DitherStatisticsVM.cs|LoadDataTemplates|1452|DitherStatistics DataTemplates loaded successfully
2026-04-13T09:37:43.6276|INFO|DitherStatisticsVM.cs|SaveQualityAssessmentSetting|387|Quality Assessment setting saved to file: True
2026-04-13T09:37:43.6278|INFO|DitherStatisticsVM.cs|LoadQualityAssessmentSetting|364|Quality Assessment setting loaded from file: True
2026-04-13T09:37:43.6410|INFO|DitherStatisticsVM.cs|SaveDitherOptimizerSetting|490|Dither Optimizer setting saved to file: False
2026-04-13T09:37:43.6412|INFO|DitherStatisticsVM.cs|LoadDitherOptimizerSetting|471|Dither Optimizer setting loaded from file: False
2026-04-13T09:37:43.6416|INFO|DitherStatisticsVM.cs|SubscribeToGuiderEvents|834|Subscribed to NINA guider events
2026-04-13T09:37:43.6459|ERROR|DitherStatisticsVM.cs|GetThemeColor|1437|Failed to get theme color 'PrimaryBrush': The calling thread cannot access this object because a different thread owns it.
2026-04-13T09:37:43.6461|INFO|DitherStatisticsVM.cs|StartThemeColorMonitoring|1329|Initial PrimaryBrush color: R:255 G:255 B:255
2026-04-13T09:37:43.6462|INFO|DitherStatisticsVM.cs|.ctor|96|DitherStatisticsVM initialized successfully with ScottPlot 4.1 (Lazy Loading)!
2026-04-13T09:37:43.6467|INFO|DitherStatisticsVM.cs|StartThemeColorMonitoring|1338|Theme color monitoring timer started on UI thread
2026-04-13T09:37:43.6471|INFO|PluginLoader.cs|LoadPlugin|402|Successfully loaded plugin Dither Statistics version 1.3.0.0 by Thierry Tschanz
2026-04-13T09:37:43.8604|INFO|PluginLoader.cs|LoadPlugin|402|Successfully loaded plugin Filter Offset Calculator version 2.0.0.0 by S. Dimant & Stefan Berg
2026-04-13T09:37:44.1368|INFO|DitherStatisticsVM.cs|OnThemeColorTimerTick|1357|Theme color CHANGED! Old: R:255 G:255 B:255 -> New: R:176 G:179 B:185
2026-04-13T09:37:44.1766|INFO|PluginLoader.cs|LoadPlugin|402|Successfully loaded plugin Flexure Correction version 0.8.0.0 by Francesco Meschia
2026-04-13T09:37:44.2462|INFO|DitherStatisticsVM.cs|PixelShiftPlot|136|PixelShiftPlot created (lazy loading)
2026-04-13T09:37:44.2783|INFO|DitherStatisticsVM.cs|SettleTimePlot|177|SettleTimePlot created (lazy loading)
2026-04-13T09:37:45.6455|INFO|DitherStatisticsVM.cs|ConnectToPHD2|708|Attempting to connect to PHD2...
2026-04-13T09:37:45.6474|INFO|PHD2Client.cs|ConnectAsync|102|PHD2Client: Connecting to PHD2 at 127.0.0.1:4400...
2026-04-13T09:37:47.5497|INFO|PluginLoader.cs|LoadPlugin|402|Successfully loaded plugin Ground Station version 3.0.0.117 by Dale Ghent
2026-04-13T09:37:47.6927|ERROR|PHD2Client.cs|ConnectAsync|132|PHD2Client: Connection failed: No connection could be made because the target machine actively refused it.
2026-04-13T09:37:47.6932|INFO|DitherStatisticsVM.cs|OnPHD2ConnectionStatusChanged|737|PHD2 Connection Status: Connection failed: No connection could be made because the target machine actively refused it.
2026-04-13T09:38:04.4702|INFO|PluginLoader.cs|LoadPlugin|402|Successfully loaded plugin Hocus Focus version 3.0.0.25 by George Hilios (jokogeo)
2026-04-13T09:38:05.4362|INFO|PluginLoader.cs|LoadPlugin|402|Successfully loaded plugin Horizon Creator version 1.1.2.1 by Christian Palm
2026-04-13T09:38:05.6975|INFO|PluginLoader.cs|LoadPlugin|402|Successfully loaded plugin Lightbucket version 2.2.4.0 by Lightbucket
2026-04-13T09:38:06.9471|INFO|PluginLoader.cs|LoadPlugin|402|Successfully loaded plugin Livestack version 1.1.0.0 by Stefan Berg @isbeorn
2026-04-13T09:38:07.2185|INFO|PluginLoader.cs|LoadPlugin|402|Successfully loaded plugin Log Viewer version 1.0.0.2 by Alexander Wrede @astro_alex80
2026-04-13T09:38:07.4867|INFO|PluginLoader.cs|LoadPlugin|402|Successfully loaded plugin Moon Angle version 2.2.0.0 by Dale Ghent
2026-04-13T09:38:08.1153|INFO|SessionDatabase.cs|.ctor|32|NightSummary: Database path: C:\Users\nicka\AppData\Local\NINA\NightSummary\nightsummary.sqlite
2026-04-13T09:38:08.1155|INFO|SessionDatabase.cs|.ctor|33|NightSummary: Database exists: True
2026-04-13T09:38:08.2535|INFO|SessionService.cs|.ctor|108|NightSummary: SessionService created — messageBroker=True
2026-04-13T09:38:08.2939|INFO|SettingsManager.cs|TryMigrateFromLegacy|147|NightSummary: Migrated settings from legacy ApplicationSettings to settings.json
2026-04-13T09:38:08.4265|INFO|NightSummaryPlugin.cs|.ctor|252|NightSummary: Plugin initialized successfully
2026-04-13T09:38:08.4327|INFO|SessionDatabase.cs|.ctor|32|NightSummary: Database path: C:\Users\nicka\AppData\Local\NINA\NightSummary\nightsummary.sqlite
2026-04-13T09:38:08.4329|INFO|SessionDatabase.cs|.ctor|33|NightSummary: Database exists: True
2026-04-13T09:38:08.4460|INFO|SessionService.cs|.ctor|108|NightSummary: SessionService created — messageBroker=True
2026-04-13T09:38:08.4483|INFO|PluginLoader.cs|LoadPlugin|402|Successfully loaded plugin Night Summary version 2.10.0.3 by Evan Pegors
2026-04-13T09:38:08.9128|INFO|PluginLoader.cs|LoadPlugin|402|Successfully loaded plugin Phd2 Tools version 1.0.6.0 by Stefan Berg @isbeorn
2026-04-13T09:38:09.3581|INFO|PluginLoader.cs|LoadPlugin|402|Successfully loaded plugin PixInsight Tools version 1.0.0.3 by Stefan Berg
2026-04-13T09:38:10.3534|INFO|PluginLoader.cs|LoadPlugin|402|Successfully loaded plugin Point3D version 0.2.3.0 by Drew McDermott
2026-04-13T09:38:10.8269|INFO|StarfrontClient.cs|StartFolderWatcher|167|[Rockwood] Watching: C:\ASTROIMAGES\NINA\
2026-04-13T09:38:10.8310|INFO|PluginLoader.cs|LoadPlugin|402|Successfully loaded plugin Rockwood Starfront version 1.0.0.0 by Rockwood Observatory
2026-04-13T09:38:10.8310|INFO|StarfrontClient.cs|RunLoop|68|[Rockwood] connecting to wss://api.starfront.space:443/ws/scope?key=***
2026-04-13T09:38:10.9823|INFO|StarfrontClient.cs|RunLoop|71|[Rockwood] connected
2026-04-13T09:38:11.8203|INFO|PluginLoader.cs|LoadPlugin|402|Successfully loaded plugin Scope Control version 2.0.2.1 by Stefan Berg @isbeorn
2026-04-13T09:38:14.3772|WARNING|When.cs|GetRunningItem|143|Can't get running items: SequencerNavigation not initialized yet!
2026-04-13T09:38:14.6257|INFO|PluginLoader.cs|LoadPlugin|402|Successfully loaded plugin Sequencer Powerups version 3.29.0.9 by Marc Blank
2026-04-13T09:38:15.7134|INFO|PluginLoader.cs|LoadPlugin|402|Successfully loaded plugin Session Metadata version 2.6.3.0 by Tom Palmer @tcpalmer
2026-04-13T09:38:15.8550|INFO|PluginLoader.cs|LoadPlugin|402|Successfully loaded plugin Shutdown PC version 2.2.0.0 by Dale Ghent
2026-04-13T09:38:16.2318|INFO|PluginLoader.cs|LoadPlugin|402|Successfully loaded plugin SkyFlats version 1.0.0.4 by Gerald Hitz (@photon)
2026-04-13T09:38:16.9015|INFO|PluginLoader.cs|LoadPlugin|402|Successfully loaded plugin Smart Filters version 1.0.0.3 by Benoit SAINTOT
2026-04-13T09:38:18.6143|INFO|SyncEngine.cs|Start|41|[Subframes] SyncEngine started.
2026-04-13T09:38:18.6180|INFO|Plugin.cs|.ctor|145|[Subframes] Plugin loaded (primary instance).
2026-04-13T09:38:18.6223|WARNING|Plugin.cs|OnImportsSatisfied|175|[Subframes] Sequence event subscription deferred — SequenceMediator internals not yet initialized.
2026-04-13T09:38:18.6287|WARNING|Plugin.cs|.ctor|94|[Subframes] Duplicate plugin instance created by MEF — proxying to primary to prevent duplicate sessions/sync.
2026-04-13T09:38:18.6311|INFO|PluginLoader.cs|LoadPlugin|402|Successfully loaded plugin Subframes version 0.1.43.0 by Subframes
2026-04-13T09:38:19.3860|WARNING|When.cs|GetRunningItem|143|Can't get running items: SequencerNavigation not initialized yet!
2026-04-13T09:38:19.4859|INFO|PluginLoader.cs|LoadPlugin|402|Successfully loaded plugin Target Planning version 3.2.1.0 by Tom Palmer @tcpalmer
2026-04-13T09:38:24.3879|WARNING|When.cs|GetRunningItem|143|Can't get running items: SequencerNavigation not initialized yet!
2026-04-13T09:38:26.2777|INFO|PluginLoader.cs|LoadPlugin|402|Successfully loaded plugin Target Scheduler version 5.9.0.0 by Tom Palmer @tcpalmer
2026-04-13T09:38:26.9071|INFO|PluginLoader.cs|LoadPlugin|402|Successfully loaded plugin Three Point Polar Alignment version 2.2.5.1 by Stefan Berg @isbeorn
2026-04-13T09:38:29.2516|INFO|SessionHistoryManager.cs|PurgeHistoryOlderThan|102|purging web session history older than 10 days
2026-04-13T09:38:29.3114|INFO|PluginLoader.cs|LoadPlugin|402|Successfully loaded plugin Web Session History Viewer version 2.2.1.0 by Tom Palmer @tcpalmer
2026-04-13T09:38:29.3900|WARNING|When.cs|GetRunningItem|143|Can't get running items: SequencerNavigation not initialized yet!
2026-04-13T09:38:29.8801|INFO|PluginFetcher.cs|RequestAll|43|Fetching plugin manifests from https://nighttime-imaging.eu/wp-json/nina/v1/plugins/manifests
2026-04-13T09:38:30.1697|INFO|RotatorChooserVM.cs|GetEquipment|45|Found 1 Networked Rotator Rotators
2026-04-13T09:38:30.5030|INFO|Sequence2VM.cs|TryLoadSequenceFile|414|Loading sequence file: C:\Users\nicka\Astro\NINA\NINA_Sequences\TargetScheduler.json
2026-04-13T09:38:30.6183|INFO|CameraChooserVM.cs|GetEquipment|279|Found 0 SVBony Cameras
2026-04-13T09:38:30.6908|INFO|FilterWheelChooserVM.cs|GetEquipment|167|Found 1 Networked Filter Wheel Filter Wheels
2026-04-13T09:38:30.7243|INFO|CameraChooserVM.cs|GetEquipment|279|Found 0 PlayerOne Cameras
2026-04-13T09:38:30.7992|INFO|CameraChooserVM.cs|GetEquipment|279|Found 0 ASTPAN Cameras
2026-04-13T09:38:30.8011|INFO|CameraChooserVM.cs|GetEquipment|293|Found 4 ASCOM Cameras
2026-04-13T09:38:30.9584|INFO|Plugin.cs|TrySubscribeSequenceEvents|201|[Subframes] ISequenceMediator.SequenceStarted not present in this NINA build — session will open on first captured image instead.
2026-04-13T09:38:30.9586|INFO|Plugin.cs|RetrySubscribeSequenceEventsAsync|231|[Subframes] Deferred sequence event subscription succeeded after 12s.
2026-04-13T09:38:31.1948|INFO|Sequence2VM.cs|TryLoadSequenceFile|420|Starting sequence from command line options
2026-04-13T09:38:31.1981|INFO|Sequence2VM.cs|StartSequence|543|Advanced Sequence starting
2026-04-13T09:38:32.5114|INFO|SafetyMonitorChooserVM.cs|GetEquipment|71|Found 0 Alpaca Safety Monitors
2026-04-13T09:38:32.6725|INFO|WeatherDataChooserVM.cs|GetEquipment|69|Found 0 Alpaca Observing Conditions
2026-04-13T09:38:32.6749|INFO|SwitchChooserVM.cs|GetEquipment|71|Found 0 Alpaca Switch Hubs
2026-04-13T09:38:32.6767|INFO|DomeChooserVM.cs|GetEquipment|67|Found 0 Alpaca Domes
2026-04-13T09:38:32.6791|INFO|TelescopeChooserVM.cs|GetEquipment|69|Found 0 Alpaca Telescopes
2026-04-13T09:38:32.6807|INFO|RotatorChooserVM.cs|GetEquipment|68|Found 0 Alpaca Rotators
2026-04-13T09:38:32.6833|INFO|FlatDeviceChooserVM.cs|GetEquipment|67|Found 0 Alpaca Cover Calibrators
2026-04-13T09:38:32.7127|INFO|FilterWheelChooserVM.cs|GetEquipment|193|Found 0 Alpaca Filter Wheels
2026-04-13T09:38:32.8008|INFO|DockManagerVM.cs|InitializeAvalonDockLayout|366|Initializing imaging tab layout from C:\Users\nicka\AppData\Local\NINA\Profiles\0173997c-4bfa-48fd-9337-a48b6df99c38.dock.config
2026-04-13T09:38:32.8039|INFO|CameraChooserVM.cs|GetEquipment|305|Found 0 Alpaca Cameras
2026-04-13T09:38:32.8120|INFO|CameraChooserVM.cs|GetEquipment|318|Found 0 Canon Cameras
2026-04-13T09:38:33.0054|INFO|SequenceItem.cs|Run|208|Starting Category: * Instruction Set *, Container: NINA.Sequencer.Container.SequenceRootContainer, Strategy: SequentialStrategy, Items[CREATED]: 3, Triggers: Category: Ground Station, Item: Failures to Telegram
2026-04-13T09:38:33.0160|INFO|SequenceItem.cs|Run|208|Starting Category: * Instruction Set *, Container: NINA.Sequencer.Container.StartAreaContainer, Strategy: SequentialStrategy, Items[CREATED]: 1
2026-04-13T09:38:33.0168|INFO|SequenceItem.cs|Run|208|Starting Category: * Instruction Set *, Container: NINA.Sequencer.Container.SequentialContainer, Strategy: SequentialStrategy, Items[CREATED]: 10
2026-04-13T09:38:33.0174|INFO|SequenceItem.cs|Run|208|Starting Category: Ground Station, Item: Send to Pushover, Title: Start
2026-04-13T09:38:33.2863|INFO|SequenceItem.cs|Run|254|Finishing Category: Ground Station, Item: Send to Pushover, Title: Start
2026-04-13T09:38:33.2902|INFO|SequenceItem.cs|Run|208|Starting Category: Utility, Item: WaitForTime, Time: 19:38:38h, Offset: -80
2026-04-13T09:38:34.5087|INFO|FocuserChooserVM.cs|GetEquipment|84|Found 0 Alpaca Focusers
2026-04-13T09:39:00.5848|INFO|PluginFetcher.cs|RequestAll|57|Found 78 valid plugins at https://nighttime-imaging.eu/wp-json/nina/v1/plugins/manifests
2026-04-13T19:39:07.5864|INFO|SequenceItem.cs|Run|254|Finishing Category: Utility, Item: WaitForTime, Time: 19:39:26h, Offset: -80
2026-04-13T19:39:07.5888|INFO|SequenceItem.cs|Run|208|Starting Category: Ground Station, Item: Send to Telegram
2026-04-13T19:39:08.4087|INFO|SequenceItem.cs|Run|254|Finishing Category: Ground Station, Item: Send to Telegram
2026-04-13T19:39:08.4090|INFO|SequenceItem.cs|Run|208|Starting Category: Ground Station, Item: Send to Pushover, Title: Configure Equipment
2026-04-13T19:39:08.5938|INFO|SequenceItem.cs|Run|254|Finishing Category: Ground Station, Item: Send to Pushover, Title: Configure Equipment
2026-04-13T19:39:08.5951|INFO|SequenceItem.cs|Run|208|Starting Category: Connect, Item: ConnectAllEquipment
2026-04-13T19:39:08.6392|INFO|CameraChooserVM.cs|GetEquipment|69|Found 2 ASI Cameras
2026-04-13T19:39:08.7015|INFO|CameraChooserVM.cs|GetEquipment|84|Found 0 Altair Cameras
2026-04-13T19:39:08.7017|INFO|CameraChooserVM.cs|GetEquipment|96|Found 0 Atik Cameras
2026-04-13T19:39:08.7023|INFO|CameraChooserVM.cs|GetEquipment|110|Found 0 FLI Cameras
2026-04-13T19:39:08.7026|INFO|CameraChooserVM.cs|GetEquipment|130|Found 0 QHYCCD Cameras
2026-04-13T19:39:08.8544|INFO|CameraChooserVM.cs|GetEquipment|158|Found 0 ToupTek Cameras
2026-04-13T19:39:08.8598|INFO|CameraChooserVM.cs|GetEquipment|173|Found 0 Ogma Cameras
2026-04-13T19:39:08.8736|INFO|CameraChooserVM.cs|GetEquipment|188|Found 0 Omegon Cameras
2026-04-13T19:39:09.0263|INFO|CameraChooserVM.cs|GetEquipment|203|Found 0 RisingCam Cameras
2026-04-13T19:39:09.0412|INFO|CameraChooserVM.cs|GetEquipment|218|Found 0 MallinCam Cameras
2026-04-13T19:39:09.0430|INFO|CameraChooserVM.cs|GetEquipment|243|Found 0 SVBony Cameras
2026-04-13T19:39:09.0457|INFO|CameraChooserVM.cs|GetEquipment|259|Found 0 SBIG Cameras
2026-04-13T19:39:09.0463|INFO|CameraChooserVM.cs|GetEquipment|279|Found 0 SVBony Cameras
2026-04-13T19:39:09.0467|INFO|CameraChooserVM.cs|GetEquipment|279|Found 0 PlayerOne Cameras
2026-04-13T19:39:09.0545|INFO|CameraChooserVM.cs|GetEquipment|279|Found 0 ASTPAN Cameras
2026-04-13T19:39:09.0554|INFO|CameraChooserVM.cs|GetEquipment|293|Found 4 ASCOM Cameras
2026-04-13T19:39:11.0578|INFO|CameraChooserVM.cs|GetEquipment|305|Found 0 Alpaca Cameras
2026-04-13T19:39:11.0635|INFO|CameraChooserVM.cs|GetEquipment|318|Found 0 Canon Cameras
2026-04-13T19:39:11.1345|INFO|CameraVM.cs|Disconnect|650|Disconnected Camera
2026-04-13T19:39:11.7312|WARNING|ASICamera.cs|SetControlValue|568|Failed to set ASI Control Value ASI_WB_B with value 50
2026-04-13T19:39:11.7314|WARNING|ASICamera.cs|SetControlValue|568|Failed to set ASI Control Value ASI_WB_R with value 50
2026-04-13T19:39:11.7314|WARNING|ASICamera.cs|SetControlValue|568|Failed to set ASI Control Value ASI_GAMMA with value 50
2026-04-13T19:39:11.7315|WARNING|ASICamera.cs|SetControlValue|568|Failed to set ASI Control Value ASI_HIGH_SPEED_MODE with value 0
2026-04-13T19:39:11.7316|WARNING|ASICamera.cs|SetControlValue|568|Failed to set ASI Control Value ASI_OVERCLOCK with value 0
2026-04-13T19:39:11.7317|WARNING|ASICamera.cs|SetControlValue|568|Failed to set ASI Control Value ASI_PATTERN_ADJUST with value 0
2026-04-13T19:39:11.7327|WARNING|ASICamera.cs|SetControlValue|568|Failed to set ASI Control Value ASI_MONO_BIN with value 0
2026-04-13T19:39:11.7338|INFO|ASICamera.cs|Initialize|664|Camera ID: ASI533MM
2026-04-13T19:39:11.7433|WARNING|ASICamera.cs|SetControlValue|568|Failed to set ASI Control Value ASI_ANTI_DEW_HEATER with value 0
2026-04-13T19:39:11.7860|INFO|CameraVM.cs|ChooseCamera|455|Successfully connected Camera. Id: ZWOptical_ZWO ASI533MM Pro_ASI533MM Name: ZWO ASI533MM Pro DisplayName: ZWO ASI533MM Pro (ASI533MM)Driver Version: 1, 39, 0, 0
2026-04-13T19:39:12.3504|INFO|FilterWheelChooserVM.cs|GetEquipment|167|Found 1 Networked Filter Wheel Filter Wheels
2026-04-13T19:39:14.3520|INFO|FilterWheelChooserVM.cs|GetEquipment|193|Found 0 Alpaca Filter Wheels
2026-04-13T19:39:14.3728|INFO|FilterWheelVM.cs|Disconnect|333|Disconnected Filter Wheel
2026-04-13T19:39:18.1383|INFO|FilterWheelVM.cs|ChooseFW|279|Successfully connected Filter Wheel. Id: ASCOM.EFW2.FilterWheel Name: ZWO FilterWheel DisplayName: ZWO FilterWheel (ASCOM) Driver Version: 6.0
2026-04-13T19:39:21.9918|INFO|FocuserChooserVM.cs|GetEquipment|84|Found 0 Alpaca Focusers
2026-04-13T19:39:22.0297|INFO|FocuserVM.cs|Disconnect|441|Disconnected Focuser
2026-04-13T19:39:23.6677|ERROR|AscomDevice.cs|GetProperty|546|An unexpected exception occurred during GET of Focuser.StepSize: 
ASCOM.DriverException: The method or operation is not implemented.
 ---> System.NotImplementedException: The method or operation is not implemented.
   --- End of inner exception stack trace ---
   at ASCOM.Com.DriverAccess.DynamicAccess.CheckDotNetExceptions(String memberName, Exception e) in J:\ASCOMLibrary\ASCOM.Com\ASCOM.Com.DriverAccess\BaseClass\DynamicAccess.cs:line 278
   at ASCOM.Com.DriverAccess.DynamicAccess.TryGetMember(GetMemberBinder binder, Object& result) in J:\ASCOMLibrary\ASCOM.Com\ASCOM.Com.DriverAccess\BaseClass\DynamicAccess.cs:line 150
   at CallSite.Target(Closure, CallSite, Object)
   at System.Dynamic.UpdateDelegates.UpdateAndExecute1[T0,TRet](CallSite site, T0 arg0)
   at ASCOM.Com.DriverAccess.Focuser.get_StepSize() in J:\ASCOMLibrary\ASCOM.Com\ASCOM.Com.DriverAccess\Focuser.cs:line 159
   at System.RuntimeMethodHandle.InvokeMethod(Object target, Void** arguments, Signature sig, Boolean isConstructor)
   at System.Reflection.MethodBaseInvoker.InvokeWithNoArgs(Object obj, BindingFlags invokeAttr)
2026-04-13T19:39:23.8786|INFO|AscomDevice.cs|GetProperty|485|Retrying to GET Focuser.StepSize - Attempt 2 / 3
2026-04-13T19:39:23.8799|ERROR|AscomDevice.cs|GetProperty|546|An unexpected exception occurred during GET of Focuser.StepSize: 
ASCOM.DriverException: The method or operation is not implemented.
 ---> System.NotImplementedException: The method or operation is not implemented.
   --- End of inner exception stack trace ---
   at ASCOM.Com.DriverAccess.DynamicAccess.CheckDotNetExceptions(String memberName, Exception e) in J:\ASCOMLibrary\ASCOM.Com\ASCOM.Com.DriverAccess\BaseClass\DynamicAccess.cs:line 278
   at ASCOM.Com.DriverAccess.DynamicAccess.TryGetMember(GetMemberBinder binder, Object& result) in J:\ASCOMLibrary\ASCOM.Com\ASCOM.Com.DriverAccess\BaseClass\DynamicAccess.cs:line 150
   at CallSite.Target(Closure, CallSite, Object)
   at ASCOM.Com.DriverAccess.Focuser.get_StepSize() in J:\ASCOMLibrary\ASCOM.Com\ASCOM.Com.DriverAccess\Focuser.cs:line 159
   at InvokeStub_Focuser.get_StepSize(Object, Object, IntPtr*)
   at System.Reflection.MethodBaseInvoker.InvokeWithNoArgs(Object obj, BindingFlags invokeAttr)
2026-04-13T19:39:24.0806|INFO|AscomDevice.cs|GetProperty|485|Retrying to GET Focuser.StepSize - Attempt 3 / 3
2026-04-13T19:39:24.0827|ERROR|AscomDevice.cs|GetProperty|546|An unexpected exception occurred during GET of Focuser.StepSize: 
ASCOM.DriverException: The method or operation is not implemented.
 ---> System.NotImplementedException: The method or operation is not implemented.
   --- End of inner exception stack trace ---
   at ASCOM.Com.DriverAccess.DynamicAccess.CheckDotNetExceptions(String memberName, Exception e) in J:\ASCOMLibrary\ASCOM.Com\ASCOM.Com.DriverAccess\BaseClass\DynamicAccess.cs:line 278
   at ASCOM.Com.DriverAccess.DynamicAccess.TryGetMember(GetMemberBinder binder, Object& result) in J:\ASCOMLibrary\ASCOM.Com\ASCOM.Com.DriverAccess\BaseClass\DynamicAccess.cs:line 150
   at CallSite.Target(Closure, CallSite, Object)
   at ASCOM.Com.DriverAccess.Focuser.get_StepSize() in J:\ASCOMLibrary\ASCOM.Com\ASCOM.Com.DriverAccess\Focuser.cs:line 159
   at InvokeStub_Focuser.get_StepSize(Object, Object, IntPtr*)
   at System.Reflection.MethodBaseInvoker.InvokeWithNoArgs(Object obj, BindingFlags invokeAttr)
2026-04-13T19:39:24.0836|INFO|AscomDevice.cs|GetProperty|556|GET Focuser.StepSize failed - Returning last known value 0
2026-04-13T19:39:24.3377|INFO|FocuserVM.cs|ChooseFocuser|333|Successfully connected Focuser. Id: ASCOM.EAF.Focuser Name: ZWO Focuser DisplayName: ZWO Focuser (ASCOM) Driver Version: 6.0
2026-04-13T19:39:26.3391|INFO|TelescopeChooserVM.cs|GetEquipment|69|Found 0 Alpaca Telescopes
2026-04-13T19:39:26.3837|INFO|TelescopeVM.cs|Disconnect|740|Disconnected mount
2026-04-13T19:39:29.3537|INFO|AscomTelescope.cs|CheckMountTime|845|Mount UTC Time: 2026-04-14 00:39:27Z / System UTC Time: 2026-04-14 00:39:29Z; Difference: 1.797 seconds
2026-04-13T19:39:29.4056|INFO|AscomTelescope.cs|CheckMountTime|852|System time has been synced to the mount
2026-04-13T19:39:29.6572|INFO|TelescopeVM.cs|ChooseTelescope|535|Successfully connected mount. Id: ASCOM.iOptron2017.Telescope Name: iOptron CEM120,70,40,26, GEM, HEM, HAE, HAZ series and SkyHunter Mount DisplayName: iOptron CEM120,70,40,26, GEM, HEM, HAE, HAZ series and SkyHunter Mount (ASCOM) Driver Version: 9.15
2026-04-13T19:39:29.6697|INFO|PHD2Guider.cs|Connect|205|Connecting to PHD2 server at 127.0.0.1:4400
2026-04-13T19:39:35.7041|INFO|PHD2Client.cs|ConnectAsync|118|PHD2Client: Connected successfully!
2026-04-13T19:39:35.7043|INFO|DitherStatisticsVM.cs|OnPHD2ConnectionStatusChanged|734|PHD2 Connection Status: Connected
2026-04-13T19:39:35.7043|INFO|DitherStatisticsVM.cs|ConnectToPHD2|713|Successfully connected to PHD2!
2026-04-13T19:39:35.7065|INFO|PHD2Client.cs|ReadEventsAsync|181|PHD2Client: Started reading events
2026-04-13T19:39:35.7323|INFO|PHD2Client.cs|HandleVersion|366|PHD2Client: Connected to PHD2 version 2.6.14. (Message Protocol v1)
2026-04-13T19:39:35.7329|INFO|PHD2Client.cs|ProcessEvent|257|PHD2: CalibrationComplete
2026-04-13T19:39:35.7336|INFO|PHD2Client.cs|HandleAppState|376|PHD2Client: PHD2 AppState: Stopped
2026-04-13T19:39:37.0081|INFO|WeatherDataChooserVM.cs|GetEquipment|69|Found 0 Alpaca Observing Conditions
2026-04-13T19:39:37.0172|INFO|WeatherDataVM.cs|Disconnect|305|Disconnected Weather Device
2026-04-13T19:39:39.2440|INFO|AscomDevice.cs|GetProperty|527|Property ObservingConditions.SkyQuality GET is not implemented in this driver (SkyAlert Observing Conditions)
2026-04-13T19:39:39.2518|INFO|AscomDevice.cs|GetProperty|527|Property ObservingConditions.StarFWHM GET is not implemented in this driver (SkyAlert Observing Conditions)
2026-04-13T19:39:39.2684|INFO|WeatherDataVM.cs|ChooseWeatherData|150|Successfully connected Weather Device. Id: ASCOM.SkyAlert.ObservingConditions Name: SkyAlert Observing Conditions DisplayName: SkyAlert Observing Conditions (ASCOM) Driver Version: 1.7
2026-04-13T19:39:41.2700|INFO|SafetyMonitorChooserVM.cs|GetEquipment|71|Found 0 Alpaca Safety Monitors
2026-04-13T19:39:41.3127|INFO|SafetyMonitorVM.cs|Disconnect|221|Disconnected Safety Monitor
2026-04-13T19:39:41.9876|INFO|SafetyMonitorVM.cs|Connect|175|Successfully connected Safety Monitor. Id: ASCOM.GenericFile.SafetyMonitor Name: Generic File driver DisplayName: Generic File driver (ASCOM) Driver Version: 6.4
2026-04-13T19:39:41.9880|INFO|SequenceItem.cs|Run|254|Finishing Category: Connect, Item: ConnectAllEquipment
2026-04-13T19:39:41.9886|INFO|SequenceItem.cs|Run|208|Starting Category: Telescope, Item: FindHome
2026-04-13T19:39:41.9945|INFO|PHD2Guider.cs|StopGuiding|704|Phd2 - Stop Guiding skipped, as the app is already in state Stopped
2026-04-13T19:39:41.9963|INFO|TelescopeVM.cs|FindHome|292|Mount ordered to locate home position
2026-04-13T19:39:42.0011|INFO|TelescopeVM.cs|FindHome|336|Mount ordered to home but it is already at home
2026-04-13T19:39:42.0014|INFO|TelescopeVM.cs|FindHome|348|Mount has located its home position
2026-04-13T19:39:42.0023|INFO|SequenceItem.cs|Run|254|Finishing Category: Telescope, Item: FindHome
2026-04-13T19:39:42.0025|INFO|SequenceItem.cs|Run|208|Starting Category: Ground Station, Item: Send to Telegram
2026-04-13T19:39:42.6040|INFO|SequenceItem.cs|Run|254|Finishing Category: Ground Station, Item: Send to Telegram
2026-04-13T19:39:42.6044|INFO|SequenceItem.cs|Run|208|Starting Category: Ground Station, Item: Send to Pushover, Title: Cool
2026-04-13T19:39:42.7480|INFO|SequenceItem.cs|Run|254|Finishing Category: Ground Station, Item: Send to Pushover, Title: Cool
2026-04-13T19:39:42.7490|INFO|SequenceItem.cs|Run|208|Starting Category: Camera, Item: CoolCamera, Temperature: -5, Duration: 15
2026-04-13T19:39:42.7532|INFO|CameraVM.cs|CoolCamera|138|Cooling Camera. Target: -5 Duration: 00:15:00
2026-04-13T19:39:43.9920|INFO|SafetyMonitorVM.cs|UpdateMonitorValues|95|SafetyMonitorInfo state changed to Unsafe
2026-04-13T19:55:03.2742|INFO|SequenceItem.cs|Run|254|Finishing Category: Camera, Item: CoolCamera, Temperature: -5, Duration: 15
2026-04-13T19:55:03.2747|INFO|SequenceItem.cs|Run|208|Starting Category: Utility, Item: WaitForTime, Time: 20:44:26h, Offset: -15
2026-04-13T20:44:28.6054|INFO|SequenceItem.cs|Run|254|Finishing Category: Utility, Item: WaitForTime, Time: 20:44:26h, Offset: -15
2026-04-13T20:44:28.6149|INFO|SequenceItem.cs|Run|254|Finishing Category: * Instruction Set *, Container: NINA.Sequencer.Container.SequentialContainer, Strategy: SequentialStrategy, Items[FINISHED]: 10
2026-04-13T20:44:28.6155|INFO|SequenceItem.cs|Run|254|Finishing Category: * Instruction Set *, Container: NINA.Sequencer.Container.StartAreaContainer, Strategy: SequentialStrategy, Items[FINISHED]: 1
2026-04-13T20:44:28.6163|INFO|SequenceItem.cs|Run|208|Starting Category: * Instruction Set *, Container: NINA.Sequencer.Container.TargetAreaContainer, Strategy: SequentialStrategy, Items[CREATED]: 1
2026-04-13T20:44:28.6215|INFO|SequenceItem.cs|Run|208|Starting Category: * Instruction Set *, Container: NINA.Sequencer.Container.SequentialContainer, Strategy: SequentialStrategy, Items[CREATED]: 12, Conditions: Condition: TimeCondition, Time: 6:45:12h, Condition: TargetSchedulerCondition mode=While Targets Remain Tonight, , Triggers: Trigger: CenterAfterDriftTrigger, DistanceArcMinutes: 1Trigger: WhenUnsafeCategory: Ground Station, Item: Failures to TelegramCategory: Connect, Item: ReconnectOnDownloadFailureTrigger: AutofocusAfterHFRIncreaseTrigger, Amount: 5Trigger: MeridianFlipTriggerCategory: Powerups (Misc), Item: DIYTriggerCategory: Ground Station, Item: Failures to PushoverTrigger: AutofocusAfterTemperatureChangeTrigger, Amount: 1.5°
2026-04-13T20:44:28.6252|INFO|WhenCommon.cs|SequenceBlockInitialize|204|Initialize; starting watchdog
2026-04-13T20:44:28.6300|INFO|WhenUnsafe.cs|CheckSafe|77|IsSafe is now FALSE; connected = True, IsSafe = False
2026-04-13T20:44:28.6303|INFO|WhenCommon.cs|ShouldTrigger|378|ShouldTrigger TRUE from InterruptWhen, setting TriggerRunner
2026-04-13T20:44:28.6304|INFO|WhenCommon.cs|InterruptWhen|322|Interrupting current Instruction Set
2026-04-13T20:44:28.6341|INFO|WhenCommon.cs|InterruptWhen|332|Canceling sequence...
2026-04-13T20:44:29.6349|INFO|WhenCommon.cs|InterruptWhen|336|Delay 1000
2026-04-13T20:44:30.6355|INFO|WhenCommon.cs|InterruptWhen|336|Delay 1000
2026-04-13T20:44:31.6364|INFO|WhenCommon.cs|InterruptWhen|336|Delay 1000
2026-04-13T20:44:32.6363|INFO|WhenCommon.cs|InterruptWhen|336|Delay 1000
2026-04-13T20:44:33.6369|INFO|WhenCommon.cs|InterruptWhen|336|Delay 1000
2026-04-13T20:44:34.6374|INFO|WhenCommon.cs|InterruptWhen|336|Delay 1000
2026-04-13T20:44:35.6377|INFO|WhenCommon.cs|InterruptWhen|336|Delay 1000
2026-04-13T20:44:36.6373|INFO|WhenCommon.cs|InterruptWhen|336|Delay 1000
2026-04-13T20:44:37.6374|INFO|WhenCommon.cs|InterruptWhen|336|Delay 1000
2026-04-13T20:44:38.6378|INFO|WhenCommon.cs|InterruptWhen|336|Delay 1000
2026-04-13T20:44:39.6378|INFO|WhenCommon.cs|InterruptWhen|336|Delay 1000
2026-04-13T20:44:40.6379|INFO|WhenCommon.cs|InterruptWhen|336|Delay 1000
2026-04-13T20:44:41.6389|INFO|WhenCommon.cs|InterruptWhen|336|Delay 1000
2026-04-13T20:44:42.6401|INFO|WhenCommon.cs|InterruptWhen|336|Delay 1000
2026-04-13T20:44:43.6395|INFO|WhenCommon.cs|InterruptWhen|336|Delay 1000
2026-04-13T20:44:44.6396|INFO|WhenCommon.cs|InterruptWhen|336|Delay 1000
2026-04-13T20:44:45.6407|INFO|WhenCommon.cs|InterruptWhen|336|Delay 1000
2026-04-13T20:44:46.6418|INFO|WhenCommon.cs|InterruptWhen|336|Delay 1000
2026-04-13T20:44:47.6422|INFO|WhenCommon.cs|InterruptWhen|336|Delay 1000
2026-04-13T20:44:48.6432|INFO|WhenCommon.cs|InterruptWhen|336|Delay 1000
2026-04-13T20:44:49.6448|INFO|WhenCommon.cs|InterruptWhen|336|Delay 1000
2026-04-13T20:44:50.6459|INFO|WhenCommon.cs|InterruptWhen|336|Delay 1000
2026-04-13T20:44:51.6460|INFO|WhenCommon.cs|InterruptWhen|336|Delay 1000
2026-04-13T20:44:52.6466|INFO|WhenCommon.cs|InterruptWhen|336|Delay 1000
2026-04-13T20:44:53.6464|INFO|WhenCommon.cs|InterruptWhen|336|Delay 1000
2026-04-13T20:44:54.6466|INFO|WhenCommon.cs|InterruptWhen|336|Delay 1000
2026-04-13T20:44:55.6462|INFO|WhenCommon.cs|InterruptWhen|336|Delay 1000
2026-04-13T20:44:56.6473|INFO|WhenCommon.cs|InterruptWhen|336|Delay 1000
2026-04-13T20:44:57.6489|INFO|WhenCommon.cs|InterruptWhen|336|Delay 1000
2026-04-13T20:44:58.4403|INFO|WhenCommon.cs|SequenceBlockTeardown|198|Teardown; shutting down watchdog
2026-04-13T20:44:58.4426|INFO|Sequencer.cs|Start|85|Sequence run was cancelled
2026-04-13T20:44:58.4593|INFO|Sequence2VM.cs|StartSequence|548|Advanced Sequence finished
2026-04-13T20:44:58.6604|INFO|WhenCommon.cs|InterruptWhen|339|Sequence no longer running
2026-04-13T20:44:58.6624|WARNING|WhenCommon.cs|CheckSlewing|263|CheckSlewing, WhenUnsafe = True, Connected = True, CanSlew = True, info.Slewing = False
2026-04-13T20:44:58.6644|INFO|Sequence2VM.cs|StartSequence|543|Advanced Sequence starting
2026-04-13T20:44:58.7228|INFO|SequenceItem.cs|Run|208|Starting Category: * Instruction Set *, Container: NINA.Sequencer.Container.SequenceRootContainer, Strategy: SequentialStrategy, Items[CREATED]: 3, Triggers: Category: Ground Station, Item: Failures to Telegram
2026-04-13T20:44:58.7231|INFO|SequenceItem.cs|Run|208|Starting Category: * Instruction Set *, Container: NINA.Sequencer.Container.StartAreaContainer, Strategy: SequentialStrategy, Items[FINISHED]: 1
2026-04-13T20:44:58.7231|INFO|SequenceItem.cs|Run|254|Finishing Category: * Instruction Set *, Container: NINA.Sequencer.Container.StartAreaContainer, Strategy: SequentialStrategy, Items[FINISHED]: 1
2026-04-13T20:44:58.7232|INFO|SequenceItem.cs|Run|208|Starting Category: * Instruction Set *, Container: NINA.Sequencer.Container.TargetAreaContainer, Strategy: SequentialStrategy, Items[CREATED]: 1
2026-04-13T20:44:58.7234|INFO|SequenceItem.cs|Run|208|Starting Category: * Instruction Set *, Container: NINA.Sequencer.Container.SequentialContainer, Strategy: SequentialStrategy, Items[CREATED]: 12, Conditions: Condition: TimeCondition, Time: 6:45:12h, Condition: TargetSchedulerCondition mode=While Targets Remain Tonight, , Triggers: Trigger: CenterAfterDriftTrigger, DistanceArcMinutes: 1Trigger: WhenUnsafeCategory: Ground Station, Item: Failures to TelegramCategory: Connect, Item: ReconnectOnDownloadFailureTrigger: AutofocusAfterHFRIncreaseTrigger, Amount: 5Trigger: MeridianFlipTriggerCategory: Powerups (Misc), Item: DIYTriggerCategory: Ground Station, Item: Failures to PushoverTrigger: AutofocusAfterTemperatureChangeTrigger, Amount: 1.5°
2026-04-13T20:44:58.7237|INFO|WhenCommon.cs|SequenceBlockInitialize|204|Initialize; starting watchdog
2026-04-13T20:44:58.7413|INFO|WhenCommon.cs|ShouldTrigger|382|ShouldTrigger TRUE, setting TriggerRunner
2026-04-13T20:44:58.7436|INFO|SequenceTrigger.cs|Run|114|Starting Trigger: WhenUnsafe
2026-04-13T20:44:58.7544|INFO|WhenCommon.cs|Execute|395|Execute 0
2026-04-13T20:44:58.7546|INFO|WhenCommon.cs|Execute|409|When: running TriggerRunner, InFlight -> true, Triggered -> false
2026-04-13T20:44:58.7547|WARNING|WhenCommon.cs|CheckSlewing|263|CheckSlewing, WhenUnsafe = True, Connected = True, CanSlew = True, info.Slewing = False
2026-04-13T20:44:58.7549|INFO|SequenceItem.cs|Run|208|Starting Category: , Container: WhenPlugin.When.IfContainer, Strategy: SequentialStrategy, Items[CREATED]: 9
2026-04-13T20:44:58.7607|INFO|MeridianFlipTrigger.cs|ShouldTrigger|197|Meridian Flip - Telescope is at home position. Skip flip evaluation
2026-04-13T20:44:58.7623|INFO|SequenceItem.cs|Run|208|Starting Category: Ground Station, Item: Send to Telegram
2026-04-13T20:44:59.6551|INFO|SequenceItem.cs|Run|254|Finishing Category: Ground Station, Item: Send to Telegram
2026-04-13T20:44:59.6585|INFO|MeridianFlipTrigger.cs|ShouldTrigger|197|Meridian Flip - Telescope is at home position. Skip flip evaluation
2026-04-13T20:44:59.6591|INFO|SequenceItem.cs|Run|208|Starting Category: Ground Station, Item: Send to Pushover, Title: Unsafe
2026-04-13T20:44:59.8554|INFO|SequenceItem.cs|Run|254|Finishing Category: Ground Station, Item: Send to Pushover, Title: Unsafe
2026-04-13T20:44:59.8559|INFO|MeridianFlipTrigger.cs|ShouldTrigger|197|Meridian Flip - Telescope is at home position. Skip flip evaluation
2026-04-13T20:44:59.8560|INFO|SequenceItem.cs|Run|208|Starting Category: Telescope, Item: FindHome
2026-04-13T20:44:59.8588|INFO|PHD2Guider.cs|StopGuiding|704|Phd2 - Stop Guiding skipped, as the app is already in state Stopped
2026-04-13T20:44:59.8589|INFO|TelescopeVM.cs|FindHome|292|Mount ordered to locate home position
2026-04-13T20:44:59.8593|INFO|TelescopeVM.cs|FindHome|336|Mount ordered to home but it is already at home
2026-04-13T20:44:59.8594|INFO|TelescopeVM.cs|FindHome|348|Mount has located its home position
2026-04-13T20:44:59.8596|INFO|SequenceItem.cs|Run|254|Finishing Category: Telescope, Item: FindHome
2026-04-13T20:44:59.8599|INFO|MeridianFlipTrigger.cs|ShouldTrigger|197|Meridian Flip - Telescope is at home position. Skip flip evaluation
2026-04-13T20:44:59.8603|INFO|SequenceItem.cs|Run|208|Starting Category: Guider, Item: StopGuiding
2026-04-13T20:44:59.8629|INFO|PHD2Guider.cs|StopGuiding|704|Phd2 - Stop Guiding skipped, as the app is already in state Stopped
2026-04-13T20:44:59.8630|INFO|SequenceItem.cs|Run|254|Finishing Category: Guider, Item: StopGuiding
2026-04-13T20:44:59.8634|INFO|MeridianFlipTrigger.cs|ShouldTrigger|197|Meridian Flip - Telescope is at home position. Skip flip evaluation
2026-04-13T20:44:59.8735|INFO|SequenceItem.cs|Run|208|Starting Category: Connect, Item: DisconnectEquipment, Selected device: Safety Monitor
2026-04-13T20:44:59.9421|INFO|AscomDevice.cs|Disconnect|378|Disconnecting from ASCOM.GenericFile.SafetyMonitor Generic File driver
2026-04-13T20:44:59.9684|INFO|SafetyMonitorVM.cs|Disconnect|221|Disconnected Safety Monitor
2026-04-13T20:44:59.9687|INFO|SequenceItem.cs|Run|254|Finishing Category: Connect, Item: DisconnectEquipment, Selected device: Safety Monitor
2026-04-13T20:44:59.9694|INFO|MeridianFlipTrigger.cs|ShouldTrigger|197|Meridian Flip - Telescope is at home position. Skip flip evaluation
2026-04-13T20:44:59.9700|INFO|SequenceItem.cs|Run|208|Starting Category: Utility, Item: WaitForTimeSpan, Time: 60s
2026-04-13T20:46:00.0663|INFO|SequenceItem.cs|Run|254|Finishing Category: Utility, Item: WaitForTimeSpan, Time: 60s
2026-04-13T20:46:00.0668|INFO|MeridianFlipTrigger.cs|ShouldTrigger|197|Meridian Flip - Telescope is at home position. Skip flip evaluation
2026-04-13T20:46:00.0677|INFO|SequenceItem.cs|Run|208|Starting Category: Connect, Item: ConnectEquipment, Selected device: Safety Monitor, Selected device id: ASCOM.GenericFile.SafetyMonitor
2026-04-13T20:46:02.0722|INFO|SafetyMonitorChooserVM.cs|GetEquipment|71|Found 0 Alpaca Safety Monitors
2026-04-13T20:46:02.1039|INFO|SafetyMonitorVM.cs|Disconnect|221|Disconnected Safety Monitor
2026-04-13T20:46:02.1747|INFO|SafetyMonitorVM.cs|Connect|175|Successfully connected Safety Monitor. Id: ASCOM.GenericFile.SafetyMonitor Name: Generic File driver DisplayName: Generic File driver (ASCOM) Driver Version: 6.4
2026-04-13T20:46:02.1750|INFO|SequenceItem.cs|Run|254|Finishing Category: Connect, Item: ConnectEquipment, Selected device: Safety Monitor, Selected device id: ASCOM.GenericFile.SafetyMonitor
2026-04-13T20:46:02.1754|INFO|MeridianFlipTrigger.cs|ShouldTrigger|197|Meridian Flip - Telescope is at home position. Skip flip evaluation
2026-04-13T20:46:02.1755|INFO|SequenceItem.cs|Run|208|Starting Category: Utility, Item: WaitForTimeSpan, Time: 60s
2026-04-13T20:46:04.1746|INFO|SafetyMonitorVM.cs|UpdateMonitorValues|95|SafetyMonitorInfo state changed to Unsafe
2026-04-13T20:47:02.2917|INFO|SequenceItem.cs|Run|254|Finishing Category: Utility, Item: WaitForTimeSpan, Time: 60s
2026-04-13T20:47:02.2928|INFO|MeridianFlipTrigger.cs|ShouldTrigger|197|Meridian Flip - Telescope is at home position. Skip flip evaluation
2026-04-13T20:47:02.2934|INFO|SequenceItem.cs|Run|208|Starting Category: Powerups (Safety), Item: OnceSafe
2026-04-14T06:45:12.0055|INFO|TimeCondition.cs|Check|254|TimeCondition finished.
2026-04-14T06:45:12.0058|INFO|TimeCondition.cs|InterruptWhenTimeIsUp|63|Time limit exceeded - Interrupting current Instruction Set
2026-04-14T06:45:12.0143|INFO|WhenCommon.cs|Execute|425|When: Execute done; InFlight -> false, Triggered false
2026-04-14T06:45:12.0153|INFO|MeridianFlipTrigger.cs|ShouldTrigger|197|Meridian Flip - Telescope is at home position. Skip flip evaluation
2026-04-14T06:45:12.0157|INFO|SequenceItem.cs|Run|208|Starting Category: Utility, Item: WaitForTime, Time: 20:44:26h, Offset: -15
2026-04-14T06:45:12.0189|INFO|WhenCommon.cs|SequenceBlockTeardown|198|Teardown; shutting down watchdog
2026-04-14T06:45:12.0195|INFO|SequenceItem.cs|Run|254|Finishing Category: * Instruction Set *, Container: NINA.Sequencer.Container.SequentialContainer, Strategy: SequentialStrategy, Items[CREATED]: 12, Conditions: Condition: TimeCondition, Time: 6:45:12h, Condition: TargetSchedulerCondition mode=While Targets Remain Tonight, , Triggers: Trigger: CenterAfterDriftTrigger, DistanceArcMinutes: 1Trigger: WhenUnsafeCategory: Ground Station, Item: Failures to TelegramCategory: Connect, Item: ReconnectOnDownloadFailureTrigger: AutofocusAfterHFRIncreaseTrigger, Amount: 5Trigger: MeridianFlipTriggerCategory: Powerups (Misc), Item: DIYTriggerCategory: Ground Station, Item: Failures to PushoverTrigger: AutofocusAfterTemperatureChangeTrigger, Amount: 1.5°
2026-04-14T06:45:12.0199|INFO|SequenceItem.cs|Run|254|Finishing Category: * Instruction Set *, Container: NINA.Sequencer.Container.TargetAreaContainer, Strategy: SequentialStrategy, Items[FINISHED]: 1
2026-04-14T06:45:12.0207|INFO|SequenceItem.cs|Run|208|Starting Category: * Instruction Set *, Container: NINA.Sequencer.Container.EndAreaContainer, Strategy: SequentialStrategy, Items[CREATED]: 9
2026-04-14T06:45:12.0214|INFO|SequenceItem.cs|Run|208|Starting Category: Telescope, Item: FindHome
2026-04-14T06:45:12.0271|INFO|PHD2Guider.cs|StopGuiding|704|Phd2 - Stop Guiding skipped, as the app is already in state Stopped
2026-04-14T06:45:12.0273|INFO|TelescopeVM.cs|FindHome|292|Mount ordered to locate home position
2026-04-14T06:45:12.0280|INFO|TelescopeVM.cs|FindHome|336|Mount ordered to home but it is already at home
2026-04-14T06:45:12.0281|INFO|TelescopeVM.cs|FindHome|348|Mount has located its home position
2026-04-14T06:45:12.0285|INFO|SequenceItem.cs|Run|254|Finishing Category: Telescope, Item: FindHome
2026-04-14T06:45:12.0295|INFO|SequenceItem.cs|Run|208|Starting Night Summary - End Session
2026-04-14T06:45:12.0346|INFO|NightSummaryEndInstruction.cs|Execute|28|NightSummary: End Session instruction executing
2026-04-14T06:45:27.0414|WARNING|SessionService.cs|EndSession|146|NightSummary: EndSession called but no active session — nothing to do
2026-04-14T06:45:27.0416|INFO|NightSummaryEndInstruction.cs|Execute|39|NightSummary: Session ended successfully
2026-04-14T06:45:27.0417|INFO|SequenceItem.cs|Run|254|Finishing Night Summary - End Session
2026-04-14T06:45:27.0431|INFO|SequenceItem.cs|Run|208|Starting [StartSubframesSession] Target='Unknown Target' RA=0.0000 Dec=0.0000
2026-04-14T06:45:27.2246|INFO|SubframesClient.cs|StartSessionAsync|204|[Subframes] Session started: e496c3c8-9fed-4c14-8c5e-ccc1f2b37b64 for target ''
2026-04-14T06:45:27.2266|INFO|SessionService.cs|StartSessionAsync|156|[Subframes] Session started: e496c3c8-9fed-4c14-8c5e-ccc1f2b37b64 target=''
2026-04-14T06:45:27.2400|INFO|StartSessionItem.cs|Execute|168|[Subframes] StartSessionItem complete — session e496c3c8-9fed-4c14-8c5e-ccc1f2b37b64
2026-04-14T06:45:27.2402|INFO|SequenceItem.cs|Run|254|Finishing [StartSubframesSession] Target='Unknown Target' RA=0.0000 Dec=0.0000
2026-04-14T06:45:27.2417|INFO|SequenceItem.cs|Run|208|Starting Category: Camera, Item: WarmCamera, Duration: 30
2026-04-14T06:45:27.2467|INFO|CameraVM.cs|WarmCamera|161|Warming Camera. Duration: 00:30:00
2026-04-14T07:17:37.2973|INFO|CameraVM.cs|WarmCamera|179|Could not reach warming temperature. Most likley due to ambient temperature being lower. Continuing...
2026-04-14T07:17:57.3952|INFO|CameraVM.cs|WarmCamera|186|Turning cooler off
2026-04-14T07:17:57.3969|INFO|SequenceItem.cs|Run|254|Finishing Category: Camera, Item: WarmCamera, Duration: 30
2026-04-14T07:17:57.3971|INFO|SequenceItem.cs|Run|208|Starting Category: Guider, Item: StopGuiding
2026-04-14T07:17:57.3999|INFO|PHD2Guider.cs|StopGuiding|704|Phd2 - Stop Guiding skipped, as the app is already in state Stopped
2026-04-14T07:17:57.4001|INFO|SequenceItem.cs|Run|254|Finishing Category: Guider, Item: StopGuiding
2026-04-14T07:17:57.4007|INFO|SequenceItem.cs|Run|208|Starting Category: Phd2 Tools, Item: ShutdownPhd2Instruction
2026-04-14T07:17:57.4153|INFO|SequenceItem.cs|Run|254|Finishing Category: Phd2 Tools, Item: ShutdownPhd2Instruction
2026-04-14T07:17:57.4163|INFO|SequenceItem.cs|Run|208|Starting Category: Connect, Item: DisconnectAllEquipment
2026-04-14T07:17:57.4226|WARNING|PHD2Client.cs|ReadEventsAsync|189|PHD2Client: Connection closed by server
2026-04-14T07:17:57.4227|INFO|DitherStatisticsVM.cs|OnPHD2ConnectionStatusChanged|737|PHD2 Connection Status: Connection lost
2026-04-14T07:17:57.4227|INFO|PHD2Client.cs|ReadEventsAsync|205|PHD2Client: Stopped reading events
2026-04-14T07:17:57.4768|INFO|CameraVM.cs|Disconnect|650|Disconnected Camera
2026-04-14T07:17:57.4776|INFO|AscomDevice.cs|Disconnect|378|Disconnecting from ASCOM.EFW2.FilterWheel ZWO FilterWheel
2026-04-14T07:17:57.4877|INFO|FilterWheelVM.cs|Disconnect|333|Disconnected Filter Wheel
2026-04-14T07:17:57.4922|INFO|AscomDevice.cs|Disconnect|378|Disconnecting from ASCOM.EAF.Focuser ZWO Focuser
2026-04-14T07:17:57.5400|INFO|FocuserVM.cs|Disconnect|441|Disconnected Focuser
2026-04-14T07:17:57.5404|INFO|DisconnectAllEquipment.cs|Execute|139|Rotator is already disconnected
2026-04-14T07:17:57.5433|INFO|AscomDevice.cs|Disconnect|378|Disconnecting from ASCOM.iOptron2017.Telescope iOptron CEM120,70,40,26, GEM, HEM, HAE, HAZ series and SkyHunter Mount
2026-04-14T07:17:57.5738|INFO|TelescopeVM.cs|Disconnect|740|Disconnected mount
2026-04-14T07:17:57.5742|INFO|DisconnectAllEquipment.cs|Execute|139|Guider is already disconnected
2026-04-14T07:17:57.5743|INFO|DisconnectAllEquipment.cs|Execute|139|Switch is already disconnected
2026-04-14T07:17:57.5743|INFO|DisconnectAllEquipment.cs|Execute|139|Flat Panel is already disconnected
2026-04-14T07:17:57.5767|INFO|AscomDevice.cs|Disconnect|378|Disconnecting from ASCOM.SkyAlert.ObservingConditions SkyAlert Observing Conditions
2026-04-14T07:17:57.5860|INFO|WeatherDataVM.cs|Disconnect|305|Disconnected Weather Device
2026-04-14T07:17:57.5868|INFO|DisconnectAllEquipment.cs|Execute|139|Dome is already disconnected
2026-04-14T07:17:57.5887|INFO|AscomDevice.cs|Disconnect|378|Disconnecting from ASCOM.GenericFile.SafetyMonitor Generic File driver
2026-04-14T07:17:57.5939|INFO|SafetyMonitorVM.cs|Disconnect|221|Disconnected Safety Monitor
2026-04-14T07:17:57.5944|INFO|SequenceItem.cs|Run|254|Finishing Category: Connect, Item: DisconnectAllEquipment
2026-04-14T07:17:57.5949|INFO|SequenceItem.cs|Run|208|Starting Category: Ground Station, Item: Send to Pushover, Title: Disconnected
2026-04-14T07:17:57.9003|INFO|SequenceItem.cs|Run|254|Finishing Category: Ground Station, Item: Send to Pushover, Title: Disconnected
2026-04-14T07:17:57.9008|INFO|SequenceItem.cs|Run|208|Starting Category: Ground Station, Item: Send to Telegram
2026-04-14T07:17:58.5521|INFO|SequenceItem.cs|Run|254|Finishing Category: Ground Station, Item: Send to Telegram
2026-04-14T07:17:58.5527|INFO|SequenceItem.cs|Run|254|Finishing Category: * Instruction Set *, Container: NINA.Sequencer.Container.EndAreaContainer, Strategy: SequentialStrategy, Items[FINISHED]: 9
2026-04-14T07:17:58.5532|INFO|SequenceItem.cs|Run|254|Finishing Category: * Instruction Set *, Container: NINA.Sequencer.Container.SequenceRootContainer, Strategy: SequentialStrategy, Items[FINISHED]: 3, Triggers: Category: Ground Station, Item: Failures to Telegram
2026-04-14T07:17:58.5547|INFO|Sequence2VM.cs|StartSequence|548|Advanced Sequence finished
2026-04-14T07:17:58.5548|INFO|Plugin.cs|OnSequenceFinished|364|[Subframes] Sequence run ended — closing active session.
2026-04-14T07:17:59.5380|INFO|WhenCommon.cs|InterruptWhen|350|Restarting sequence, Triggered -> true
2026-04-14T07:17:59.5647|INFO|SubframesClient.cs|EndSessionAsync|248|[Subframes] Session ended: e496c3c8-9fed-4c14-8c5e-ccc1f2b37b64
2026-04-14T07:17:59.5653|INFO|SessionService.cs|EndSessionAsync|226|[Subframes] Session ended.
2026-04-14T07:18:02.4376|INFO|PHD2Client.cs|ConnectAsync|102|PHD2Client: Connecting to PHD2 at 127.0.0.1:4400...
2026-04-14T07:18:04.4806|ERROR|PHD2Client.cs|ConnectAsync|132|PHD2Client: Connection failed: No connection could be made because the target machine actively refused it.
2026-04-14T09:39:01.3885|INFO|ApplicationVM.cs|Exit|244|Shutting down application - requested by user
2026-04-14T09:39:01.5069|INFO|ApplicationVM.cs|Closing|289|Application shutting down
2026-04-14T09:39:01.5556|INFO|DomeVM.cs|Disconnect|355|Disconnected Dome Device
2026-04-14T09:39:01.5615|INFO|FlatDeviceVM.cs|Disconnect|289|Disconnected Flat Device
2026-04-14T09:39:01.5719|INFO|CameraVM.cs|Disconnect|650|Disconnected Camera
2026-04-14T09:39:01.5728|INFO|TelescopeVM.cs|Disconnect|740|Disconnected mount
2026-04-14T09:39:01.5751|INFO|FilterWheelVM.cs|Disconnect|333|Disconnected Filter Wheel
2026-04-14T09:39:01.5758|INFO|FocuserVM.cs|Disconnect|441|Disconnected Focuser
2026-04-14T09:39:01.5832|INFO|RotatorVM.cs|Disconnect|447|Disconnected Rotator
2026-04-14T09:39:01.5880|INFO|SwitchVM.cs|Disconnect|309|Disconnected Switch
2026-04-14T09:39:01.5931|INFO|WeatherDataVM.cs|Disconnect|305|Disconnected Weather Device
2026-04-14T09:39:01.5936|INFO|SafetyMonitorVM.cs|Disconnect|221|Disconnected Safety Monitor
2026-04-14T09:39:01.8403|INFO|API.cs|StopWatchers|86|Stopping all event watchers
2026-04-14T09:39:01.8839|INFO|NightSummaryPlugin.cs|Teardown|257|NightSummary: Plugin torn down
2026-04-14T09:39:01.9264|INFO|Plugin.cs|Teardown|284|[Subframes] Plugin unloaded (primary instance).
